Archive member included because of file (symbol)

C:\Users\S-SPACE\Desktop\Pratik\Final_Year_Project\PiLOT_G2_Software\PiLOT_G2_IMG2\PiLOT_sb_MSS_CM3_hw_platform\Debug\libPiLOT_sb_MSS_CM3_hw_platform.a(hw_reg_access.o)
                              ./P1.o (HW_set_16bit_reg)
C:\Users\S-SPACE\Desktop\Pratik\Final_Year_Project\PiLOT_G2_Software\PiLOT_G2_IMG2\PiLOT_sb_MSS_CM3_hw_platform\Debug\libPiLOT_sb_MSS_CM3_hw_platform.a(mss_uart.o)
                              ./P1.o (g_mss_uart0)
C:\Users\S-SPACE\Desktop\Pratik\Final_Year_Project\PiLOT_G2_Software\PiLOT_G2_IMG2\PiLOT_sb_MSS_CM3_hw_platform\Debug\libPiLOT_sb_MSS_CM3_hw_platform.a(mss_sys_services.o)
                              ./main.o (MSS_SYS_init)
C:\Users\S-SPACE\Desktop\Pratik\Final_Year_Project\PiLOT_G2_Software\PiLOT_G2_IMG2\PiLOT_sb_MSS_CM3_hw_platform\Debug\libPiLOT_sb_MSS_CM3_hw_platform.a(mss_spi.o)
                              ./main.o (g_mss_spi0)
C:\Users\S-SPACE\Desktop\Pratik\Final_Year_Project\PiLOT_G2_Software\PiLOT_G2_IMG2\PiLOT_sb_MSS_CM3_hw_platform\Debug\libPiLOT_sb_MSS_CM3_hw_platform.a(mss_nvm.o)
                              ./main.o (NVM_write)
C:\Users\S-SPACE\Desktop\Pratik\Final_Year_Project\PiLOT_G2_Software\PiLOT_G2_IMG2\PiLOT_sb_MSS_CM3_hw_platform\Debug\libPiLOT_sb_MSS_CM3_hw_platform.a(mss_gpio.o)
                              ./main.o (MSS_GPIO_init)
C:\Users\S-SPACE\Desktop\Pratik\Final_Year_Project\PiLOT_G2_Software\PiLOT_G2_IMG2\PiLOT_sb_MSS_CM3_hw_platform\Debug\libPiLOT_sb_MSS_CM3_hw_platform.a(core_timer.o)
                              ./main.o (TMR_init)
C:\Users\S-SPACE\Desktop\Pratik\Final_Year_Project\PiLOT_G2_Software\PiLOT_G2_IMG2\PiLOT_sb_MSS_CM3_hw_platform\Debug\libPiLOT_sb_MSS_CM3_hw_platform.a(core_spi.o)
                              ./Comms/adf7030.o (SPI_init)
C:\Users\S-SPACE\Desktop\Pratik\Final_Year_Project\PiLOT_G2_Software\PiLOT_G2_IMG2\PiLOT_sb_MSS_CM3_hw_platform\Debug\libPiLOT_sb_MSS_CM3_hw_platform.a(core_i2c.o)
                              ./P1.o (I2C_init)
C:\Users\S-SPACE\Desktop\Pratik\Final_Year_Project\PiLOT_G2_Software\PiLOT_G2_IMG2\PiLOT_sb_MSS_CM3_hw_platform\Debug\libPiLOT_sb_MSS_CM3_hw_platform.a(i2c_interrupt.o)
                              C:\Users\S-SPACE\Desktop\Pratik\Final_Year_Project\PiLOT_G2_Software\PiLOT_G2_IMG2\PiLOT_sb_MSS_CM3_hw_platform\Debug\libPiLOT_sb_MSS_CM3_hw_platform.a(core_i2c.o) (I2C_enable_irq)
C:\Users\S-SPACE\Desktop\Pratik\Final_Year_Project\PiLOT_G2_Software\PiLOT_G2_IMG2\PiLOT_sb_MSS_CM3_hw_platform\Debug\libPiLOT_sb_MSS_CM3_hw_platform.a(system_m2sxxx.o)
                              C:\Users\S-SPACE\Desktop\Pratik\Final_Year_Project\PiLOT_G2_Software\PiLOT_G2_IMG2\PiLOT_sb_MSS_CM3_hw_platform\Debug\libPiLOT_sb_MSS_CM3_hw_platform.a(mss_nvm.o) (SystemCoreClock)
C:\Users\S-SPACE\Desktop\Pratik\Final_Year_Project\PiLOT_G2_Software\PiLOT_G2_IMG2\PiLOT_sb_MSS_CM3_hw_platform\Debug\libPiLOT_sb_MSS_CM3_hw_platform.a(hal.o)
                              C:\Users\S-SPACE\Desktop\Pratik\Final_Year_Project\PiLOT_G2_Software\PiLOT_G2_IMG2\PiLOT_sb_MSS_CM3_hw_platform\Debug\libPiLOT_sb_MSS_CM3_hw_platform.a(core_i2c.o) (HAL_disable_interrupts)
C:\Users\S-SPACE\Desktop\Pratik\Final_Year_Project\PiLOT_G2_Software\PiLOT_G2_IMG2\PiLOT_sb_MSS_CM3_hw_platform\Debug\libPiLOT_sb_MSS_CM3_hw_platform.a(mss_comblk.o)
                              C:\Users\S-SPACE\Desktop\Pratik\Final_Year_Project\PiLOT_G2_Software\PiLOT_G2_IMG2\PiLOT_sb_MSS_CM3_hw_platform\Debug\libPiLOT_sb_MSS_CM3_hw_platform.a(mss_sys_services.o) (MSS_COMBLK_init)
c:/program files (x86)/microsemi/softconsole v3.4/sourcery-g++/bin/../lib/gcc/arm-none-eabi/4.4.1/../../../../arm-none-eabi/lib/thumb2\libc.a(lib_a-errno.o)
                              C:/Users/S-SPACE/Desktop/Pratik/Final_Year_Project/PiLOT_G2_Software/PiLOT_G2_IMG2/PiLOT_sb_MSS_CM3_hw_platform/Debug/CMSIS/startup_gcc/newlib_stubs.o (__errno)
c:/program files (x86)/microsemi/softconsole v3.4/sourcery-g++/bin/../lib/gcc/arm-none-eabi/4.4.1/../../../../arm-none-eabi/lib/thumb2\libc.a(lib_a-impure.o)
                              c:/program files (x86)/microsemi/softconsole v3.4/sourcery-g++/bin/../lib/gcc/arm-none-eabi/4.4.1/../../../../arm-none-eabi/lib/thumb2\libc.a(lib_a-errno.o) (_impure_ptr)
c:/program files (x86)/microsemi/softconsole v3.4/sourcery-g++/bin/../lib/gcc/arm-none-eabi/4.4.1/../../../../arm-none-eabi/lib/thumb2\libc.a(lib_a-init.o)
                              C:/Users/S-SPACE/Desktop/Pratik/Final_Year_Project/PiLOT_G2_Software/PiLOT_G2_IMG2/PiLOT_sb_MSS_CM3_hw_platform/Debug/CMSIS/startup_gcc/startup_m2sxxx.o (__libc_init_array)
c:/program files (x86)/microsemi/softconsole v3.4/sourcery-g++/bin/../lib/gcc/arm-none-eabi/4.4.1/../../../../arm-none-eabi/lib/thumb2\libc.a(lib_a-memcpy.o)
                              C:\Users\S-SPACE\Desktop\Pratik\Final_Year_Project\PiLOT_G2_Software\PiLOT_G2_IMG2\PiLOT_sb_MSS_CM3_hw_platform\Debug\libPiLOT_sb_MSS_CM3_hw_platform.a(mss_sys_services.o) (memcpy)
[...]
Memory Configuration

Name             Origin             Length             Attributes
rom              0x00000000         0x00080000         xr
ram              0x20000000         0x00008000         xrw
*default*        0x00000000         0xffffffff

Linker script and memory map

LOAD c:/program files (x86)/microsemi/softconsole v3.4/sourcery-g++/bin/../lib/gcc/arm-none-eabi/4.4.1/thumb2/crti.o
LOAD c:/program files (x86)/microsemi/softconsole v3.4/sourcery-g++/bin/../lib/gcc/arm-none-eabi/4.4.1/thumb2/crtbegin.o
LOAD ./P1.o
LOAD ./P2.o
LOAD ./main.o
LOAD ./packet_definition.o
LOAD ./cmds/cmd.o
LOAD ./PIS/RS485_Controller.o
LOAD ./PIS/VC_Sensor.o
LOAD ./OBC/ADC.o
LOAD ./OBC/IMU.o
LOAD ./OBC/SD.o
LOAD ./OBC/memory.o
LOAD ./GMC/counter.o
LOAD ./Comms/adf7030.o
LOAD C:/Users/S-SPACE/Desktop/Pratik/Final_Year_Project/PiLOT_G2_Software/PiLOT_G2_IMG2/PiLOT_sb_MSS_CM3_hw_platform/Debug/CMSIS/startup_gcc/startup_m2sxxx.o
LOAD C:/Users/S-SPACE/Desktop/Pratik/Final_Year_Project/PiLOT_G2_Software/PiLOT_G2_IMG2/PiLOT_sb_MSS_CM3_hw_platform/Debug/CMSIS/startup_gcc/newlib_stubs.o
LOAD C:\Users\S-SPACE\Desktop\Pratik\Final_Year_Project\PiLOT_G2_Software\PiLOT_G2_IMG2\PiLOT_sb_MSS_CM3_hw_platform\Debug\libPiLOT_sb_MSS_CM3_hw_platform.a
START GROUP
LOAD c:/program files (x86)/microsemi/softconsole v3.4/sourcery-g++/bin/../lib/gcc/arm-none-eabi/4.4.1/thumb2\libgcc.a
LOAD c:/program files (x86)/microsemi/softconsole v3.4/sourcery-g++/bin/../lib/gcc/arm-none-eabi/4.4.1/../../../../arm-none-eabi/lib/thumb2\libc.a
END GROUP
LOAD c:/program files (x86)/microsemi/softconsole v3.4/sourcery-g++/bin/../lib/gcc/arm-none-eabi/4.4.1/thumb2/crtend.o
LOAD c:/program files (x86)/microsemi/softconsole v3.4/sourcery-g++/bin/../lib/gcc/arm-none-eabi/4.4.1/thumb2/crtn.o
START GROUP
LOAD c:/program files (x86)/microsemi/softconsole v3.4/sourcery-g++/bin/../lib/gcc/arm-none-eabi/4.4.1/../../../../arm-none-eabi/lib/thumb2\libc.a
LOAD c:/program files (x86)/microsemi/softconsole v3.4/sourcery-g++/bin/../lib/gcc/arm-none-eabi/4.4.1/thumb2\libgcc.a
LOAD c:/program files (x86)/microsemi/softconsole v3.4/sourcery-g++/bin/../lib/gcc/arm-none-eabi/4.4.1/../../../../arm-none-eabi/lib/thumb2\libm.a
END GROUP
                0x00000000                __DYNAMIC = 0x0
                0x20000000                RAM_START_ADDRESS = 0x20000000
                0x00008000                RAM_SIZE = 0x8000
                0x00001000                MAIN_STACK_SIZE = 0x1000
                0x00001000                MIN_SIZE_HEAP = 0x1000
                0x20008000                PROVIDE (__main_stack_start, (RAM_START_ADDRESS + RAM_SIZE))
                0x20007000                PROVIDE (__process_stack_start, (__main_stack_start - MAIN_STACK_SIZE))
                0x20008000                PROVIDE (_estack, __main_stack_start)
                0x00000000                PROVIDE (__mirrored_nvm, 0x0)
                0x00000000                PROVIDE (__smartfusion2_memory_remap, 0x0)

.vector_table   0x00000000      0x190
                0x00000000                __vector_table_load = LOADADDR (.vector_table)
                0x00000000                __vector_table_start = .
                0x00000000                __vector_table_vma_base_address = .
 *(.isr_vector)
 .isr_vector    0x00000000      0x190 C:/Users/S-SPACE/Desktop/Pratik/Final_Year_Project/PiLOT_G2_Software/PiLOT_G2_IMG2/PiLOT_sb_MSS_CM3_hw_platform/Debug/CMSIS/startup_gcc/startup_m2sxxx.o
                0x00000000                g_pfnVectors
                0x00000190                . = ALIGN (0x10)
                0x00000190                _evector_table = .

.boot_code      0x00000190      0x330
 *(.boot_code)
 .boot_code     0x00000190      0x330 C:/Users/S-SPACE/Desktop/Pratik/Final_Year_Project/PiLOT_G2_Software/PiLOT_G2_IMG2/PiLOT_sb_MSS_CM3_hw_platform/Debug/CMSIS/startup_gcc/startup_m2sxxx.o
                0x00000190                Reset_Handler
                0x0000037e                NMI_Handler
                0x00000380                HardFault_Handler
                0x00000382                MemManage_Handler
                0x00000384                BusFault_Handler
                0x00000386                UsageFault_Handler
                0x00000388                SVC_Handler
                0x0000038a                DebugMon_Handler
                0x0000038c                PendSV_Handler
                0x0000038e                SysTick_Handler
                0x00000390                WdogWakeup_IRQHandler
                0x00000392                RTC_Wakeup_IRQHandler
                0x00000398                I2C0_IRQHandler
                0x0000039a                I2C0_SMBAlert_IRQHandler
                0x0000039c                I2C0_SMBus_IRQHandler
                0x0000039e                I2C1_IRQHandler
                0x000003a0                I2C1_SMBAlert_IRQHandler
                0x000003a2                I2C1_SMBus_IRQHandler
                0x000003a8                EthernetMAC_IRQHandler
                0x000003aa                DMA_IRQHandler
                0x000003ac                Timer1_IRQHandler
                0x000003ae                Timer2_IRQHandler
                0x000003b0                CAN_IRQHandler
                0x000003b2                ENVM0_IRQHandler
                0x000003b4                ENVM1_IRQHandler
                0x000003b8                USB_IRQHandler
                0x000003ba                USB_DMA_IRQHandler
                0x000003bc                PLL_Lock_IRQHandler
                0x000003be                PLL_LockLost_IRQHandler
                0x000003c0                CommSwitchError_IRQHandler
                0x000003c2                CacheError_IRQHandler
                0x000003c4                DDR_IRQHandler
                0x000003c6                HPDMA_Complete_IRQHandler
                0x000003c8                HPDMA_Error_IRQHandler
                0x000003ca                ECC_Error_IRQHandler
                0x000003cc                MDDR_IOCalib_IRQHandler
                0x000003ce                FAB_PLL_Lock_IRQHandler
                0x000003d0                FAB_PLL_LockLost_IRQHandler
                0x000003d2                FIC64_IRQHandler
                0x000003e6                FabricIrq9_IRQHandler
                0x000003e8                FabricIrq10_IRQHandler
                0x000003ea                FabricIrq11_IRQHandler
                0x000003ec                FabricIrq12_IRQHandler
                0x000003ee                FabricIrq13_IRQHandler
                0x000003f0                FabricIrq14_IRQHandler
                0x000003f2                FabricIrq15_IRQHandler
                0x000003f4                GPIO0_IRQHandler
                0x000003f8                GPIO2_IRQHandler
                0x000003fc                GPIO4_IRQHandler
                0x000003fe                GPIO5_IRQHandler
                0x00000400                GPIO6_IRQHandler
                0x00000402                GPIO7_IRQHandler
                0x00000404                GPIO8_IRQHandler
                0x00000406                GPIO9_IRQHandler
                0x00000408                GPIO10_IRQHandler
                0x0000040a                GPIO11_IRQHandler
                0x0000040c                GPIO12_IRQHandler
                0x0000040e                GPIO13_IRQHandler
                0x00000410                GPIO14_IRQHandler
                0x00000412                GPIO15_IRQHandler
                0x00000414                GPIO16_IRQHandler
                0x00000416                GPIO17_IRQHandler
                0x00000418                GPIO18_IRQHandler
                0x0000041a                GPIO19_IRQHandler
                0x0000041c                GPIO20_IRQHandler
                0x0000041e                GPIO21_IRQHandler
                0x00000420                GPIO22_IRQHandler
                0x00000422                GPIO23_IRQHandler
                0x00000424                GPIO24_IRQHandler
                0x00000426                GPIO25_IRQHandler
                0x00000428                GPIO26_IRQHandler
                0x0000042a                GPIO27_IRQHandler
                0x0000042c                GPIO28_IRQHandler
                0x0000042e                GPIO29_IRQHandler
                0x00000430                GPIO30_IRQHandler
                0x00000432                GPIO31_IRQHandler
                0x00000434                mscc_post_hw_cfg_init
                0x000004c0                . = ALIGN (0x10)

.text           0x000004c0     0xac80
 CREATE_OBJECT_SYMBOLS
                0x000004c0                __text_load = LOADADDR (.text)
                0x000004c0                __text_start = .
 *(.text .text.* .gnu.linkonce.t.*)
 .text          0x000004c0       0x30 c:/program files (x86)/microsemi/softconsole v3.4/sourcery-g++/bin/../lib/gcc/arm-none-eabi/4.4.1/thumb2/crtbegin.o
 .text.MSS_TIM64_get_current_value
                0x000004f0       0x30 ./P1.o
 .text.MSS_WD_current_value
                0x00000520       0x18 ./P1.o
 .text.p1_init  0x00000538       0x58 ./P1.o
                0x00000538                p1_init
 .text.make_FLetcher
                0x00000590      0x138 ./P1.o
                0x00000590                make_FLetcher
 .text.get_hk   0x000006c8      0xb3c ./P1.o
                0x000006c8                get_hk
 .text.get_temp
                0x00001204      0x35c ./P1.o
                0x00001204                get_temp
 .text.get_sd_data
                0x00001560       0x34 ./P1.o
                0x00001560                get_sd_data
 .text.MSS_TIM64_get_current_value
                0x00001594       0x30 ./P2.o
 .text.get_gmc  0x000015c4      0x5cc ./P2.o
                0x000015c4                get_gmc
 .text.get_comms
                0x00001b90      0x5b8 ./P2.o
                0x00001b90                get_comms
 .text.NVIC_EnableIRQ
                0x00002148       0x38 ./main.o
 .text.NVIC_DisableIRQ
                0x00002180       0x3c ./main.o
 .text.NVIC_ClearPendingIRQ
                0x000021bc       0x3c ./main.o
 .text.NVIC_SetPriority
                0x000021f8       0x5c ./main.o
 .text.MSS_TIM64_init
                0x00002254       0xa4 ./main.o
 .text.MSS_TIM64_start
                0x000022f8       0x1c ./main.o
 .text.MSS_TIM64_get_current_value
                0x00002314       0x30 ./main.o
 .text.MSS_TIM64_load_immediate
                0x00002344       0x2c ./main.o
 .text.MSS_WD_init
                0x00002370       0x6c ./main.o
 .text.MSS_WD_reload
                0x000023dc       0x1c ./main.o
 .text.form_log_packet
                0x000023f8      0x210 ./main.o
                0x000023f8                form_log_packet
 .text.HK_ISR   0x00002608      0x1d8 ./main.o
                0x00002608                HK_ISR
 .text.GMC_ISR  0x000027e0      0x1d8 ./main.o
                0x000027e0                GMC_ISR
 .text.COMMS_ISR
                0x000029b8      0x1d8 ./main.o
                0x000029b8                COMMS_ISR
 .text.THER_ISR
                0x00002b90      0x1d8 ./main.o
                0x00002b90                THER_ISR
 .text.SD_ISR   0x00002d68       0x40 ./main.o
                0x00002d68                SD_ISR
 .text.timer_intr_set
                0x00002da8      0x194 ./main.o
                0x00002da8                timer_intr_set
 .text.timer_dis
                0x00002f3c       0x10 ./main.o
                0x00002f3c                timer_dis
 .text.timer_ena
                0x00002f4c       0x10 ./main.o
                0x00002f4c                timer_ena
 .text.get_cmd  0x00002f5c       0xc4 ./main.o
                0x00002f5c                get_cmd
 .text.init_cmd_engine
                0x00003020       0x74 ./main.o
                0x00003020                init_cmd_engine
 .text.Tim64_init
                0x00003094       0x20 ./main.o
                0x00003094                Tim64_init
 .text.get_init
                0x000030b4      0x18c ./main.o
                0x000030b4                get_init
 .text.main     0x00003240      0x3f0 ./main.o
                0x00003240                main
 .text.FabricIrq0_IRQHandler
                0x00003630       0x14 ./main.o
                0x00003630                FabricIrq0_IRQHandler
 .text.FabricIrq1_IRQHandler
                0x00003644       0x14 ./main.o
                0x00003644                FabricIrq1_IRQHandler
 .text.FabricIrq2_IRQHandler
                0x00003658       0x14 ./main.o
                0x00003658                FabricIrq2_IRQHandler
 .text.FabricIrq3_IRQHandler
                0x0000366c       0x14 ./main.o
                0x0000366c                FabricIrq3_IRQHandler
 .text.FabricIrq4_IRQHandler
                0x00003680        0xc ./main.o
                0x00003680                FabricIrq4_IRQHandler
 .text.FabricIrq5_IRQHandler
                0x0000368c        0xc ./main.o
                0x0000368c                FabricIrq5_IRQHandler
 .text.FabricIrq6_IRQHandler
                0x00003698        0xc ./main.o
                0x00003698                FabricIrq6_IRQHandler
 .text.FabricIrq7_IRQHandler
                0x000036a4        0xc ./main.o
                0x000036a4                FabricIrq7_IRQHandler
 .text.FabricIrq8_IRQHandler
                0x000036b0        0xc ./main.o
                0x000036b0                FabricIrq8_IRQHandler
 .text.cmd_valid
                0x000036bc       0x3c ./cmds/cmd.o
                0x000036bc                cmd_valid
 .text.add_cmd  0x000036f8       0xbc ./cmds/cmd.o
                0x000036f8                add_cmd
 .text.cmd_engine
                0x000037b4       0x50 ./cmds/cmd.o
                0x000037b4                cmd_engine
 .text.cmd_noop
                0x00003804       0x14 ./cmds/cmd.o
                0x00003804                cmd_noop
 .text.set_pkt_rate
                0x00003818      0x1f4 ./cmds/cmd.o
                0x00003818                set_pkt_rate
 .text.copy_esram_image
                0x00003a0c       0x5c ./cmds/cmd.o
                0x00003a0c                copy_esram_image
 .text.remap_user_code_eSRAM_0
                0x00003a68       0x44 ./cmds/cmd.o
                0x00003a68                remap_user_code_eSRAM_0
 .text.exe_iap  0x00003aac       0x28 ./cmds/cmd.o
                0x00003aac                exe_iap
 .text.read_adf_reg
                0x00003ad4      0x100 ./cmds/cmd.o
                0x00003ad4                read_adf_reg
 .text.exe_rtm  0x00003bd4       0x3c ./cmds/cmd.o
                0x00003bd4                exe_rtm
 .text.NVIC_EnableIRQ
                0x00003c10       0x38 ./PIS/RS485_Controller.o
 .text.NVIC_SetPriority
                0x00003c48       0x5c ./PIS/RS485_Controller.o
 .text.GPIO1_IRQHandler
                0x00003ca4       0x58 ./PIS/RS485_Controller.o
                0x00003ca4                GPIO1_IRQHandler
 .text.GPIO3_IRQHandler
                0x00003cfc       0x64 ./PIS/RS485_Controller.o
                0x00003cfc                GPIO3_IRQHandler
 .text.get_time_vector
                0x00003d60       0x40 ./PIS/RS485_Controller.o
                0x00003d60                get_time_vector
 .text.init_RS485_Controller
                0x00003da0      0x1a4 ./PIS/RS485_Controller.o
                0x00003da0                init_RS485_Controller
 .text.vc_write
                0x00003f44       0xa4 ./PIS/VC_Sensor.o
                0x00003f44                vc_write
 .text.vc_read  0x00003fe8       0xa4 ./PIS/VC_Sensor.o
                0x00003fe8                vc_read
 .text.vc_read_reg
                0x0000408c       0x5c ./PIS/VC_Sensor.o
                0x0000408c                vc_read_reg
 .text.vc_init  0x000040e8       0x7c ./PIS/VC_Sensor.o
                0x000040e8                vc_init
 .text.read_bus_voltage
                0x00004164       0xc0 ./PIS/VC_Sensor.o
                0x00004164                read_bus_voltage
 .text.read_shunt_voltage
                0x00004224       0xc4 ./PIS/VC_Sensor.o
                0x00004224                read_shunt_voltage
 .text.ADC_Init
                0x000042e8       0xf0 ./OBC/ADC.o
                0x000042e8                ADC_Init
 .text.get_ADC_value
                0x000043d8       0xa0 ./OBC/ADC.o
                0x000043d8                get_ADC_value
 .text.SD_Init  0x00004478      0x47c ./OBC/SD.o
                0x00004478                SD_Init
 .text.SD_Write
                0x000048f4      0x23c ./OBC/SD.o
                0x000048f4                SD_Write
 .text.SD_Read  0x00004b30      0x1bc ./OBC/SD.o
                0x00004b30                SD_Read
 .text.initialise_partition
                0x00004cec       0x30 ./OBC/memory.o
                0x00004cec                initialise_partition
 .text.store_data
                0x00004d1c       0x5c ./OBC/memory.o
                0x00004d1c                store_data
 .text.read_data
                0x00004d78       0x5c ./OBC/memory.o
                0x00004d78                read_data
 .text.counter_init
                0x00004dd4       0x64 ./GMC/counter.o
                0x00004dd4                counter_init
 .text.get_count
                0x00004e38       0x54 ./GMC/counter.o
                0x00004e38                get_count
 .text.get_free_res
                0x00004e8c       0x8c ./GMC/counter.o
                0x00004e8c                get_free_res
 .text.get_gmc_voltages
                0x00004f18       0x80 ./GMC/counter.o
                0x00004f18                get_gmc_voltages
 .text.set_adf_spi_instance
                0x00004f98       0x20 ./Comms/adf7030.o
                0x00004f98                set_adf_spi_instance
 .text.adf_init
                0x00004fb8      0x314 ./Comms/adf7030.o
                0x00004fb8                adf_init
 .text.apply_file
                0x000052cc       0xcc ./Comms/adf7030.o
                0x000052cc                apply_file
 .text.config_adf7030
                0x00005398      0x100 ./Comms/adf7030.o
                0x00005398                config_adf7030
 .text.adf_write_to_memory
                0x00005498       0x94 ./Comms/adf7030.o
                0x00005498                adf_write_to_memory
 .text.adf_read_from_memory
                0x0000552c       0x98 ./Comms/adf7030.o
                0x0000552c                adf_read_from_memory
 .text.adf_send_cmd
                0x000055c4       0xcc ./Comms/adf7030.o
                0x000055c4                adf_send_cmd
 .text.cmd_ready_set
                0x00005690       0x7c ./Comms/adf7030.o
                0x00005690                cmd_ready_set
 .text.adf_in_idle
                0x0000570c       0x7c ./Comms/adf7030.o
                0x0000570c                adf_in_idle
 .text.adf_spi_trans_read
                0x00005788       0x68 ./Comms/adf7030.o
                0x00005788                adf_spi_trans_read
 .text.adf_spi_trans_write
                0x000057f0       0xf4 ./Comms/adf7030.o
                0x000057f0                adf_spi_trans_write
 .text.adf_get_state
                0x000058e4       0x9c ./Comms/adf7030.o
                0x000058e4                adf_get_state
 .text.get_rssi_data
                0x00005980       0xb4 ./Comms/adf7030.o
                0x00005980                get_rssi_data
 .text.get_rssi_cca_data
                0x00005a34       0xf0 ./Comms/adf7030.o
                0x00005a34                get_rssi_cca_data
 .text.get_preamble_pkt
                0x00005b24       0x30 ./Comms/adf7030.o
                0x00005b24                get_preamble_pkt
 .text.get_sync_word
                0x00005b54       0x50 ./Comms/adf7030.o
                0x00005b54                get_sync_word
 .text.get_freq
                0x00005ba4       0x50 ./Comms/adf7030.o
                0x00005ba4                get_freq
 .text          0x00005bf4       0x90 C:\Users\S-SPACE\Desktop\Pratik\Final_Year_Project\PiLOT_G2_Software\PiLOT_G2_IMG2\PiLOT_sb_MSS_CM3_hw_platform\Debug\libPiLOT_sb_MSS_CM3_hw_platform.a(hw_reg_access.o)
                0x00005bf4                HW_set_32bit_reg
                0x00005bf8                HW_get_32bit_reg
                0x00005bfc                HW_set_32bit_reg_field
                0x00005c18                HW_get_32bit_reg_field
                0x00005c24                HW_set_16bit_reg
                0x00005c28                HW_get_16bit_reg
                0x00005c2c                HW_set_16bit_reg_field
                0x00005c48                HW_get_16bit_reg_field
                0x00005c54                HW_set_8bit_reg
                0x00005c58                HW_get_8bit_reg
                0x00005c5c                HW_set_8bit_reg_field
                0x00005c78                HW_get_8bit_reg_field
 .text.NVIC_ClearPendingIRQ
                0x00005c84       0x3c C:\Users\S-SPACE\Desktop\Pratik\Final_Year_Project\PiLOT_G2_Software\PiLOT_G2_IMG2\PiLOT_sb_MSS_CM3_hw_platform\Debug\libPiLOT_sb_MSS_CM3_hw_platform.a(mss_uart.o)
 .text.set_bit_reg8
                0x00005cc0       0x40 C:\Users\S-SPACE\Desktop\Pratik\Final_Year_Project\PiLOT_G2_Software\PiLOT_G2_IMG2\PiLOT_sb_MSS_CM3_hw_platform\Debug\libPiLOT_sb_MSS_CM3_hw_platform.a(mss_uart.o)
 .text.clear_bit_reg8
                0x00005d00       0x40 C:\Users\S-SPACE\Desktop\Pratik\Final_Year_Project\PiLOT_G2_Software\PiLOT_G2_IMG2\PiLOT_sb_MSS_CM3_hw_platform\Debug\libPiLOT_sb_MSS_CM3_hw_platform.a(mss_uart.o)
 .text.read_bit_reg8
                0x00005d40       0x40 C:\Users\S-SPACE\Desktop\Pratik\Final_Year_Project\PiLOT_G2_Software\PiLOT_G2_IMG2\PiLOT_sb_MSS_CM3_hw_platform\Debug\libPiLOT_sb_MSS_CM3_hw_platform.a(mss_uart.o)
 .text.MSS_UART_init
                0x00005d80       0x84 C:\Users\S-SPACE\Desktop\Pratik\Final_Year_Project\PiLOT_G2_Software\PiLOT_G2_IMG2\PiLOT_sb_MSS_CM3_hw_platform\Debug\libPiLOT_sb_MSS_CM3_hw_platform.a(mss_uart.o)
                0x00005d80                MSS_UART_init
 .text.MSS_UART_polled_tx
                0x00005e04       0xe4 C:\Users\S-SPACE\Desktop\Pratik\Final_Year_Project\PiLOT_G2_Software\PiLOT_G2_IMG2\PiLOT_sb_MSS_CM3_hw_platform\Debug\libPiLOT_sb_MSS_CM3_hw_platform.a(mss_uart.o)
                0x00005e04                MSS_UART_polled_tx
 .text.UART0_IRQHandler
                0x00005ee8       0x24 C:\Users\S-SPACE\Desktop\Pratik\Final_Year_Project\PiLOT_G2_Software\PiLOT_G2_IMG2\PiLOT_sb_MSS_CM3_hw_platform\Debug\libPiLOT_sb_MSS_CM3_hw_platform.a(mss_uart.o)
                0x00005ee8                UART0_IRQHandler
 .text.UART1_IRQHandler
                0x00005f0c       0x24 C:\Users\S-SPACE\Desktop\Pratik\Final_Year_Project\PiLOT_G2_Software\PiLOT_G2_IMG2\PiLOT_sb_MSS_CM3_hw_platform\Debug\libPiLOT_sb_MSS_CM3_hw_platform.a(mss_uart.o)
                0x00005f0c                UART1_IRQHandler
 .text.config_baud_divisors
                0x00005f30      0x198 C:\Users\S-SPACE\Desktop\Pratik\Final_Year_Project\PiLOT_G2_Software\PiLOT_G2_IMG2\PiLOT_sb_MSS_CM3_hw_platform\Debug\libPiLOT_sb_MSS_CM3_hw_platform.a(mss_uart.o)
 .text.global_init
                0x000060c8      0x26c C:\Users\S-SPACE\Desktop\Pratik\Final_Year_Project\PiLOT_G2_Software\PiLOT_G2_IMG2\PiLOT_sb_MSS_CM3_hw_platform\Debug\libPiLOT_sb_MSS_CM3_hw_platform.a(mss_uart.o)
 .text.MSS_UART_isr
                0x00006334      0x22c C:\Users\S-SPACE\Desktop\Pratik\Final_Year_Project\PiLOT_G2_Software\PiLOT_G2_IMG2\PiLOT_sb_MSS_CM3_hw_platform\Debug\libPiLOT_sb_MSS_CM3_hw_platform.a(mss_uart.o)
 .text.default_tx_handler
                0x00006560      0x10c C:\Users\S-SPACE\Desktop\Pratik\Final_Year_Project\PiLOT_G2_Software\PiLOT_G2_IMG2\PiLOT_sb_MSS_CM3_hw_platform\Debug\libPiLOT_sb_MSS_CM3_hw_platform.a(mss_uart.o)
 .text.MSS_SYS_init
                0x0000666c       0x64 C:\Users\S-SPACE\Desktop\Pratik\Final_Year_Project\PiLOT_G2_Software\PiLOT_G2_IMG2\PiLOT_sb_MSS_CM3_hw_platform\Debug\libPiLOT_sb_MSS_CM3_hw_platform.a(mss_sys_services.o)
                0x0000666c                MSS_SYS_init
 .text.asynchronous_event_handler
                0x000066d0      0x12c C:\Users\S-SPACE\Desktop\Pratik\Final_Year_Project\PiLOT_G2_Software\PiLOT_G2_IMG2\PiLOT_sb_MSS_CM3_hw_platform\Debug\libPiLOT_sb_MSS_CM3_hw_platform.a(mss_sys_services.o)
 .text.determine_seq
                0x000067fc       0xc8 C:\Users\S-SPACE\Desktop\Pratik\Final_Year_Project\PiLOT_G2_Software\PiLOT_G2_IMG2\PiLOT_sb_MSS_CM3_hw_platform\Debug\libPiLOT_sb_MSS_CM3_hw_platform.a(mss_sys_services.o)
 .text.revert_clk_config
                0x000068c4      0x254 C:\Users\S-SPACE\Desktop\Pratik\Final_Year_Project\PiLOT_G2_Software\PiLOT_G2_IMG2\PiLOT_sb_MSS_CM3_hw_platform\Debug\libPiLOT_sb_MSS_CM3_hw_platform.a(mss_sys_services.o)
 .text.NVIC_EnableIRQ
                0x00006b18       0x38 C:\Users\S-SPACE\Desktop\Pratik\Final_Year_Project\PiLOT_G2_Software\PiLOT_G2_IMG2\PiLOT_sb_MSS_CM3_hw_platform\Debug\libPiLOT_sb_MSS_CM3_hw_platform.a(mss_spi.o)
 .text.NVIC_DisableIRQ
                0x00006b50       0x3c C:\Users\S-SPACE\Desktop\Pratik\Final_Year_Project\PiLOT_G2_Software\PiLOT_G2_IMG2\PiLOT_sb_MSS_CM3_hw_platform\Debug\libPiLOT_sb_MSS_CM3_hw_platform.a(mss_spi.o)
 .text.NVIC_ClearPendingIRQ
                0x00006b8c       0x3c C:\Users\S-SPACE\Desktop\Pratik\Final_Year_Project\PiLOT_G2_Software\PiLOT_G2_IMG2\PiLOT_sb_MSS_CM3_hw_platform\Debug\libPiLOT_sb_MSS_CM3_hw_platform.a(mss_spi.o)
 .text.MSS_SPI_init
                0x00006bc8      0x134 C:\Users\S-SPACE\Desktop\Pratik\Final_Year_Project\PiLOT_G2_Software\PiLOT_G2_IMG2\PiLOT_sb_MSS_CM3_hw_platform\Debug\libPiLOT_sb_MSS_CM3_hw_platform.a(mss_spi.o)
                0x00006bc8                MSS_SPI_init
 .text.recover_from_rx_overflow
                0x00006cfc      0x160 C:\Users\S-SPACE\Desktop\Pratik\Final_Year_Project\PiLOT_G2_Software\PiLOT_G2_IMG2\PiLOT_sb_MSS_CM3_hw_platform\Debug\libPiLOT_sb_MSS_CM3_hw_platform.a(mss_spi.o)
 .text.MSS_SPI_configure_master_mode
                0x00006e5c      0x150 C:\Users\S-SPACE\Desktop\Pratik\Final_Year_Project\PiLOT_G2_Software\PiLOT_G2_IMG2\PiLOT_sb_MSS_CM3_hw_platform\Debug\libPiLOT_sb_MSS_CM3_hw_platform.a(mss_spi.o)
                0x00006e5c                MSS_SPI_configure_master_mode
 .text.MSS_SPI_set_slave_select
                0x00006fac      0x108 C:\Users\S-SPACE\Desktop\Pratik\Final_Year_Project\PiLOT_G2_Software\PiLOT_G2_IMG2\PiLOT_sb_MSS_CM3_hw_platform\Debug\libPiLOT_sb_MSS_CM3_hw_platform.a(mss_spi.o)
                0x00006fac                MSS_SPI_set_slave_select
 .text.MSS_SPI_clear_slave_select
                0x000070b4       0x90 C:\Users\S-SPACE\Desktop\Pratik\Final_Year_Project\PiLOT_G2_Software\PiLOT_G2_IMG2\PiLOT_sb_MSS_CM3_hw_platform\Debug\libPiLOT_sb_MSS_CM3_hw_platform.a(mss_spi.o)
                0x000070b4                MSS_SPI_clear_slave_select
 .text.MSS_SPI_transfer_frame
                0x00007144       0xc0 C:\Users\S-SPACE\Desktop\Pratik\Final_Year_Project\PiLOT_G2_Software\PiLOT_G2_IMG2\PiLOT_sb_MSS_CM3_hw_platform\Debug\libPiLOT_sb_MSS_CM3_hw_platform.a(mss_spi.o)
                0x00007144                MSS_SPI_transfer_frame
 .text.MSS_SPI_transfer_block
                0x00007204      0x228 C:\Users\S-SPACE\Desktop\Pratik\Final_Year_Project\PiLOT_G2_Software\PiLOT_G2_IMG2\PiLOT_sb_MSS_CM3_hw_platform\Debug\libPiLOT_sb_MSS_CM3_hw_platform.a(mss_spi.o)
                0x00007204                MSS_SPI_transfer_block
 .text.fill_slave_tx_fifo
                0x0000742c       0xe0 C:\Users\S-SPACE\Desktop\Pratik\Final_Year_Project\PiLOT_G2_Software\PiLOT_G2_IMG2\PiLOT_sb_MSS_CM3_hw_platform\Debug\libPiLOT_sb_MSS_CM3_hw_platform.a(mss_spi.o)
 .text.read_slave_rx_fifo
                0x0000750c       0xac C:\Users\S-SPACE\Desktop\Pratik\Final_Year_Project\PiLOT_G2_Software\PiLOT_G2_IMG2\PiLOT_sb_MSS_CM3_hw_platform\Debug\libPiLOT_sb_MSS_CM3_hw_platform.a(mss_spi.o)
 .text.mss_spi_isr
                0x000075b8      0x2b0 C:\Users\S-SPACE\Desktop\Pratik\Final_Year_Project\PiLOT_G2_Software\PiLOT_G2_IMG2\PiLOT_sb_MSS_CM3_hw_platform\Debug\libPiLOT_sb_MSS_CM3_hw_platform.a(mss_spi.o)
 .text.SPI0_IRQHandler
                0x00007868       0x24 C:\Users\S-SPACE\Desktop\Pratik\Final_Year_Project\PiLOT_G2_Software\PiLOT_G2_IMG2\PiLOT_sb_MSS_CM3_hw_platform\Debug\libPiLOT_sb_MSS_CM3_hw_platform.a(mss_spi.o)
                0x00007868                SPI0_IRQHandler
 .text.SPI1_IRQHandler
                0x0000788c       0x24 C:\Users\S-SPACE\Desktop\Pratik\Final_Year_Project\PiLOT_G2_Software\PiLOT_G2_IMG2\PiLOT_sb_MSS_CM3_hw_platform\Debug\libPiLOT_sb_MSS_CM3_hw_platform.a(mss_spi.o)
                0x0000788c                SPI1_IRQHandler
 .text.NVM_write
                0x000078b0      0x238 C:\Users\S-SPACE\Desktop\Pratik\Final_Year_Project\PiLOT_G2_Software\PiLOT_G2_IMG2\PiLOT_sb_MSS_CM3_hw_platform\Debug\libPiLOT_sb_MSS_CM3_hw_platform.a(mss_nvm.o)
                0x000078b0                NVM_write
 .text.get_error_code
                0x00007ae8       0x64 C:\Users\S-SPACE\Desktop\Pratik\Final_Year_Project\PiLOT_G2_Software\PiLOT_G2_IMG2\PiLOT_sb_MSS_CM3_hw_platform\Debug\libPiLOT_sb_MSS_CM3_hw_platform.a(mss_nvm.o)
 .text.request_nvm_access
                0x00007b4c       0xa8 C:\Users\S-SPACE\Desktop\Pratik\Final_Year_Project\PiLOT_G2_Software\PiLOT_G2_IMG2\PiLOT_sb_MSS_CM3_hw_platform\Debug\libPiLOT_sb_MSS_CM3_hw_platform.a(mss_nvm.o)
 .text.get_ctrl_access
                0x00007bf4       0x80 C:\Users\S-SPACE\Desktop\Pratik\Final_Year_Project\PiLOT_G2_Software\PiLOT_G2_IMG2\PiLOT_sb_MSS_CM3_hw_platform\Debug\libPiLOT_sb_MSS_CM3_hw_platform.a(mss_nvm.o)
 .text.release_ctrl_access
                0x00007c74       0x94 C:\Users\S-SPACE\Desktop\Pratik\Final_Year_Project\PiLOT_G2_Software\PiLOT_G2_IMG2\PiLOT_sb_MSS_CM3_hw_platform\Debug\libPiLOT_sb_MSS_CM3_hw_platform.a(mss_nvm.o)
 .text.wait_nvm_ready
                0x00007d08       0x50 C:\Users\S-SPACE\Desktop\Pratik\Final_Year_Project\PiLOT_G2_Software\PiLOT_G2_IMG2\PiLOT_sb_MSS_CM3_hw_platform\Debug\libPiLOT_sb_MSS_CM3_hw_platform.a(mss_nvm.o)
 .text.write_nvm
                0x00007d58      0x158 C:\Users\S-SPACE\Desktop\Pratik\Final_Year_Project\PiLOT_G2_Software\PiLOT_G2_IMG2\PiLOT_sb_MSS_CM3_hw_platform\Debug\libPiLOT_sb_MSS_CM3_hw_platform.a(mss_nvm.o)
 .text.get_remaining_page_length
                0x00007eb0       0x44 C:\Users\S-SPACE\Desktop\Pratik\Final_Year_Project\PiLOT_G2_Software\PiLOT_G2_IMG2\PiLOT_sb_MSS_CM3_hw_platform\Debug\libPiLOT_sb_MSS_CM3_hw_platform.a(mss_nvm.o)
 .text.fill_wd_buffer
                0x00007ef4      0x130 C:\Users\S-SPACE\Desktop\Pratik\Final_Year_Project\PiLOT_G2_Software\PiLOT_G2_IMG2\PiLOT_sb_MSS_CM3_hw_platform\Debug\libPiLOT_sb_MSS_CM3_hw_platform.a(mss_nvm.o)
 .text.check_protection_reserved_nvm
                0x00008024      0x680 C:\Users\S-SPACE\Desktop\Pratik\Final_Year_Project\PiLOT_G2_Software\PiLOT_G2_IMG2\PiLOT_sb_MSS_CM3_hw_platform\Debug\libPiLOT_sb_MSS_CM3_hw_platform.a(mss_nvm.o)
 .text.protection_check
                0x000086a4       0x34 C:\Users\S-SPACE\Desktop\Pratik\Final_Year_Project\PiLOT_G2_Software\PiLOT_G2_IMG2\PiLOT_sb_MSS_CM3_hw_platform\Debug\libPiLOT_sb_MSS_CM3_hw_platform.a(mss_nvm.o)
 .text.NVIC_EnableIRQ
                0x000086d8       0x38 C:\Users\S-SPACE\Desktop\Pratik\Final_Year_Project\PiLOT_G2_Software\PiLOT_G2_IMG2\PiLOT_sb_MSS_CM3_hw_platform\Debug\libPiLOT_sb_MSS_CM3_hw_platform.a(mss_gpio.o)
 .text.NVIC_DisableIRQ
                0x00008710       0x3c C:\Users\S-SPACE\Desktop\Pratik\Final_Year_Project\PiLOT_G2_Software\PiLOT_G2_IMG2\PiLOT_sb_MSS_CM3_hw_platform\Debug\libPiLOT_sb_MSS_CM3_hw_platform.a(mss_gpio.o)
 .text.NVIC_ClearPendingIRQ
                0x0000874c       0x3c C:\Users\S-SPACE\Desktop\Pratik\Final_Year_Project\PiLOT_G2_Software\PiLOT_G2_IMG2\PiLOT_sb_MSS_CM3_hw_platform\Debug\libPiLOT_sb_MSS_CM3_hw_platform.a(mss_gpio.o)
 .text.MSS_GPIO_init
                0x00008788       0xac C:\Users\S-SPACE\Desktop\Pratik\Final_Year_Project\PiLOT_G2_Software\PiLOT_G2_IMG2\PiLOT_sb_MSS_CM3_hw_platform\Debug\libPiLOT_sb_MSS_CM3_hw_platform.a(mss_gpio.o)
                0x00008788                MSS_GPIO_init
 .text.MSS_GPIO_config
                0x00008834       0x3c C:\Users\S-SPACE\Desktop\Pratik\Final_Year_Project\PiLOT_G2_Software\PiLOT_G2_IMG2\PiLOT_sb_MSS_CM3_hw_platform\Debug\libPiLOT_sb_MSS_CM3_hw_platform.a(mss_gpio.o)
                0x00008834                MSS_GPIO_config
 .text.MSS_GPIO_set_output
                0x00008870       0x70 C:\Users\S-SPACE\Desktop\Pratik\Final_Year_Project\PiLOT_G2_Software\PiLOT_G2_IMG2\PiLOT_sb_MSS_CM3_hw_platform\Debug\libPiLOT_sb_MSS_CM3_hw_platform.a(mss_gpio.o)
                0x00008870                MSS_GPIO_set_output
 .text.MSS_GPIO_enable_irq
                0x000088e0       0x60 C:\Users\S-SPACE\Desktop\Pratik\Final_Year_Project\PiLOT_G2_Software\PiLOT_G2_IMG2\PiLOT_sb_MSS_CM3_hw_platform\Debug\libPiLOT_sb_MSS_CM3_hw_platform.a(mss_gpio.o)
                0x000088e0                MSS_GPIO_enable_irq
 .text.MSS_GPIO_clear_irq
                0x00008940       0x40 C:\Users\S-SPACE\Desktop\Pratik\Final_Year_Project\PiLOT_G2_Software\PiLOT_G2_IMG2\PiLOT_sb_MSS_CM3_hw_platform\Debug\libPiLOT_sb_MSS_CM3_hw_platform.a(mss_gpio.o)
                0x00008940                MSS_GPIO_clear_irq
 .text.TMR_init
                0x00008980       0xd0 C:\Users\S-SPACE\Desktop\Pratik\Final_Year_Project\PiLOT_G2_Software\PiLOT_G2_IMG2\PiLOT_sb_MSS_CM3_hw_platform\Debug\libPiLOT_sb_MSS_CM3_hw_platform.a(core_timer.o)
                0x00008980                TMR_init
 .text.TMR_start
                0x00008a50       0x3c C:\Users\S-SPACE\Desktop\Pratik\Final_Year_Project\PiLOT_G2_Software\PiLOT_G2_IMG2\PiLOT_sb_MSS_CM3_hw_platform\Debug\libPiLOT_sb_MSS_CM3_hw_platform.a(core_timer.o)
                0x00008a50                TMR_start
 .text.TMR_stop
                0x00008a8c       0x3c C:\Users\S-SPACE\Desktop\Pratik\Final_Year_Project\PiLOT_G2_Software\PiLOT_G2_IMG2\PiLOT_sb_MSS_CM3_hw_platform\Debug\libPiLOT_sb_MSS_CM3_hw_platform.a(core_timer.o)
                0x00008a8c                TMR_stop
 .text.TMR_enable_int
                0x00008ac8       0x3c C:\Users\S-SPACE\Desktop\Pratik\Final_Year_Project\PiLOT_G2_Software\PiLOT_G2_IMG2\PiLOT_sb_MSS_CM3_hw_platform\Debug\libPiLOT_sb_MSS_CM3_hw_platform.a(core_timer.o)
                0x00008ac8                TMR_enable_int
 .text.TMR_clear_int
                0x00008b04       0x34 C:\Users\S-SPACE\Desktop\Pratik\Final_Year_Project\PiLOT_G2_Software\PiLOT_G2_IMG2\PiLOT_sb_MSS_CM3_hw_platform\Debug\libPiLOT_sb_MSS_CM3_hw_platform.a(core_timer.o)
                0x00008b04                TMR_clear_int
 .text.SPI_init
                0x00008b38       0xe4 C:\Users\S-SPACE\Desktop\Pratik\Final_Year_Project\PiLOT_G2_Software\PiLOT_G2_IMG2\PiLOT_sb_MSS_CM3_hw_platform\Debug\libPiLOT_sb_MSS_CM3_hw_platform.a(core_spi.o)
                0x00008b38                SPI_init
 .text.SPI_configure_master_mode
                0x00008c1c       0x84 C:\Users\S-SPACE\Desktop\Pratik\Final_Year_Project\PiLOT_G2_Software\PiLOT_G2_IMG2\PiLOT_sb_MSS_CM3_hw_platform\Debug\libPiLOT_sb_MSS_CM3_hw_platform.a(core_spi.o)
                0x00008c1c                SPI_configure_master_mode
 .text.SPI_set_slave_select
                0x00008ca0       0xa8 C:\Users\S-SPACE\Desktop\Pratik\Final_Year_Project\PiLOT_G2_Software\PiLOT_G2_IMG2\PiLOT_sb_MSS_CM3_hw_platform\Debug\libPiLOT_sb_MSS_CM3_hw_platform.a(core_spi.o)
                0x00008ca0                SPI_set_slave_select
 .text.SPI_clear_slave_select
                0x00008d48       0xac C:\Users\S-SPACE\Desktop\Pratik\Final_Year_Project\PiLOT_G2_Software\PiLOT_G2_IMG2\PiLOT_sb_MSS_CM3_hw_platform\Debug\libPiLOT_sb_MSS_CM3_hw_platform.a(core_spi.o)
                0x00008d48                SPI_clear_slave_select
 .text.SPI_transfer_block
                0x00008df4      0x400 C:\Users\S-SPACE\Desktop\Pratik\Final_Year_Project\PiLOT_G2_Software\PiLOT_G2_IMG2\PiLOT_sb_MSS_CM3_hw_platform\Debug\libPiLOT_sb_MSS_CM3_hw_platform.a(core_spi.o)
                0x00008df4                SPI_transfer_block
 .text.recover_from_rx_overflow
                0x000091f4       0x60 C:\Users\S-SPACE\Desktop\Pratik\Final_Year_Project\PiLOT_G2_Software\PiLOT_G2_IMG2\PiLOT_sb_MSS_CM3_hw_platform\Debug\libPiLOT_sb_MSS_CM3_hw_platform.a(core_spi.o)
 .text.I2C_init
                0x00009254       0xec C:\Users\S-SPACE\Desktop\Pratik\Final_Year_Project\PiLOT_G2_Software\PiLOT_G2_IMG2\PiLOT_sb_MSS_CM3_hw_platform\Debug\libPiLOT_sb_MSS_CM3_hw_platform.a(core_i2c.o)
                0x00009254                I2C_init
 .text.I2C_write
                0x00009340       0xe4 C:\Users\S-SPACE\Desktop\Pratik\Final_Year_Project\PiLOT_G2_Software\PiLOT_G2_IMG2\PiLOT_sb_MSS_CM3_hw_platform\Debug\libPiLOT_sb_MSS_CM3_hw_platform.a(core_i2c.o)
                0x00009340                I2C_write
 .text.I2C_read
                0x00009424       0xe4 C:\Users\S-SPACE\Desktop\Pratik\Final_Year_Project\PiLOT_G2_Software\PiLOT_G2_IMG2\PiLOT_sb_MSS_CM3_hw_platform\Debug\libPiLOT_sb_MSS_CM3_hw_platform.a(core_i2c.o)
                0x00009424                I2C_read
 .text.I2C_write_read
                0x00009508      0x130 C:\Users\S-SPACE\Desktop\Pratik\Final_Year_Project\PiLOT_G2_Software\PiLOT_G2_IMG2\PiLOT_sb_MSS_CM3_hw_platform\Debug\libPiLOT_sb_MSS_CM3_hw_platform.a(core_i2c.o)
                0x00009508                I2C_write_read
 .text.I2C_wait_complete
                0x00009638       0x38 C:\Users\S-SPACE\Desktop\Pratik\Final_Year_Project\PiLOT_G2_Software\PiLOT_G2_IMG2\PiLOT_sb_MSS_CM3_hw_platform\Debug\libPiLOT_sb_MSS_CM3_hw_platform.a(core_i2c.o)
                0x00009638                I2C_wait_complete
 .text.enable_slave_if_required
                0x00009670       0x30 C:\Users\S-SPACE\Desktop\Pratik\Final_Year_Project\PiLOT_G2_Software\PiLOT_G2_IMG2\PiLOT_sb_MSS_CM3_hw_platform\Debug\libPiLOT_sb_MSS_CM3_hw_platform.a(core_i2c.o)
 .text.I2C_isr  0x000096a0      0xa94 C:\Users\S-SPACE\Desktop\Pratik\Final_Year_Project\PiLOT_G2_Software\PiLOT_G2_IMG2\PiLOT_sb_MSS_CM3_hw_platform\Debug\libPiLOT_sb_MSS_CM3_hw_platform.a(core_i2c.o)
                0x000096a0                I2C_isr
 .text.NVIC_EnableIRQ
                0x0000a134       0x38 C:\Users\S-SPACE\Desktop\Pratik\Final_Year_Project\PiLOT_G2_Software\PiLOT_G2_IMG2\PiLOT_sb_MSS_CM3_hw_platform\Debug\libPiLOT_sb_MSS_CM3_hw_platform.a(i2c_interrupt.o)
 .text.NVIC_DisableIRQ
                0x0000a16c       0x3c C:\Users\S-SPACE\Desktop\Pratik\Final_Year_Project\PiLOT_G2_Software\PiLOT_G2_IMG2\PiLOT_sb_MSS_CM3_hw_platform\Debug\libPiLOT_sb_MSS_CM3_hw_platform.a(i2c_interrupt.o)
 .text.I2C_enable_irq
                0x0000a1a8       0x94 C:\Users\S-SPACE\Desktop\Pratik\Final_Year_Project\PiLOT_G2_Software\PiLOT_G2_IMG2\PiLOT_sb_MSS_CM3_hw_platform\Debug\libPiLOT_sb_MSS_CM3_hw_platform.a(i2c_interrupt.o)
                0x0000a1a8                I2C_enable_irq
 .text.I2C_disable_irq
                0x0000a23c       0x94 C:\Users\S-SPACE\Desktop\Pratik\Final_Year_Project\PiLOT_G2_Software\PiLOT_G2_IMG2\PiLOT_sb_MSS_CM3_hw_platform\Debug\libPiLOT_sb_MSS_CM3_hw_platform.a(i2c_interrupt.o)
                0x0000a23c                I2C_disable_irq
 .text.SystemInit
                0x0000a2d0       0x28 C:\Users\S-SPACE\Desktop\Pratik\Final_Year_Project\PiLOT_G2_Software\PiLOT_G2_IMG2\PiLOT_sb_MSS_CM3_hw_platform\Debug\libPiLOT_sb_MSS_CM3_hw_platform.a(system_m2sxxx.o)
                0x0000a2d0                SystemInit
 .text.SystemCoreClockUpdate
                0x0000a2f8      0x14c C:\Users\S-SPACE\Desktop\Pratik\Final_Year_Project\PiLOT_G2_Software\PiLOT_G2_IMG2\PiLOT_sb_MSS_CM3_hw_platform\Debug\libPiLOT_sb_MSS_CM3_hw_platform.a(system_m2sxxx.o)
                0x0000a2f8                SystemCoreClockUpdate
 .text.get_rcosc_25_50mhz_frequency
                0x0000a444       0x44 C:\Users\S-SPACE\Desktop\Pratik\Final_Year_Project\PiLOT_G2_Software\PiLOT_G2_IMG2\PiLOT_sb_MSS_CM3_hw_platform\Debug\libPiLOT_sb_MSS_CM3_hw_platform.a(system_m2sxxx.o)
 .text.set_clock_frequency_globals
                0x0000a488       0x6c C:\Users\S-SPACE\Desktop\Pratik\Final_Year_Project\PiLOT_G2_Software\PiLOT_G2_IMG2\PiLOT_sb_MSS_CM3_hw_platform\Debug\libPiLOT_sb_MSS_CM3_hw_platform.a(system_m2sxxx.o)
 .text.get_silicon_revision
                0x0000a4f4       0x50 C:\Users\S-SPACE\Desktop\Pratik\Final_Year_Project\PiLOT_G2_Software\PiLOT_G2_IMG2\PiLOT_sb_MSS_CM3_hw_platform\Debug\libPiLOT_sb_MSS_CM3_hw_platform.a(system_m2sxxx.o)
 .text.silicon_workarounds
                0x0000a544       0x20 C:\Users\S-SPACE\Desktop\Pratik\Final_Year_Project\PiLOT_G2_Software\PiLOT_G2_IMG2\PiLOT_sb_MSS_CM3_hw_platform\Debug\libPiLOT_sb_MSS_CM3_hw_platform.a(system_m2sxxx.o)
 .text.m2s050_rev_a_workarounds
                0x0000a564       0x44 C:\Users\S-SPACE\Desktop\Pratik\Final_Year_Project\PiLOT_G2_Software\PiLOT_G2_IMG2\PiLOT_sb_MSS_CM3_hw_platform\Debug\libPiLOT_sb_MSS_CM3_hw_platform.a(system_m2sxxx.o)
 .text          0x0000a5a8        0xe C:\Users\S-SPACE\Desktop\Pratik\Final_Year_Project\PiLOT_G2_Software\PiLOT_G2_IMG2\PiLOT_sb_MSS_CM3_hw_platform\Debug\libPiLOT_sb_MSS_CM3_hw_platform.a(hal.o)
                0x0000a5a8                HAL_disable_interrupts
                0x0000a5b0                HAL_restore_interrupts
 *fill*         0x0000a5b6        0x2 00
 .text.NVIC_EnableIRQ
                0x0000a5b8       0x38 C:\Users\S-SPACE\Desktop\Pratik\Final_Year_Project\PiLOT_G2_Software\PiLOT_G2_IMG2\PiLOT_sb_MSS_CM3_hw_platform\Debug\libPiLOT_sb_MSS_CM3_hw_platform.a(mss_comblk.o)
 .text.NVIC_DisableIRQ
                0x0000a5f0       0x3c C:\Users\S-SPACE\Desktop\Pratik\Final_Year_Project\PiLOT_G2_Software\PiLOT_G2_IMG2\PiLOT_sb_MSS_CM3_hw_platform\Debug\libPiLOT_sb_MSS_CM3_hw_platform.a(mss_comblk.o)
 .text.NVIC_ClearPendingIRQ
                0x0000a62c       0x3c C:\Users\S-SPACE\Desktop\Pratik\Final_Year_Project\PiLOT_G2_Software\PiLOT_G2_IMG2\PiLOT_sb_MSS_CM3_hw_platform\Debug\libPiLOT_sb_MSS_CM3_hw_platform.a(mss_comblk.o)
 .text.MSS_COMBLK_init
                0x0000a668      0x13c C:\Users\S-SPACE\Desktop\Pratik\Final_Year_Project\PiLOT_G2_Software\PiLOT_G2_IMG2\PiLOT_sb_MSS_CM3_hw_platform\Debug\libPiLOT_sb_MSS_CM3_hw_platform.a(mss_comblk.o)
                0x0000a668                MSS_COMBLK_init
 .text.ComBlk_IRQHandler
                0x0000a7a4       0x54 C:\Users\S-SPACE\Desktop\Pratik\Final_Year_Project\PiLOT_G2_Software\PiLOT_G2_IMG2\PiLOT_sb_MSS_CM3_hw_platform\Debug\libPiLOT_sb_MSS_CM3_hw_platform.a(mss_comblk.o)
                0x0000a7a4                ComBlk_IRQHandler
 .text.handle_tx_okay_irq
                0x0000a7f8      0x2c4 C:\Users\S-SPACE\Desktop\Pratik\Final_Year_Project\PiLOT_G2_Software\PiLOT_G2_IMG2\PiLOT_sb_MSS_CM3_hw_platform\Debug\libPiLOT_sb_MSS_CM3_hw_platform.a(mss_comblk.o)
 .text.handle_rx_okay_irq
                0x0000aabc      0x2f8 C:\Users\S-SPACE\Desktop\Pratik\Final_Year_Project\PiLOT_G2_Software\PiLOT_G2_IMG2\PiLOT_sb_MSS_CM3_hw_platform\Debug\libPiLOT_sb_MSS_CM3_hw_platform.a(mss_comblk.o)
 .text.complete_request
                0x0000adb4       0x58 C:\Users\S-SPACE\Desktop\Pratik\Final_Year_Project\PiLOT_G2_Software\PiLOT_G2_IMG2\PiLOT_sb_MSS_CM3_hw_platform\Debug\libPiLOT_sb_MSS_CM3_hw_platform.a(mss_comblk.o)
 .text.abort_current_cmd
                0x0000ae0c       0x60 C:\Users\S-SPACE\Desktop\Pratik\Final_Year_Project\PiLOT_G2_Software\PiLOT_G2_IMG2\PiLOT_sb_MSS_CM3_hw_platform\Debug\libPiLOT_sb_MSS_CM3_hw_platform.a(mss_comblk.o)
 .text.fill_tx_fifo
                0x0000ae6c       0x80 C:\Users\S-SPACE\Desktop\Pratik\Final_Year_Project\PiLOT_G2_Software\PiLOT_G2_IMG2\PiLOT_sb_MSS_CM3_hw_platform\Debug\libPiLOT_sb_MSS_CM3_hw_platform.a(mss_comblk.o)
 .text.process_sys_ctrl_command
                0x0000aeec       0x30 C:\Users\S-SPACE\Desktop\Pratik\Final_Year_Project\PiLOT_G2_Software\PiLOT_G2_IMG2\PiLOT_sb_MSS_CM3_hw_platform\Debug\libPiLOT_sb_MSS_CM3_hw_platform.a(mss_comblk.o)
 .text          0x0000af1c       0x50 c:/program files (x86)/microsemi/softconsole v3.4/sourcery-g++/bin/../lib/gcc/arm-none-eabi/4.4.1/../../../../arm-none-eabi/lib/thumb2\libc.a(lib_a-init.o)
                0x0000af1c                __libc_init_array
 .text          0x0000af6c       0xd4 c:/program files (x86)/microsemi/softconsole v3.4/sourcery-g++/bin/../lib/gcc/arm-none-eabi/4.4.1/../../../../arm-none-eabi/lib/thumb2\libc.a(lib_a-memset.o)
                0x0000af6c                memset
 *(.plt)
 *(.gnu.warning)
 *(.glue_7t)
 .glue_7t       0x00000000        0x0 linker stubs
 *(.glue_7)
 .glue_7        0x00000000        0x0 linker stubs
 *(.vfp11_veneer)
 .vfp11_veneer  0x00000000        0x0 linker stubs
                0x0000b040                . = ALIGN (0x4)
 *crtbegin.o(.ctors)
 *(EXCLUDE_FILE(*crtend.o) .ctors)
 *(SORT(.ctors.*))
 *crtend.o(.ctors)
 *crtbegin.o(.dtors)
 *(EXCLUDE_FILE(*crtend.o) .dtors)
 *(SORT(.dtors.*))
 *crtend.o(.dtors)
 *(.rodata .rodata.* .gnu.linkonce.r.*)
 .rodata        0x0000b040       0x14 ./P1.o
 .rodata.C.0.1475
                0x0000b054        0x4 ./OBC/ADC.o
 .rodata.C.57.5243
                0x0000b058        0x4 ./Comms/adf7030.o
 .rodata.C.58.5244
                0x0000b05c        0x4 ./Comms/adf7030.o
 .rodata.C.59.5245
                0x0000b060        0x4 ./Comms/adf7030.o
 .rodata.C.60.5246
                0x0000b064        0x4 ./Comms/adf7030.o
 .rodata.g_nvm  0x0000b068        0x8 C:\Users\S-SPACE\Desktop\Pratik\Final_Year_Project\PiLOT_G2_Software\PiLOT_G2_IMG2\PiLOT_sb_MSS_CM3_hw_platform\Debug\libPiLOT_sb_MSS_CM3_hw_platform.a(mss_nvm.o)
 .rodata.g_nvm32
                0x0000b070        0x8 C:\Users\S-SPACE\Desktop\Pratik\Final_Year_Project\PiLOT_G2_Software\PiLOT_G2_IMG2\PiLOT_sb_MSS_CM3_hw_platform\Debug\libPiLOT_sb_MSS_CM3_hw_platform.a(mss_nvm.o)
 .rodata.g_config_reg_lut
                0x0000b078       0x80 C:\Users\S-SPACE\Desktop\Pratik\Final_Year_Project\PiLOT_G2_Software\PiLOT_G2_IMG2\PiLOT_sb_MSS_CM3_hw_platform\Debug\libPiLOT_sb_MSS_CM3_hw_platform.a(mss_gpio.o)
 .rodata.g_gpio_irqn_lut
                0x0000b0f8       0x20 C:\Users\S-SPACE\Desktop\Pratik\Final_Year_Project\PiLOT_G2_Software\PiLOT_G2_IMG2\PiLOT_sb_MSS_CM3_hw_platform\Debug\libPiLOT_sb_MSS_CM3_hw_platform.a(mss_gpio.o)
 .rodata.C.18.3527
                0x0000b118        0x8 C:\Users\S-SPACE\Desktop\Pratik\Final_Year_Project\PiLOT_G2_Software\PiLOT_G2_IMG2\PiLOT_sb_MSS_CM3_hw_platform\Debug\libPiLOT_sb_MSS_CM3_hw_platform.a(system_m2sxxx.o)
 *(.ARM.extab* .gnu.linkonce.armextab.*)
 *(.gcc_except_table)
 *(.eh_frame_hdr)
 *(.eh_frame)
 *(.vector_table)
 *(.init)
 .init          0x0000b120        0x4 c:/program files (x86)/microsemi/softconsole v3.4/sourcery-g++/bin/../lib/gcc/arm-none-eabi/4.4.1/thumb2/crti.o
                0x0000b120                _init
 .init          0x0000b124        0x8 c:/program files (x86)/microsemi/softconsole v3.4/sourcery-g++/bin/../lib/gcc/arm-none-eabi/4.4.1/thumb2/crtn.o
 *(.fini)
 .fini          0x0000b12c        0x4 c:/program files (x86)/microsemi/softconsole v3.4/sourcery-g++/bin/../lib/gcc/arm-none-eabi/4.4.1/thumb2/crti.o
                0x0000b12c                _fini
 .fini          0x0000b130        0x8 c:/program files (x86)/microsemi/softconsole v3.4/sourcery-g++/bin/../lib/gcc/arm-none-eabi/4.4.1/thumb2/crtn.o
                0x0000b138                PROVIDE (__preinit_array_start, .)
 *(.preinit_array)
                0x0000b138                PROVIDE (__preinit_array_end, .)
                0x0000b138                PROVIDE (__init_array_start, .)
 *(SORT(.init_array.*))
 *(.init_array)
 .init_array    0x0000b138        0x4 c:/program files (x86)/microsemi/softconsole v3.4/sourcery-g++/bin/../lib/gcc/arm-none-eabi/4.4.1/thumb2/crtbegin.o
                0x0000b13c                PROVIDE (__init_array_end, .)
                0x0000b13c                PROVIDE (__fini_array_start, .)
 *(.fini_array)
 .fini_array    0x0000b13c        0x4 c:/program files (x86)/microsemi/softconsole v3.4/sourcery-g++/bin/../lib/gcc/arm-none-eabi/4.4.1/thumb2/crtbegin.o
 *(SORT(.fini_array.*))
                0x0000b140                PROVIDE (__fini_array_end, .)
                0x0000b140                . = ALIGN (0x10)
                0x0000b140                __exidx_start = .

.v4_bx          0x0000b140        0x0
 .v4_bx         0x00000000        0x0 linker stubs

.ARM.exidx
 *(.ARM.exidx* .gnu.linkonce.armexidx.*)
                0x0000b140                __exidx_end = .
                0x0000b140                _etext = .

.data           0x20000000      0x350 load address 0x0000b140
                0x0000b140                __data_load = LOADADDR (.data)
                0x0000b140                _sidata = LOADADDR (.data)
                0x20000000                __data_start = .
                0x20000000                _sdata = .
 *(.jcr)
 .jcr           0x20000000        0x0 c:/program files (x86)/microsemi/softconsole v3.4/sourcery-g++/bin/../lib/gcc/arm-none-eabi/4.4.1/thumb2/crtbegin.o
 .jcr           0x20000000        0x4 c:/program files (x86)/microsemi/softconsole v3.4/sourcery-g++/bin/../lib/gcc/arm-none-eabi/4.4.1/thumb2/crtend.o
 *(.got.plt)
 *(.got)
 *(.shdata)
 *(.data .data.* .gnu.linkonce.d.*)
 .data.IMG_ID   0x20000004        0x1 ./main.o
                0x20000004                IMG_ID
 *fill*         0x20000005        0x3 00
 .data.REPRO_CODE_WORD_ADDR
                0x20000008        0x4 ./cmds/cmd.o
                0x20000008                REPRO_CODE_WORD_ADDR
 .data.CMD0     0x2000000c        0x8 ./OBC/SD.o
                0x2000000c                CMD0
 .data.CMD8     0x20000014        0x8 ./OBC/SD.o
                0x20000014                CMD8
 .data.CMD58    0x2000001c        0x8 ./OBC/SD.o
                0x2000001c                CMD58
 .data.CMD55    0x20000024        0x8 ./OBC/SD.o
                0x20000024                CMD55
 .data.ACMD41   0x2000002c        0x8 ./OBC/SD.o
                0x2000002c                ACMD41
 .data.rx_size  0x20000034        0x1 ./GMC/counter.o
                0x20000034                rx_size
 *fill*         0x20000035        0x3 00
 .data.radio_memory_configuration
                0x20000038      0x2d8 ./Comms/adf7030.o
                0x20000038                radio_memory_configuration
 .data.div1_seq
                0x20000310        0x4 C:\Users\S-SPACE\Desktop\Pratik\Final_Year_Project\PiLOT_G2_Software\PiLOT_G2_IMG2\PiLOT_sb_MSS_CM3_hw_platform\Debug\libPiLOT_sb_MSS_CM3_hw_platform.a(mss_sys_services.o)
                0x20000310                div1_seq
 .data.div2_seq
                0x20000314        0x4 C:\Users\S-SPACE\Desktop\Pratik\Final_Year_Project\PiLOT_G2_Software\PiLOT_G2_IMG2\PiLOT_sb_MSS_CM3_hw_platform\Debug\libPiLOT_sb_MSS_CM3_hw_platform.a(mss_sys_services.o)
                0x20000314                div2_seq
 .data.div4_seq
                0x20000318        0x8 C:\Users\S-SPACE\Desktop\Pratik\Final_Year_Project\PiLOT_G2_Software\PiLOT_G2_IMG2\PiLOT_sb_MSS_CM3_hw_platform\Debug\libPiLOT_sb_MSS_CM3_hw_platform.a(mss_sys_services.o)
                0x20000318                div4_seq
 .data.div8_seq
                0x20000320        0x4 C:\Users\S-SPACE\Desktop\Pratik\Final_Year_Project\PiLOT_G2_Software\PiLOT_G2_IMG2\PiLOT_sb_MSS_CM3_hw_platform\Debug\libPiLOT_sb_MSS_CM3_hw_platform.a(mss_sys_services.o)
                0x20000320                div8_seq
 .data.div16_seq
                0x20000324        0x4 C:\Users\S-SPACE\Desktop\Pratik\Final_Year_Project\PiLOT_G2_Software\PiLOT_G2_IMG2\PiLOT_sb_MSS_CM3_hw_platform\Debug\libPiLOT_sb_MSS_CM3_hw_platform.a(mss_sys_services.o)
                0x20000324                div16_seq
 .data.div32_seq
                0x20000328        0x4 C:\Users\S-SPACE\Desktop\Pratik\Final_Year_Project\PiLOT_G2_Software\PiLOT_G2_IMG2\PiLOT_sb_MSS_CM3_hw_platform\Debug\libPiLOT_sb_MSS_CM3_hw_platform.a(mss_sys_services.o)
                0x20000328                div32_seq
 .data.SystemCoreClock
                0x2000032c        0x4 C:\Users\S-SPACE\Desktop\Pratik\Final_Year_Project\PiLOT_G2_Software\PiLOT_G2_IMG2\PiLOT_sb_MSS_CM3_hw_platform\Debug\libPiLOT_sb_MSS_CM3_hw_platform.a(system_m2sxxx.o)
                0x2000032c                SystemCoreClock
 .data.g_FrequencyPCLK0
                0x20000330        0x4 C:\Users\S-SPACE\Desktop\Pratik\Final_Year_Project\PiLOT_G2_Software\PiLOT_G2_IMG2\PiLOT_sb_MSS_CM3_hw_platform\Debug\libPiLOT_sb_MSS_CM3_hw_platform.a(system_m2sxxx.o)
                0x20000330                g_FrequencyPCLK0
 .data.g_FrequencyPCLK1
                0x20000334        0x4 C:\Users\S-SPACE\Desktop\Pratik\Final_Year_Project\PiLOT_G2_Software\PiLOT_G2_IMG2\PiLOT_sb_MSS_CM3_hw_platform\Debug\libPiLOT_sb_MSS_CM3_hw_platform.a(system_m2sxxx.o)
                0x20000334                g_FrequencyPCLK1
 .data.g_FrequencyPCLK2
                0x20000338        0x4 C:\Users\S-SPACE\Desktop\Pratik\Final_Year_Project\PiLOT_G2_Software\PiLOT_G2_IMG2\PiLOT_sb_MSS_CM3_hw_platform\Debug\libPiLOT_sb_MSS_CM3_hw_platform.a(system_m2sxxx.o)
                0x20000338                g_FrequencyPCLK2
 .data.g_FrequencyFIC0
                0x2000033c        0x4 C:\Users\S-SPACE\Desktop\Pratik\Final_Year_Project\PiLOT_G2_Software\PiLOT_G2_IMG2\PiLOT_sb_MSS_CM3_hw_platform\Debug\libPiLOT_sb_MSS_CM3_hw_platform.a(system_m2sxxx.o)
                0x2000033c                g_FrequencyFIC0
 .data.g_FrequencyFIC1
                0x20000340        0x4 C:\Users\S-SPACE\Desktop\Pratik\Final_Year_Project\PiLOT_G2_Software\PiLOT_G2_IMG2\PiLOT_sb_MSS_CM3_hw_platform\Debug\libPiLOT_sb_MSS_CM3_hw_platform.a(system_m2sxxx.o)
                0x20000340                g_FrequencyFIC1
 .data.g_FrequencyFIC64
                0x20000344        0x4 C:\Users\S-SPACE\Desktop\Pratik\Final_Year_Project\PiLOT_G2_Software\PiLOT_G2_IMG2\PiLOT_sb_MSS_CM3_hw_platform\Debug\libPiLOT_sb_MSS_CM3_hw_platform.a(system_m2sxxx.o)
                0x20000344                g_FrequencyFIC64
                0x20000350                . = ALIGN (0x10)
 *fill*         0x20000348        0x8 00
                0x20000350                _edata = .

.bss            0x20000350     0x12c0 load address 0x0000b490
                0x20000350                __bss_start__ = .
                0x20000350                _sbss = .
 *(.shbss)
 *(.bss .bss.* .gnu.linkonce.b.*)
 .bss           0x20000350        0x1 c:/program files (x86)/microsemi/softconsole v3.4/sourcery-g++/bin/../lib/gcc/arm-none-eabi/4.4.1/thumb2/crtbegin.o
 *fill*         0x20000351        0x1 00
 .bss.hk_seq_num
                0x20000352        0x2 ./P1.o
                0x20000352                hk_seq_num
 .bss.temp_seq_num
                0x20000354        0x2 ./P1.o
                0x20000354                temp_seq_num
 .bss.latest_codeword
                0x20000356        0x1 ./P1.o
                0x20000356                latest_codeword
 .bss.store_in_sd_card
                0x20000357        0x1 ./P1.o
                0x20000357                store_in_sd_card
 .bss.cmd_cntr  0x20000358        0x1 ./P1.o
                0x20000358                cmd_cntr
 .bss.sd_dump_comms
                0x20000359        0x1 ./P2.o
                0x20000359                sd_dump_comms
 .bss.sd_dump_gmc
                0x2000035a        0x1 ./P2.o
                0x2000035a                sd_dump_gmc
 *fill*         0x2000035b        0x1 00
 .bss.comms_seq_num
                0x2000035c        0x2 ./P2.o
                0x2000035c                comms_seq_num
 .bss.gmc_seq_num
                0x2000035e        0x2 ./P2.o
                0x2000035e                gmc_seq_num
 .bss.cmd_adf_read_addr
                0x20000360        0x4 ./P2.o
                0x20000360                cmd_adf_read_addr
 .bss.cmd_adf_read_No_double_words
                0x20000364        0x1 ./P2.o
                0x20000364                cmd_adf_read_No_double_words
 .bss.cmd_rx_count
                0x20000365        0x1 ./main.o
                0x20000365                cmd_rx_count
 .bss.cmd_succ_count
                0x20000366        0x1 ./main.o
                0x20000366                cmd_succ_count
 .bss.cmd_reject_count
                0x20000367        0x1 ./main.o
                0x20000367                cmd_reject_count
 .bss.cmd_rs485_succ_count
                0x20000368        0x1 ./main.o
                0x20000368                cmd_rs485_succ_count
 .bss.cmd_rs485_fail_count
                0x20000369        0x1 ./main.o
                0x20000369                cmd_rs485_fail_count
 .bss.sd_dump   0x2000036a        0x1 ./main.o
                0x2000036a                sd_dump
 *fill*         0x2000036b        0x1 00
 .bss.reset_counts
                0x2000036c        0x4 ./main.o
                0x2000036c                reset_counts
 .bss.stat1     0x20000370        0x1 ./main.o
                0x20000370                stat1
 .bss.stat2     0x20000371        0x1 ./main.o
                0x20000371                stat2
 .bss.CHK_CMD   0x20000372        0x1 ./main.o
                0x20000372                CHK_CMD
 .bss.adf_status
                0x20000373        0x1 ./main.o
                0x20000373                adf_status
 .bss.no_of_TTPU_cmds
                0x20000374        0x1 ./PIS/RS485_Controller.o
                0x20000374                no_of_TTPU_cmds
 .bss.g_request_in_progress
                0x20000375        0x1 C:\Users\S-SPACE\Desktop\Pratik\Final_Year_Project\PiLOT_G2_Software\PiLOT_G2_IMG2\PiLOT_sb_MSS_CM3_hw_platform\Debug\libPiLOT_sb_MSS_CM3_hw_platform.a(mss_sys_services.o)
 .bss.g_last_response_length
                0x20000376        0x2 C:\Users\S-SPACE\Desktop\Pratik\Final_Year_Project\PiLOT_G2_Software\PiLOT_G2_IMG2\PiLOT_sb_MSS_CM3_hw_platform\Debug\libPiLOT_sb_MSS_CM3_hw_platform.a(mss_sys_services.o)
 .bss.g_event_handler
                0x20000378        0x4 C:\Users\S-SPACE\Desktop\Pratik\Final_Year_Project\PiLOT_G2_Software\PiLOT_G2_IMG2\PiLOT_sb_MSS_CM3_hw_platform\Debug\libPiLOT_sb_MSS_CM3_hw_platform.a(mss_sys_services.o)
 .bss.g_response
                0x2000037c        0x4 C:\Users\S-SPACE\Desktop\Pratik\Final_Year_Project\PiLOT_G2_Software\PiLOT_G2_IMG2\PiLOT_sb_MSS_CM3_hw_platform\Debug\libPiLOT_sb_MSS_CM3_hw_platform.a(mss_sys_services.o)
 .bss.g_initial_mssddr_facc1_cr
                0x20000380        0x4 C:\Users\S-SPACE\Desktop\Pratik\Final_Year_Project\PiLOT_G2_Software\PiLOT_G2_IMG2\PiLOT_sb_MSS_CM3_hw_platform\Debug\libPiLOT_sb_MSS_CM3_hw_platform.a(mss_sys_services.o)
 .bss.divisor   0x20000384       0x10 C:\Users\S-SPACE\Desktop\Pratik\Final_Year_Project\PiLOT_G2_Software\PiLOT_G2_IMG2\PiLOT_sb_MSS_CM3_hw_platform\Debug\libPiLOT_sb_MSS_CM3_hw_platform.a(mss_sys_services.o)
                0x20000384                divisor
 .bss.g_do_not_lock_page
                0x20000394        0x1 C:\Users\S-SPACE\Desktop\Pratik\Final_Year_Project\PiLOT_G2_Software\PiLOT_G2_IMG2\PiLOT_sb_MSS_CM3_hw_platform\Debug\libPiLOT_sb_MSS_CM3_hw_platform.a(mss_nvm.o)
 .bss.g_envm_ctrl_locks
                0x20000395        0x1 C:\Users\S-SPACE\Desktop\Pratik\Final_Year_Project\PiLOT_G2_Software\PiLOT_G2_IMG2\PiLOT_sb_MSS_CM3_hw_platform\Debug\libPiLOT_sb_MSS_CM3_hw_platform.a(mss_nvm.o)
 *fill*         0x20000396        0x2 00
 .bss.NULL_timer_instance
                0x20000398        0x4 C:\Users\S-SPACE\Desktop\Pratik\Final_Year_Project\PiLOT_G2_Software\PiLOT_G2_IMG2\PiLOT_sb_MSS_CM3_hw_platform\Debug\libPiLOT_sb_MSS_CM3_hw_platform.a(core_timer.o)
 .bss.g_comblk_cmd_opcode
                0x2000039c        0x1 C:\Users\S-SPACE\Desktop\Pratik\Final_Year_Project\PiLOT_G2_Software\PiLOT_G2_IMG2\PiLOT_sb_MSS_CM3_hw_platform\Debug\libPiLOT_sb_MSS_CM3_hw_platform.a(mss_comblk.o)
 *fill*         0x2000039d        0x3 00
 .bss.g_comblk_p_cmd
                0x200003a0        0x4 C:\Users\S-SPACE\Desktop\Pratik\Final_Year_Project\PiLOT_G2_Software\PiLOT_G2_IMG2\PiLOT_sb_MSS_CM3_hw_platform\Debug\libPiLOT_sb_MSS_CM3_hw_platform.a(mss_comblk.o)
 .bss.g_comblk_cmd_size
                0x200003a4        0x2 C:\Users\S-SPACE\Desktop\Pratik\Final_Year_Project\PiLOT_G2_Software\PiLOT_G2_IMG2\PiLOT_sb_MSS_CM3_hw_platform\Debug\libPiLOT_sb_MSS_CM3_hw_platform.a(mss_comblk.o)
 *fill*         0x200003a6        0x2 00
 .bss.g_comblk_p_data
                0x200003a8        0x4 C:\Users\S-SPACE\Desktop\Pratik\Final_Year_Project\PiLOT_G2_Software\PiLOT_G2_IMG2\PiLOT_sb_MSS_CM3_hw_platform\Debug\libPiLOT_sb_MSS_CM3_hw_platform.a(mss_comblk.o)
 .bss.g_comblk_data_size
                0x200003ac        0x4 C:\Users\S-SPACE\Desktop\Pratik\Final_Year_Project\PiLOT_G2_Software\PiLOT_G2_IMG2\PiLOT_sb_MSS_CM3_hw_platform\Debug\libPiLOT_sb_MSS_CM3_hw_platform.a(mss_comblk.o)
 .bss.g_comblk_p_response
                0x200003b0        0x4 C:\Users\S-SPACE\Desktop\Pratik\Final_Year_Project\PiLOT_G2_Software\PiLOT_G2_IMG2\PiLOT_sb_MSS_CM3_hw_platform\Debug\libPiLOT_sb_MSS_CM3_hw_platform.a(mss_comblk.o)
 .bss.g_comblk_response_size
                0x200003b4        0x2 C:\Users\S-SPACE\Desktop\Pratik\Final_Year_Project\PiLOT_G2_Software\PiLOT_G2_IMG2\PiLOT_sb_MSS_CM3_hw_platform\Debug\libPiLOT_sb_MSS_CM3_hw_platform.a(mss_comblk.o)
 .bss.g_comblk_response_idx
                0x200003b6        0x2 C:\Users\S-SPACE\Desktop\Pratik\Final_Year_Project\PiLOT_G2_Software\PiLOT_G2_IMG2\PiLOT_sb_MSS_CM3_hw_platform\Debug\libPiLOT_sb_MSS_CM3_hw_platform.a(mss_comblk.o)
 .bss.g_comblk_completion_handler
                0x200003b8        0x4 C:\Users\S-SPACE\Desktop\Pratik\Final_Year_Project\PiLOT_G2_Software\PiLOT_G2_IMG2\PiLOT_sb_MSS_CM3_hw_platform\Debug\libPiLOT_sb_MSS_CM3_hw_platform.a(mss_comblk.o)
 .bss.g_comblk_page_handler
                0x200003bc        0x4 C:\Users\S-SPACE\Desktop\Pratik\Final_Year_Project\PiLOT_G2_Software\PiLOT_G2_IMG2\PiLOT_sb_MSS_CM3_hw_platform\Debug\libPiLOT_sb_MSS_CM3_hw_platform.a(mss_comblk.o)
 .bss.g_request_in_progress
                0x200003c0        0x1 C:\Users\S-SPACE\Desktop\Pratik\Final_Year_Project\PiLOT_G2_Software\PiLOT_G2_IMG2\PiLOT_sb_MSS_CM3_hw_platform\Debug\libPiLOT_sb_MSS_CM3_hw_platform.a(mss_comblk.o)
 .bss.g_comblk_state
                0x200003c1        0x1 C:\Users\S-SPACE\Desktop\Pratik\Final_Year_Project\PiLOT_G2_Software\PiLOT_G2_IMG2\PiLOT_sb_MSS_CM3_hw_platform\Debug\libPiLOT_sb_MSS_CM3_hw_platform.a(mss_comblk.o)
 *fill*         0x200003c2        0x2 00
 .bss.g_async_event_handler
                0x200003c4        0x4 C:\Users\S-SPACE\Desktop\Pratik\Final_Year_Project\PiLOT_G2_Software\PiLOT_G2_IMG2\PiLOT_sb_MSS_CM3_hw_platform\Debug\libPiLOT_sb_MSS_CM3_hw_platform.a(mss_comblk.o)
 *(COMMON)
 COMMON         0x200003c8      0xd68 ./P1.o
                0x200003c8                g_core_i2c2
                0x20000434                g_core_i2c0
                0x200004a0                g_core_i2c1
                0x2000050c                hk_pkt
                0x20000510                g_core_spi0
                0x20000558                g_core_i2c5
                0x200005c4                g_core_i2c3
                0x20000630                thermistor_pkt
                0x20000634                data
                0x20000834                cmd_buff
                0x20000844                core_i2c_status
                0x20000848                blck_pkt
                0x20001048                counter_i2c
                0x200010b4                RTM
                0x200010c4                g_core_i2c4
 COMMON         0x20001130       0x49 ./P2.o
                0x20001130                gmc_pkt
                0x20001134                ADC_voltages
                0x20001144                comms_pkt
                0x20001148                gmc_radiation_count
                0x2000114c                count_val
                0x20001150                free_res
                0x20001154                cmd_adf_data
                0x20001174                gmc_free_res_value
                0x20001178                status
 *fill*         0x20001179        0x7 00
 COMMON         0x20001180      0x2c2 ./main.o
                0x20001180                log_counter
                0x20001184                log_partiton
                0x20001194                comms_timer
                0x20001198                therm_status
                0x2000119c                log_packet_ptr
                0x200011a0                gmc_partition
                0x200011b0                Read_TPSRAM_addr
                0x200011b2                gmc_status
                0x200011b4                init_pkt
                0x200011b8                log_data
                0x200013b8                gmc_timer
                0x200013bc                logs_seq_no
                0x200013c0                temp_timer
                0x200013c8                current_time_lower
                0x200013d0                sd_timer
                0x200013d4                hk_status
                0x200013d8                current_time_upper
                0x200013e0                rx_cmd_pkt
                0x200013e4                rssi_cca
                0x200013e8                thermistor_partition
                0x200013f8                rssi
                0x200013fc                comms_partition
                0x2000140c                hk_partition
                0x2000141c                hk_timer
                0x20001420                Time_Vector
                0x20001440                comms_status
 *fill*         0x20001442        0x2 00
 COMMON         0x20001444       0x28 ./cmds/cmd.o
                0x20001444                cmd_list
                0x20001468                cmd
 COMMON         0x2000146c        0xa ./PIS/VC_Sensor.o
                0x2000146c                init_command
                0x20001470                read
                0x20001472                bvol
                0x20001474                count
                0x20001475                config_reg
 COMMON         0x20001476        0x1 ./OBC/SD.o
                0x20001476                flag
 COMMON         0x20001477        0x1 ./GMC/counter.o
                0x20001477                gmc_voltage_flags
 COMMON         0x20001478        0x8 ./Comms/adf7030.o
                0x20001478                adf_spi
                0x2000147c                radio_memory_configuration_start_spi_command
 COMMON         0x20001480       0x80 C:\Users\S-SPACE\Desktop\Pratik\Final_Year_Project\PiLOT_G2_Software\PiLOT_G2_IMG2\PiLOT_sb_MSS_CM3_hw_platform\Debug\libPiLOT_sb_MSS_CM3_hw_platform.a(mss_uart.o)
                0x20001480                g_mss_uart1
                0x200014c0                g_mss_uart0
 COMMON         0x20001500      0x108 C:\Users\S-SPACE\Desktop\Pratik\Final_Year_Project\PiLOT_G2_Software\PiLOT_G2_IMG2\PiLOT_sb_MSS_CM3_hw_platform\Debug\libPiLOT_sb_MSS_CM3_hw_platform.a(mss_spi.o)
                0x20001500                g_mss_spi1
                0x20001584                g_mss_spi0
                0x20001610                . = ALIGN (0x10)
 *fill*         0x20001608        0x8 00
                0x20001610                __bss_end__ = .
                0x20001610                _end = .
                0x20001610                __end = _end
                0x20001610                _ebss = .
                0x20001610                PROVIDE (end, .)

.heap           0x20001610     0x59f0 load address 0x0000b490
                0x20001610                __heap_start__ = .
                0x20002610                . = (. + MIN_SIZE_HEAP)
 *fill*         0x20001610     0x1000 00
                0x20007000                . = (. + (((ABSOLUTE (RAM_START_ADDRESS) + RAM_SIZE) - MAIN_STACK_SIZE) - .))
 *fill*         0x20002610     0x49f0 00
                0x20007000                _eheap = .

.stack          0x20007000     0x1000 load address 0x0000b490
                0x20007000                __stack_start__ = .
                0x20008000                . = (. + MAIN_STACK_SIZE)
 *fill*         0x20007000     0x1000 00
                0x20008000                _estack = .

.stab
 *(.stab)

.stabstr
 *(.stabstr)

.debug
 *(.debug)

.line
 *(.line)

.debug_srcinfo
 *(.debug_srcinfo)

.debug_sfnames
 *(.debug_sfnames)

.comment        0x00000000      0x433
 .comment       0x00000000       0x2b ./P1.o
 .comment       0x0000002b       0x2b ./P2.o
 .comment       0x00000056       0x2b ./main.o
 .comment       0x00000081       0x2b ./packet_definition.o
 .comment       0x000000ac       0x2b ./cmds/cmd.o
 .comment       0x000000d7       0x2b ./PIS/RS485_Controller.o
 .comment       0x00000102       0x2b ./PIS/VC_Sensor.o
 .comment       0x0000012d       0x2b ./OBC/ADC.o
 .comment       0x00000158       0x2b ./OBC/IMU.o
 .comment       0x00000183       0x2b ./OBC/SD.o
 .comment       0x000001ae       0x2b ./OBC/memory.o
 .comment       0x000001d9       0x2b ./GMC/counter.o
 .comment       0x00000204       0x2b ./Comms/adf7030.o
 .comment       0x0000022f       0x2b C:/Users/S-SPACE/Desktop/Pratik/Final_Year_Project/PiLOT_G2_Software/PiLOT_G2_IMG2/PiLOT_sb_MSS_CM3_hw_platform/Debug/CMSIS/startup_gcc/newlib_stubs.o
 .comment       0x0000025a       0x2b C:\Users\S-SPACE\Desktop\Pratik\Final_Year_Project\PiLOT_G2_Software\PiLOT_G2_IMG2\PiLOT_sb_MSS_CM3_hw_platform\Debug\libPiLOT_sb_MSS_CM3_hw_platform.a(mss_uart.o)
 .comment       0x00000285       0x2b C:\Users\S-SPACE\Desktop\Pratik\Final_Year_Project\PiLOT_G2_Software\PiLOT_G2_IMG2\PiLOT_sb_MSS_CM3_hw_platform\Debug\libPiLOT_sb_MSS_CM3_hw_platform.a(mss_sys_services.o)
 .comment       0x000002b0       0x2b C:\Users\S-SPACE\Desktop\Pratik\Final_Year_Project\PiLOT_G2_Software\PiLOT_G2_IMG2\PiLOT_sb_MSS_CM3_hw_platform\Debug\libPiLOT_sb_MSS_CM3_hw_platform.a(mss_spi.o)
 .comment       0x000002db       0x2b C:\Users\S-SPACE\Desktop\Pratik\Final_Year_Project\PiLOT_G2_Software\PiLOT_G2_IMG2\PiLOT_sb_MSS_CM3_hw_platform\Debug\libPiLOT_sb_MSS_CM3_hw_platform.a(mss_nvm.o)
 .comment       0x00000306       0x2b C:\Users\S-SPACE\Desktop\Pratik\Final_Year_Project\PiLOT_G2_Software\PiLOT_G2_IMG2\PiLOT_sb_MSS_CM3_hw_platform\Debug\libPiLOT_sb_MSS_CM3_hw_platform.a(mss_gpio.o)
 .comment       0x00000331       0x2b C:\Users\S-SPACE\Desktop\Pratik\Final_Year_Project\PiLOT_G2_Software\PiLOT_G2_IMG2\PiLOT_sb_MSS_CM3_hw_platform\Debug\libPiLOT_sb_MSS_CM3_hw_platform.a(core_timer.o)
 .comment       0x0000035c       0x2b C:\Users\S-SPACE\Desktop\Pratik\Final_Year_Project\PiLOT_G2_Software\PiLOT_G2_IMG2\PiLOT_sb_MSS_CM3_hw_platform\Debug\libPiLOT_sb_MSS_CM3_hw_platform.a(core_spi.o)
 .comment       0x00000387       0x2b C:\Users\S-SPACE\Desktop\Pratik\Final_Year_Project\PiLOT_G2_Software\PiLOT_G2_IMG2\PiLOT_sb_MSS_CM3_hw_platform\Debug\libPiLOT_sb_MSS_CM3_hw_platform.a(core_i2c.o)
 .comment       0x000003b2       0x2b C:\Users\S-SPACE\Desktop\Pratik\Final_Year_Project\PiLOT_G2_Software\PiLOT_G2_IMG2\PiLOT_sb_MSS_CM3_hw_platform\Debug\libPiLOT_sb_MSS_CM3_hw_platform.a(i2c_interrupt.o)
 .comment       0x000003dd       0x2b C:\Users\S-SPACE\Desktop\Pratik\Final_Year_Project\PiLOT_G2_Software\PiLOT_G2_IMG2\PiLOT_sb_MSS_CM3_hw_platform\Debug\libPiLOT_sb_MSS_CM3_hw_platform.a(system_m2sxxx.o)
 .comment       0x00000408       0x2b C:\Users\S-SPACE\Desktop\Pratik\Final_Year_Project\PiLOT_G2_Software\PiLOT_G2_IMG2\PiLOT_sb_MSS_CM3_hw_platform\Debug\libPiLOT_sb_MSS_CM3_hw_platform.a(mss_comblk.o)

.debug_aranges  0x00000000      0xde0
 *(.debug_aranges)
 .debug_aranges
                0x00000000       0x80 ./P1.o
 .debug_aranges
                0x00000080       0x30 ./P2.o
 .debug_aranges
                0x000000b0      0x120 ./main.o
 .debug_aranges
                0x000001d0       0x70 ./cmds/cmd.o
 .debug_aranges
                0x00000240       0x48 ./PIS/RS485_Controller.o
 .debug_aranges
                0x00000288       0x50 ./PIS/VC_Sensor.o
 .debug_aranges
                0x000002d8       0x28 ./OBC/ADC.o
 .debug_aranges
                0x00000300       0x30 ./OBC/IMU.o
 .debug_aranges
                0x00000330       0x30 ./OBC/SD.o
 .debug_aranges
                0x00000360       0x30 ./OBC/memory.o
 .debug_aranges
                0x00000390       0x48 ./GMC/counter.o
 .debug_aranges
                0x000003d8       0xe0 ./Comms/adf7030.o
 .debug_aranges
                0x000004b8       0xa8 C:/Users/S-SPACE/Desktop/Pratik/Final_Year_Project/PiLOT_G2_Software/PiLOT_G2_IMG2/PiLOT_sb_MSS_CM3_hw_platform/Debug/CMSIS/startup_gcc/newlib_stubs.o
 .debug_aranges
                0x00000560      0x1d0 C:\Users\S-SPACE\Desktop\Pratik\Final_Year_Project\PiLOT_G2_Software\PiLOT_G2_IMG2\PiLOT_sb_MSS_CM3_hw_platform\Debug\libPiLOT_sb_MSS_CM3_hw_platform.a(mss_uart.o)
 .debug_aranges
                0x00000730      0x1c8 C:\Users\S-SPACE\Desktop\Pratik\Final_Year_Project\PiLOT_G2_Software\PiLOT_G2_IMG2\PiLOT_sb_MSS_CM3_hw_platform\Debug\libPiLOT_sb_MSS_CM3_hw_platform.a(mss_sys_services.o)
 .debug_aranges
                0x000008f8       0xe0 C:\Users\S-SPACE\Desktop\Pratik\Final_Year_Project\PiLOT_G2_Software\PiLOT_G2_IMG2\PiLOT_sb_MSS_CM3_hw_platform\Debug\libPiLOT_sb_MSS_CM3_hw_platform.a(mss_spi.o)
 .debug_aranges
                0x000009d8       0x80 C:\Users\S-SPACE\Desktop\Pratik\Final_Year_Project\PiLOT_G2_Software\PiLOT_G2_IMG2\PiLOT_sb_MSS_CM3_hw_platform\Debug\libPiLOT_sb_MSS_CM3_hw_platform.a(mss_nvm.o)
 .debug_aranges
                0x00000a58       0x68 C:\Users\S-SPACE\Desktop\Pratik\Final_Year_Project\PiLOT_G2_Software\PiLOT_G2_IMG2\PiLOT_sb_MSS_CM3_hw_platform\Debug\libPiLOT_sb_MSS_CM3_hw_platform.a(mss_gpio.o)
 .debug_aranges
                0x00000ac0       0x50 C:\Users\S-SPACE\Desktop\Pratik\Final_Year_Project\PiLOT_G2_Software\PiLOT_G2_IMG2\PiLOT_sb_MSS_CM3_hw_platform\Debug\libPiLOT_sb_MSS_CM3_hw_platform.a(core_timer.o)
 .debug_aranges
                0x00000b10       0xa8 C:\Users\S-SPACE\Desktop\Pratik\Final_Year_Project\PiLOT_G2_Software\PiLOT_G2_IMG2\PiLOT_sb_MSS_CM3_hw_platform\Debug\libPiLOT_sb_MSS_CM3_hw_platform.a(core_spi.o)
 .debug_aranges
                0x00000bb8      0x110 C:\Users\S-SPACE\Desktop\Pratik\Final_Year_Project\PiLOT_G2_Software\PiLOT_G2_IMG2\PiLOT_sb_MSS_CM3_hw_platform\Debug\libPiLOT_sb_MSS_CM3_hw_platform.a(core_i2c.o)
 .debug_aranges
                0x00000cc8       0x38 C:\Users\S-SPACE\Desktop\Pratik\Final_Year_Project\PiLOT_G2_Software\PiLOT_G2_IMG2\PiLOT_sb_MSS_CM3_hw_platform\Debug\libPiLOT_sb_MSS_CM3_hw_platform.a(i2c_interrupt.o)
 .debug_aranges
                0x00000d00       0x50 C:\Users\S-SPACE\Desktop\Pratik\Final_Year_Project\PiLOT_G2_Software\PiLOT_G2_IMG2\PiLOT_sb_MSS_CM3_hw_platform\Debug\libPiLOT_sb_MSS_CM3_hw_platform.a(system_m2sxxx.o)
 .debug_aranges
                0x00000d50       0x90 C:\Users\S-SPACE\Desktop\Pratik\Final_Year_Project\PiLOT_G2_Software\PiLOT_G2_IMG2\PiLOT_sb_MSS_CM3_hw_platform\Debug\libPiLOT_sb_MSS_CM3_hw_platform.a(mss_comblk.o)

.debug_pubnames
                0x00000000     0x267b
 *(.debug_pubnames)
 .debug_pubnames
                0x00000000      0x1fd ./P1.o
 .debug_pubnames
                0x000001fd      0x1e7 ./P2.o
 .debug_pubnames
                0x000003e4      0x4dc ./main.o
 .debug_pubnames
                0x000008c0      0x19a ./cmds/cmd.o
 .debug_pubnames
                0x00000a5a      0x11f ./PIS/RS485_Controller.o
 .debug_pubnames
                0x00000b79      0x13f ./PIS/VC_Sensor.o
 .debug_pubnames
                0x00000cb8       0x31 ./OBC/ADC.o
 .debug_pubnames
                0x00000ce9       0x54 ./OBC/IMU.o
 .debug_pubnames
                0x00000d3d       0x7a ./OBC/SD.o
 .debug_pubnames
                0x00000db7       0x48 ./OBC/memory.o
 .debug_pubnames
                0x00000dff       0xc0 ./GMC/counter.o
 .debug_pubnames
                0x00000ebf      0x2f5 ./Comms/adf7030.o
 .debug_pubnames
                0x000011b4       0xeb C:/Users/S-SPACE/Desktop/Pratik/Final_Year_Project/PiLOT_G2_Software/PiLOT_G2_IMG2/PiLOT_sb_MSS_CM3_hw_platform/Debug/CMSIS/startup_gcc/newlib_stubs.o
 .debug_pubnames
                0x0000129f      0x50f C:\Users\S-SPACE\Desktop\Pratik\Final_Year_Project\PiLOT_G2_Software\PiLOT_G2_IMG2\PiLOT_sb_MSS_CM3_hw_platform\Debug\libPiLOT_sb_MSS_CM3_hw_platform.a(mss_uart.o)
 .debug_pubnames
                0x000017ae      0x571 C:\Users\S-SPACE\Desktop\Pratik\Final_Year_Project\PiLOT_G2_Software\PiLOT_G2_IMG2\PiLOT_sb_MSS_CM3_hw_platform\Debug\libPiLOT_sb_MSS_CM3_hw_platform.a(mss_sys_services.o)
 .debug_pubnames
                0x00001d1f      0x21a C:\Users\S-SPACE\Desktop\Pratik\Final_Year_Project\PiLOT_G2_Software\PiLOT_G2_IMG2\PiLOT_sb_MSS_CM3_hw_platform\Debug\libPiLOT_sb_MSS_CM3_hw_platform.a(mss_spi.o)
 .debug_pubnames
                0x00001f39       0x4d C:\Users\S-SPACE\Desktop\Pratik\Final_Year_Project\PiLOT_G2_Software\PiLOT_G2_IMG2\PiLOT_sb_MSS_CM3_hw_platform\Debug\libPiLOT_sb_MSS_CM3_hw_platform.a(mss_nvm.o)
 .debug_pubnames
                0x00001f86       0xb1 C:\Users\S-SPACE\Desktop\Pratik\Final_Year_Project\PiLOT_G2_Software\PiLOT_G2_IMG2\PiLOT_sb_MSS_CM3_hw_platform\Debug\libPiLOT_sb_MSS_CM3_hw_platform.a(mss_gpio.o)
 .debug_pubnames
                0x00002037       0x84 C:\Users\S-SPACE\Desktop\Pratik\Final_Year_Project\PiLOT_G2_Software\PiLOT_G2_IMG2\PiLOT_sb_MSS_CM3_hw_platform\Debug\libPiLOT_sb_MSS_CM3_hw_platform.a(core_timer.o)
 .debug_pubnames
                0x000020bb      0x170 C:\Users\S-SPACE\Desktop\Pratik\Final_Year_Project\PiLOT_G2_Software\PiLOT_G2_IMG2\PiLOT_sb_MSS_CM3_hw_platform\Debug\libPiLOT_sb_MSS_CM3_hw_platform.a(core_spi.o)
 .debug_pubnames
                0x0000222b      0x2b9 C:\Users\S-SPACE\Desktop\Pratik\Final_Year_Project\PiLOT_G2_Software\PiLOT_G2_IMG2\PiLOT_sb_MSS_CM3_hw_platform\Debug\libPiLOT_sb_MSS_CM3_hw_platform.a(core_i2c.o)
 .debug_pubnames
                0x000024e4       0x39 C:\Users\S-SPACE\Desktop\Pratik\Final_Year_Project\PiLOT_G2_Software\PiLOT_G2_IMG2\PiLOT_sb_MSS_CM3_hw_platform\Debug\libPiLOT_sb_MSS_CM3_hw_platform.a(i2c_interrupt.o)
 .debug_pubnames
                0x0000251d       0xcb C:\Users\S-SPACE\Desktop\Pratik\Final_Year_Project\PiLOT_G2_Software\PiLOT_G2_IMG2\PiLOT_sb_MSS_CM3_hw_platform\Debug\libPiLOT_sb_MSS_CM3_hw_platform.a(system_m2sxxx.o)
 .debug_pubnames
                0x000025e8       0x93 C:\Users\S-SPACE\Desktop\Pratik\Final_Year_Project\PiLOT_G2_Software\PiLOT_G2_IMG2\PiLOT_sb_MSS_CM3_hw_platform\Debug\libPiLOT_sb_MSS_CM3_hw_platform.a(mss_comblk.o)

.debug_info     0x00000000    0x15e09
 *(.debug_info .gnu.linkonce.wi.*)
 .debug_info    0x00000000     0x17d3 ./P1.o
 .debug_info    0x000017d3     0x1250 ./P2.o
 .debug_info    0x00002a23     0x292f ./main.o
 .debug_info    0x00005352       0x29 ./packet_definition.o
 .debug_info    0x0000537b     0x11d3 ./cmds/cmd.o
 .debug_info    0x0000654e      0xdb4 ./PIS/RS485_Controller.o
 .debug_info    0x00007302      0x688 ./PIS/VC_Sensor.o
 .debug_info    0x0000798a      0x462 ./OBC/ADC.o
 .debug_info    0x00007dec      0x5b9 ./OBC/IMU.o
 .debug_info    0x000083a5      0x95d ./OBC/SD.o
 .debug_info    0x00008d02      0x1bb ./OBC/memory.o
 .debug_info    0x00008ebd      0x689 ./GMC/counter.o
 .debug_info    0x00009546     0x1242 ./Comms/adf7030.o
 .debug_info    0x0000a788      0x6ed C:/Users/S-SPACE/Desktop/Pratik/Final_Year_Project/PiLOT_G2_Software/PiLOT_G2_IMG2/PiLOT_sb_MSS_CM3_hw_platform/Debug/CMSIS/startup_gcc/newlib_stubs.o
 .debug_info    0x0000ae75     0x1ed4 C:\Users\S-SPACE\Desktop\Pratik\Final_Year_Project\PiLOT_G2_Software\PiLOT_G2_IMG2\PiLOT_sb_MSS_CM3_hw_platform\Debug\libPiLOT_sb_MSS_CM3_hw_platform.a(mss_uart.o)
 .debug_info    0x0000cd49     0x1fb4 C:\Users\S-SPACE\Desktop\Pratik\Final_Year_Project\PiLOT_G2_Software\PiLOT_G2_IMG2\PiLOT_sb_MSS_CM3_hw_platform\Debug\libPiLOT_sb_MSS_CM3_hw_platform.a(mss_sys_services.o)
 .debug_info    0x0000ecfd     0x1723 C:\Users\S-SPACE\Desktop\Pratik\Final_Year_Project\PiLOT_G2_Software\PiLOT_G2_IMG2\PiLOT_sb_MSS_CM3_hw_platform\Debug\libPiLOT_sb_MSS_CM3_hw_platform.a(mss_spi.o)
 .debug_info    0x00010420     0x12b1 C:\Users\S-SPACE\Desktop\Pratik\Final_Year_Project\PiLOT_G2_Software\PiLOT_G2_IMG2\PiLOT_sb_MSS_CM3_hw_platform\Debug\libPiLOT_sb_MSS_CM3_hw_platform.a(mss_nvm.o)
 .debug_info    0x000116d1     0x1164 C:\Users\S-SPACE\Desktop\Pratik\Final_Year_Project\PiLOT_G2_Software\PiLOT_G2_IMG2\PiLOT_sb_MSS_CM3_hw_platform\Debug\libPiLOT_sb_MSS_CM3_hw_platform.a(mss_gpio.o)
 .debug_info    0x00012835      0x242 C:\Users\S-SPACE\Desktop\Pratik\Final_Year_Project\PiLOT_G2_Software\PiLOT_G2_IMG2\PiLOT_sb_MSS_CM3_hw_platform\Debug\libPiLOT_sb_MSS_CM3_hw_platform.a(core_timer.o)
 .debug_info    0x00012a77      0x7d9 C:\Users\S-SPACE\Desktop\Pratik\Final_Year_Project\PiLOT_G2_Software\PiLOT_G2_IMG2\PiLOT_sb_MSS_CM3_hw_platform\Debug\libPiLOT_sb_MSS_CM3_hw_platform.a(core_spi.o)
 .debug_info    0x00013250      0xd0c C:\Users\S-SPACE\Desktop\Pratik\Final_Year_Project\PiLOT_G2_Software\PiLOT_G2_IMG2\PiLOT_sb_MSS_CM3_hw_platform\Debug\libPiLOT_sb_MSS_CM3_hw_platform.a(core_i2c.o)
 .debug_info    0x00013f5c      0x7ce C:\Users\S-SPACE\Desktop\Pratik\Final_Year_Project\PiLOT_G2_Software\PiLOT_G2_IMG2\PiLOT_sb_MSS_CM3_hw_platform\Debug\libPiLOT_sb_MSS_CM3_hw_platform.a(i2c_interrupt.o)
 .debug_info    0x0001472a      0xbbf C:\Users\S-SPACE\Desktop\Pratik\Final_Year_Project\PiLOT_G2_Software\PiLOT_G2_IMG2\PiLOT_sb_MSS_CM3_hw_platform\Debug\libPiLOT_sb_MSS_CM3_hw_platform.a(system_m2sxxx.o)
 .debug_info    0x000152e9      0xb20 C:\Users\S-SPACE\Desktop\Pratik\Final_Year_Project\PiLOT_G2_Software\PiLOT_G2_IMG2\PiLOT_sb_MSS_CM3_hw_platform\Debug\libPiLOT_sb_MSS_CM3_hw_platform.a(mss_comblk.o)

.debug_abbrev   0x00000000     0x27f9
 *(.debug_abbrev)
 .debug_abbrev  0x00000000      0x2df ./P1.o
 .debug_abbrev  0x000002df      0x1ed ./P2.o
 .debug_abbrev  0x000004cc      0x2c5 ./main.o
 .debug_abbrev  0x00000791       0x16 ./packet_definition.o
 .debug_abbrev  0x000007a7      0x25d ./cmds/cmd.o
 .debug_abbrev  0x00000a04      0x1da ./PIS/RS485_Controller.o
 .debug_abbrev  0x00000bde      0x131 ./PIS/VC_Sensor.o
 .debug_abbrev  0x00000d0f      0x125 ./OBC/ADC.o
 .debug_abbrev  0x00000e34      0x12f ./OBC/IMU.o
 .debug_abbrev  0x00000f63      0x16a ./OBC/SD.o
 .debug_abbrev  0x000010cd       0xc0 ./OBC/memory.o
 .debug_abbrev  0x0000118d      0x140 ./GMC/counter.o
 .debug_abbrev  0x000012cd      0x271 ./Comms/adf7030.o
 .debug_abbrev  0x0000153e      0x170 C:/Users/S-SPACE/Desktop/Pratik/Final_Year_Project/PiLOT_G2_Software/PiLOT_G2_IMG2/PiLOT_sb_MSS_CM3_hw_platform/Debug/CMSIS/startup_gcc/newlib_stubs.o
 .debug_abbrev  0x000016ae      0x280 C:\Users\S-SPACE\Desktop\Pratik\Final_Year_Project\PiLOT_G2_Software\PiLOT_G2_IMG2\PiLOT_sb_MSS_CM3_hw_platform\Debug\libPiLOT_sb_MSS_CM3_hw_platform.a(mss_uart.o)
 .debug_abbrev  0x0000192e      0x1fe C:\Users\S-SPACE\Desktop\Pratik\Final_Year_Project\PiLOT_G2_Software\PiLOT_G2_IMG2\PiLOT_sb_MSS_CM3_hw_platform\Debug\libPiLOT_sb_MSS_CM3_hw_platform.a(mss_sys_services.o)
 .debug_abbrev  0x00001b2c      0x1ee C:\Users\S-SPACE\Desktop\Pratik\Final_Year_Project\PiLOT_G2_Software\PiLOT_G2_IMG2\PiLOT_sb_MSS_CM3_hw_platform\Debug\libPiLOT_sb_MSS_CM3_hw_platform.a(mss_spi.o)
 .debug_abbrev  0x00001d1a      0x198 C:\Users\S-SPACE\Desktop\Pratik\Final_Year_Project\PiLOT_G2_Software\PiLOT_G2_IMG2\PiLOT_sb_MSS_CM3_hw_platform\Debug\libPiLOT_sb_MSS_CM3_hw_platform.a(mss_nvm.o)
 .debug_abbrev  0x00001eb2      0x165 C:\Users\S-SPACE\Desktop\Pratik\Final_Year_Project\PiLOT_G2_Software\PiLOT_G2_IMG2\PiLOT_sb_MSS_CM3_hw_platform\Debug\libPiLOT_sb_MSS_CM3_hw_platform.a(mss_gpio.o)
 .debug_abbrev  0x00002017       0xb0 C:\Users\S-SPACE\Desktop\Pratik\Final_Year_Project\PiLOT_G2_Software\PiLOT_G2_IMG2\PiLOT_sb_MSS_CM3_hw_platform\Debug\libPiLOT_sb_MSS_CM3_hw_platform.a(core_timer.o)
 .debug_abbrev  0x000020c7      0x14f C:\Users\S-SPACE\Desktop\Pratik\Final_Year_Project\PiLOT_G2_Software\PiLOT_G2_IMG2\PiLOT_sb_MSS_CM3_hw_platform\Debug\libPiLOT_sb_MSS_CM3_hw_platform.a(core_spi.o)
 .debug_abbrev  0x00002216      0x185 C:\Users\S-SPACE\Desktop\Pratik\Final_Year_Project\PiLOT_G2_Software\PiLOT_G2_IMG2\PiLOT_sb_MSS_CM3_hw_platform\Debug\libPiLOT_sb_MSS_CM3_hw_platform.a(core_i2c.o)
 .debug_abbrev  0x0000239b      0x169 C:\Users\S-SPACE\Desktop\Pratik\Final_Year_Project\PiLOT_G2_Software\PiLOT_G2_IMG2\PiLOT_sb_MSS_CM3_hw_platform\Debug\libPiLOT_sb_MSS_CM3_hw_platform.a(i2c_interrupt.o)
 .debug_abbrev  0x00002504      0x150 C:\Users\S-SPACE\Desktop\Pratik\Final_Year_Project\PiLOT_G2_Software\PiLOT_G2_IMG2\PiLOT_sb_MSS_CM3_hw_platform\Debug\libPiLOT_sb_MSS_CM3_hw_platform.a(system_m2sxxx.o)
 .debug_abbrev  0x00002654      0x1a5 C:\Users\S-SPACE\Desktop\Pratik\Final_Year_Project\PiLOT_G2_Software\PiLOT_G2_IMG2\PiLOT_sb_MSS_CM3_hw_platform\Debug\libPiLOT_sb_MSS_CM3_hw_platform.a(mss_comblk.o)

.debug_line     0x00000000     0xed0e
 *(.debug_line)
 .debug_line    0x00000000     0x15bf ./P1.o
 .debug_line    0x000015bf     0x14bd ./P2.o
 .debug_line    0x00002a7c     0x1760 ./main.o
 .debug_line    0x000041dc       0x37 ./packet_definition.o
 .debug_line    0x00004213     0x1535 ./cmds/cmd.o
 .debug_line    0x00005748     0x14ca ./PIS/RS485_Controller.o
 .debug_line    0x00006c12      0xb42 ./PIS/VC_Sensor.o
 .debug_line    0x00007754      0x293 ./OBC/ADC.o
 .debug_line    0x000079e7      0x529 ./OBC/IMU.o
 .debug_line    0x00007f10      0x49e ./OBC/SD.o
 .debug_line    0x000083ae      0x403 ./OBC/memory.o
 .debug_line    0x000087b1      0x55d ./GMC/counter.o
 .debug_line    0x00008d0e     0x1793 ./Comms/adf7030.o
 .debug_line    0x0000a4a1      0x4b6 C:/Users/S-SPACE/Desktop/Pratik/Final_Year_Project/PiLOT_G2_Software/PiLOT_G2_IMG2/PiLOT_sb_MSS_CM3_hw_platform/Debug/CMSIS/startup_gcc/newlib_stubs.o
 .debug_line    0x0000a957      0x8f8 C:\Users\S-SPACE\Desktop\Pratik\Final_Year_Project\PiLOT_G2_Software\PiLOT_G2_IMG2\PiLOT_sb_MSS_CM3_hw_platform\Debug\libPiLOT_sb_MSS_CM3_hw_platform.a(mss_uart.o)
 .debug_line    0x0000b24f      0xa2a C:\Users\S-SPACE\Desktop\Pratik\Final_Year_Project\PiLOT_G2_Software\PiLOT_G2_IMG2\PiLOT_sb_MSS_CM3_hw_platform\Debug\libPiLOT_sb_MSS_CM3_hw_platform.a(mss_sys_services.o)
 .debug_line    0x0000bc79      0x6d1 C:\Users\S-SPACE\Desktop\Pratik\Final_Year_Project\PiLOT_G2_Software\PiLOT_G2_IMG2\PiLOT_sb_MSS_CM3_hw_platform\Debug\libPiLOT_sb_MSS_CM3_hw_platform.a(mss_spi.o)
 .debug_line    0x0000c34a      0x544 C:\Users\S-SPACE\Desktop\Pratik\Final_Year_Project\PiLOT_G2_Software\PiLOT_G2_IMG2\PiLOT_sb_MSS_CM3_hw_platform\Debug\libPiLOT_sb_MSS_CM3_hw_platform.a(mss_nvm.o)
 .debug_line    0x0000c88e      0x389 C:\Users\S-SPACE\Desktop\Pratik\Final_Year_Project\PiLOT_G2_Software\PiLOT_G2_IMG2\PiLOT_sb_MSS_CM3_hw_platform\Debug\libPiLOT_sb_MSS_CM3_hw_platform.a(mss_gpio.o)
 .debug_line    0x0000cc17      0x49f C:\Users\S-SPACE\Desktop\Pratik\Final_Year_Project\PiLOT_G2_Software\PiLOT_G2_IMG2\PiLOT_sb_MSS_CM3_hw_platform\Debug\libPiLOT_sb_MSS_CM3_hw_platform.a(core_timer.o)
 .debug_line    0x0000d0b6      0x79e C:\Users\S-SPACE\Desktop\Pratik\Final_Year_Project\PiLOT_G2_Software\PiLOT_G2_IMG2\PiLOT_sb_MSS_CM3_hw_platform\Debug\libPiLOT_sb_MSS_CM3_hw_platform.a(core_spi.o)
 .debug_line    0x0000d854      0x87e C:\Users\S-SPACE\Desktop\Pratik\Final_Year_Project\PiLOT_G2_Software\PiLOT_G2_IMG2\PiLOT_sb_MSS_CM3_hw_platform\Debug\libPiLOT_sb_MSS_CM3_hw_platform.a(core_i2c.o)
 .debug_line    0x0000e0d2      0x51b C:\Users\S-SPACE\Desktop\Pratik\Final_Year_Project\PiLOT_G2_Software\PiLOT_G2_IMG2\PiLOT_sb_MSS_CM3_hw_platform\Debug\libPiLOT_sb_MSS_CM3_hw_platform.a(i2c_interrupt.o)
 .debug_line    0x0000e5ed      0x228 C:\Users\S-SPACE\Desktop\Pratik\Final_Year_Project\PiLOT_G2_Software\PiLOT_G2_IMG2\PiLOT_sb_MSS_CM3_hw_platform\Debug\libPiLOT_sb_MSS_CM3_hw_platform.a(system_m2sxxx.o)
 .debug_line    0x0000e815      0x4f9 C:\Users\S-SPACE\Desktop\Pratik\Final_Year_Project\PiLOT_G2_Software\PiLOT_G2_IMG2\PiLOT_sb_MSS_CM3_hw_platform\Debug\libPiLOT_sb_MSS_CM3_hw_platform.a(mss_comblk.o)

.debug_frame    0x00000000     0x2ed4
 *(.debug_frame)
 .debug_frame   0x00000000      0x18c ./P1.o
 .debug_frame   0x0000018c       0x6c ./P2.o
 .debug_frame   0x000001f8      0x3c0 ./main.o
 .debug_frame   0x000005b8      0x158 ./cmds/cmd.o
 .debug_frame   0x00000710       0xc8 ./PIS/RS485_Controller.o
 .debug_frame   0x000007d8       0xf0 ./PIS/VC_Sensor.o
 .debug_frame   0x000008c8       0x50 ./OBC/ADC.o
 .debug_frame   0x00000918       0x70 ./OBC/IMU.o
 .debug_frame   0x00000988       0x70 ./OBC/SD.o
 .debug_frame   0x000009f8       0x6c ./OBC/memory.o
 .debug_frame   0x00000a64       0xd0 ./GMC/counter.o
 .debug_frame   0x00000b34      0x334 ./Comms/adf7030.o
 .debug_frame   0x00000e68      0x21c C:/Users/S-SPACE/Desktop/Pratik/Final_Year_Project/PiLOT_G2_Software/PiLOT_G2_IMG2/PiLOT_sb_MSS_CM3_hw_platform/Debug/CMSIS/startup_gcc/newlib_stubs.o
 .debug_frame   0x00001084      0x6b4 C:\Users\S-SPACE\Desktop\Pratik\Final_Year_Project\PiLOT_G2_Software\PiLOT_G2_IMG2\PiLOT_sb_MSS_CM3_hw_platform\Debug\libPiLOT_sb_MSS_CM3_hw_platform.a(mss_uart.o)
 .debug_frame   0x00001738      0x6b0 C:\Users\S-SPACE\Desktop\Pratik\Final_Year_Project\PiLOT_G2_Software\PiLOT_G2_IMG2\PiLOT_sb_MSS_CM3_hw_platform\Debug\libPiLOT_sb_MSS_CM3_hw_platform.a(mss_sys_services.o)
 .debug_frame   0x00001de8      0x320 C:\Users\S-SPACE\Desktop\Pratik\Final_Year_Project\PiLOT_G2_Software\PiLOT_G2_IMG2\PiLOT_sb_MSS_CM3_hw_platform\Debug\libPiLOT_sb_MSS_CM3_hw_platform.a(mss_spi.o)
 .debug_frame   0x00002108      0x194 C:\Users\S-SPACE\Desktop\Pratik\Final_Year_Project\PiLOT_G2_Software\PiLOT_G2_IMG2\PiLOT_sb_MSS_CM3_hw_platform\Debug\libPiLOT_sb_MSS_CM3_hw_platform.a(mss_nvm.o)
 .debug_frame   0x0000229c      0x130 C:\Users\S-SPACE\Desktop\Pratik\Final_Year_Project\PiLOT_G2_Software\PiLOT_G2_IMG2\PiLOT_sb_MSS_CM3_hw_platform\Debug\libPiLOT_sb_MSS_CM3_hw_platform.a(mss_gpio.o)
 .debug_frame   0x000023cc       0xf0 C:\Users\S-SPACE\Desktop\Pratik\Final_Year_Project\PiLOT_G2_Software\PiLOT_G2_IMG2\PiLOT_sb_MSS_CM3_hw_platform\Debug\libPiLOT_sb_MSS_CM3_hw_platform.a(core_timer.o)
 .debug_frame   0x000024bc      0x250 C:\Users\S-SPACE\Desktop\Pratik\Final_Year_Project\PiLOT_G2_Software\PiLOT_G2_IMG2\PiLOT_sb_MSS_CM3_hw_platform\Debug\libPiLOT_sb_MSS_CM3_hw_platform.a(core_spi.o)
 .debug_frame   0x0000270c      0x3e4 C:\Users\S-SPACE\Desktop\Pratik\Final_Year_Project\PiLOT_G2_Software\PiLOT_G2_IMG2\PiLOT_sb_MSS_CM3_hw_platform\Debug\libPiLOT_sb_MSS_CM3_hw_platform.a(core_i2c.o)
 .debug_frame   0x00002af0       0x88 C:\Users\S-SPACE\Desktop\Pratik\Final_Year_Project\PiLOT_G2_Software\PiLOT_G2_IMG2\PiLOT_sb_MSS_CM3_hw_platform\Debug\libPiLOT_sb_MSS_CM3_hw_platform.a(i2c_interrupt.o)
 .debug_frame   0x00002b78       0xd8 C:\Users\S-SPACE\Desktop\Pratik\Final_Year_Project\PiLOT_G2_Software\PiLOT_G2_IMG2\PiLOT_sb_MSS_CM3_hw_platform\Debug\libPiLOT_sb_MSS_CM3_hw_platform.a(system_m2sxxx.o)
 .debug_frame   0x00002c50      0x1dc C:\Users\S-SPACE\Desktop\Pratik\Final_Year_Project\PiLOT_G2_Software\PiLOT_G2_IMG2\PiLOT_sb_MSS_CM3_hw_platform\Debug\libPiLOT_sb_MSS_CM3_hw_platform.a(mss_comblk.o)
 .debug_frame   0x00002e2c       0x20 c:/program files (x86)/microsemi/softconsole v3.4/sourcery-g++/bin/../lib/gcc/arm-none-eabi/4.4.1/../../../../arm-none-eabi/lib/thumb2\libc.a(lib_a-errno.o)
 .debug_frame   0x00002e4c       0x2c c:/program files (x86)/microsemi/softconsole v3.4/sourcery-g++/bin/../lib/gcc/arm-none-eabi/4.4.1/../../../../arm-none-eabi/lib/thumb2\libc.a(lib_a-init.o)
 .debug_frame   0x00002e78       0x34 c:/program files (x86)/microsemi/softconsole v3.4/sourcery-g++/bin/../lib/gcc/arm-none-eabi/4.4.1/../../../../arm-none-eabi/lib/thumb2\libc.a(lib_a-memcpy.o)
 .debug_frame   0x00002eac       0x28 c:/program files (x86)/microsemi/softconsole v3.4/sourcery-g++/bin/../lib/gcc/arm-none-eabi/4.4.1/../../../../arm-none-eabi/lib/thumb2\libc.a(lib_a-memset.o)

.debug_str      0x00000000     0x5714
 *(.debug_str)
 .debug_str     0x00000000     0x118c ./P1.o
                               0x13a5 (size before relaxing)
 .debug_str     0x0000118c      0x28b ./P2.o
                               0x115e (size before relaxing)
 .debug_str     0x00001417     0x101b ./main.o
                               0x20e4 (size before relaxing)
 .debug_str     0x00002432       0x17 ./packet_definition.o
                                 0x91 (size before relaxing)
 .debug_str     0x00002449      0x107 ./cmds/cmd.o
                                0xec1 (size before relaxing)
 .debug_str     0x00002550       0x91 ./PIS/RS485_Controller.o
                                0xdc7 (size before relaxing)
 .debug_str     0x000025e1       0x8e ./PIS/VC_Sensor.o
                                0x4e9 (size before relaxing)
 .debug_str     0x0000266f       0x63 ./OBC/ADC.o
                                0x440 (size before relaxing)
 .debug_str     0x000026d2       0xf1 ./OBC/IMU.o
                                0x4f6 (size before relaxing)
 .debug_str     0x000027c3       0x69 ./OBC/SD.o
                                0xb8f (size before relaxing)
 .debug_str     0x0000282c       0x48 ./OBC/memory.o
                                0x1b8 (size before relaxing)
 .debug_str     0x00002874       0xa1 ./GMC/counter.o
                                0x6e2 (size before relaxing)
 .debug_str     0x00002915      0x352 ./Comms/adf7030.o
                                0xbe6 (size before relaxing)
 .debug_str     0x00002c67      0x25f C:/Users/S-SPACE/Desktop/Pratik/Final_Year_Project/PiLOT_G2_Software/PiLOT_G2_IMG2/PiLOT_sb_MSS_CM3_hw_platform/Debug/CMSIS/startup_gcc/newlib_stubs.o
                                0x34d (size before relaxing)
 .debug_str     0x00002ec6      0xa16 C:\Users\S-SPACE\Desktop\Pratik\Final_Year_Project\PiLOT_G2_Software\PiLOT_G2_IMG2\PiLOT_sb_MSS_CM3_hw_platform\Debug\libPiLOT_sb_MSS_CM3_hw_platform.a(mss_uart.o)
                               0x19b3 (size before relaxing)
 .debug_str     0x000038dc      0xa20 C:\Users\S-SPACE\Desktop\Pratik\Final_Year_Project\PiLOT_G2_Software\PiLOT_G2_IMG2\PiLOT_sb_MSS_CM3_hw_platform\Debug\libPiLOT_sb_MSS_CM3_hw_platform.a(mss_sys_services.o)
                               0x1324 (size before relaxing)
 .debug_str     0x000042fc      0x2f5 C:\Users\S-SPACE\Desktop\Pratik\Final_Year_Project\PiLOT_G2_Software\PiLOT_G2_IMG2\PiLOT_sb_MSS_CM3_hw_platform\Debug\libPiLOT_sb_MSS_CM3_hw_platform.a(mss_spi.o)
                               0x156c (size before relaxing)
 .debug_str     0x000045f1      0x45c C:\Users\S-SPACE\Desktop\Pratik\Final_Year_Project\PiLOT_G2_Software\PiLOT_G2_IMG2\PiLOT_sb_MSS_CM3_hw_platform\Debug\libPiLOT_sb_MSS_CM3_hw_platform.a(mss_nvm.o)
                                0xd25 (size before relaxing)