Archive member included because of file (symbol)

C:\Users\S-SPACE\Desktop\Pratik\Final_Year_Project\PiLOT_G2_Software\PiLOT_G2_IMG2\PiLOT_sb_MSS_CM3_hw_platform\Debug\libPiLOT_sb_MSS_CM3_hw_platform.a(hw_reg_access.o)
                              ./P1.o (HW_set_16bit_reg)
C:\Users\S-SPACE\Desktop\Pratik\Final_Year_Project\PiLOT_G2_Software\PiLOT_G2_IMG2\PiLOT_sb_MSS_CM3_hw_platform\Debug\libPiLOT_sb_MSS_CM3_hw_platform.a(mss_uart.o)
                              ./P1.o (g_mss_uart0)
C:\Users\S-SPACE\Desktop\Pratik\Final_Year_Project\PiLOT_G2_Software\PiLOT_G2_IMG2\PiLOT_sb_MSS_CM3_hw_platform\Debug\libPiLOT_sb_MSS_CM3_hw_platform.a(mss_sys_services.o)
                              ./cmds/cmd.o (MSS_SYS_initiate_iap)
C:\Users\S-SPACE\Desktop\Pratik\Final_Year_Project\PiLOT_G2_Software\PiLOT_G2_IMG2\PiLOT_sb_MSS_CM3_hw_platform\Debug\libPiLOT_sb_MSS_CM3_hw_platform.a(mss_spi.o)
                              ./cmds/cmd.o (g_mss_spi0)
C:\Users\S-SPACE\Desktop\Pratik\Final_Year_Project\PiLOT_G2_Software\PiLOT_G2_IMG2\PiLOT_sb_MSS_CM3_hw_platform\Debug\libPiLOT_sb_MSS_CM3_hw_platform.a(mss_gpio.o)
                              ./main.o (MSS_GPIO_init)
C:\Users\S-SPACE\Desktop\Pratik\Final_Year_Project\PiLOT_G2_Software\PiLOT_G2_IMG2\PiLOT_sb_MSS_CM3_hw_platform\Debug\libPiLOT_sb_MSS_CM3_hw_platform.a(core_timer.o)
                              ./main.o (TMR_init)
C:\Users\S-SPACE\Desktop\Pratik\Final_Year_Project\PiLOT_G2_Software\PiLOT_G2_IMG2\PiLOT_sb_MSS_CM3_hw_platform\Debug\libPiLOT_sb_MSS_CM3_hw_platform.a(core_spi.o)
                              ./Comms/adf7030.o (SPI_init)
C:\Users\S-SPACE\Desktop\Pratik\Final_Year_Project\PiLOT_G2_Software\PiLOT_G2_IMG2\PiLOT_sb_MSS_CM3_hw_platform\Debug\libPiLOT_sb_MSS_CM3_hw_platform.a(core_i2c.o)
                              ./P1.o (I2C_init)
C:\Users\S-SPACE\Desktop\Pratik\Final_Year_Project\PiLOT_G2_Software\PiLOT_G2_IMG2\PiLOT_sb_MSS_CM3_hw_platform\Debug\libPiLOT_sb_MSS_CM3_hw_platform.a(i2c_interrupt.o)
                              C:\Users\S-SPACE\Desktop\Pratik\Final_Year_Project\PiLOT_G2_Software\PiLOT_G2_IMG2\PiLOT_sb_MSS_CM3_hw_platform\Debug\libPiLOT_sb_MSS_CM3_hw_platform.a(core_i2c.o) (I2C_enable_irq)
C:\Users\S-SPACE\Desktop\Pratik\Final_Year_Project\PiLOT_G2_Software\PiLOT_G2_IMG2\PiLOT_sb_MSS_CM3_hw_platform\Debug\libPiLOT_sb_MSS_CM3_hw_platform.a(system_m2sxxx.o)
                              C:\Users\S-SPACE\Desktop\Pratik\Final_Year_Project\PiLOT_G2_Software\PiLOT_G2_IMG2\PiLOT_sb_MSS_CM3_hw_platform\Debug\libPiLOT_sb_MSS_CM3_hw_platform.a(mss_uart.o) (g_FrequencyPCLK0)
C:\Users\S-SPACE\Desktop\Pratik\Final_Year_Project\PiLOT_G2_Software\PiLOT_G2_IMG2\PiLOT_sb_MSS_CM3_hw_platform\Debug\libPiLOT_sb_MSS_CM3_hw_platform.a(hal.o)
                              C:\Users\S-SPACE\Desktop\Pratik\Final_Year_Project\PiLOT_G2_Software\PiLOT_G2_IMG2\PiLOT_sb_MSS_CM3_hw_platform\Debug\libPiLOT_sb_MSS_CM3_hw_platform.a(core_i2c.o) (HAL_disable_interrupts)
C:\Users\S-SPACE\Desktop\Pratik\Final_Year_Project\PiLOT_G2_Software\PiLOT_G2_IMG2\PiLOT_sb_MSS_CM3_hw_platform\Debug\libPiLOT_sb_MSS_CM3_hw_platform.a(mss_comblk.o)
                              C:\Users\S-SPACE\Desktop\Pratik\Final_Year_Project\PiLOT_G2_Software\PiLOT_G2_IMG2\PiLOT_sb_MSS_CM3_hw_platform\Debug\libPiLOT_sb_MSS_CM3_hw_platform.a(mss_sys_services.o) (MSS_COMBLK_init)
c:/program files (x86)/microsemi/softconsole v3.4/sourcery-g++/bin/../lib/gcc/arm-none-eabi/4.4.1/../../../../arm-none-eabi/lib/thumb2\libc.a(lib_a-errno.o)
                              C:/Users/S-SPACE/Desktop/Pratik/Final_Year_Project/PiLOT_G2_Software/PiLOT_G2_IMG2/PiLOT_sb_MSS_CM3_hw_platform/Debug/CMSIS/startup_gcc/newlib_stubs.o (__errno)
c:/program files (x86)/microsemi/softconsole v3.4/sourcery-g++/bin/../lib/gcc/arm-none-eabi/4.4.1/../../../../arm-none-eabi/lib/thumb2\libc.a(lib_a-impure.o)
                              c:/program files (x86)/microsemi/softconsole v3.4/sourcery-g++/bin/../lib/gcc/arm-none-eabi/4.4.1/../../../../arm-none-eabi/lib/thumb2\libc.a(lib_a-errno.o) (_impure_ptr)
c:/program files (x86)/microsemi/softconsole v3.4/sourcery-g++/bin/../lib/gcc/arm-none-eabi/4.4.1/../../../../arm-none-eabi/lib/thumb2\libc.a(lib_a-init.o)
                              C:/Users/S-SPACE/Desktop/Pratik/Final_Year_Project/PiLOT_G2_Software/PiLOT_G2_IMG2/PiLOT_sb_MSS_CM3_hw_platform/Debug/CMSIS/startup_gcc/startup_m2sxxx.o (__libc_init_array)
c:/program files (x86)/microsemi/softconsole v3.4/sourcery-g++/bin/../lib/gcc/arm-none-eabi/4.4.1/../../../../arm-none-eabi/lib/thumb2\libc.a(lib_a-memcpy.o)
                              C:\Users\S-SPACE\Desktop\Pratik\Final_Year_Project\PiLOT_G2_Software\PiLOT_G2_IMG2\PiLOT_sb_MSS_CM3_hw_platform\Debug\libPiLOT_sb_MSS_CM3_hw_platform.a(mss_sys_services.o) (memcpy)
c:/program files (x86)/microsemi/softconsole v3.4/sourcery-g++/bin/../lib/gcc/arm-none-eabi/4.4.1/../../../../arm-none-eabi/lib/thumb2\libc.a(lib_a-memset.o)
[...]
Memory Configuration

Name             Origin             Length             Attributes
rom              0x00000000         0x00040000         xr
ram              0x20000000         0x00010000         xrw
*default*        0x00000000         0xffffffff

Linker script and memory map

LOAD c:/program files (x86)/microsemi/softconsole v3.4/sourcery-g++/bin/../lib/gcc/arm-none-eabi/4.4.1/thumb2/crti.o
LOAD c:/program files (x86)/microsemi/softconsole v3.4/sourcery-g++/bin/../lib/gcc/arm-none-eabi/4.4.1/thumb2/crtbegin.o
LOAD ./P1.o
LOAD ./P2.o
LOAD ./main.o
LOAD ./packet_definition.o
LOAD ./cmds/cmd.o
LOAD ./PIS/RS485_Controller.o
LOAD ./PIS/VC_Sensor.o
LOAD ./OBC/ADC.o
LOAD ./OBC/IMU.o
LOAD ./OBC/SD.o
LOAD ./OBC/memory.o
LOAD ./GMC/counter.o
LOAD ./Comms/adf7030.o
LOAD C:/Users/S-SPACE/Desktop/Pratik/Final_Year_Project/PiLOT_G2_Software/PiLOT_G2_IMG2/PiLOT_sb_MSS_CM3_hw_platform/Debug/CMSIS/startup_gcc/startup_m2sxxx.o
LOAD C:/Users/S-SPACE/Desktop/Pratik/Final_Year_Project/PiLOT_G2_Software/PiLOT_G2_IMG2/PiLOT_sb_MSS_CM3_hw_platform/Debug/CMSIS/startup_gcc/newlib_stubs.o
LOAD C:\Users\S-SPACE\Desktop\Pratik\Final_Year_Project\PiLOT_G2_Software\PiLOT_G2_IMG2\PiLOT_sb_MSS_CM3_hw_platform\Debug\libPiLOT_sb_MSS_CM3_hw_platform.a
START GROUP
LOAD c:/program files (x86)/microsemi/softconsole v3.4/sourcery-g++/bin/../lib/gcc/arm-none-eabi/4.4.1/thumb2\libgcc.a
LOAD c:/program files (x86)/microsemi/softconsole v3.4/sourcery-g++/bin/../lib/gcc/arm-none-eabi/4.4.1/../../../../arm-none-eabi/lib/thumb2\libc.a
END GROUP
LOAD c:/program files (x86)/microsemi/softconsole v3.4/sourcery-g++/bin/../lib/gcc/arm-none-eabi/4.4.1/thumb2/crtend.o
LOAD c:/program files (x86)/microsemi/softconsole v3.4/sourcery-g++/bin/../lib/gcc/arm-none-eabi/4.4.1/thumb2/crtn.o
START GROUP
LOAD c:/program files (x86)/microsemi/softconsole v3.4/sourcery-g++/bin/../lib/gcc/arm-none-eabi/4.4.1/../../../../arm-none-eabi/lib/thumb2\libc.a
LOAD c:/program files (x86)/microsemi/softconsole v3.4/sourcery-g++/bin/../lib/gcc/arm-none-eabi/4.4.1/thumb2\libgcc.a
LOAD c:/program files (x86)/microsemi/softconsole v3.4/sourcery-g++/bin/../lib/gcc/arm-none-eabi/4.4.1/../../../../arm-none-eabi/lib/thumb2\libm.a
END GROUP
                0x00000000                __DYNAMIC = 0x0
                0x20000000                RAM_START_ADDRESS = 0x20000000
                0x00010000                RAM_SIZE = 0x10000
                0x00001000                MAIN_STACK_SIZE = 0x1000
                0x00001000                MIN_SIZE_HEAP = 0x1000
                0x20010000                PROVIDE (__main_stack_start, (RAM_START_ADDRESS + RAM_SIZE))
                0x2000f000                PROVIDE (__process_stack_start, (__main_stack_start - MAIN_STACK_SIZE))
                0x20010000                PROVIDE (_estack, __main_stack_start)
                0x00000000                PROVIDE (__mirrored_nvm, 0x0)
                0x00000000                PROVIDE (__smartfusion2_memory_remap, 0x0)

.vector_table   0x00000000      0x190
                0x00000000                __vector_table_load = LOADADDR (.vector_table)
                0x00000000                __vector_table_start = .
                0x00000000                __vector_table_vma_base_address = .
 *(.isr_vector)
 .isr_vector    0x00000000      0x190 C:/Users/S-SPACE/Desktop/Pratik/Final_Year_Project/PiLOT_G2_Software/PiLOT_G2_IMG2/PiLOT_sb_MSS_CM3_hw_platform/Debug/CMSIS/startup_gcc/startup_m2sxxx.o
                0x00000000                g_pfnVectors
                0x00000190                . = ALIGN (0x10)
                0x00000190                _evector_table = .

.boot_code      0x00000190      0x330
 *(.boot_code)
 .boot_code     0x00000190      0x330 C:/Users/S-SPACE/Desktop/Pratik/Final_Year_Project/PiLOT_G2_Software/PiLOT_G2_IMG2/PiLOT_sb_MSS_CM3_hw_platform/Debug/CMSIS/startup_gcc/startup_m2sxxx.o
                0x00000190                Reset_Handler
                0x0000037e                NMI_Handler
                0x00000380                HardFault_Handler
                0x00000382                MemManage_Handler
                0x00000384                BusFault_Handler
                0x00000386                UsageFault_Handler
                0x00000388                SVC_Handler
                0x0000038a                DebugMon_Handler
                0x0000038c                PendSV_Handler
                0x0000038e                SysTick_Handler
                0x00000390                WdogWakeup_IRQHandler
                0x00000392                RTC_Wakeup_IRQHandler
                0x00000398                I2C0_IRQHandler
                0x0000039a                I2C0_SMBAlert_IRQHandler
                0x0000039c                I2C0_SMBus_IRQHandler
                0x0000039e                I2C1_IRQHandler
                0x000003a0                I2C1_SMBAlert_IRQHandler
                0x000003a2                I2C1_SMBus_IRQHandler
                0x000003a8                EthernetMAC_IRQHandler
                0x000003aa                DMA_IRQHandler
                0x000003ac                Timer1_IRQHandler
                0x000003ae                Timer2_IRQHandler
                0x000003b0                CAN_IRQHandler
                0x000003b2                ENVM0_IRQHandler
                0x000003b4                ENVM1_IRQHandler
                0x000003b8                USB_IRQHandler
                0x000003ba                USB_DMA_IRQHandler
                0x000003bc                PLL_Lock_IRQHandler
                0x000003be                PLL_LockLost_IRQHandler
                0x000003c0                CommSwitchError_IRQHandler
                0x000003c2                CacheError_IRQHandler
                0x000003c4                DDR_IRQHandler
                0x000003c6                HPDMA_Complete_IRQHandler
                0x000003c8                HPDMA_Error_IRQHandler
                0x000003ca                ECC_Error_IRQHandler
                0x000003cc                MDDR_IOCalib_IRQHandler
                0x000003ce                FAB_PLL_Lock_IRQHandler
                0x000003d0                FAB_PLL_LockLost_IRQHandler
                0x000003d2                FIC64_IRQHandler
                0x000003e6                FabricIrq9_IRQHandler
                0x000003e8                FabricIrq10_IRQHandler
                0x000003ea                FabricIrq11_IRQHandler
                0x000003ec                FabricIrq12_IRQHandler
                0x000003ee                FabricIrq13_IRQHandler
                0x000003f0                FabricIrq14_IRQHandler
                0x000003f2                FabricIrq15_IRQHandler
                0x000003f4                GPIO0_IRQHandler
                0x000003f8                GPIO2_IRQHandler
                0x000003fc                GPIO4_IRQHandler
                0x000003fe                GPIO5_IRQHandler
                0x00000400                GPIO6_IRQHandler
                0x00000402                GPIO7_IRQHandler
                0x00000404                GPIO8_IRQHandler
                0x00000406                GPIO9_IRQHandler
                0x00000408                GPIO10_IRQHandler
                0x0000040a                GPIO11_IRQHandler
                0x0000040c                GPIO12_IRQHandler
                0x0000040e                GPIO13_IRQHandler
                0x00000410                GPIO14_IRQHandler
                0x00000412                GPIO15_IRQHandler
                0x00000414                GPIO16_IRQHandler
                0x00000416                GPIO17_IRQHandler
                0x00000418                GPIO18_IRQHandler
                0x0000041a                GPIO19_IRQHandler
                0x0000041c                GPIO20_IRQHandler
                0x0000041e                GPIO21_IRQHandler
                0x00000420                GPIO22_IRQHandler
                0x00000422                GPIO23_IRQHandler
                0x00000424                GPIO24_IRQHandler
                0x00000426                GPIO25_IRQHandler
                0x00000428                GPIO26_IRQHandler
                0x0000042a                GPIO27_IRQHandler
                0x0000042c                GPIO28_IRQHandler
                0x0000042e                GPIO29_IRQHandler
                0x00000430                GPIO30_IRQHandler
                0x00000432                GPIO31_IRQHandler
                0x00000434                mscc_post_hw_cfg_init
                0x000004c0                . = ALIGN (0x10)

.text           0x000004c0     0x67c0
 CREATE_OBJECT_SYMBOLS
                0x000004c0                __text_load = LOADADDR (.text)
                0x000004c0                __text_start = .
 *(.text .text.* .gnu.linkonce.t.*)
 .text          0x000004c0       0x30 c:/program files (x86)/microsemi/softconsole v3.4/sourcery-g++/bin/../lib/gcc/arm-none-eabi/4.4.1/thumb2/crtbegin.o
 .text.MSS_TIM64_get_current_value
                0x000004f0       0x30 ./P1.o
 .text.MSS_WD_current_value
                0x00000520       0x18 ./P1.o
 .text.store_pkt
                0x00000538       0x60 ./P1.o
                0x00000538                store_pkt
 .text.vGetPktStruct
                0x00000598       0xf8 ./P1.o
                0x00000598                vGetPktStruct
 .text.make_FLetcher
                0x00000690      0x138 ./P1.o
                0x00000690                make_FLetcher
 .text.get_hk   0x000007c8      0xb3c ./P1.o
                0x000007c8                get_hk
 .text.get_temp
                0x00001304      0x35c ./P1.o
                0x00001304                get_temp
 .text.get_sd_data
                0x00001660       0x34 ./P1.o
                0x00001660                get_sd_data
 .text.MSS_TIM64_get_current_value
                0x00001694       0x30 ./P2.o
 .text.get_gmc  0x000016c4      0x5cc ./P2.o
                0x000016c4                get_gmc
 .text.get_comms
                0x00001c90      0x5b8 ./P2.o
                0x00001c90                get_comms
 .text.MSS_TIM64_get_current_value
                0x00002248       0x30 ./main.o
 .text.form_log_packet
                0x00002278      0x210 ./main.o
                0x00002278                form_log_packet
 .text.HK_ISR   0x00002488      0x1d8 ./main.o
                0x00002488                HK_ISR
 .text.GMC_ISR  0x00002660      0x1d8 ./main.o
                0x00002660                GMC_ISR
 .text.COMMS_ISR
                0x00002838      0x1d8 ./main.o
                0x00002838                COMMS_ISR
 .text.THER_ISR
                0x00002a10      0x1d8 ./main.o
                0x00002a10                THER_ISR
 .text.SD_ISR   0x00002be8       0x40 ./main.o
                0x00002be8                SD_ISR
 .text.get_cmd  0x00002c28       0xc4 ./main.o
                0x00002c28                get_cmd
 .text.main     0x00002cec       0x50 ./main.o
                0x00002cec                main
 .text.FabricIrq0_IRQHandler
                0x00002d3c       0x14 ./main.o
                0x00002d3c                FabricIrq0_IRQHandler
 .text.FabricIrq1_IRQHandler
                0x00002d50       0x14 ./main.o
                0x00002d50                FabricIrq1_IRQHandler
 .text.FabricIrq2_IRQHandler
                0x00002d64       0x14 ./main.o
                0x00002d64                FabricIrq2_IRQHandler
 .text.FabricIrq3_IRQHandler
                0x00002d78       0x14 ./main.o
                0x00002d78                FabricIrq3_IRQHandler
 .text.FabricIrq4_IRQHandler
                0x00002d8c        0xc ./main.o
                0x00002d8c                FabricIrq4_IRQHandler
 .text.FabricIrq5_IRQHandler
                0x00002d98        0xc ./main.o
                0x00002d98                FabricIrq5_IRQHandler
 .text.FabricIrq6_IRQHandler
                0x00002da4        0xc ./main.o
                0x00002da4                FabricIrq6_IRQHandler
 .text.FabricIrq7_IRQHandler
                0x00002db0        0xc ./main.o
                0x00002db0                FabricIrq7_IRQHandler
 .text.FabricIrq8_IRQHandler
                0x00002dbc        0xc ./main.o
                0x00002dbc                FabricIrq8_IRQHandler
 .text.cmd_valid
                0x00002dc8       0x3c ./cmds/cmd.o
                0x00002dc8                cmd_valid
 .text.cmd_engine
                0x00002e04       0x50 ./cmds/cmd.o
                0x00002e04                cmd_engine
 .text.GPIO1_IRQHandler
                0x00002e54       0x58 ./PIS/RS485_Controller.o
                0x00002e54                GPIO1_IRQHandler
 .text.GPIO3_IRQHandler
                0x00002eac       0x64 ./PIS/RS485_Controller.o
                0x00002eac                GPIO3_IRQHandler
 .text.get_time_vector
                0x00002f10       0x40 ./PIS/RS485_Controller.o
                0x00002f10                get_time_vector
 .text.vc_write
                0x00002f50       0xa4 ./PIS/VC_Sensor.o
                0x00002f50                vc_write
 .text.vc_read  0x00002ff4       0xa4 ./PIS/VC_Sensor.o
                0x00002ff4                vc_read
 .text.vc_read_reg
                0x00003098       0x5c ./PIS/VC_Sensor.o
                0x00003098                vc_read_reg
 .text.read_bus_voltage
                0x000030f4       0xc0 ./PIS/VC_Sensor.o
                0x000030f4                read_bus_voltage
 .text.read_shunt_voltage
                0x000031b4       0xc4 ./PIS/VC_Sensor.o
                0x000031b4                read_shunt_voltage
 .text.get_ADC_value
                0x00003278       0xa0 ./OBC/ADC.o
                0x00003278                get_ADC_value
 .text.SD_Write
                0x00003318      0x23c ./OBC/SD.o
                0x00003318                SD_Write
 .text.SD_Read  0x00003554      0x1bc ./OBC/SD.o
                0x00003554                SD_Read
 .text.store_data
                0x00003710       0x5c ./OBC/memory.o
                0x00003710                store_data
 .text.read_data
                0x0000376c       0x5c ./OBC/memory.o
                0x0000376c                read_data
 .text.get_count
                0x000037c8       0x54 ./GMC/counter.o
                0x000037c8                get_count
 .text.get_free_res
                0x0000381c       0x8c ./GMC/counter.o
                0x0000381c                get_free_res
 .text.get_gmc_voltages
                0x000038a8       0x80 ./GMC/counter.o
                0x000038a8                get_gmc_voltages
 .text.adf_read_from_memory
                0x00003928       0x98 ./Comms/adf7030.o
                0x00003928                adf_read_from_memory
 .text.adf_spi_trans_read
                0x000039c0       0x68 ./Comms/adf7030.o
                0x000039c0                adf_spi_trans_read
 .text.adf_get_state
                0x00003a28       0x9c ./Comms/adf7030.o
                0x00003a28                adf_get_state
 .text.get_rssi_data
                0x00003ac4       0x94 ./Comms/adf7030.o
                0x00003ac4                get_rssi_data
 .text.get_preamble_pkt
                0x00003b58       0x30 ./Comms/adf7030.o
                0x00003b58                get_preamble_pkt
 .text.get_sync_word
                0x00003b88       0x50 ./Comms/adf7030.o
                0x00003b88                get_sync_word
 .text.get_freq
                0x00003bd8       0x50 ./Comms/adf7030.o
                0x00003bd8                get_freq
 .text          0x00003c28       0x90 C:\Users\S-SPACE\Desktop\Pratik\Final_Year_Project\PiLOT_G2_Software\PiLOT_G2_IMG2\PiLOT_sb_MSS_CM3_hw_platform\Debug\libPiLOT_sb_MSS_CM3_hw_platform.a(hw_reg_access.o)
                0x00003c28                HW_set_32bit_reg
                0x00003c2c                HW_get_32bit_reg
                0x00003c30                HW_set_32bit_reg_field
                0x00003c4c                HW_get_32bit_reg_field
                0x00003c58                HW_set_16bit_reg
                0x00003c5c                HW_get_16bit_reg
                0x00003c60                HW_set_16bit_reg_field
                0x00003c7c                HW_get_16bit_reg_field
                0x00003c88                HW_set_8bit_reg
                0x00003c8c                HW_get_8bit_reg
                0x00003c90                HW_set_8bit_reg_field
                0x00003cac                HW_get_8bit_reg_field
 .text.read_bit_reg8
                0x00003cb8       0x40 C:\Users\S-SPACE\Desktop\Pratik\Final_Year_Project\PiLOT_G2_Software\PiLOT_G2_IMG2\PiLOT_sb_MSS_CM3_hw_platform\Debug\libPiLOT_sb_MSS_CM3_hw_platform.a(mss_uart.o)
 .text.MSS_UART_polled_tx
                0x00003cf8       0xe4 C:\Users\S-SPACE\Desktop\Pratik\Final_Year_Project\PiLOT_G2_Software\PiLOT_G2_IMG2\PiLOT_sb_MSS_CM3_hw_platform\Debug\libPiLOT_sb_MSS_CM3_hw_platform.a(mss_uart.o)
                0x00003cf8                MSS_UART_polled_tx
 .text.UART0_IRQHandler
                0x00003ddc       0x24 C:\Users\S-SPACE\Desktop\Pratik\Final_Year_Project\PiLOT_G2_Software\PiLOT_G2_IMG2\PiLOT_sb_MSS_CM3_hw_platform\Debug\libPiLOT_sb_MSS_CM3_hw_platform.a(mss_uart.o)
                0x00003ddc                UART0_IRQHandler
 .text.UART1_IRQHandler
                0x00003e00       0x24 C:\Users\S-SPACE\Desktop\Pratik\Final_Year_Project\PiLOT_G2_Software\PiLOT_G2_IMG2\PiLOT_sb_MSS_CM3_hw_platform\Debug\libPiLOT_sb_MSS_CM3_hw_platform.a(mss_uart.o)
                0x00003e00                UART1_IRQHandler
 .text.MSS_UART_isr
                0x00003e24      0x22c C:\Users\S-SPACE\Desktop\Pratik\Final_Year_Project\PiLOT_G2_Software\PiLOT_G2_IMG2\PiLOT_sb_MSS_CM3_hw_platform\Debug\libPiLOT_sb_MSS_CM3_hw_platform.a(mss_uart.o)
 .text.NVIC_EnableIRQ
                0x00004050       0x38 C:\Users\S-SPACE\Desktop\Pratik\Final_Year_Project\PiLOT_G2_Software\PiLOT_G2_IMG2\PiLOT_sb_MSS_CM3_hw_platform\Debug\libPiLOT_sb_MSS_CM3_hw_platform.a(mss_spi.o)
 .text.NVIC_DisableIRQ
                0x00004088       0x3c C:\Users\S-SPACE\Desktop\Pratik\Final_Year_Project\PiLOT_G2_Software\PiLOT_G2_IMG2\PiLOT_sb_MSS_CM3_hw_platform\Debug\libPiLOT_sb_MSS_CM3_hw_platform.a(mss_spi.o)
 .text.NVIC_ClearPendingIRQ
                0x000040c4       0x3c C:\Users\S-SPACE\Desktop\Pratik\Final_Year_Project\PiLOT_G2_Software\PiLOT_G2_IMG2\PiLOT_sb_MSS_CM3_hw_platform\Debug\libPiLOT_sb_MSS_CM3_hw_platform.a(mss_spi.o)
 .text.recover_from_rx_overflow
                0x00004100      0x160 C:\Users\S-SPACE\Desktop\Pratik\Final_Year_Project\PiLOT_G2_Software\PiLOT_G2_IMG2\PiLOT_sb_MSS_CM3_hw_platform\Debug\libPiLOT_sb_MSS_CM3_hw_platform.a(mss_spi.o)
 .text.MSS_SPI_set_slave_select
                0x00004260      0x108 C:\Users\S-SPACE\Desktop\Pratik\Final_Year_Project\PiLOT_G2_Software\PiLOT_G2_IMG2\PiLOT_sb_MSS_CM3_hw_platform\Debug\libPiLOT_sb_MSS_CM3_hw_platform.a(mss_spi.o)
                0x00004260                MSS_SPI_set_slave_select
 .text.MSS_SPI_clear_slave_select
                0x00004368       0x90 C:\Users\S-SPACE\Desktop\Pratik\Final_Year_Project\PiLOT_G2_Software\PiLOT_G2_IMG2\PiLOT_sb_MSS_CM3_hw_platform\Debug\libPiLOT_sb_MSS_CM3_hw_platform.a(mss_spi.o)
                0x00004368                MSS_SPI_clear_slave_select
 .text.MSS_SPI_transfer_frame
                0x000043f8       0xc0 C:\Users\S-SPACE\Desktop\Pratik\Final_Year_Project\PiLOT_G2_Software\PiLOT_G2_IMG2\PiLOT_sb_MSS_CM3_hw_platform\Debug\libPiLOT_sb_MSS_CM3_hw_platform.a(mss_spi.o)
                0x000043f8                MSS_SPI_transfer_frame
 .text.MSS_SPI_transfer_block
                0x000044b8      0x228 C:\Users\S-SPACE\Desktop\Pratik\Final_Year_Project\PiLOT_G2_Software\PiLOT_G2_IMG2\PiLOT_sb_MSS_CM3_hw_platform\Debug\libPiLOT_sb_MSS_CM3_hw_platform.a(mss_spi.o)
                0x000044b8                MSS_SPI_transfer_block
 .text.fill_slave_tx_fifo
                0x000046e0       0xe0 C:\Users\S-SPACE\Desktop\Pratik\Final_Year_Project\PiLOT_G2_Software\PiLOT_G2_IMG2\PiLOT_sb_MSS_CM3_hw_platform\Debug\libPiLOT_sb_MSS_CM3_hw_platform.a(mss_spi.o)
 .text.read_slave_rx_fifo
                0x000047c0       0xac C:\Users\S-SPACE\Desktop\Pratik\Final_Year_Project\PiLOT_G2_Software\PiLOT_G2_IMG2\PiLOT_sb_MSS_CM3_hw_platform\Debug\libPiLOT_sb_MSS_CM3_hw_platform.a(mss_spi.o)
 .text.mss_spi_isr
                0x0000486c      0x2b0 C:\Users\S-SPACE\Desktop\Pratik\Final_Year_Project\PiLOT_G2_Software\PiLOT_G2_IMG2\PiLOT_sb_MSS_CM3_hw_platform\Debug\libPiLOT_sb_MSS_CM3_hw_platform.a(mss_spi.o)
 .text.SPI0_IRQHandler
                0x00004b1c       0x24 C:\Users\S-SPACE\Desktop\Pratik\Final_Year_Project\PiLOT_G2_Software\PiLOT_G2_IMG2\PiLOT_sb_MSS_CM3_hw_platform\Debug\libPiLOT_sb_MSS_CM3_hw_platform.a(mss_spi.o)
                0x00004b1c                SPI0_IRQHandler
 .text.SPI1_IRQHandler
                0x00004b40       0x24 C:\Users\S-SPACE\Desktop\Pratik\Final_Year_Project\PiLOT_G2_Software\PiLOT_G2_IMG2\PiLOT_sb_MSS_CM3_hw_platform\Debug\libPiLOT_sb_MSS_CM3_hw_platform.a(mss_spi.o)
                0x00004b40                SPI1_IRQHandler
 .text.NVIC_DisableIRQ
                0x00004b64       0x3c C:\Users\S-SPACE\Desktop\Pratik\Final_Year_Project\PiLOT_G2_Software\PiLOT_G2_IMG2\PiLOT_sb_MSS_CM3_hw_platform\Debug\libPiLOT_sb_MSS_CM3_hw_platform.a(mss_gpio.o)
 .text.NVIC_ClearPendingIRQ
                0x00004ba0       0x3c C:\Users\S-SPACE\Desktop\Pratik\Final_Year_Project\PiLOT_G2_Software\PiLOT_G2_IMG2\PiLOT_sb_MSS_CM3_hw_platform\Debug\libPiLOT_sb_MSS_CM3_hw_platform.a(mss_gpio.o)
 .text.MSS_GPIO_init
                0x00004bdc       0xac C:\Users\S-SPACE\Desktop\Pratik\Final_Year_Project\PiLOT_G2_Software\PiLOT_G2_IMG2\PiLOT_sb_MSS_CM3_hw_platform\Debug\libPiLOT_sb_MSS_CM3_hw_platform.a(mss_gpio.o)
                0x00004bdc                MSS_GPIO_init
 .text.MSS_GPIO_config
                0x00004c88       0x3c C:\Users\S-SPACE\Desktop\Pratik\Final_Year_Project\PiLOT_G2_Software\PiLOT_G2_IMG2\PiLOT_sb_MSS_CM3_hw_platform\Debug\libPiLOT_sb_MSS_CM3_hw_platform.a(mss_gpio.o)
                0x00004c88                MSS_GPIO_config
 .text.MSS_GPIO_set_output
                0x00004cc4       0x70 C:\Users\S-SPACE\Desktop\Pratik\Final_Year_Project\PiLOT_G2_Software\PiLOT_G2_IMG2\PiLOT_sb_MSS_CM3_hw_platform\Debug\libPiLOT_sb_MSS_CM3_hw_platform.a(mss_gpio.o)
                0x00004cc4                MSS_GPIO_set_output
 .text.MSS_GPIO_clear_irq
                0x00004d34       0x40 C:\Users\S-SPACE\Desktop\Pratik\Final_Year_Project\PiLOT_G2_Software\PiLOT_G2_IMG2\PiLOT_sb_MSS_CM3_hw_platform\Debug\libPiLOT_sb_MSS_CM3_hw_platform.a(mss_gpio.o)
                0x00004d34                MSS_GPIO_clear_irq
 .text.TMR_clear_int
                0x00004d74       0x34 C:\Users\S-SPACE\Desktop\Pratik\Final_Year_Project\PiLOT_G2_Software\PiLOT_G2_IMG2\PiLOT_sb_MSS_CM3_hw_platform\Debug\libPiLOT_sb_MSS_CM3_hw_platform.a(core_timer.o)
                0x00004d74                TMR_clear_int
 .text.SPI_set_slave_select
                0x00004da8       0xa8 C:\Users\S-SPACE\Desktop\Pratik\Final_Year_Project\PiLOT_G2_Software\PiLOT_G2_IMG2\PiLOT_sb_MSS_CM3_hw_platform\Debug\libPiLOT_sb_MSS_CM3_hw_platform.a(core_spi.o)
                0x00004da8                SPI_set_slave_select
 .text.SPI_clear_slave_select
                0x00004e50       0xac C:\Users\S-SPACE\Desktop\Pratik\Final_Year_Project\PiLOT_G2_Software\PiLOT_G2_IMG2\PiLOT_sb_MSS_CM3_hw_platform\Debug\libPiLOT_sb_MSS_CM3_hw_platform.a(core_spi.o)
                0x00004e50                SPI_clear_slave_select
 .text.SPI_transfer_block
                0x00004efc      0x400 C:\Users\S-SPACE\Desktop\Pratik\Final_Year_Project\PiLOT_G2_Software\PiLOT_G2_IMG2\PiLOT_sb_MSS_CM3_hw_platform\Debug\libPiLOT_sb_MSS_CM3_hw_platform.a(core_spi.o)
                0x00004efc                SPI_transfer_block
 .text.recover_from_rx_overflow
                0x000052fc       0x60 C:\Users\S-SPACE\Desktop\Pratik\Final_Year_Project\PiLOT_G2_Software\PiLOT_G2_IMG2\PiLOT_sb_MSS_CM3_hw_platform\Debug\libPiLOT_sb_MSS_CM3_hw_platform.a(core_spi.o)
 .text.I2C_write
                0x0000535c       0xe4 C:\Users\S-SPACE\Desktop\Pratik\Final_Year_Project\PiLOT_G2_Software\PiLOT_G2_IMG2\PiLOT_sb_MSS_CM3_hw_platform\Debug\libPiLOT_sb_MSS_CM3_hw_platform.a(core_i2c.o)
                0x0000535c                I2C_write
 .text.I2C_read
                0x00005440       0xe4 C:\Users\S-SPACE\Desktop\Pratik\Final_Year_Project\PiLOT_G2_Software\PiLOT_G2_IMG2\PiLOT_sb_MSS_CM3_hw_platform\Debug\libPiLOT_sb_MSS_CM3_hw_platform.a(core_i2c.o)
                0x00005440                I2C_read
 .text.I2C_write_read
                0x00005524      0x130 C:\Users\S-SPACE\Desktop\Pratik\Final_Year_Project\PiLOT_G2_Software\PiLOT_G2_IMG2\PiLOT_sb_MSS_CM3_hw_platform\Debug\libPiLOT_sb_MSS_CM3_hw_platform.a(core_i2c.o)
                0x00005524                I2C_write_read
 .text.I2C_wait_complete
                0x00005654       0x38 C:\Users\S-SPACE\Desktop\Pratik\Final_Year_Project\PiLOT_G2_Software\PiLOT_G2_IMG2\PiLOT_sb_MSS_CM3_hw_platform\Debug\libPiLOT_sb_MSS_CM3_hw_platform.a(core_i2c.o)
                0x00005654                I2C_wait_complete
 .text.enable_slave_if_required
                0x0000568c       0x30 C:\Users\S-SPACE\Desktop\Pratik\Final_Year_Project\PiLOT_G2_Software\PiLOT_G2_IMG2\PiLOT_sb_MSS_CM3_hw_platform\Debug\libPiLOT_sb_MSS_CM3_hw_platform.a(core_i2c.o)
 .text.I2C_isr  0x000056bc      0xa94 C:\Users\S-SPACE\Desktop\Pratik\Final_Year_Project\PiLOT_G2_Software\PiLOT_G2_IMG2\PiLOT_sb_MSS_CM3_hw_platform\Debug\libPiLOT_sb_MSS_CM3_hw_platform.a(core_i2c.o)
                0x000056bc                I2C_isr
 .text.NVIC_EnableIRQ
                0x00006150       0x38 C:\Users\S-SPACE\Desktop\Pratik\Final_Year_Project\PiLOT_G2_Software\PiLOT_G2_IMG2\PiLOT_sb_MSS_CM3_hw_platform\Debug\libPiLOT_sb_MSS_CM3_hw_platform.a(i2c_interrupt.o)
 .text.NVIC_DisableIRQ
                0x00006188       0x3c C:\Users\S-SPACE\Desktop\Pratik\Final_Year_Project\PiLOT_G2_Software\PiLOT_G2_IMG2\PiLOT_sb_MSS_CM3_hw_platform\Debug\libPiLOT_sb_MSS_CM3_hw_platform.a(i2c_interrupt.o)
 .text.I2C_enable_irq
                0x000061c4       0x94 C:\Users\S-SPACE\Desktop\Pratik\Final_Year_Project\PiLOT_G2_Software\PiLOT_G2_IMG2\PiLOT_sb_MSS_CM3_hw_platform\Debug\libPiLOT_sb_MSS_CM3_hw_platform.a(i2c_interrupt.o)
                0x000061c4                I2C_enable_irq
 .text.I2C_disable_irq
                0x00006258       0x94 C:\Users\S-SPACE\Desktop\Pratik\Final_Year_Project\PiLOT_G2_Software\PiLOT_G2_IMG2\PiLOT_sb_MSS_CM3_hw_platform\Debug\libPiLOT_sb_MSS_CM3_hw_platform.a(i2c_interrupt.o)
                0x00006258                I2C_disable_irq
 .text.SystemInit
                0x000062ec       0x28 C:\Users\S-SPACE\Desktop\Pratik\Final_Year_Project\PiLOT_G2_Software\PiLOT_G2_IMG2\PiLOT_sb_MSS_CM3_hw_platform\Debug\libPiLOT_sb_MSS_CM3_hw_platform.a(system_m2sxxx.o)
                0x000062ec                SystemInit
 .text.get_silicon_revision
                0x00006314       0x50 C:\Users\S-SPACE\Desktop\Pratik\Final_Year_Project\PiLOT_G2_Software\PiLOT_G2_IMG2\PiLOT_sb_MSS_CM3_hw_platform\Debug\libPiLOT_sb_MSS_CM3_hw_platform.a(system_m2sxxx.o)
 .text.silicon_workarounds
                0x00006364       0x20 C:\Users\S-SPACE\Desktop\Pratik\Final_Year_Project\PiLOT_G2_Software\PiLOT_G2_IMG2\PiLOT_sb_MSS_CM3_hw_platform\Debug\libPiLOT_sb_MSS_CM3_hw_platform.a(system_m2sxxx.o)
 .text.m2s050_rev_a_workarounds
                0x00006384       0x44 C:\Users\S-SPACE\Desktop\Pratik\Final_Year_Project\PiLOT_G2_Software\PiLOT_G2_IMG2\PiLOT_sb_MSS_CM3_hw_platform\Debug\libPiLOT_sb_MSS_CM3_hw_platform.a(system_m2sxxx.o)
 .text          0x000063c8        0xe C:\Users\S-SPACE\Desktop\Pratik\Final_Year_Project\PiLOT_G2_Software\PiLOT_G2_IMG2\PiLOT_sb_MSS_CM3_hw_platform\Debug\libPiLOT_sb_MSS_CM3_hw_platform.a(hal.o)
                0x000063c8                HAL_disable_interrupts
                0x000063d0                HAL_restore_interrupts
 *fill*         0x000063d6        0x2 00
 .text.ComBlk_IRQHandler
                0x000063d8       0x54 C:\Users\S-SPACE\Desktop\Pratik\Final_Year_Project\PiLOT_G2_Software\PiLOT_G2_IMG2\PiLOT_sb_MSS_CM3_hw_platform\Debug\libPiLOT_sb_MSS_CM3_hw_platform.a(mss_comblk.o)
                0x000063d8                ComBlk_IRQHandler
 .text.handle_tx_okay_irq
                0x0000642c      0x2c4 C:\Users\S-SPACE\Desktop\Pratik\Final_Year_Project\PiLOT_G2_Software\PiLOT_G2_IMG2\PiLOT_sb_MSS_CM3_hw_platform\Debug\libPiLOT_sb_MSS_CM3_hw_platform.a(mss_comblk.o)
 .text.handle_rx_okay_irq
                0x000066f0      0x2f8 C:\Users\S-SPACE\Desktop\Pratik\Final_Year_Project\PiLOT_G2_Software\PiLOT_G2_IMG2\PiLOT_sb_MSS_CM3_hw_platform\Debug\libPiLOT_sb_MSS_CM3_hw_platform.a(mss_comblk.o)
 .text.complete_request
                0x000069e8       0x58 C:\Users\S-SPACE\Desktop\Pratik\Final_Year_Project\PiLOT_G2_Software\PiLOT_G2_IMG2\PiLOT_sb_MSS_CM3_hw_platform\Debug\libPiLOT_sb_MSS_CM3_hw_platform.a(mss_comblk.o)
 .text.abort_current_cmd
                0x00006a40       0x60 C:\Users\S-SPACE\Desktop\Pratik\Final_Year_Project\PiLOT_G2_Software\PiLOT_G2_IMG2\PiLOT_sb_MSS_CM3_hw_platform\Debug\libPiLOT_sb_MSS_CM3_hw_platform.a(mss_comblk.o)
 .text.fill_tx_fifo
                0x00006aa0       0x80 C:\Users\S-SPACE\Desktop\Pratik\Final_Year_Project\PiLOT_G2_Software\PiLOT_G2_IMG2\PiLOT_sb_MSS_CM3_hw_platform\Debug\libPiLOT_sb_MSS_CM3_hw_platform.a(mss_comblk.o)
 .text.process_sys_ctrl_command
                0x00006b20       0x30 C:\Users\S-SPACE\Desktop\Pratik\Final_Year_Project\PiLOT_G2_Software\PiLOT_G2_IMG2\PiLOT_sb_MSS_CM3_hw_platform\Debug\libPiLOT_sb_MSS_CM3_hw_platform.a(mss_comblk.o)
 .text          0x00006b50       0x50 c:/program files (x86)/microsemi/softconsole v3.4/sourcery-g++/bin/../lib/gcc/arm-none-eabi/4.4.1/../../../../arm-none-eabi/lib/thumb2\libc.a(lib_a-init.o)
                0x00006b50                __libc_init_array
 *(.plt)
 *(.gnu.warning)
 *(.glue_7t)
 .glue_7t       0x00000000        0x0 linker stubs
 *(.glue_7)
 .glue_7        0x00000000        0x0 linker stubs
 *(.vfp11_veneer)
 .vfp11_veneer  0x00000000        0x0 linker stubs
                0x00006ba0                . = ALIGN (0x4)
 *crtbegin.o(.ctors)
 *(EXCLUDE_FILE(*crtend.o) .ctors)
 *(SORT(.ctors.*))
 *crtend.o(.ctors)
 *crtbegin.o(.dtors)
 *(EXCLUDE_FILE(*crtend.o) .dtors)
 *(SORT(.dtors.*))
 *crtend.o(.dtors)
 *(.rodata .rodata.* .gnu.linkonce.r.*)
 .rodata        0x00006ba0       0x14 ./P1.o
 .rodata.g_config_reg_lut
                0x00006bb4       0x80 C:\Users\S-SPACE\Desktop\Pratik\Final_Year_Project\PiLOT_G2_Software\PiLOT_G2_IMG2\PiLOT_sb_MSS_CM3_hw_platform\Debug\libPiLOT_sb_MSS_CM3_hw_platform.a(mss_gpio.o)
 .rodata.g_gpio_irqn_lut
                0x00006c34       0x20 C:\Users\S-SPACE\Desktop\Pratik\Final_Year_Project\PiLOT_G2_Software\PiLOT_G2_IMG2\PiLOT_sb_MSS_CM3_hw_platform\Debug\libPiLOT_sb_MSS_CM3_hw_platform.a(mss_gpio.o)
 *(.ARM.extab* .gnu.linkonce.armextab.*)
 *(.gcc_except_table)
 *(.eh_frame_hdr)
 *(.eh_frame)
 *(.vector_table)
 *(.init)
 .init          0x00006c54        0x4 c:/program files (x86)/microsemi/softconsole v3.4/sourcery-g++/bin/../lib/gcc/arm-none-eabi/4.4.1/thumb2/crti.o
                0x00006c54                _init
 .init          0x00006c58        0x8 c:/program files (x86)/microsemi/softconsole v3.4/sourcery-g++/bin/../lib/gcc/arm-none-eabi/4.4.1/thumb2/crtn.o
 *(.fini)
 .fini          0x00006c60        0x4 c:/program files (x86)/microsemi/softconsole v3.4/sourcery-g++/bin/../lib/gcc/arm-none-eabi/4.4.1/thumb2/crti.o
                0x00006c60                _fini
 .fini          0x00006c64        0x8 c:/program files (x86)/microsemi/softconsole v3.4/sourcery-g++/bin/../lib/gcc/arm-none-eabi/4.4.1/thumb2/crtn.o
                0x00006c6c                PROVIDE (__preinit_array_start, .)
 *(.preinit_array)
                0x00006c6c                PROVIDE (__preinit_array_end, .)
                0x00006c6c                PROVIDE (__init_array_start, .)
 *(SORT(.init_array.*))
 *(.init_array)
 .init_array    0x00006c6c        0x4 c:/program files (x86)/microsemi/softconsole v3.4/sourcery-g++/bin/../lib/gcc/arm-none-eabi/4.4.1/thumb2/crtbegin.o
                0x00006c70                PROVIDE (__init_array_end, .)
                0x00006c70                PROVIDE (__fini_array_start, .)
 *(.fini_array)
 .fini_array    0x00006c70        0x4 c:/program files (x86)/microsemi/softconsole v3.4/sourcery-g++/bin/../lib/gcc/arm-none-eabi/4.4.1/thumb2/crtbegin.o
 *(SORT(.fini_array.*))
                0x00006c74                PROVIDE (__fini_array_end, .)
                0x00006c80                . = ALIGN (0x10)
 *fill*         0x00006c74        0xc 00
                0x00006c80                __exidx_start = .

.v4_bx          0x00006c80        0x0
 .v4_bx         0x00000000        0x0 linker stubs

.ARM.exidx
 *(.ARM.exidx* .gnu.linkonce.armexidx.*)
                0x00006c80                __exidx_end = .
                0x00006c80                _etext = .

.data           0x20000000       0x10 load address 0x00006c80
                0x00006c80                __data_load = LOADADDR (.data)
                0x00006c80                _sidata = LOADADDR (.data)
                0x20000000                __data_start = .
                0x20000000                _sdata = .
 *(.jcr)
 .jcr           0x20000000        0x0 c:/program files (x86)/microsemi/softconsole v3.4/sourcery-g++/bin/../lib/gcc/arm-none-eabi/4.4.1/thumb2/crtbegin.o
 .jcr           0x20000000        0x4 c:/program files (x86)/microsemi/softconsole v3.4/sourcery-g++/bin/../lib/gcc/arm-none-eabi/4.4.1/thumb2/crtend.o
 *(.got.plt)
 *(.got)
 *(.shdata)
 *(.data .data.* .gnu.linkonce.d.*)
 .data.IMG_ID   0x20000004        0x1 ./main.o
                0x20000004                IMG_ID
 .data.rx_size  0x20000005        0x1 ./GMC/counter.o
                0x20000005                rx_size
                0x20000010                . = ALIGN (0x10)
 *fill*         0x20000006        0xa 00
                0x20000010                _edata = .

.bss            0x20000010     0x12a0 load address 0x00006c90
                0x20000010                __bss_start__ = .
                0x20000010                _sbss = .
 *(.shbss)
 *(.bss .bss.* .gnu.linkonce.b.*)
 .bss           0x20000010        0x1 c:/program files (x86)/microsemi/softconsole v3.4/sourcery-g++/bin/../lib/gcc/arm-none-eabi/4.4.1/thumb2/crtbegin.o
 *fill*         0x20000011        0x1 00
 .bss.hk_seq_num
                0x20000012        0x2 ./P1.o
                0x20000012                hk_seq_num
 .bss.temp_seq_num
                0x20000014        0x2 ./P1.o
                0x20000014                temp_seq_num
 .bss.latest_codeword
                0x20000016        0x1 ./P1.o
                0x20000016                latest_codeword
 .bss.active_blck
                0x20000017        0x1 ./P1.o
                0x20000017                active_blck
 .bss.wri_ptr   0x20000018        0x1 ./P1.o
                0x20000018                wri_ptr
 .bss.store_in_sd_card
                0x20000019        0x1 ./P1.o
                0x20000019                store_in_sd_card
 .bss.cmd_cntr  0x2000001a        0x1 ./P1.o
                0x2000001a                cmd_cntr
 .bss.sd_dump_comms
                0x2000001b        0x1 ./P2.o
                0x2000001b                sd_dump_comms
 .bss.sd_dump_gmc
                0x2000001c        0x1 ./P2.o
                0x2000001c                sd_dump_gmc
 *fill*         0x2000001d        0x1 00
 .bss.comms_seq_num
                0x2000001e        0x2 ./P2.o
                0x2000001e                comms_seq_num
 .bss.gmc_seq_num
                0x20000020        0x2 ./P2.o
                0x20000020                gmc_seq_num
 *fill*         0x20000022        0x2 00
 .bss.cmd_adf_read_addr
                0x20000024        0x4 ./P2.o
                0x20000024                cmd_adf_read_addr
 .bss.cmd_adf_read_No_double_words
                0x20000028        0x1 ./P2.o
                0x20000028                cmd_adf_read_No_double_words
 .bss.cmd_rx_count
                0x20000029        0x1 ./main.o
                0x20000029                cmd_rx_count
 .bss.cmd_succ_count
                0x2000002a        0x1 ./main.o
                0x2000002a                cmd_succ_count
 .bss.cmd_reject_count
                0x2000002b        0x1 ./main.o
                0x2000002b                cmd_reject_count
 .bss.cmd_rs485_succ_count
                0x2000002c        0x1 ./main.o
                0x2000002c                cmd_rs485_succ_count
 .bss.cmd_rs485_fail_count
                0x2000002d        0x1 ./main.o
                0x2000002d                cmd_rs485_fail_count
 .bss.sd_dump   0x2000002e        0x1 ./main.o
                0x2000002e                sd_dump
 *fill*         0x2000002f        0x1 00
 .bss.reset_counts
                0x20000030        0x4 ./main.o
                0x20000030                reset_counts
 .bss.CHK_CMD   0x20000034        0x1 ./main.o
                0x20000034                CHK_CMD
 .bss.no_of_TTPU_cmds
                0x20000035        0x1 ./PIS/RS485_Controller.o
                0x20000035                no_of_TTPU_cmds
 *fill*         0x20000036        0x2 00
 .bss.NULL_timer_instance
                0x20000038        0x4 C:\Users\S-SPACE\Desktop\Pratik\Final_Year_Project\PiLOT_G2_Software\PiLOT_G2_IMG2\PiLOT_sb_MSS_CM3_hw_platform\Debug\libPiLOT_sb_MSS_CM3_hw_platform.a(core_timer.o)
 .bss.g_comblk_cmd_opcode
                0x2000003c        0x1 C:\Users\S-SPACE\Desktop\Pratik\Final_Year_Project\PiLOT_G2_Software\PiLOT_G2_IMG2\PiLOT_sb_MSS_CM3_hw_platform\Debug\libPiLOT_sb_MSS_CM3_hw_platform.a(mss_comblk.o)
 *fill*         0x2000003d        0x3 00
 .bss.g_comblk_p_cmd
                0x20000040        0x4 C:\Users\S-SPACE\Desktop\Pratik\Final_Year_Project\PiLOT_G2_Software\PiLOT_G2_IMG2\PiLOT_sb_MSS_CM3_hw_platform\Debug\libPiLOT_sb_MSS_CM3_hw_platform.a(mss_comblk.o)
 .bss.g_comblk_cmd_size
                0x20000044        0x2 C:\Users\S-SPACE\Desktop\Pratik\Final_Year_Project\PiLOT_G2_Software\PiLOT_G2_IMG2\PiLOT_sb_MSS_CM3_hw_platform\Debug\libPiLOT_sb_MSS_CM3_hw_platform.a(mss_comblk.o)
 *fill*         0x20000046        0x2 00
 .bss.g_comblk_p_data
                0x20000048        0x4 C:\Users\S-SPACE\Desktop\Pratik\Final_Year_Project\PiLOT_G2_Software\PiLOT_G2_IMG2\PiLOT_sb_MSS_CM3_hw_platform\Debug\libPiLOT_sb_MSS_CM3_hw_platform.a(mss_comblk.o)
 .bss.g_comblk_data_size
                0x2000004c        0x4 C:\Users\S-SPACE\Desktop\Pratik\Final_Year_Project\PiLOT_G2_Software\PiLOT_G2_IMG2\PiLOT_sb_MSS_CM3_hw_platform\Debug\libPiLOT_sb_MSS_CM3_hw_platform.a(mss_comblk.o)
 .bss.g_comblk_p_response
                0x20000050        0x4 C:\Users\S-SPACE\Desktop\Pratik\Final_Year_Project\PiLOT_G2_Software\PiLOT_G2_IMG2\PiLOT_sb_MSS_CM3_hw_platform\Debug\libPiLOT_sb_MSS_CM3_hw_platform.a(mss_comblk.o)
 .bss.g_comblk_response_size
                0x20000054        0x2 C:\Users\S-SPACE\Desktop\Pratik\Final_Year_Project\PiLOT_G2_Software\PiLOT_G2_IMG2\PiLOT_sb_MSS_CM3_hw_platform\Debug\libPiLOT_sb_MSS_CM3_hw_platform.a(mss_comblk.o)
 .bss.g_comblk_response_idx
                0x20000056        0x2 C:\Users\S-SPACE\Desktop\Pratik\Final_Year_Project\PiLOT_G2_Software\PiLOT_G2_IMG2\PiLOT_sb_MSS_CM3_hw_platform\Debug\libPiLOT_sb_MSS_CM3_hw_platform.a(mss_comblk.o)
 .bss.g_comblk_completion_handler
                0x20000058        0x4 C:\Users\S-SPACE\Desktop\Pratik\Final_Year_Project\PiLOT_G2_Software\PiLOT_G2_IMG2\PiLOT_sb_MSS_CM3_hw_platform\Debug\libPiLOT_sb_MSS_CM3_hw_platform.a(mss_comblk.o)
 .bss.g_comblk_page_handler
                0x2000005c        0x4 C:\Users\S-SPACE\Desktop\Pratik\Final_Year_Project\PiLOT_G2_Software\PiLOT_G2_IMG2\PiLOT_sb_MSS_CM3_hw_platform\Debug\libPiLOT_sb_MSS_CM3_hw_platform.a(mss_comblk.o)
 .bss.g_request_in_progress
                0x20000060        0x1 C:\Users\S-SPACE\Desktop\Pratik\Final_Year_Project\PiLOT_G2_Software\PiLOT_G2_IMG2\PiLOT_sb_MSS_CM3_hw_platform\Debug\libPiLOT_sb_MSS_CM3_hw_platform.a(mss_comblk.o)
 .bss.g_comblk_state
                0x20000061        0x1 C:\Users\S-SPACE\Desktop\Pratik\Final_Year_Project\PiLOT_G2_Software\PiLOT_G2_IMG2\PiLOT_sb_MSS_CM3_hw_platform\Debug\libPiLOT_sb_MSS_CM3_hw_platform.a(mss_comblk.o)
 *fill*         0x20000062        0x2 00
 .bss.g_async_event_handler
                0x20000064        0x4 C:\Users\S-SPACE\Desktop\Pratik\Final_Year_Project\PiLOT_G2_Software\PiLOT_G2_IMG2\PiLOT_sb_MSS_CM3_hw_platform\Debug\libPiLOT_sb_MSS_CM3_hw_platform.a(mss_comblk.o)
 *(COMMON)
 COMMON         0x20000068      0xd68 ./P1.o
                0x20000068                g_core_i2c2
                0x200000d4                g_core_i2c0
                0x20000140                g_core_i2c1
                0x200001ac                hk_pkt
                0x200001b0                g_core_spi0
                0x200001f8                g_core_i2c5
                0x20000264                g_core_i2c3
                0x200002d0                thermistor_pkt
                0x200002d4                data
                0x200004d4                cmd_buff
                0x200004e4                core_i2c_status
                0x200004e8                blck_pkt
                0x20000ce8                counter_i2c
                0x20000d54                RTM
                0x20000d64                g_core_i2c4
 COMMON         0x20000dd0       0x49 ./P2.o
                0x20000dd0                gmc_pkt
                0x20000dd4                ADC_voltages
                0x20000de4                comms_pkt
                0x20000de8                gmc_radiation_count
                0x20000dec                count_val
                0x20000df0                free_res
                0x20000df4                cmd_adf_data
                0x20000e14                gmc_free_res_value
                0x20000e18                status
 *fill*         0x20000e19        0x7 00
 COMMON         0x20000e20      0x2c2 ./main.o
                0x20000e20                log_counter
                0x20000e24                log_partiton
                0x20000e34                comms_timer
                0x20000e38                therm_status
                0x20000e3c                log_packet_ptr
                0x20000e40                gmc_partition
                0x20000e50                Read_TPSRAM_addr
                0x20000e52                gmc_status
                0x20000e54                init_pkt
                0x20000e58                log_data
                0x20001058                gmc_timer
                0x2000105c                logs_seq_no
                0x20001060                temp_timer
                0x20001068                current_time_lower
                0x20001070                sd_timer
                0x20001074                hk_status
                0x20001078                current_time_upper
                0x20001080                rx_cmd_pkt
                0x20001084                rssi_cca
                0x20001088                thermistor_partition
                0x20001098                rssi
                0x2000109c                comms_partition
                0x200010ac                hk_partition
                0x200010bc                hk_timer
                0x200010c0                Time_Vector
                0x200010e0                comms_status
 *fill*         0x200010e2        0x2 00
 COMMON         0x200010e4       0x28 ./cmds/cmd.o
                0x200010e4                cmd_list
                0x20001108                cmd
 COMMON         0x2000110c        0xa ./PIS/VC_Sensor.o
                0x2000110c                init_command
                0x20001110                read
                0x20001112                bvol
                0x20001114                count
                0x20001115                config_reg
 COMMON         0x20001116        0x1 ./OBC/SD.o
                0x20001116                flag
 COMMON         0x20001117        0x1 ./GMC/counter.o
                0x20001117                gmc_voltage_flags
 COMMON         0x20001118        0x8 ./Comms/adf7030.o
                0x20001118                adf_spi
                0x2000111c                radio_memory_configuration_start_spi_command
 COMMON         0x20001120       0x80 C:\Users\S-SPACE\Desktop\Pratik\Final_Year_Project\PiLOT_G2_Software\PiLOT_G2_IMG2\PiLOT_sb_MSS_CM3_hw_platform\Debug\libPiLOT_sb_MSS_CM3_hw_platform.a(mss_uart.o)
                0x20001120                g_mss_uart1
                0x20001160                g_mss_uart0
 COMMON         0x200011a0      0x108 C:\Users\S-SPACE\Desktop\Pratik\Final_Year_Project\PiLOT_G2_Software\PiLOT_G2_IMG2\PiLOT_sb_MSS_CM3_hw_platform\Debug\libPiLOT_sb_MSS_CM3_hw_platform.a(mss_spi.o)
                0x200011a0                g_mss_spi1
                0x20001224                g_mss_spi0
                0x200012b0                . = ALIGN (0x10)
 *fill*         0x200012a8        0x8 00
                0x200012b0                __bss_end__ = .
                0x200012b0                _end = .
                0x200012b0                __end = _end
                0x200012b0                _ebss = .
                0x200012b0                PROVIDE (end, .)

.heap           0x200012b0     0xdd50 load address 0x00006c90
                0x200012b0                __heap_start__ = .
                0x200022b0                . = (. + MIN_SIZE_HEAP)
 *fill*         0x200012b0     0x1000 00
                0x2000f000                . = (. + (((ABSOLUTE (RAM_START_ADDRESS) + RAM_SIZE) - MAIN_STACK_SIZE) - .))
 *fill*         0x200022b0     0xcd50 00
                0x2000f000                _eheap = .

.stack          0x2000f000     0x1000 load address 0x00006c90
                0x2000f000                __stack_start__ = .
                0x20010000                . = (. + MAIN_STACK_SIZE)
 *fill*         0x2000f000     0x1000 00
                0x20010000                _estack = .

.stab
 *(.stab)

.stabstr
 *(.stabstr)

.debug
 *(.debug)

.line
 *(.line)

.debug_srcinfo
 *(.debug_srcinfo)

.debug_sfnames
 *(.debug_sfnames)

.comment        0x00000000      0x408
 .comment       0x00000000       0x2b ./P1.o
 .comment       0x0000002b       0x2b ./P2.o
 .comment       0x00000056       0x2b ./main.o
 .comment       0x00000081       0x2b ./packet_definition.o
 .comment       0x000000ac       0x2b ./cmds/cmd.o
 .comment       0x000000d7       0x2b ./PIS/RS485_Controller.o
 .comment       0x00000102       0x2b ./PIS/VC_Sensor.o
 .comment       0x0000012d       0x2b ./OBC/ADC.o
 .comment       0x00000158       0x2b ./OBC/IMU.o
 .comment       0x00000183       0x2b ./OBC/SD.o
 .comment       0x000001ae       0x2b ./OBC/memory.o
 .comment       0x000001d9       0x2b ./GMC/counter.o
 .comment       0x00000204       0x2b ./Comms/adf7030.o
 .comment       0x0000022f       0x2b C:/Users/S-SPACE/Desktop/Pratik/Final_Year_Project/PiLOT_G2_Software/PiLOT_G2_IMG2/PiLOT_sb_MSS_CM3_hw_platform/Debug/CMSIS/startup_gcc/newlib_stubs.o
 .comment       0x0000025a       0x2b C:\Users\S-SPACE\Desktop\Pratik\Final_Year_Project\PiLOT_G2_Software\PiLOT_G2_IMG2\PiLOT_sb_MSS_CM3_hw_platform\Debug\libPiLOT_sb_MSS_CM3_hw_platform.a(mss_uart.o)
 .comment       0x00000285       0x2b C:\Users\S-SPACE\Desktop\Pratik\Final_Year_Project\PiLOT_G2_Software\PiLOT_G2_IMG2\PiLOT_sb_MSS_CM3_hw_platform\Debug\libPiLOT_sb_MSS_CM3_hw_platform.a(mss_sys_services.o)
 .comment       0x000002b0       0x2b C:\Users\S-SPACE\Desktop\Pratik\Final_Year_Project\PiLOT_G2_Software\PiLOT_G2_IMG2\PiLOT_sb_MSS_CM3_hw_platform\Debug\libPiLOT_sb_MSS_CM3_hw_platform.a(mss_spi.o)
 .comment       0x000002db       0x2b C:\Users\S-SPACE\Desktop\Pratik\Final_Year_Project\PiLOT_G2_Software\PiLOT_G2_IMG2\PiLOT_sb_MSS_CM3_hw_platform\Debug\libPiLOT_sb_MSS_CM3_hw_platform.a(mss_gpio.o)
 .comment       0x00000306       0x2b C:\Users\S-SPACE\Desktop\Pratik\Final_Year_Project\PiLOT_G2_Software\PiLOT_G2_IMG2\PiLOT_sb_MSS_CM3_hw_platform\Debug\libPiLOT_sb_MSS_CM3_hw_platform.a(core_timer.o)
 .comment       0x00000331       0x2b C:\Users\S-SPACE\Desktop\Pratik\Final_Year_Project\PiLOT_G2_Software\PiLOT_G2_IMG2\PiLOT_sb_MSS_CM3_hw_platform\Debug\libPiLOT_sb_MSS_CM3_hw_platform.a(core_spi.o)
 .comment       0x0000035c       0x2b C:\Users\S-SPACE\Desktop\Pratik\Final_Year_Project\PiLOT_G2_Software\PiLOT_G2_IMG2\PiLOT_sb_MSS_CM3_hw_platform\Debug\libPiLOT_sb_MSS_CM3_hw_platform.a(core_i2c.o)
 .comment       0x00000387       0x2b C:\Users\S-SPACE\Desktop\Pratik\Final_Year_Project\PiLOT_G2_Software\PiLOT_G2_IMG2\PiLOT_sb_MSS_CM3_hw_platform\Debug\libPiLOT_sb_MSS_CM3_hw_platform.a(i2c_interrupt.o)
 .comment       0x000003b2       0x2b C:\Users\S-SPACE\Desktop\Pratik\Final_Year_Project\PiLOT_G2_Software\PiLOT_G2_IMG2\PiLOT_sb_MSS_CM3_hw_platform\Debug\libPiLOT_sb_MSS_CM3_hw_platform.a(system_m2sxxx.o)
 .comment       0x000003dd       0x2b C:\Users\S-SPACE\Desktop\Pratik\Final_Year_Project\PiLOT_G2_Software\PiLOT_G2_IMG2\PiLOT_sb_MSS_CM3_hw_platform\Debug\libPiLOT_sb_MSS_CM3_hw_platform.a(mss_comblk.o)

.debug_aranges  0x00000000      0xd40
 *(.debug_aranges)
 .debug_aranges
                0x00000000       0x80 ./P1.o
 .debug_aranges
                0x00000080       0x30 ./P2.o
 .debug_aranges
                0x000000b0      0x110 ./main.o
 .debug_aranges
                0x000001c0       0x60 ./cmds/cmd.o
 .debug_aranges
                0x00000220       0x48 ./PIS/RS485_Controller.o
 .debug_aranges
                0x00000268       0x50 ./PIS/VC_Sensor.o
 .debug_aranges
                0x000002b8       0x28 ./OBC/ADC.o
 .debug_aranges
                0x000002e0       0x30 ./OBC/IMU.o
 .debug_aranges
                0x00000310       0x30 ./OBC/SD.o
 .debug_aranges
                0x00000340       0x30 ./OBC/memory.o
 .debug_aranges
                0x00000370       0x48 ./GMC/counter.o
 .debug_aranges
                0x000003b8       0xe0 ./Comms/adf7030.o
 .debug_aranges
                0x00000498       0xa8 C:/Users/S-SPACE/Desktop/Pratik/Final_Year_Project/PiLOT_G2_Software/PiLOT_G2_IMG2/PiLOT_sb_MSS_CM3_hw_platform/Debug/CMSIS/startup_gcc/newlib_stubs.o
 .debug_aranges
                0x00000540      0x1d0 C:\Users\S-SPACE\Desktop\Pratik\Final_Year_Project\PiLOT_G2_Software\PiLOT_G2_IMG2\PiLOT_sb_MSS_CM3_hw_platform\Debug\libPiLOT_sb_MSS_CM3_hw_platform.a(mss_uart.o)
 .debug_aranges
                0x00000710      0x1c8 C:\Users\S-SPACE\Desktop\Pratik\Final_Year_Project\PiLOT_G2_Software\PiLOT_G2_IMG2\PiLOT_sb_MSS_CM3_hw_platform\Debug\libPiLOT_sb_MSS_CM3_hw_platform.a(mss_sys_services.o)
 .debug_aranges
                0x000008d8       0xe0 C:\Users\S-SPACE\Desktop\Pratik\Final_Year_Project\PiLOT_G2_Software\PiLOT_G2_IMG2\PiLOT_sb_MSS_CM3_hw_platform\Debug\libPiLOT_sb_MSS_CM3_hw_platform.a(mss_spi.o)
 .debug_aranges
                0x000009b8       0x68 C:\Users\S-SPACE\Desktop\Pratik\Final_Year_Project\PiLOT_G2_Software\PiLOT_G2_IMG2\PiLOT_sb_MSS_CM3_hw_platform\Debug\libPiLOT_sb_MSS_CM3_hw_platform.a(mss_gpio.o)
 .debug_aranges
                0x00000a20       0x50 C:\Users\S-SPACE\Desktop\Pratik\Final_Year_Project\PiLOT_G2_Software\PiLOT_G2_IMG2\PiLOT_sb_MSS_CM3_hw_platform\Debug\libPiLOT_sb_MSS_CM3_hw_platform.a(core_timer.o)
 .debug_aranges
                0x00000a70       0xa8 C:\Users\S-SPACE\Desktop\Pratik\Final_Year_Project\PiLOT_G2_Software\PiLOT_G2_IMG2\PiLOT_sb_MSS_CM3_hw_platform\Debug\libPiLOT_sb_MSS_CM3_hw_platform.a(core_spi.o)
 .debug_aranges
                0x00000b18      0x110 C:\Users\S-SPACE\Desktop\Pratik\Final_Year_Project\PiLOT_G2_Software\PiLOT_G2_IMG2\PiLOT_sb_MSS_CM3_hw_platform\Debug\libPiLOT_sb_MSS_CM3_hw_platform.a(core_i2c.o)
 .debug_aranges
                0x00000c28       0x38 C:\Users\S-SPACE\Desktop\Pratik\Final_Year_Project\PiLOT_G2_Software\PiLOT_G2_IMG2\PiLOT_sb_MSS_CM3_hw_platform\Debug\libPiLOT_sb_MSS_CM3_hw_platform.a(i2c_interrupt.o)
 .debug_aranges
                0x00000c60       0x50 C:\Users\S-SPACE\Desktop\Pratik\Final_Year_Project\PiLOT_G2_Software\PiLOT_G2_IMG2\PiLOT_sb_MSS_CM3_hw_platform\Debug\libPiLOT_sb_MSS_CM3_hw_platform.a(system_m2sxxx.o)
 .debug_aranges
                0x00000cb0       0x90 C:\Users\S-SPACE\Desktop\Pratik\Final_Year_Project\PiLOT_G2_Software\PiLOT_G2_IMG2\PiLOT_sb_MSS_CM3_hw_platform\Debug\libPiLOT_sb_MSS_CM3_hw_platform.a(mss_comblk.o)

.debug_pubnames
                0x00000000     0x25fd
 *(.debug_pubnames)
 .debug_pubnames
                0x00000000      0x1fd ./P1.o
 .debug_pubnames
                0x000001fd      0x1e7 ./P2.o
 .debug_pubnames
                0x000003e4      0x4dc ./main.o
 .debug_pubnames
                0x000008c0      0x169 ./cmds/cmd.o
 .debug_pubnames
                0x00000a29      0x11f ./PIS/RS485_Controller.o
 .debug_pubnames
                0x00000b48      0x13f ./PIS/VC_Sensor.o
 .debug_pubnames
                0x00000c87       0x31 ./OBC/ADC.o
 .debug_pubnames
                0x00000cb8       0x54 ./OBC/IMU.o
 .debug_pubnames
                0x00000d0c       0x7a ./OBC/SD.o
 .debug_pubnames
                0x00000d86       0x48 ./OBC/memory.o
 .debug_pubnames
                0x00000dce       0xc0 ./GMC/counter.o
 .debug_pubnames
                0x00000e8e      0x2f5 ./Comms/adf7030.o
 .debug_pubnames
                0x00001183       0xeb C:/Users/S-SPACE/Desktop/Pratik/Final_Year_Project/PiLOT_G2_Software/PiLOT_G2_IMG2/PiLOT_sb_MSS_CM3_hw_platform/Debug/CMSIS/startup_gcc/newlib_stubs.o
 .debug_pubnames
                0x0000126e      0x50f C:\Users\S-SPACE\Desktop\Pratik\Final_Year_Project\PiLOT_G2_Software\PiLOT_G2_IMG2\PiLOT_sb_MSS_CM3_hw_platform\Debug\libPiLOT_sb_MSS_CM3_hw_platform.a(mss_uart.o)
 .debug_pubnames
                0x0000177d      0x571 C:\Users\S-SPACE\Desktop\Pratik\Final_Year_Project\PiLOT_G2_Software\PiLOT_G2_IMG2\PiLOT_sb_MSS_CM3_hw_platform\Debug\libPiLOT_sb_MSS_CM3_hw_platform.a(mss_sys_services.o)
 .debug_pubnames
                0x00001cee      0x21a C:\Users\S-SPACE\Desktop\Pratik\Final_Year_Project\PiLOT_G2_Software\PiLOT_G2_IMG2\PiLOT_sb_MSS_CM3_hw_platform\Debug\libPiLOT_sb_MSS_CM3_hw_platform.a(mss_spi.o)
 .debug_pubnames
                0x00001f08       0xb1 C:\Users\S-SPACE\Desktop\Pratik\Final_Year_Project\PiLOT_G2_Software\PiLOT_G2_IMG2\PiLOT_sb_MSS_CM3_hw_platform\Debug\libPiLOT_sb_MSS_CM3_hw_platform.a(mss_gpio.o)
 .debug_pubnames
                0x00001fb9       0x84 C:\Users\S-SPACE\Desktop\Pratik\Final_Year_Project\PiLOT_G2_Software\PiLOT_G2_IMG2\PiLOT_sb_MSS_CM3_hw_platform\Debug\libPiLOT_sb_MSS_CM3_hw_platform.a(core_timer.o)
 .debug_pubnames
                0x0000203d      0x170 C:\Users\S-SPACE\Desktop\Pratik\Final_Year_Project\PiLOT_G2_Software\PiLOT_G2_IMG2\PiLOT_sb_MSS_CM3_hw_platform\Debug\libPiLOT_sb_MSS_CM3_hw_platform.a(core_spi.o)
 .debug_pubnames
                0x000021ad      0x2b9 C:\Users\S-SPACE\Desktop\Pratik\Final_Year_Project\PiLOT_G2_Software\PiLOT_G2_IMG2\PiLOT_sb_MSS_CM3_hw_platform\Debug\libPiLOT_sb_MSS_CM3_hw_platform.a(core_i2c.o)
 .debug_pubnames
                0x00002466       0x39 C:\Users\S-SPACE\Desktop\Pratik\Final_Year_Project\PiLOT_G2_Software\PiLOT_G2_IMG2\PiLOT_sb_MSS_CM3_hw_platform\Debug\libPiLOT_sb_MSS_CM3_hw_platform.a(i2c_interrupt.o)
 .debug_pubnames
                0x0000249f       0xcb C:\Users\S-SPACE\Desktop\Pratik\Final_Year_Project\PiLOT_G2_Software\PiLOT_G2_IMG2\PiLOT_sb_MSS_CM3_hw_platform\Debug\libPiLOT_sb_MSS_CM3_hw_platform.a(system_m2sxxx.o)
 .debug_pubnames
                0x0000256a       0x93 C:\Users\S-SPACE\Desktop\Pratik\Final_Year_Project\PiLOT_G2_Software\PiLOT_G2_IMG2\PiLOT_sb_MSS_CM3_hw_platform\Debug\libPiLOT_sb_MSS_CM3_hw_platform.a(mss_comblk.o)

.debug_info     0x00000000    0x1429f
 *(.debug_info .gnu.linkonce.wi.*)
 .debug_info    0x00000000     0x17d3 ./P1.o
 .debug_info    0x000017d3      0xc76 ./P2.o
 .debug_info    0x00002449     0x28af ./main.o
 .debug_info    0x00004cf8       0x29 ./packet_definition.o
 .debug_info    0x00004d21      0xf92 ./cmds/cmd.o
 .debug_info    0x00005cb3      0xdb4 ./PIS/RS485_Controller.o
 .debug_info    0x00006a67      0x688 ./PIS/VC_Sensor.o
 .debug_info    0x000070ef      0x462 ./OBC/ADC.o
 .debug_info    0x00007551      0x5b9 ./OBC/IMU.o
 .debug_info    0x00007b0a      0x95d ./OBC/SD.o
 .debug_info    0x00008467      0x1bb ./OBC/memory.o
 .debug_info    0x00008622      0x689 ./GMC/counter.o
 .debug_info    0x00008cab     0x1224 ./Comms/adf7030.o
 .debug_info    0x00009ecf      0x6ed C:/Users/S-SPACE/Desktop/Pratik/Final_Year_Project/PiLOT_G2_Software/PiLOT_G2_IMG2/PiLOT_sb_MSS_CM3_hw_platform/Debug/CMSIS/startup_gcc/newlib_stubs.o
 .debug_info    0x0000a5bc     0x1ed4 C:\Users\S-SPACE\Desktop\Pratik\Final_Year_Project\PiLOT_G2_Software\PiLOT_G2_IMG2\PiLOT_sb_MSS_CM3_hw_platform\Debug\libPiLOT_sb_MSS_CM3_hw_platform.a(mss_uart.o)
 .debug_info    0x0000c490     0x1fb4 C:\Users\S-SPACE\Desktop\Pratik\Final_Year_Project\PiLOT_G2_Software\PiLOT_G2_IMG2\PiLOT_sb_MSS_CM3_hw_platform\Debug\libPiLOT_sb_MSS_CM3_hw_platform.a(mss_sys_services.o)
 .debug_info    0x0000e444     0x1723 C:\Users\S-SPACE\Desktop\Pratik\Final_Year_Project\PiLOT_G2_Software\PiLOT_G2_IMG2\PiLOT_sb_MSS_CM3_hw_platform\Debug\libPiLOT_sb_MSS_CM3_hw_platform.a(mss_spi.o)
 .debug_info    0x0000fb67     0x1164 C:\Users\S-SPACE\Desktop\Pratik\Final_Year_Project\PiLOT_G2_Software\PiLOT_G2_IMG2\PiLOT_sb_MSS_CM3_hw_platform\Debug\libPiLOT_sb_MSS_CM3_hw_platform.a(mss_gpio.o)
 .debug_info    0x00010ccb      0x242 C:\Users\S-SPACE\Desktop\Pratik\Final_Year_Project\PiLOT_G2_Software\PiLOT_G2_IMG2\PiLOT_sb_MSS_CM3_hw_platform\Debug\libPiLOT_sb_MSS_CM3_hw_platform.a(core_timer.o)
 .debug_info    0x00010f0d      0x7d9 C:\Users\S-SPACE\Desktop\Pratik\Final_Year_Project\PiLOT_G2_Software\PiLOT_G2_IMG2\PiLOT_sb_MSS_CM3_hw_platform\Debug\libPiLOT_sb_MSS_CM3_hw_platform.a(core_spi.o)
 .debug_info    0x000116e6      0xd0c C:\Users\S-SPACE\Desktop\Pratik\Final_Year_Project\PiLOT_G2_Software\PiLOT_G2_IMG2\PiLOT_sb_MSS_CM3_hw_platform\Debug\libPiLOT_sb_MSS_CM3_hw_platform.a(core_i2c.o)
 .debug_info    0x000123f2      0x7ce C:\Users\S-SPACE\Desktop\Pratik\Final_Year_Project\PiLOT_G2_Software\PiLOT_G2_IMG2\PiLOT_sb_MSS_CM3_hw_platform\Debug\libPiLOT_sb_MSS_CM3_hw_platform.a(i2c_interrupt.o)
 .debug_info    0x00012bc0      0xbbf C:\Users\S-SPACE\Desktop\Pratik\Final_Year_Project\PiLOT_G2_Software\PiLOT_G2_IMG2\PiLOT_sb_MSS_CM3_hw_platform\Debug\libPiLOT_sb_MSS_CM3_hw_platform.a(system_m2sxxx.o)
 .debug_info    0x0001377f      0xb20 C:\Users\S-SPACE\Desktop\Pratik\Final_Year_Project\PiLOT_G2_Software\PiLOT_G2_IMG2\PiLOT_sb_MSS_CM3_hw_platform\Debug\libPiLOT_sb_MSS_CM3_hw_platform.a(mss_comblk.o)

.debug_abbrev   0x00000000     0x25ac
 *(.debug_abbrev)
 .debug_abbrev  0x00000000      0x2df ./P1.o
 .debug_abbrev  0x000002df      0x1b7 ./P2.o
 .debug_abbrev  0x00000496      0x2a0 ./main.o
 .debug_abbrev  0x00000736       0x16 ./packet_definition.o
 .debug_abbrev  0x0000074c      0x203 ./cmds/cmd.o
 .debug_abbrev  0x0000094f      0x1da ./PIS/RS485_Controller.o
 .debug_abbrev  0x00000b29      0x131 ./PIS/VC_Sensor.o
 .debug_abbrev  0x00000c5a      0x125 ./OBC/ADC.o
 .debug_abbrev  0x00000d7f      0x12f ./OBC/IMU.o
 .debug_abbrev  0x00000eae      0x16a ./OBC/SD.o
 .debug_abbrev  0x00001018       0xc0 ./OBC/memory.o
 .debug_abbrev  0x000010d8      0x140 ./GMC/counter.o
 .debug_abbrev  0x00001218      0x271 ./Comms/adf7030.o
 .debug_abbrev  0x00001489      0x170 C:/Users/S-SPACE/Desktop/Pratik/Final_Year_Project/PiLOT_G2_Software/PiLOT_G2_IMG2/PiLOT_sb_MSS_CM3_hw_platform/Debug/CMSIS/startup_gcc/newlib_stubs.o
 .debug_abbrev  0x000015f9      0x280 C:\Users\S-SPACE\Desktop\Pratik\Final_Year_Project\PiLOT_G2_Software\PiLOT_G2_IMG2\PiLOT_sb_MSS_CM3_hw_platform\Debug\libPiLOT_sb_MSS_CM3_hw_platform.a(mss_uart.o)
 .debug_abbrev  0x00001879      0x1fe C:\Users\S-SPACE\Desktop\Pratik\Final_Year_Project\PiLOT_G2_Software\PiLOT_G2_IMG2\PiLOT_sb_MSS_CM3_hw_platform\Debug\libPiLOT_sb_MSS_CM3_hw_platform.a(mss_sys_services.o)
 .debug_abbrev  0x00001a77      0x1ee C:\Users\S-SPACE\Desktop\Pratik\Final_Year_Project\PiLOT_G2_Software\PiLOT_G2_IMG2\PiLOT_sb_MSS_CM3_hw_platform\Debug\libPiLOT_sb_MSS_CM3_hw_platform.a(mss_spi.o)
 .debug_abbrev  0x00001c65      0x165 C:\Users\S-SPACE\Desktop\Pratik\Final_Year_Project\PiLOT_G2_Software\PiLOT_G2_IMG2\PiLOT_sb_MSS_CM3_hw_platform\Debug\libPiLOT_sb_MSS_CM3_hw_platform.a(mss_gpio.o)
 .debug_abbrev  0x00001dca       0xb0 C:\Users\S-SPACE\Desktop\Pratik\Final_Year_Project\PiLOT_G2_Software\PiLOT_G2_IMG2\PiLOT_sb_MSS_CM3_hw_platform\Debug\libPiLOT_sb_MSS_CM3_hw_platform.a(core_timer.o)
 .debug_abbrev  0x00001e7a      0x14f C:\Users\S-SPACE\Desktop\Pratik\Final_Year_Project\PiLOT_G2_Software\PiLOT_G2_IMG2\PiLOT_sb_MSS_CM3_hw_platform\Debug\libPiLOT_sb_MSS_CM3_hw_platform.a(core_spi.o)
 .debug_abbrev  0x00001fc9      0x185 C:\Users\S-SPACE\Desktop\Pratik\Final_Year_Project\PiLOT_G2_Software\PiLOT_G2_IMG2\PiLOT_sb_MSS_CM3_hw_platform\Debug\libPiLOT_sb_MSS_CM3_hw_platform.a(core_i2c.o)
 .debug_abbrev  0x0000214e      0x169 C:\Users\S-SPACE\Desktop\Pratik\Final_Year_Project\PiLOT_G2_Software\PiLOT_G2_IMG2\PiLOT_sb_MSS_CM3_hw_platform\Debug\libPiLOT_sb_MSS_CM3_hw_platform.a(i2c_interrupt.o)
 .debug_abbrev  0x000022b7      0x150 C:\Users\S-SPACE\Desktop\Pratik\Final_Year_Project\PiLOT_G2_Software\PiLOT_G2_IMG2\PiLOT_sb_MSS_CM3_hw_platform\Debug\libPiLOT_sb_MSS_CM3_hw_platform.a(system_m2sxxx.o)
 .debug_abbrev  0x00002407      0x1a5 C:\Users\S-SPACE\Desktop\Pratik\Final_Year_Project\PiLOT_G2_Software\PiLOT_G2_IMG2\PiLOT_sb_MSS_CM3_hw_platform\Debug\libPiLOT_sb_MSS_CM3_hw_platform.a(mss_comblk.o)

.debug_line     0x00000000     0xd86d
 *(.debug_line)
 .debug_line    0x00000000     0x15bf ./P1.o
 .debug_line    0x000015bf     0x14bd ./P2.o
 .debug_line    0x00002a7c     0x16f5 ./main.o
 .debug_line    0x00004171       0x37 ./packet_definition.o
 .debug_line    0x000041a8     0x11a4 ./cmds/cmd.o
 .debug_line    0x0000534c     0x1164 ./PIS/RS485_Controller.o
 .debug_line    0x000064b0      0x962 ./PIS/VC_Sensor.o
 .debug_line    0x00006e12      0x239 ./OBC/ADC.o
 .debug_line    0x0000704b      0x4cf ./OBC/IMU.o
 .debug_line    0x0000751a      0x408 ./OBC/SD.o
 .debug_line    0x00007922      0x36d ./OBC/memory.o
 .debug_line    0x00007c8f      0x48b ./GMC/counter.o
 .debug_line    0x0000811a     0x142a ./Comms/adf7030.o
 .debug_line    0x00009544      0x4b6 C:/Users/S-SPACE/Desktop/Pratik/Final_Year_Project/PiLOT_G2_Software/PiLOT_G2_IMG2/PiLOT_sb_MSS_CM3_hw_platform/Debug/CMSIS/startup_gcc/newlib_stubs.o
 .debug_line    0x000099fa      0x8f8 C:\Users\S-SPACE\Desktop\Pratik\Final_Year_Project\PiLOT_G2_Software\PiLOT_G2_IMG2\PiLOT_sb_MSS_CM3_hw_platform\Debug\libPiLOT_sb_MSS_CM3_hw_platform.a(mss_uart.o)
 .debug_line    0x0000a2f2      0xa2a C:\Users\S-SPACE\Desktop\Pratik\Final_Year_Project\PiLOT_G2_Software\PiLOT_G2_IMG2\PiLOT_sb_MSS_CM3_hw_platform\Debug\libPiLOT_sb_MSS_CM3_hw_platform.a(mss_sys_services.o)
 .debug_line    0x0000ad1c      0x6d1 C:\Users\S-SPACE\Desktop\Pratik\Final_Year_Project\PiLOT_G2_Software\PiLOT_G2_IMG2\PiLOT_sb_MSS_CM3_hw_platform\Debug\libPiLOT_sb_MSS_CM3_hw_platform.a(mss_spi.o)
 .debug_line    0x0000b3ed      0x389 C:\Users\S-SPACE\Desktop\Pratik\Final_Year_Project\PiLOT_G2_Software\PiLOT_G2_IMG2\PiLOT_sb_MSS_CM3_hw_platform\Debug\libPiLOT_sb_MSS_CM3_hw_platform.a(mss_gpio.o)
 .debug_line    0x0000b776      0x49f C:\Users\S-SPACE\Desktop\Pratik\Final_Year_Project\PiLOT_G2_Software\PiLOT_G2_IMG2\PiLOT_sb_MSS_CM3_hw_platform\Debug\libPiLOT_sb_MSS_CM3_hw_platform.a(core_timer.o)
 .debug_line    0x0000bc15      0x79e C:\Users\S-SPACE\Desktop\Pratik\Final_Year_Project\PiLOT_G2_Software\PiLOT_G2_IMG2\PiLOT_sb_MSS_CM3_hw_platform\Debug\libPiLOT_sb_MSS_CM3_hw_platform.a(core_spi.o)
 .debug_line    0x0000c3b3      0x87e C:\Users\S-SPACE\Desktop\Pratik\Final_Year_Project\PiLOT_G2_Software\PiLOT_G2_IMG2\PiLOT_sb_MSS_CM3_hw_platform\Debug\libPiLOT_sb_MSS_CM3_hw_platform.a(core_i2c.o)
 .debug_line    0x0000cc31      0x51b C:\Users\S-SPACE\Desktop\Pratik\Final_Year_Project\PiLOT_G2_Software\PiLOT_G2_IMG2\PiLOT_sb_MSS_CM3_hw_platform\Debug\libPiLOT_sb_MSS_CM3_hw_platform.a(i2c_interrupt.o)
 .debug_line    0x0000d14c      0x228 C:\Users\S-SPACE\Desktop\Pratik\Final_Year_Project\PiLOT_G2_Software\PiLOT_G2_IMG2\PiLOT_sb_MSS_CM3_hw_platform\Debug\libPiLOT_sb_MSS_CM3_hw_platform.a(system_m2sxxx.o)
 .debug_line    0x0000d374      0x4f9 C:\Users\S-SPACE\Desktop\Pratik\Final_Year_Project\PiLOT_G2_Software\PiLOT_G2_IMG2\PiLOT_sb_MSS_CM3_hw_platform\Debug\libPiLOT_sb_MSS_CM3_hw_platform.a(mss_comblk.o)

.debug_frame    0x00000000     0x2ccc
 *(.debug_frame)
 .debug_frame   0x00000000      0x18c ./P1.o
 .debug_frame   0x0000018c       0x6c ./P2.o
 .debug_frame   0x000001f8      0x388 ./main.o
 .debug_frame   0x00000580      0x11c ./cmds/cmd.o
 .debug_frame   0x0000069c       0xc8 ./PIS/RS485_Controller.o
 .debug_frame   0x00000764       0xf0 ./PIS/VC_Sensor.o
 .debug_frame   0x00000854       0x50 ./OBC/ADC.o
 .debug_frame   0x000008a4       0x70 ./OBC/IMU.o
 .debug_frame   0x00000914       0x70 ./OBC/SD.o
 .debug_frame   0x00000984       0x6c ./OBC/memory.o
 .debug_frame   0x000009f0       0xd0 ./GMC/counter.o
 .debug_frame   0x00000ac0      0x334 ./Comms/adf7030.o
 .debug_frame   0x00000df4      0x21c C:/Users/S-SPACE/Desktop/Pratik/Final_Year_Project/PiLOT_G2_Software/PiLOT_G2_IMG2/PiLOT_sb_MSS_CM3_hw_platform/Debug/CMSIS/startup_gcc/newlib_stubs.o
 .debug_frame   0x00001010      0x6b4 C:\Users\S-SPACE\Desktop\Pratik\Final_Year_Project\PiLOT_G2_Software\PiLOT_G2_IMG2\PiLOT_sb_MSS_CM3_hw_platform\Debug\libPiLOT_sb_MSS_CM3_hw_platform.a(mss_uart.o)
 .debug_frame   0x000016c4      0x6b0 C:\Users\S-SPACE\Desktop\Pratik\Final_Year_Project\PiLOT_G2_Software\PiLOT_G2_IMG2\PiLOT_sb_MSS_CM3_hw_platform\Debug\libPiLOT_sb_MSS_CM3_hw_platform.a(mss_sys_services.o)
 .debug_frame   0x00001d74      0x320 C:\Users\S-SPACE\Desktop\Pratik\Final_Year_Project\PiLOT_G2_Software\PiLOT_G2_IMG2\PiLOT_sb_MSS_CM3_hw_platform\Debug\libPiLOT_sb_MSS_CM3_hw_platform.a(mss_spi.o)
 .debug_frame   0x00002094      0x130 C:\Users\S-SPACE\Desktop\Pratik\Final_Year_Project\PiLOT_G2_Software\PiLOT_G2_IMG2\PiLOT_sb_MSS_CM3_hw_platform\Debug\libPiLOT_sb_MSS_CM3_hw_platform.a(mss_gpio.o)
 .debug_frame   0x000021c4       0xf0 C:\Users\S-SPACE\Desktop\Pratik\Final_Year_Project\PiLOT_G2_Software\PiLOT_G2_IMG2\PiLOT_sb_MSS_CM3_hw_platform\Debug\libPiLOT_sb_MSS_CM3_hw_platform.a(core_timer.o)
 .debug_frame   0x000022b4      0x250 C:\Users\S-SPACE\Desktop\Pratik\Final_Year_Project\PiLOT_G2_Software\PiLOT_G2_IMG2\PiLOT_sb_MSS_CM3_hw_platform\Debug\libPiLOT_sb_MSS_CM3_hw_platform.a(core_spi.o)
 .debug_frame   0x00002504      0x3e4 C:\Users\S-SPACE\Desktop\Pratik\Final_Year_Project\PiLOT_G2_Software\PiLOT_G2_IMG2\PiLOT_sb_MSS_CM3_hw_platform\Debug\libPiLOT_sb_MSS_CM3_hw_platform.a(core_i2c.o)
 .debug_frame   0x000028e8       0x88 C:\Users\S-SPACE\Desktop\Pratik\Final_Year_Project\PiLOT_G2_Software\PiLOT_G2_IMG2\PiLOT_sb_MSS_CM3_hw_platform\Debug\libPiLOT_sb_MSS_CM3_hw_platform.a(i2c_interrupt.o)
 .debug_frame   0x00002970       0xd8 C:\Users\S-SPACE\Desktop\Pratik\Final_Year_Project\PiLOT_G2_Software\PiLOT_G2_IMG2\PiLOT_sb_MSS_CM3_hw_platform\Debug\libPiLOT_sb_MSS_CM3_hw_platform.a(system_m2sxxx.o)
 .debug_frame   0x00002a48      0x1dc C:\Users\S-SPACE\Desktop\Pratik\Final_Year_Project\PiLOT_G2_Software\PiLOT_G2_IMG2\PiLOT_sb_MSS_CM3_hw_platform\Debug\libPiLOT_sb_MSS_CM3_hw_platform.a(mss_comblk.o)
 .debug_frame   0x00002c24       0x20 c:/program files (x86)/microsemi/softconsole v3.4/sourcery-g++/bin/../lib/gcc/arm-none-eabi/4.4.1/../../../../arm-none-eabi/lib/thumb2\libc.a(lib_a-errno.o)
 .debug_frame   0x00002c44       0x2c c:/program files (x86)/microsemi/softconsole v3.4/sourcery-g++/bin/../lib/gcc/arm-none-eabi/4.4.1/../../../../arm-none-eabi/lib/thumb2\libc.a(lib_a-init.o)
 .debug_frame   0x00002c70       0x34 c:/program files (x86)/microsemi/softconsole v3.4/sourcery-g++/bin/../lib/gcc/arm-none-eabi/4.4.1/../../../../arm-none-eabi/lib/thumb2\libc.a(lib_a-memcpy.o)
 .debug_frame   0x00002ca4       0x28 c:/program files (x86)/microsemi/softconsole v3.4/sourcery-g++/bin/../lib/gcc/arm-none-eabi/4.4.1/../../../../arm-none-eabi/lib/thumb2\libc.a(lib_a-memset.o)

.debug_str      0x00000000     0x529b
 *(.debug_str)
 .debug_str     0x00000000     0x118c ./P1.o
                               0x13a5 (size before relaxing)
 .debug_str     0x0000118c      0x28b ./P2.o
                                0xac2 (size before relaxing)
 .debug_str     0x00001417      0xff7 ./main.o
                               0x2097 (size before relaxing)
 .debug_str     0x0000240e       0x67 ./packet_definition.o
                                 0x73 (size before relaxing)
 .debug_str     0x00002475       0xae ./cmds/cmd.o
                                0xeee (size before relaxing)
 .debug_str     0x00002523       0x91 ./PIS/RS485_Controller.o
                                0xda9 (size before relaxing)
 .debug_str     0x000025b4       0x8e ./PIS/VC_Sensor.o
                                0x4cb (size before relaxing)
 .debug_str     0x00002642       0x63 ./OBC/ADC.o
                                0x422 (size before relaxing)
 .debug_str     0x000026a5       0xf1 ./OBC/IMU.o
                                0x4d8 (size before relaxing)
 .debug_str     0x00002796       0x69 ./OBC/SD.o
                                0xb71 (size before relaxing)
 .debug_str     0x000027ff       0x48 ./OBC/memory.o
                                0x19a (size before relaxing)
 .debug_str     0x00002847       0xa1 ./GMC/counter.o
                                0x6c4 (size before relaxing)
 .debug_str     0x000028e8      0x352 ./Comms/adf7030.o
                                0xbc8 (size before relaxing)
 .debug_str     0x00002c3a      0x25f C:/Users/S-SPACE/Desktop/Pratik/Final_Year_Project/PiLOT_G2_Software/PiLOT_G2_IMG2/PiLOT_sb_MSS_CM3_hw_platform/Debug/CMSIS/startup_gcc/newlib_stubs.o
                                0x34d (size before relaxing)
 .debug_str     0x00002e99      0xa16 C:\Users\S-SPACE\Desktop\Pratik\Final_Year_Project\PiLOT_G2_Software\PiLOT_G2_IMG2\PiLOT_sb_MSS_CM3_hw_platform\Debug\libPiLOT_sb_MSS_CM3_hw_platform.a(mss_uart.o)
                               0x19b3 (size before relaxing)
 .debug_str     0x000038af      0xa20 C:\Users\S-SPACE\Desktop\Pratik\Final_Year_Project\PiLOT_G2_Software\PiLOT_G2_IMG2\PiLOT_sb_MSS_CM3_hw_platform\Debug\libPiLOT_sb_MSS_CM3_hw_platform.a(mss_sys_services.o)
                               0x1324 (size before relaxing)
 .debug_str     0x000042cf      0x2f5 C:\Users\S-SPACE\Desktop\Pratik\Final_Year_Project\PiLOT_G2_Software\PiLOT_G2_IMG2\PiLOT_sb_MSS_CM3_hw_platform\Debug\libPiLOT_sb_MSS_CM3_hw_platform.a(mss_spi.o)
                               0x156c (size before relaxing)
 .debug_str     0x000045c4      0x2ec C:\Users\S-SPACE\Desktop\Pratik\Final_Year_Project\PiLOT_G2_Software\PiLOT_G2_IMG2\PiLOT_sb_MSS_CM3_hw_platform\Debug\libPiLOT_sb_MSS_CM3_hw_platform.a(mss_gpio.o)
                               0x122d (size before relaxing)
 .debug_str     0x000048b0       0xab C:\Users\S-SPACE\Desktop\Pratik\Final_Year_Project\PiLOT_G2_Software\PiLOT_G2_IMG2\PiLOT_sb_MSS_CM3_hw_platform\Debug\libPiLOT_sb_MSS_CM3_hw_platform.a(core_timer.o)
                                0x211 (size before relaxing)
 .debug_str     0x0000495b       0x39 C:\Users\S-SPACE\Desktop\Pratik\Final_Year_Project\PiLOT_G2_Software\PiLOT_G2_IMG2\PiLOT_sb_MSS_CM3_hw_platform\Debug\libPiLOT_sb_MSS_CM3_hw_platform.a(core_spi.o)
                                0x5fc (size before relaxing)
 .debug_str     0x00004994      0x481 C:\Users\S-SPACE\Desktop\Pratik\Final_Year_Project\PiLOT_G2_Software\PiLOT_G2_IMG2\PiLOT_sb_MSS_CM3_hw_platform\Debug\libPiLOT_sb_MSS_CM3_hw_platform.a(core_i2c.o)
                                0x958 (size before relaxing)
 .debug_str     0x00004e15       0x42 C:\Users\S-SPACE\Desktop\Pratik\Final_Year_Project\PiLOT_G2_Software\PiLOT_G2_IMG2\PiLOT_sb_MSS_CM3_hw_platform\Debug\libPiLOT_sb_MSS_CM3_hw_platform.a(i2c_interrupt.o)
                                0x9da (size before relaxing)
 .debug_str     0x00004e57      0x184 C:\Users\S-SPACE\Desktop\Pratik\Final_Year_Project\PiLOT_G2_Software\PiLOT_G2_IMG2\PiLOT_sb_MSS_CM3_hw_platform\Debug\libPiLOT_sb_MSS_CM3_hw_platform.a(system_m2sxxx.o)
                                0xa2d (size before relaxing)
 .debug_str     0x00004fdb      0x2c0 C:\Users\S-SPACE\Desktop\Pratik\Final_Year_Project\PiLOT_G2_Software\PiLOT_G2_IMG2\PiLOT_sb_MSS_CM3_hw_platform\Debug\libPiLOT_sb_MSS_CM3_hw_platform.a(mss_comblk.o)
                                0xa80 (size before relaxing)

.debug_loc      0x00000000     0x4ab7
 *(.debug_loc)
 .debug_loc     0x00000000      0x291 ./P1.o
 .debug_loc     0x00000291       0xa5 ./P2.o
 .debug_loc     0x00000336      0x5b9 ./main.o
 .debug_loc     0x000008ef      0x1ef ./cmds/cmd.o
 .debug_loc     0x00000ade      0x14a ./PIS/RS485_Controller.o
 .debug_loc     0x00000c28      0x181 ./PIS/VC_Sensor.o
 .debug_loc     0x00000da9       0x6e ./OBC/ADC.o
 .debug_loc     0x00000e17       0xa9 ./OBC/IMU.o
 .debug_loc     0x00000ec0       0xa5 ./OBC/SD.o
 .debug_loc     0x00000f65       0xa5 ./OBC/memory.o
 .debug_loc     0x0000100a      0x14a ./GMC/counter.o
 .debug_loc     0x00001154      0x563 ./Comms/adf7030.o
 .debug_loc     0x000016b7      0x3c6 C:/Users/S-SPACE/Desktop/Pratik/Final_Year_Project/PiLOT_G2_Software/PiLOT_G2_IMG2/PiLOT_sb_MSS_CM3_hw_platform/Debug/CMSIS/startup_gcc/newlib_stubs.o
 .debug_loc     0x00001a7d      0xbb9 C:\Users\S-SPACE\Desktop\Pratik\Final_Year_Project\PiLOT_G2_Software\PiLOT_G2_IMG2\PiLOT_sb_MSS_CM3_hw_platform\Debug\libPiLOT_sb_MSS_CM3_hw_platform.a(mss_uart.o)
 .debug_loc     0x00002636      0xb8c C:\Users\S-SPACE\Desktop\Pratik\Final_Year_Project\PiLOT_G2_Software\PiLOT_G2_IMG2\PiLOT_sb_MSS_CM3_hw_platform\Debug\libPiLOT_sb_MSS_CM3_hw_platform.a(mss_sys_services.o)
 .debug_loc     0x000031c2      0x549 C:\Users\S-SPACE\Desktop\Pratik\Final_Year_Project\PiLOT_G2_Software\PiLOT_G2_IMG2\PiLOT_sb_MSS_CM3_hw_platform\Debug\libPiLOT_sb_MSS_CM3_hw_platform.a(mss_spi.o)
 .debug_loc     0x0000370b      0x226 C:\Users\S-SPACE\Desktop\Pratik\Final_Year_Project\PiLOT_G2_Software\PiLOT_G2_IMG2\PiLOT_sb_MSS_CM3_hw_platform\Debug\libPiLOT_sb_MSS_CM3_hw_platform.a(mss_gpio.o)
 .debug_loc     0x00003931      0x181 C:\Users\S-SPACE\Desktop\Pratik\Final_Year_Project\PiLOT_G2_Software\PiLOT_G2_IMG2\PiLOT_sb_MSS_CM3_hw_platform\Debug\libPiLOT_sb_MSS_CM3_hw_platform.a(core_timer.o)
 .debug_loc     0x00003ab2      0x3de C:\Users\S-SPACE\Desktop\Pratik\Final_Year_Project\PiLOT_G2_Software\PiLOT_G2_IMG2\PiLOT_sb_MSS_CM3_hw_platform\Debug\libPiLOT_sb_MSS_CM3_hw_platform.a(core_spi.o)
 .debug_loc     0x00003e90      0x6a9 C:\Users\S-SPACE\Desktop\Pratik\Final_Year_Project\PiLOT_G2_Software\PiLOT_G2_IMG2\PiLOT_sb_MSS_CM3_hw_platform\Debug\libPiLOT_sb_MSS_CM3_hw_platform.a(core_i2c.o)
 .debug_loc     0x00004539       0xdc C:\Users\S-SPACE\Desktop\Pratik\Final_Year_Project\PiLOT_G2_Software\PiLOT_G2_IMG2\PiLOT_sb_MSS_CM3_hw_platform\Debug\libPiLOT_sb_MSS_CM3_hw_platform.a(i2c_interrupt.o)
 .debug_loc     0x00004615      0x169 C:\Users\S-SPACE\Desktop\Pratik\Final_Year_Project\PiLOT_G2_Software\PiLOT_G2_IMG2\PiLOT_sb_MSS_CM3_hw_platform\Debug\libPiLOT_sb_MSS_CM3_hw_platform.a(system_m2sxxx.o)
 .debug_loc     0x0000477e      0x339 C:\Users\S-SPACE\Desktop\Pratik\Final_Year_Project\PiLOT_G2_Software\PiLOT_G2_IMG2\PiLOT_sb_MSS_CM3_hw_platform\Debug\libPiLOT_sb_MSS_CM3_hw_platform.a(mss_comblk.o)

.debug_macinfo  0x00000000    0xb4039
 *(.debug_macinfo)
 .debug_macinfo
                0x00000000     0xbaaf ./P1.o
 .debug_macinfo
                0x0000baaf     0xbab7 ./P2.o
 .debug_macinfo
                0x00017566     0xbab3 ./main.o
 .debug_macinfo
                0x00023019      0xc81 ./packet_definition.o
 .debug_macinfo
                0x00023c9a     0xbab3 ./cmds/cmd.o
 .debug_macinfo
                0x0002f74d     0xbab6 ./PIS/RS485_Controller.o
 .debug_macinfo
                0x0003b203     0x858c ./PIS/VC_Sensor.o
 .debug_macinfo
                0x0004378f     0x16f0 ./OBC/ADC.o
 .debug_macinfo
                0x00044e7f     0x4071 ./OBC/IMU.o
 .debug_macinfo
                0x00048ef0     0x73d4 ./OBC/SD.o
 .debug_macinfo
                0x000502c4     0x75b5 ./OBC/memory.o
 .debug_macinfo
                0x00057879     0x76a6 ./GMC/counter.o
 .debug_macinfo
                0x0005ef1f     0xbabf ./Comms/adf7030.o
 .debug_macinfo
                0x0006a9de     0x4bf0 C:/Users/S-SPACE/Desktop/Pratik/Final_Year_Project/PiLOT_G2_Software/PiLOT_G2_IMG2/PiLOT_sb_MSS_CM3_hw_platform/Debug/CMSIS/startup_gcc/newlib_stubs.o
 .debug_macinfo
                0x0006f5ce     0x8184 C:\Users\S-SPACE\Desktop\Pratik\Final_Year_Project\PiLOT_G2_Software\PiLOT_G2_IMG2\PiLOT_sb_MSS_CM3_hw_platform\Debug\libPiLOT_sb_MSS_CM3_hw_platform.a(mss_uart.o)
 .debug_macinfo
                0x00077752     0xa898 C:\Users\S-SPACE\Desktop\Pratik\Final_Year_Project\PiLOT_G2_Software\PiLOT_G2_IMG2\PiLOT_sb_MSS_CM3_hw_platform\Debug\libPiLOT_sb_MSS_CM3_hw_platform.a(mss_sys_services.o)
 .debug_macinfo
                0x00081fea     0x8fd8 C:\Users\S-SPACE\Desktop\Pratik\Final_Year_Project\PiLOT_G2_Software\PiLOT_G2_IMG2\PiLOT_sb_MSS_CM3_hw_platform\Debug\libPiLOT_sb_MSS_CM3_hw_platform.a(mss_spi.o)
 .debug_macinfo
                0x0008afc2     0x777c C:\Users\S-SPACE\Desktop\Pratik\Final_Year_Project\PiLOT_G2_Software\PiLOT_G2_IMG2\PiLOT_sb_MSS_CM3_hw_platform\Debug\libPiLOT_sb_MSS_CM3_hw_platform.a(mss_gpio.o)
 .debug_macinfo
                0x0009273e     0x2593 C:\Users\S-SPACE\Desktop\Pratik\Final_Year_Project\PiLOT_G2_Software\PiLOT_G2_IMG2\PiLOT_sb_MSS_CM3_hw_platform\Debug\libPiLOT_sb_MSS_CM3_hw_platform.a(core_timer.o)
 .debug_macinfo
                0x00094cd1     0x4d64 C:\Users\S-SPACE\Desktop\Pratik\Final_Year_Project\PiLOT_G2_Software\PiLOT_G2_IMG2\PiLOT_sb_MSS_CM3_hw_platform\Debug\libPiLOT_sb_MSS_CM3_hw_platform.a(core_spi.o)
 .debug_macinfo
                0x00099a35     0x44f1 C:\Users\S-SPACE\Desktop\Pratik\Final_Year_Project\PiLOT_G2_Software\PiLOT_G2_IMG2\PiLOT_sb_MSS_CM3_hw_platform\Debug\libPiLOT_sb_MSS_CM3_hw_platform.a(core_i2c.o)
 .debug_macinfo
                0x0009df26     0x79df C:\Users\S-SPACE\Desktop\Pratik\Final_Year_Project\PiLOT_G2_Software\PiLOT_G2_IMG2\PiLOT_sb_MSS_CM3_hw_platform\Debug\libPiLOT_sb_MSS_CM3_hw_platform.a(i2c_interrupt.o)
 .debug_macinfo
                0x000a5905     0x73cd C:\Users\S-SPACE\Desktop\Pratik\Final_Year_Project\PiLOT_G2_Software\PiLOT_G2_IMG2\PiLOT_sb_MSS_CM3_hw_platform\Debug\libPiLOT_sb_MSS_CM3_hw_platform.a(system_m2sxxx.o)
 .debug_macinfo
                0x000accd2     0x7367 C:\Users\S-SPACE\Desktop\Pratik\Final_Year_Project\PiLOT_G2_Software\PiLOT_G2_IMG2\PiLOT_sb_MSS_CM3_hw_platform\Debug\libPiLOT_sb_MSS_CM3_hw_platform.a(mss_comblk.o)

.debug_weaknames
 *(.debug_weaknames)

.debug_funcnames
 *(.debug_funcnames)

.debug_typenames
 *(.debug_typenames)

.debug_varnames
 *(.debug_varnames)

.note.gnu.arm.ident
 *(.note.gnu.arm.ident)

.ARM.attributes
                0x00000000       0x25
 *(.ARM.attributes)
 .ARM.attributes
                0x00000000       0x19 c:/program files (x86)/microsemi/softconsole v3.4/sourcery-g++/bin/../lib/gcc/arm-none-eabi/4.4.1/thumb2/crti.o
 .ARM.attributes
                0x00000019       0x29 c:/program files (x86)/microsemi/softconsole v3.4/sourcery-g++/bin/../lib/gcc/arm-none-eabi/4.4.1/thumb2/crtbegin.o
 .ARM.attributes
                0x00000042       0x31 ./P1.o
 .ARM.attributes
                0x00000073       0x31 ./P2.o
 .ARM.attributes
                0x000000a4       0x31 ./main.o
 .ARM.attributes
                0x000000d5       0x31 ./packet_definition.o
 .ARM.attributes
                0x00000106       0x31 ./cmds/cmd.o
 .ARM.attributes
                0x00000137       0x31 ./PIS/RS485_Controller.o
 .ARM.attributes
                0x00000168       0x31 ./PIS/VC_Sensor.o
 .ARM.attributes
                0x00000199       0x31 ./OBC/ADC.o
 .ARM.attributes
                0x000001ca       0x31 ./OBC/IMU.o
 .ARM.attributes
                0x000001fb       0x31 ./OBC/SD.o
 .ARM.attributes
                0x0000022c       0x31 ./OBC/memory.o
 .ARM.attributes
                0x0000025d       0x31 ./GMC/counter.o
 .ARM.attributes
                0x0000028e       0x31 ./Comms/adf7030.o
 .ARM.attributes
                0x000002bf       0x21 C:/Users/S-SPACE/Desktop/Pratik/Final_Year_Project/PiLOT_G2_Software/PiLOT_G2_IMG2/PiLOT_sb_MSS_CM3_hw_platform/Debug/CMSIS/startup_gcc/startup_m2sxxx.o
 .ARM.attributes
                0x000002e0       0x31 C:/Users/S-SPACE/Desktop/Pratik/Final_Year_Project/PiLOT_G2_Software/PiLOT_G2_IMG2/PiLOT_sb_MSS_CM3_hw_platform/Debug/CMSIS/startup_gcc/newlib_stubs.o
 .ARM.attributes
                0x00000311       0x21 C:\Users\S-SPACE\Desktop\Pratik\Final_Year_Project\PiLOT_G2_Software\PiLOT_G2_IMG2\PiLOT_sb_MSS_CM3_hw_platform\Debug\libPiLOT_sb_MSS_CM3_hw_platform.a(hw_reg_access.o)
 .ARM.attributes
                0x00000332       0x31 C:\Users\S-SPACE\Desktop\Pratik\Final_Year_Project\PiLOT_G2_Software\PiLOT_G2_IMG2\PiLOT_sb_MSS_CM3_hw_platform\Debug\libPiLOT_sb_MSS_CM3_hw_platform.a(mss_uart.o)
 .ARM.attributes
                0x00000363       0x31 C:\Users\S-SPACE\Desktop\Pratik\Final_Year_Project\PiLOT_G2_Software\PiLOT_G2_IMG2\PiLOT_sb_MSS_CM3_hw_platform\Debug\libPiLOT_sb_MSS_CM3_hw_platform.a(mss_sys_services.o)
 .ARM.attributes
                0x00000394       0x31 C:\Users\S-SPACE\Desktop\Pratik\Final_Year_Project\PiLOT_G2_Software\PiLOT_G2_IMG2\PiLOT_sb_MSS_CM3_hw_platform\Debug\libPiLOT_sb_MSS_CM3_hw_platform.a(mss_spi.o)
 .ARM.attributes
                0x000003c5       0x31 C:\Users\S-SPACE\Desktop\Pratik\Final_Year_Project\PiLOT_G2_Software\PiLOT_G2_IMG2\PiLOT_sb_MSS_CM3_hw_platform\Debug\libPiLOT_sb_MSS_CM3_hw_platform.a(mss_gpio.o)
 .ARM.attributes
                0x000003f6       0x31 C:\Users\S-SPACE\Desktop\Pratik\Final_Year_Project\PiLOT_G2_Software\PiLOT_G2_IMG2\PiLOT_sb_MSS_CM3_hw_platform\Debug\libPiLOT_sb_MSS_CM3_hw_platform.a(core_timer.o)
 .ARM.attributes
                0x00000427       0x31 C:\Users\S-SPACE\Desktop\Pratik\Final_Year_Project\PiLOT_G2_Software\PiLOT_G2_IMG2\PiLOT_sb_MSS_CM3_hw_platform\Debug\libPiLOT_sb_MSS_CM3_hw_platform.a(core_spi.o)
 .ARM.attributes
                0x00000458       0x31 C:\Users\S-SPACE\Desktop\Pratik\Final_Year_Project\PiLOT_G2_Software\PiLOT_G2_IMG2\PiLOT_sb_MSS_CM3_hw_platform\Debug\libPiLOT_sb_MSS_CM3_hw_platform.a(core_i2c.o)
 .ARM.attributes
                0x00000489       0x31 C:\Users\S-SPACE\Desktop\Pratik\Final_Year_Project\PiLOT_G2_Software\PiLOT_G2_IMG2\PiLOT_sb_MSS_CM3_hw_platform\Debug\libPiLOT_sb_MSS_CM3_hw_platform.a(i2c_interrupt.o)
 .ARM.attributes
                0x000004ba       0x31 C:\Users\S-SPACE\Desktop\Pratik\Final_Year_Project\PiLOT_G2_Software\PiLOT_G2_IMG2\PiLOT_sb_MSS_CM3_hw_platform\Debug\libPiLOT_sb_MSS_CM3_hw_platform.a(system_m2sxxx.o)
 .ARM.attributes
                0x000004eb       0x21 C:\Users\S-SPACE\Desktop\Pratik\Final_Year_Project\PiLOT_G2_Software\PiLOT_G2_IMG2\PiLOT_sb_MSS_CM3_hw_platform\Debug\libPiLOT_sb_MSS_CM3_hw_platform.a(hal.o)
 .ARM.attributes
                0x0000050c       0x31 C:\Users\S-SPACE\Desktop\Pratik\Final_Year_Project\PiLOT_G2_Software\PiLOT_G2_IMG2\PiLOT_sb_MSS_CM3_hw_platform\Debug\libPiLOT_sb_MSS_CM3_hw_platform.a(mss_comblk.o)
 .ARM.attributes
                0x0000053d       0x29 c:/program files (x86)/microsemi/softconsole v3.4/sourcery-g++/bin/../lib/gcc/arm-none-eabi/4.4.1/../../../../arm-none-eabi/lib/thumb2\libc.a(lib_a-errno.o)
 .ARM.attributes
                0x00000566       0x29 c:/program files (x86)/microsemi/softconsole v3.4/sourcery-g++/bin/../lib/gcc/arm-none-eabi/4.4.1/../../../../arm-none-eabi/lib/thumb2\libc.a(lib_a-impure.o)
 .ARM.attributes
                0x0000058f       0x29 c:/program files (x86)/microsemi/softconsole v3.4/sourcery-g++/bin/../lib/gcc/arm-none-eabi/4.4.1/../../../../arm-none-eabi/lib/thumb2\libc.a(lib_a-init.o)
 .ARM.attributes
                0x000005b8       0x29 c:/program files (x86)/microsemi/softconsole v3.4/sourcery-g++/bin/../lib/gcc/arm-none-eabi/4.4.1/../../../../arm-none-eabi/lib/thumb2\libc.a(lib_a-memcpy.o)
 .ARM.attributes
                0x000005e1       0x29 c:/program files (x86)/microsemi/softconsole v3.4/sourcery-g++/bin/../lib/gcc/arm-none-eabi/4.4.1/../../../../arm-none-eabi/lib/thumb2\libc.a(lib_a-memset.o)
 .ARM.attributes
                0x0000060a       0x29 c:/program files (x86)/microsemi/softconsole v3.4/sourcery-g++/bin/../lib/gcc/arm-none-eabi/4.4.1/thumb2/crtend.o
 .ARM.attributes
                0x00000633       0x19 c:/program files (x86)/microsemi/softconsole v3.4/sourcery-g++/bin/../lib/gcc/arm-none-eabi/4.4.1/thumb2/crtn.o

/DISCARD/
 *(.note.GNU-stack)
OUTPUT(PiLOT_sb_MSS_CM3_app elf32-littlearm)

.debug_ranges   0x00000000      0xd20
 .debug_ranges  0x00000000       0x78 ./P1.o
 .debug_ranges  0x00000078       0x28 ./P2.o
 .debug_ranges  0x000000a0      0x108 ./main.o
 .debug_ranges  0x000001a8       0x58 ./cmds/cmd.o
 .debug_ranges  0x00000200       0x40 ./PIS/RS485_Controller.o
 .debug_ranges  0x00000240       0x48 ./PIS/VC_Sensor.o
 .debug_ranges  0x00000288       0x20 ./OBC/ADC.o
 .debug_ranges  0x000002a8       0x28 ./OBC/IMU.o
 .debug_ranges  0x000002d0       0x28 ./OBC/SD.o
 .debug_ranges  0x000002f8       0x28 ./OBC/memory.o
 .debug_ranges  0x00000320       0x40 ./GMC/counter.o
 .debug_ranges  0x00000360       0xd8 ./Comms/adf7030.o
 .debug_ranges  0x00000438       0xa0 C:/Users/S-SPACE/Desktop/Pratik/Final_Year_Project/PiLOT_G2_Software/PiLOT_G2_IMG2/PiLOT_sb_MSS_CM3_hw_platform/Debug/CMSIS/startup_gcc/newlib_stubs.o
 .debug_ranges  0x000004d8      0x1c8 C:\Users\S-SPACE\Desktop\Pratik\Final_Year_Project\PiLOT_G2_Software\PiLOT_G2_IMG2\PiLOT_sb_MSS_CM3_hw_platform\Debug\libPiLOT_sb_MSS_CM3_hw_platform.a(mss_uart.o)
 .debug_ranges  0x000006a0      0x1f0 C:\Users\S-SPACE\Desktop\Pratik\Final_Year_Project\PiLOT_G2_Software\PiLOT_G2_IMG2\PiLOT_sb_MSS_CM3_hw_platform\Debug\libPiLOT_sb_MSS_CM3_hw_platform.a(mss_sys_services.o)
 .debug_ranges  0x00000890       0xd8 C:\Users\S-SPACE\Desktop\Pratik\Final_Year_Project\PiLOT_G2_Software\PiLOT_G2_IMG2\PiLOT_sb_MSS_CM3_hw_platform\Debug\libPiLOT_sb_MSS_CM3_hw_platform.a(mss_spi.o)
 .debug_ranges  0x00000968       0x60 C:\Users\S-SPACE\Desktop\Pratik\Final_Year_Project\PiLOT_G2_Software\PiLOT_G2_IMG2\PiLOT_sb_MSS_CM3_hw_platform\Debug\libPiLOT_sb_MSS_CM3_hw_platform.a(mss_gpio.o)
 .debug_ranges  0x000009c8       0x48 C:\Users\S-SPACE\Desktop\Pratik\Final_Year_Project\PiLOT_G2_Software\PiLOT_G2_IMG2\PiLOT_sb_MSS_CM3_hw_platform\Debug\libPiLOT_sb_MSS_CM3_hw_platform.a(core_timer.o)
 .debug_ranges  0x00000a10       0xa0 C:\Users\S-SPACE\Desktop\Pratik\Final_Year_Project\PiLOT_G2_Software\PiLOT_G2_IMG2\PiLOT_sb_MSS_CM3_hw_platform\Debug\libPiLOT_sb_MSS_CM3_hw_platform.a(core_spi.o)
 .debug_ranges  0x00000ab0      0x120 C:\Users\S-SPACE\Desktop\Pratik\Final_Year_Project\PiLOT_G2_Software\PiLOT_G2_IMG2\PiLOT_sb_MSS_CM3_hw_platform\Debug\libPiLOT_sb_MSS_CM3_hw_platform.a(core_i2c.o)
 .debug_ranges  0x00000bd0       0x30 C:\Users\S-SPACE\Desktop\Pratik\Final_Year_Project\PiLOT_G2_Software\PiLOT_G2_IMG2\PiLOT_sb_MSS_CM3_hw_platform\Debug\libPiLOT_sb_MSS_CM3_hw_platform.a(i2c_interrupt.o)
 .debug_ranges  0x00000c00       0x48 C:\Users\S-SPACE\Desktop\Pratik\Final_Year_Project\PiLOT_G2_Software\PiLOT_G2_IMG2\PiLOT_sb_MSS_CM3_hw_platform\Debug\libPiLOT_sb_MSS_CM3_hw_platform.a(system_m2sxxx.o)
 .debug_ranges  0x00000c48       0xd8 C:\Users\S-SPACE\Desktop\Pratik\Final_Year_Project\PiLOT_G2_Software\PiLOT_G2_IMG2\PiLOT_sb_MSS_CM3_hw_platform\Debug\libPiLOT_sb_MSS_CM3_hw_platform.a(mss_comblk.o)
