Archive member included because of file (symbol)

C:\Users\S-SPACE\Desktop\Pratik\Final_Year_Project\PiLOT_G2_Software\PiLOT_G2_IMG2\PiLOT_sb_MSS_CM3_hw_platform\Debug\libPiLOT_sb_MSS_CM3_hw_platform.a(hw_reg_access.o)
                              ./P1.o (HW_set_16bit_reg)
C:\Users\S-SPACE\Desktop\Pratik\Final_Year_Project\PiLOT_G2_Software\PiLOT_G2_IMG2\PiLOT_sb_MSS_CM3_hw_platform\Debug\libPiLOT_sb_MSS_CM3_hw_platform.a(mss_uart.o)
                              ./P1.o (g_mss_uart0)
C:\Users\S-SPACE\Desktop\Pratik\Final_Year_Project\PiLOT_G2_Software\PiLOT_G2_IMG2\PiLOT_sb_MSS_CM3_hw_platform\Debug\libPiLOT_sb_MSS_CM3_hw_platform.a(mss_sys_services.o)
                              ./main.o (MSS_SYS_init)
C:\Users\S-SPACE\Desktop\Pratik\Final_Year_Project\PiLOT_G2_Software\PiLOT_G2_IMG2\PiLOT_sb_MSS_CM3_hw_platform\Debug\libPiLOT_sb_MSS_CM3_hw_platform.a(mss_spi.o)
                              ./main.o (g_mss_spi0)
C:\Users\S-SPACE\Desktop\Pratik\Final_Year_Project\PiLOT_G2_Software\PiLOT_G2_IMG2\PiLOT_sb_MSS_CM3_hw_platform\Debug\libPiLOT_sb_MSS_CM3_hw_platform.a(mss_nvm.o)
                              ./main.o (NVM_write)
C:\Users\S-SPACE\Desktop\Pratik\Final_Year_Project\PiLOT_G2_Software\PiLOT_G2_IMG2\PiLOT_sb_MSS_CM3_hw_platform\Debug\libPiLOT_sb_MSS_CM3_hw_platform.a(mss_gpio.o)
                              ./main.o (MSS_GPIO_init)
C:\Users\S-SPACE\Desktop\Pratik\Final_Year_Project\PiLOT_G2_Software\PiLOT_G2_IMG2\PiLOT_sb_MSS_CM3_hw_platform\Debug\libPiLOT_sb_MSS_CM3_hw_platform.a(core_timer.o)
                              ./main.o (TMR_init)
C:\Users\S-SPACE\Desktop\Pratik\Final_Year_Project\PiLOT_G2_Software\PiLOT_G2_IMG2\PiLOT_sb_MSS_CM3_hw_platform\Debug\libPiLOT_sb_MSS_CM3_hw_platform.a(core_spi.o)
                              ./Comms/adf7030.o (SPI_init)
C:\Users\S-SPACE\Desktop\Pratik\Final_Year_Project\PiLOT_G2_Software\PiLOT_G2_IMG2\PiLOT_sb_MSS_CM3_hw_platform\Debug\libPiLOT_sb_MSS_CM3_hw_platform.a(core_i2c.o)
                              ./P1.o (I2C_init)
C:\Users\S-SPACE\Desktop\Pratik\Final_Year_Project\PiLOT_G2_Software\PiLOT_G2_IMG2\PiLOT_sb_MSS_CM3_hw_platform\Debug\libPiLOT_sb_MSS_CM3_hw_platform.a(i2c_interrupt.o)
                              C:\Users\S-SPACE\Desktop\Pratik\Final_Year_Project\PiLOT_G2_Software\PiLOT_G2_IMG2\PiLOT_sb_MSS_CM3_hw_platform\Debug\libPiLOT_sb_MSS_CM3_hw_platform.a(core_i2c.o) (I2C_enable_irq)
C:\Users\S-SPACE\Desktop\Pratik\Final_Year_Project\PiLOT_G2_Software\PiLOT_G2_IMG2\PiLOT_sb_MSS_CM3_hw_platform\Debug\libPiLOT_sb_MSS_CM3_hw_platform.a(system_m2sxxx.o)
                              C:\Users\S-SPACE\Desktop\Pratik\Final_Year_Project\PiLOT_G2_Software\PiLOT_G2_IMG2\PiLOT_sb_MSS_CM3_hw_platform\Debug\libPiLOT_sb_MSS_CM3_hw_platform.a(mss_nvm.o) (SystemCoreClock)
C:\Users\S-SPACE\Desktop\Pratik\Final_Year_Project\PiLOT_G2_Software\PiLOT_G2_IMG2\PiLOT_sb_MSS_CM3_hw_platform\Debug\libPiLOT_sb_MSS_CM3_hw_platform.a(hal.o)
                              C:\Users\S-SPACE\Desktop\Pratik\Final_Year_Project\PiLOT_G2_Software\PiLOT_G2_IMG2\PiLOT_sb_MSS_CM3_hw_platform\Debug\libPiLOT_sb_MSS_CM3_hw_platform.a(core_i2c.o) (HAL_disable_interrupts)
C:\Users\S-SPACE\Desktop\Pratik\Final_Year_Project\PiLOT_G2_Software\PiLOT_G2_IMG2\PiLOT_sb_MSS_CM3_hw_platform\Debug\libPiLOT_sb_MSS_CM3_hw_platform.a(mss_comblk.o)
                              C:\Users\S-SPACE\Desktop\Pratik\Final_Year_Project\PiLOT_G2_Software\PiLOT_G2_IMG2\PiLOT_sb_MSS_CM3_hw_platform\Debug\libPiLOT_sb_MSS_CM3_hw_platform.a(mss_sys_services.o) (MSS_COMBLK_init)
c:/program files (x86)/microsemi/softconsole v3.4/sourcery-g++/bin/../lib/gcc/arm-none-eabi/4.4.1/../../../../arm-none-eabi/lib/thumb2\libc.a(lib_a-errno.o)
                              C:/Users/S-SPACE/Desktop/Pratik/Final_Year_Project/PiLOT_G2_Software/PiLOT_G2_IMG2/PiLOT_sb_MSS_CM3_hw_platform/Debug/CMSIS/startup_gcc/newlib_stubs.o (__errno)
c:/program files (x86)/microsemi/softconsole v3.4/sourcery-g++/bin/../lib/gcc/arm-none-eabi/4.4.1/../../../../arm-none-eabi/lib/thumb2\libc.a(lib_a-impure.o)
                              c:/program files (x86)/microsemi/softconsole v3.4/sourcery-g++/bin/../lib/gcc/arm-none-eabi/4.4.1/../../../../arm-none-eabi/lib/thumb2\libc.a(lib_a-errno.o) (_impure_ptr)
c:/program files (x86)/microsemi/softconsole v3.4/sourcery-g++/bin/../lib/gcc/arm-none-eabi/4.4.1/../../../../arm-none-eabi/lib/thumb2\libc.a(lib_a-init.o)
                              C:/Users/S-SPACE/Desktop/Pratik/Final_Year_Project/PiLOT_G2_Software/PiLOT_G2_IMG2/PiLOT_sb_MSS_CM3_hw_platform/Debug/CMSIS/startup_gcc/startup_m2sxxx.o (__libc_init_array)
c:/program files (x86)/microsemi/softconsole v3.4/sourcery-g++/bin/../lib/gcc/arm-none-eabi/4.4.1/../../../../arm-none-eabi/lib/thumb2\libc.a(lib_a-memcpy.o)
                              C:\Users\S-SPACE\Desktop\Pratik\Final_Year_Project\PiLOT_G2_Software\PiLOT_G2_IMG2\PiLOT_sb_MSS_CM3_hw_platform\Debug\libPiLOT_sb_MSS_CM3_hw_platform.a(mss_sys_services.o) (memcpy)
[...]
Memory Configuration

Name             Origin             Length             Attributes
rom              0x00000000         0x00040000         xr
ram              0x20000000         0x00010000         xrw
*default*        0x00000000         0xffffffff

Linker script and memory map

LOAD c:/program files (x86)/microsemi/softconsole v3.4/sourcery-g++/bin/../lib/gcc/arm-none-eabi/4.4.1/thumb2/crti.o
LOAD c:/program files (x86)/microsemi/softconsole v3.4/sourcery-g++/bin/../lib/gcc/arm-none-eabi/4.4.1/thumb2/crtbegin.o
LOAD ./P1.o
LOAD ./P2.o
LOAD ./main.o
LOAD ./packet_definition.o
LOAD ./cmds/cmd.o
LOAD ./PIS/RS485_Controller.o
LOAD ./PIS/VC_Sensor.o
LOAD ./OBC/ADC.o
LOAD ./OBC/IMU.o
LOAD ./OBC/SD.o
LOAD ./OBC/memory.o
LOAD ./GMC/counter.o
LOAD ./Comms/adf7030.o
LOAD C:/Users/S-SPACE/Desktop/Pratik/Final_Year_Project/PiLOT_G2_Software/PiLOT_G2_IMG2/PiLOT_sb_MSS_CM3_hw_platform/Debug/CMSIS/startup_gcc/startup_m2sxxx.o
LOAD C:/Users/S-SPACE/Desktop/Pratik/Final_Year_Project/PiLOT_G2_Software/PiLOT_G2_IMG2/PiLOT_sb_MSS_CM3_hw_platform/Debug/CMSIS/startup_gcc/newlib_stubs.o
LOAD C:\Users\S-SPACE\Desktop\Pratik\Final_Year_Project\PiLOT_G2_Software\PiLOT_G2_IMG2\PiLOT_sb_MSS_CM3_hw_platform\Debug\libPiLOT_sb_MSS_CM3_hw_platform.a
START GROUP
LOAD c:/program files (x86)/microsemi/softconsole v3.4/sourcery-g++/bin/../lib/gcc/arm-none-eabi/4.4.1/thumb2\libgcc.a
LOAD c:/program files (x86)/microsemi/softconsole v3.4/sourcery-g++/bin/../lib/gcc/arm-none-eabi/4.4.1/../../../../arm-none-eabi/lib/thumb2\libc.a
END GROUP
LOAD c:/program files (x86)/microsemi/softconsole v3.4/sourcery-g++/bin/../lib/gcc/arm-none-eabi/4.4.1/thumb2/crtend.o
LOAD c:/program files (x86)/microsemi/softconsole v3.4/sourcery-g++/bin/../lib/gcc/arm-none-eabi/4.4.1/thumb2/crtn.o
START GROUP
LOAD c:/program files (x86)/microsemi/softconsole v3.4/sourcery-g++/bin/../lib/gcc/arm-none-eabi/4.4.1/../../../../arm-none-eabi/lib/thumb2\libc.a
LOAD c:/program files (x86)/microsemi/softconsole v3.4/sourcery-g++/bin/../lib/gcc/arm-none-eabi/4.4.1/thumb2\libgcc.a
LOAD c:/program files (x86)/microsemi/softconsole v3.4/sourcery-g++/bin/../lib/gcc/arm-none-eabi/4.4.1/../../../../arm-none-eabi/lib/thumb2\libm.a
END GROUP
                0x00000000                __DYNAMIC = 0x0
                0x20000000                RAM_START_ADDRESS = 0x20000000
                0x00010000                RAM_SIZE = 0x10000
                0x00001000                MAIN_STACK_SIZE = 0x1000
                0x00001000                MIN_SIZE_HEAP = 0x1000
                0x20010000                PROVIDE (__main_stack_start, (RAM_START_ADDRESS + RAM_SIZE))
                0x2000f000                PROVIDE (__process_stack_start, (__main_stack_start - MAIN_STACK_SIZE))
                0x20010000                PROVIDE (_estack, __main_stack_start)
                0x00000000                PROVIDE (__mirrored_nvm, 0x0)
                0x00000000                PROVIDE (__smartfusion2_memory_remap, 0x0)

.vector_table   0x00000000      0x190
                0x00000000                __vector_table_load = LOADADDR (.vector_table)
                0x00000000                __vector_table_start = .
                0x00000000                __vector_table_vma_base_address = .
 *(.isr_vector)
 .isr_vector    0x00000000      0x190 C:/Users/S-SPACE/Desktop/Pratik/Final_Year_Project/PiLOT_G2_Software/PiLOT_G2_IMG2/PiLOT_sb_MSS_CM3_hw_platform/Debug/CMSIS/startup_gcc/startup_m2sxxx.o
                0x00000000                g_pfnVectors
                0x00000190                . = ALIGN (0x10)
                0x00000190                _evector_table = .

.boot_code      0x00000190      0x330
 *(.boot_code)
 .boot_code     0x00000190      0x330 C:/Users/S-SPACE/Desktop/Pratik/Final_Year_Project/PiLOT_G2_Software/PiLOT_G2_IMG2/PiLOT_sb_MSS_CM3_hw_platform/Debug/CMSIS/startup_gcc/startup_m2sxxx.o
                0x00000190                Reset_Handler
                0x0000037e                NMI_Handler
                0x00000380                HardFault_Handler
                0x00000382                MemManage_Handler
                0x00000384                BusFault_Handler
                0x00000386                UsageFault_Handler
                0x00000388                SVC_Handler
                0x0000038a                DebugMon_Handler
                0x0000038c                PendSV_Handler
                0x0000038e                SysTick_Handler
                0x00000390                WdogWakeup_IRQHandler
                0x00000392                RTC_Wakeup_IRQHandler
                0x00000398                I2C0_IRQHandler
                0x0000039a                I2C0_SMBAlert_IRQHandler
                0x0000039c                I2C0_SMBus_IRQHandler
                0x0000039e                I2C1_IRQHandler
                0x000003a0                I2C1_SMBAlert_IRQHandler
                0x000003a2                I2C1_SMBus_IRQHandler
                0x000003a8                EthernetMAC_IRQHandler
                0x000003aa                DMA_IRQHandler
                0x000003ac                Timer1_IRQHandler
                0x000003ae                Timer2_IRQHandler
                0x000003b0                CAN_IRQHandler
                0x000003b2                ENVM0_IRQHandler
                0x000003b4                ENVM1_IRQHandler
                0x000003b8                USB_IRQHandler
                0x000003ba                USB_DMA_IRQHandler
                0x000003bc                PLL_Lock_IRQHandler
                0x000003be                PLL_LockLost_IRQHandler
                0x000003c0                CommSwitchError_IRQHandler
                0x000003c2                CacheError_IRQHandler
                0x000003c4                DDR_IRQHandler
                0x000003c6                HPDMA_Complete_IRQHandler
                0x000003c8                HPDMA_Error_IRQHandler
                0x000003ca                ECC_Error_IRQHandler
                0x000003cc                MDDR_IOCalib_IRQHandler
                0x000003ce                FAB_PLL_Lock_IRQHandler
                0x000003d0                FAB_PLL_LockLost_IRQHandler
                0x000003d2                FIC64_IRQHandler
                0x000003e6                FabricIrq9_IRQHandler
                0x000003e8                FabricIrq10_IRQHandler
                0x000003ea                FabricIrq11_IRQHandler
                0x000003ec                FabricIrq12_IRQHandler
                0x000003ee                FabricIrq13_IRQHandler
                0x000003f0                FabricIrq14_IRQHandler
                0x000003f2                FabricIrq15_IRQHandler
                0x000003f4                GPIO0_IRQHandler
                0x000003f8                GPIO2_IRQHandler
                0x000003fc                GPIO4_IRQHandler
                0x000003fe                GPIO5_IRQHandler
                0x00000400                GPIO6_IRQHandler
                0x00000402                GPIO7_IRQHandler
                0x00000404                GPIO8_IRQHandler
                0x00000406                GPIO9_IRQHandler
                0x00000408                GPIO10_IRQHandler
                0x0000040a                GPIO11_IRQHandler
                0x0000040c                GPIO12_IRQHandler
                0x0000040e                GPIO13_IRQHandler
                0x00000410                GPIO14_IRQHandler
                0x00000412                GPIO15_IRQHandler
                0x00000414                GPIO16_IRQHandler
                0x00000416                GPIO17_IRQHandler
                0x00000418                GPIO18_IRQHandler
                0x0000041a                GPIO19_IRQHandler
                0x0000041c                GPIO20_IRQHandler
                0x0000041e                GPIO21_IRQHandler
                0x00000420                GPIO22_IRQHandler
                0x00000422                GPIO23_IRQHandler
                0x00000424                GPIO24_IRQHandler
                0x00000426                GPIO25_IRQHandler
                0x00000428                GPIO26_IRQHandler
                0x0000042a                GPIO27_IRQHandler
                0x0000042c                GPIO28_IRQHandler
                0x0000042e                GPIO29_IRQHandler
                0x00000430                GPIO30_IRQHandler
                0x00000432                GPIO31_IRQHandler
                0x00000434                mscc_post_hw_cfg_init
                0x000004c0                . = ALIGN (0x10)

.text           0x000004c0     0xb690
 CREATE_OBJECT_SYMBOLS
                0x000004c0                __text_load = LOADADDR (.text)
                0x000004c0                __text_start = .
 *(.text .text.* .gnu.linkonce.t.*)
 .text          0x000004c0       0x30 c:/program files (x86)/microsemi/softconsole v3.4/sourcery-g++/bin/../lib/gcc/arm-none-eabi/4.4.1/thumb2/crtbegin.o
 .text.MSS_TIM64_get_current_value
                0x000004f0       0x30 ./P1.o
 .text.MSS_WD_current_value
                0x00000520       0x18 ./P1.o
 .text.p1_init  0x00000538       0x58 ./P1.o
                0x00000538                p1_init
 .text.make_FLetcher
                0x00000590      0x138 ./P1.o
                0x00000590                make_FLetcher
 .text.get_hk   0x000006c8      0x9f0 ./P1.o
                0x000006c8                get_hk
 .text.get_temp
                0x000010b8      0x10c ./P1.o
                0x000010b8                get_temp
 .text.get_sd_data
                0x000011c4       0x34 ./P1.o
                0x000011c4                get_sd_data
 .text.get_gmc  0x000011f8      0x514 ./P2.o
                0x000011f8                get_gmc
 .text.get_comms
                0x0000170c      0x508 ./P2.o
                0x0000170c                get_comms
 .text.NVIC_EnableIRQ
                0x00001c14       0x38 ./main.o
 .text.NVIC_DisableIRQ
                0x00001c4c       0x3c ./main.o
 .text.NVIC_ClearPendingIRQ
                0x00001c88       0x3c ./main.o
 .text.NVIC_SetPriority
                0x00001cc4       0x5c ./main.o
 .text.MSS_TIM64_init
                0x00001d20       0xa4 ./main.o
 .text.MSS_TIM64_start
                0x00001dc4       0x1c ./main.o
 .text.MSS_TIM64_get_current_value
                0x00001de0       0x30 ./main.o
 .text.MSS_TIM64_load_immediate
                0x00001e10       0x2c ./main.o
 .text.MSS_WD_init
                0x00001e3c       0x6c ./main.o
 .text.MSS_WD_reload
                0x00001ea8       0x1c ./main.o
 .text.form_log_packet
                0x00001ec4      0x210 ./main.o
                0x00001ec4                form_log_packet
 .text.HK_ISR   0x000020d4      0x1d8 ./main.o
                0x000020d4                HK_ISR
 .text.GMC_ISR  0x000022ac      0x1d8 ./main.o
                0x000022ac                GMC_ISR
 .text.COMMS_ISR
                0x00002484      0x1d8 ./main.o
                0x00002484                COMMS_ISR
 .text.THER_ISR
                0x0000265c      0x1d8 ./main.o
                0x0000265c                THER_ISR
 .text.SD_ISR   0x00002834       0x40 ./main.o
                0x00002834                SD_ISR
 .text.timer_intr_set
                0x00002874      0x170 ./main.o
                0x00002874                timer_intr_set
 .text.get_cmd  0x000029e4       0xc4 ./main.o
                0x000029e4                get_cmd
 .text.init_cmd_engine
                0x00002aa8       0x74 ./main.o
                0x00002aa8                init_cmd_engine
 .text.Tim64_init
                0x00002b1c       0x20 ./main.o
                0x00002b1c                Tim64_init
 .text.get_init
                0x00002b3c      0x194 ./main.o
                0x00002b3c                get_init
 .text.main     0x00002cd0      0x3d4 ./main.o
                0x00002cd0                main
 .text.FabricIrq0_IRQHandler
                0x000030a4       0x14 ./main.o
                0x000030a4                FabricIrq0_IRQHandler
 .text.FabricIrq1_IRQHandler
                0x000030b8       0x14 ./main.o
                0x000030b8                FabricIrq1_IRQHandler
 .text.FabricIrq2_IRQHandler
                0x000030cc       0x14 ./main.o
                0x000030cc                FabricIrq2_IRQHandler
 .text.FabricIrq3_IRQHandler
                0x000030e0       0x14 ./main.o
                0x000030e0                FabricIrq3_IRQHandler
 .text.FabricIrq4_IRQHandler
                0x000030f4        0xc ./main.o
                0x000030f4                FabricIrq4_IRQHandler
 .text.FabricIrq5_IRQHandler
                0x00003100        0xc ./main.o
                0x00003100                FabricIrq5_IRQHandler
 .text.FabricIrq6_IRQHandler
                0x0000310c        0xc ./main.o
                0x0000310c                FabricIrq6_IRQHandler
 .text.FabricIrq7_IRQHandler
                0x00003118        0xc ./main.o
                0x00003118                FabricIrq7_IRQHandler
 .text.FabricIrq8_IRQHandler
                0x00003124        0xc ./main.o
                0x00003124                FabricIrq8_IRQHandler
 .text.cmd_valid
                0x00003130       0x3c ./cmds/cmd.o
                0x00003130                cmd_valid
 .text.add_cmd  0x0000316c       0xbc ./cmds/cmd.o
                0x0000316c                add_cmd
 .text.cmd_engine
                0x00003228       0x50 ./cmds/cmd.o
                0x00003228                cmd_engine
 .text.cmd_noop
                0x00003278       0x14 ./cmds/cmd.o
                0x00003278                cmd_noop
 .text.set_pkt_rate
                0x0000328c      0x1f4 ./cmds/cmd.o
                0x0000328c                set_pkt_rate
 .text.delay    0x00003480       0x24 ./cmds/cmd.o
                0x00003480                delay
 .text.exe_iap  0x000034a4      0x12c ./cmds/cmd.o
                0x000034a4                exe_iap
 .text.read_adf_reg
                0x000035d0      0x100 ./cmds/cmd.o
                0x000035d0                read_adf_reg
 .text.exe_rtm  0x000036d0       0x3c ./cmds/cmd.o
                0x000036d0                exe_rtm
 .text.NVIC_EnableIRQ
                0x0000370c       0x38 ./PIS/RS485_Controller.o
 .text.NVIC_SetPriority
                0x00003744       0x5c ./PIS/RS485_Controller.o
 .text.GPIO1_IRQHandler
                0x000037a0       0x58 ./PIS/RS485_Controller.o
                0x000037a0                GPIO1_IRQHandler
 .text.GPIO3_IRQHandler
                0x000037f8       0x98 ./PIS/RS485_Controller.o
                0x000037f8                GPIO3_IRQHandler
 .text.get_time_vector
                0x00003890       0x6c ./PIS/RS485_Controller.o
                0x00003890                get_time_vector
 .text.init_RS485_Controller
                0x000038fc      0x1a4 ./PIS/RS485_Controller.o
                0x000038fc                init_RS485_Controller
 .text.vc_write
                0x00003aa0       0xa8 ./PIS/VC_Sensor.o
                0x00003aa0                vc_write
 .text.vc_read  0x00003b48       0xa8 ./PIS/VC_Sensor.o
                0x00003b48                vc_read
 .text.vc_read_reg
                0x00003bf0       0x58 ./PIS/VC_Sensor.o
                0x00003bf0                vc_read_reg
 .text.vc_init  0x00003c48       0x78 ./PIS/VC_Sensor.o
                0x00003c48                vc_init
 .text.read_bus_voltage
                0x00003cc0       0xbc ./PIS/VC_Sensor.o
                0x00003cc0                read_bus_voltage
 .text.read_shunt_voltage
                0x00003d7c       0xc0 ./PIS/VC_Sensor.o
                0x00003d7c                read_shunt_voltage
 .text.ADC_Init
                0x00003e3c       0xf0 ./OBC/ADC.o
                0x00003e3c                ADC_Init
 .text.get_ADC_value
                0x00003f2c       0xa0 ./OBC/ADC.o
                0x00003f2c                get_ADC_value
 .text.get_IMU_acc
                0x00003fcc      0x318 ./OBC/IMU.o
                0x00003fcc                get_IMU_acc
 .text.get_IMU_gyro
                0x000042e4      0x2e4 ./OBC/IMU.o
                0x000042e4                get_IMU_gyro
 .text.get_IMU_temp
                0x000045c8       0xc0 ./OBC/IMU.o
                0x000045c8                get_IMU_temp
 .text.SD_Init  0x00004688      0x47c ./OBC/SD.o
                0x00004688                SD_Init
 .text.SD_Write
                0x00004b04      0x23c ./OBC/SD.o
                0x00004b04                SD_Write
 .text.SD_Read  0x00004d40      0x1bc ./OBC/SD.o
                0x00004d40                SD_Read
 .text.initialise_partition
                0x00004efc       0x30 ./OBC/memory.o
                0x00004efc                initialise_partition
 .text.store_data
                0x00004f2c       0x5c ./OBC/memory.o
                0x00004f2c                store_data
 .text.read_data
                0x00004f88       0x5c ./OBC/memory.o
                0x00004f88                read_data
 .text.counter_init
                0x00004fe4       0x64 ./GMC/counter.o
                0x00004fe4                counter_init
 .text.get_count
                0x00005048       0x54 ./GMC/counter.o
                0x00005048                get_count
 .text.get_free_res
                0x0000509c       0x8c ./GMC/counter.o
                0x0000509c                get_free_res
 .text.get_gmc_voltages
                0x00005128       0x80 ./GMC/counter.o
                0x00005128                get_gmc_voltages
 .text.set_adf_spi_instance
                0x000051a8       0x20 ./Comms/adf7030.o
                0x000051a8                set_adf_spi_instance
 .text.adf_init
                0x000051c8      0x298 ./Comms/adf7030.o
                0x000051c8                adf_init
 .text.apply_file
                0x00005460       0xcc ./Comms/adf7030.o
                0x00005460                apply_file
 .text.config_adf7030
                0x0000552c      0x100 ./Comms/adf7030.o
                0x0000552c                config_adf7030
 .text.adf_write_to_memory
                0x0000562c       0x94 ./Comms/adf7030.o
                0x0000562c                adf_write_to_memory
 .text.adf_read_from_memory
                0x000056c0       0x98 ./Comms/adf7030.o
                0x000056c0                adf_read_from_memory
 .text.adf_send_cmd
                0x00005758       0xcc ./Comms/adf7030.o
                0x00005758                adf_send_cmd
 .text.cmd_ready_set
                0x00005824       0x7c ./Comms/adf7030.o
                0x00005824                cmd_ready_set
 .text.adf_in_idle
                0x000058a0       0x7c ./Comms/adf7030.o
                0x000058a0                adf_in_idle
 .text.adf_spi_trans_read
                0x0000591c       0x68 ./Comms/adf7030.o
                0x0000591c                adf_spi_trans_read
 .text.adf_spi_trans_write
                0x00005984       0xf4 ./Comms/adf7030.o
                0x00005984                adf_spi_trans_write
 .text.adf_get_state
                0x00005a78       0x9c ./Comms/adf7030.o
                0x00005a78                adf_get_state
 .text.get_rssi_data
                0x00005b14       0x94 ./Comms/adf7030.o
                0x00005b14                get_rssi_data
 .text.get_rssi_cca_data
                0x00005ba8       0xb4 ./Comms/adf7030.o
                0x00005ba8                get_rssi_cca_data
 .text.get_preamble_pkt
                0x00005c5c       0x30 ./Comms/adf7030.o
                0x00005c5c                get_preamble_pkt
 .text.get_sync_word
                0x00005c8c       0x50 ./Comms/adf7030.o
                0x00005c8c                get_sync_word
 .text.get_freq
                0x00005cdc       0x50 ./Comms/adf7030.o
                0x00005cdc                get_freq
 .text          0x00005d2c       0x90 C:\Users\S-SPACE\Desktop\Pratik\Final_Year_Project\PiLOT_G2_Software\PiLOT_G2_IMG2\PiLOT_sb_MSS_CM3_hw_platform\Debug\libPiLOT_sb_MSS_CM3_hw_platform.a(hw_reg_access.o)
                0x00005d2c                HW_set_32bit_reg
                0x00005d30                HW_get_32bit_reg
                0x00005d34                HW_set_32bit_reg_field
                0x00005d50                HW_get_32bit_reg_field
                0x00005d5c                HW_set_16bit_reg
                0x00005d60                HW_get_16bit_reg
                0x00005d64                HW_set_16bit_reg_field
                0x00005d80                HW_get_16bit_reg_field
                0x00005d8c                HW_set_8bit_reg
                0x00005d90                HW_get_8bit_reg
                0x00005d94                HW_set_8bit_reg_field
                0x00005db0                HW_get_8bit_reg_field
 .text.NVIC_ClearPendingIRQ
                0x00005dbc       0x3c C:\Users\S-SPACE\Desktop\Pratik\Final_Year_Project\PiLOT_G2_Software\PiLOT_G2_IMG2\PiLOT_sb_MSS_CM3_hw_platform\Debug\libPiLOT_sb_MSS_CM3_hw_platform.a(mss_uart.o)
 .text.set_bit_reg8
                0x00005df8       0x40 C:\Users\S-SPACE\Desktop\Pratik\Final_Year_Project\PiLOT_G2_Software\PiLOT_G2_IMG2\PiLOT_sb_MSS_CM3_hw_platform\Debug\libPiLOT_sb_MSS_CM3_hw_platform.a(mss_uart.o)
 .text.clear_bit_reg8
                0x00005e38       0x40 C:\Users\S-SPACE\Desktop\Pratik\Final_Year_Project\PiLOT_G2_Software\PiLOT_G2_IMG2\PiLOT_sb_MSS_CM3_hw_platform\Debug\libPiLOT_sb_MSS_CM3_hw_platform.a(mss_uart.o)
 .text.read_bit_reg8
                0x00005e78       0x40 C:\Users\S-SPACE\Desktop\Pratik\Final_Year_Project\PiLOT_G2_Software\PiLOT_G2_IMG2\PiLOT_sb_MSS_CM3_hw_platform\Debug\libPiLOT_sb_MSS_CM3_hw_platform.a(mss_uart.o)
 .text.MSS_UART_init
                0x00005eb8       0x84 C:\Users\S-SPACE\Desktop\Pratik\Final_Year_Project\PiLOT_G2_Software\PiLOT_G2_IMG2\PiLOT_sb_MSS_CM3_hw_platform\Debug\libPiLOT_sb_MSS_CM3_hw_platform.a(mss_uart.o)
                0x00005eb8                MSS_UART_init
 .text.MSS_UART_polled_tx
                0x00005f3c       0xe4 C:\Users\S-SPACE\Desktop\Pratik\Final_Year_Project\PiLOT_G2_Software\PiLOT_G2_IMG2\PiLOT_sb_MSS_CM3_hw_platform\Debug\libPiLOT_sb_MSS_CM3_hw_platform.a(mss_uart.o)
                0x00005f3c                MSS_UART_polled_tx
 .text.UART0_IRQHandler
                0x00006020       0x24 C:\Users\S-SPACE\Desktop\Pratik\Final_Year_Project\PiLOT_G2_Software\PiLOT_G2_IMG2\PiLOT_sb_MSS_CM3_hw_platform\Debug\libPiLOT_sb_MSS_CM3_hw_platform.a(mss_uart.o)
                0x00006020                UART0_IRQHandler
 .text.UART1_IRQHandler
                0x00006044       0x24 C:\Users\S-SPACE\Desktop\Pratik\Final_Year_Project\PiLOT_G2_Software\PiLOT_G2_IMG2\PiLOT_sb_MSS_CM3_hw_platform\Debug\libPiLOT_sb_MSS_CM3_hw_platform.a(mss_uart.o)
                0x00006044                UART1_IRQHandler
 .text.config_baud_divisors
                0x00006068      0x198 C:\Users\S-SPACE\Desktop\Pratik\Final_Year_Project\PiLOT_G2_Software\PiLOT_G2_IMG2\PiLOT_sb_MSS_CM3_hw_platform\Debug\libPiLOT_sb_MSS_CM3_hw_platform.a(mss_uart.o)
 .text.global_init
                0x00006200      0x26c C:\Users\S-SPACE\Desktop\Pratik\Final_Year_Project\PiLOT_G2_Software\PiLOT_G2_IMG2\PiLOT_sb_MSS_CM3_hw_platform\Debug\libPiLOT_sb_MSS_CM3_hw_platform.a(mss_uart.o)
 .text.MSS_UART_isr
                0x0000646c      0x22c C:\Users\S-SPACE\Desktop\Pratik\Final_Year_Project\PiLOT_G2_Software\PiLOT_G2_IMG2\PiLOT_sb_MSS_CM3_hw_platform\Debug\libPiLOT_sb_MSS_CM3_hw_platform.a(mss_uart.o)
 .text.default_tx_handler
                0x00006698      0x10c C:\Users\S-SPACE\Desktop\Pratik\Final_Year_Project\PiLOT_G2_Software\PiLOT_G2_IMG2\PiLOT_sb_MSS_CM3_hw_platform\Debug\libPiLOT_sb_MSS_CM3_hw_platform.a(mss_uart.o)
 .text.MSS_SYS_init
                0x000067a4       0x64 C:\Users\S-SPACE\Desktop\Pratik\Final_Year_Project\PiLOT_G2_Software\PiLOT_G2_IMG2\PiLOT_sb_MSS_CM3_hw_platform\Debug\libPiLOT_sb_MSS_CM3_hw_platform.a(mss_sys_services.o)
                0x000067a4                MSS_SYS_init
 .text.asynchronous_event_handler
                0x00006808      0x12c C:\Users\S-SPACE\Desktop\Pratik\Final_Year_Project\PiLOT_G2_Software\PiLOT_G2_IMG2\PiLOT_sb_MSS_CM3_hw_platform\Debug\libPiLOT_sb_MSS_CM3_hw_platform.a(mss_sys_services.o)
 .text.determine_seq
                0x00006934       0xc8 C:\Users\S-SPACE\Desktop\Pratik\Final_Year_Project\PiLOT_G2_Software\PiLOT_G2_IMG2\PiLOT_sb_MSS_CM3_hw_platform\Debug\libPiLOT_sb_MSS_CM3_hw_platform.a(mss_sys_services.o)
 .text.clk_switching_fix
                0x000069fc      0x3a0 C:\Users\S-SPACE\Desktop\Pratik\Final_Year_Project\PiLOT_G2_Software\PiLOT_G2_IMG2\PiLOT_sb_MSS_CM3_hw_platform\Debug\libPiLOT_sb_MSS_CM3_hw_platform.a(mss_sys_services.o)
 .text.revert_clk_config
                0x00006d9c      0x254 C:\Users\S-SPACE\Desktop\Pratik\Final_Year_Project\PiLOT_G2_Software\PiLOT_G2_IMG2\PiLOT_sb_MSS_CM3_hw_platform\Debug\libPiLOT_sb_MSS_CM3_hw_platform.a(mss_sys_services.o)
 .text.MSS_SYS_initiate_iap
                0x00006ff0      0x198 C:\Users\S-SPACE\Desktop\Pratik\Final_Year_Project\PiLOT_G2_Software\PiLOT_G2_IMG2\PiLOT_sb_MSS_CM3_hw_platform\Debug\libPiLOT_sb_MSS_CM3_hw_platform.a(mss_sys_services.o)
                0x00006ff0                MSS_SYS_initiate_iap
 .text.MSS_SYS_check_digest
                0x00007188      0x108 C:\Users\S-SPACE\Desktop\Pratik\Final_Year_Project\PiLOT_G2_Software\PiLOT_G2_IMG2\PiLOT_sb_MSS_CM3_hw_platform\Debug\libPiLOT_sb_MSS_CM3_hw_platform.a(mss_sys_services.o)
                0x00007188                MSS_SYS_check_digest
 .text.request_completion_handler
                0x00007290       0x30 C:\Users\S-SPACE\Desktop\Pratik\Final_Year_Project\PiLOT_G2_Software\PiLOT_G2_IMG2\PiLOT_sb_MSS_CM3_hw_platform\Debug\libPiLOT_sb_MSS_CM3_hw_platform.a(mss_sys_services.o)
 .text.signal_request_start
                0x000072c0       0x38 C:\Users\S-SPACE\Desktop\Pratik\Final_Year_Project\PiLOT_G2_Software\PiLOT_G2_IMG2\PiLOT_sb_MSS_CM3_hw_platform\Debug\libPiLOT_sb_MSS_CM3_hw_platform.a(mss_sys_services.o)
 .text.wait_for_request_completion
                0x000072f8       0x28 C:\Users\S-SPACE\Desktop\Pratik\Final_Year_Project\PiLOT_G2_Software\PiLOT_G2_IMG2\PiLOT_sb_MSS_CM3_hw_platform\Debug\libPiLOT_sb_MSS_CM3_hw_platform.a(mss_sys_services.o)
 .text.NVIC_EnableIRQ
                0x00007320       0x38 C:\Users\S-SPACE\Desktop\Pratik\Final_Year_Project\PiLOT_G2_Software\PiLOT_G2_IMG2\PiLOT_sb_MSS_CM3_hw_platform\Debug\libPiLOT_sb_MSS_CM3_hw_platform.a(mss_spi.o)
 .text.NVIC_DisableIRQ
                0x00007358       0x3c C:\Users\S-SPACE\Desktop\Pratik\Final_Year_Project\PiLOT_G2_Software\PiLOT_G2_IMG2\PiLOT_sb_MSS_CM3_hw_platform\Debug\libPiLOT_sb_MSS_CM3_hw_platform.a(mss_spi.o)
 .text.NVIC_ClearPendingIRQ
                0x00007394       0x3c C:\Users\S-SPACE\Desktop\Pratik\Final_Year_Project\PiLOT_G2_Software\PiLOT_G2_IMG2\PiLOT_sb_MSS_CM3_hw_platform\Debug\libPiLOT_sb_MSS_CM3_hw_platform.a(mss_spi.o)
 .text.MSS_SPI_init
                0x000073d0      0x134 C:\Users\S-SPACE\Desktop\Pratik\Final_Year_Project\PiLOT_G2_Software\PiLOT_G2_IMG2\PiLOT_sb_MSS_CM3_hw_platform\Debug\libPiLOT_sb_MSS_CM3_hw_platform.a(mss_spi.o)
                0x000073d0                MSS_SPI_init
 .text.recover_from_rx_overflow
                0x00007504      0x160 C:\Users\S-SPACE\Desktop\Pratik\Final_Year_Project\PiLOT_G2_Software\PiLOT_G2_IMG2\PiLOT_sb_MSS_CM3_hw_platform\Debug\libPiLOT_sb_MSS_CM3_hw_platform.a(mss_spi.o)
 .text.MSS_SPI_configure_master_mode
                0x00007664      0x150 C:\Users\S-SPACE\Desktop\Pratik\Final_Year_Project\PiLOT_G2_Software\PiLOT_G2_IMG2\PiLOT_sb_MSS_CM3_hw_platform\Debug\libPiLOT_sb_MSS_CM3_hw_platform.a(mss_spi.o)
                0x00007664                MSS_SPI_configure_master_mode
 .text.MSS_SPI_set_slave_select
                0x000077b4      0x108 C:\Users\S-SPACE\Desktop\Pratik\Final_Year_Project\PiLOT_G2_Software\PiLOT_G2_IMG2\PiLOT_sb_MSS_CM3_hw_platform\Debug\libPiLOT_sb_MSS_CM3_hw_platform.a(mss_spi.o)
                0x000077b4                MSS_SPI_set_slave_select
 .text.MSS_SPI_clear_slave_select
                0x000078bc       0x90 C:\Users\S-SPACE\Desktop\Pratik\Final_Year_Project\PiLOT_G2_Software\PiLOT_G2_IMG2\PiLOT_sb_MSS_CM3_hw_platform\Debug\libPiLOT_sb_MSS_CM3_hw_platform.a(mss_spi.o)
                0x000078bc                MSS_SPI_clear_slave_select
 .text.MSS_SPI_transfer_frame
                0x0000794c       0xc0 C:\Users\S-SPACE\Desktop\Pratik\Final_Year_Project\PiLOT_G2_Software\PiLOT_G2_IMG2\PiLOT_sb_MSS_CM3_hw_platform\Debug\libPiLOT_sb_MSS_CM3_hw_platform.a(mss_spi.o)
                0x0000794c                MSS_SPI_transfer_frame
 .text.MSS_SPI_transfer_block
                0x00007a0c      0x228 C:\Users\S-SPACE\Desktop\Pratik\Final_Year_Project\PiLOT_G2_Software\PiLOT_G2_IMG2\PiLOT_sb_MSS_CM3_hw_platform\Debug\libPiLOT_sb_MSS_CM3_hw_platform.a(mss_spi.o)
                0x00007a0c                MSS_SPI_transfer_block
 .text.fill_slave_tx_fifo
                0x00007c34       0xe0 C:\Users\S-SPACE\Desktop\Pratik\Final_Year_Project\PiLOT_G2_Software\PiLOT_G2_IMG2\PiLOT_sb_MSS_CM3_hw_platform\Debug\libPiLOT_sb_MSS_CM3_hw_platform.a(mss_spi.o)
 .text.read_slave_rx_fifo
                0x00007d14       0xac C:\Users\S-SPACE\Desktop\Pratik\Final_Year_Project\PiLOT_G2_Software\PiLOT_G2_IMG2\PiLOT_sb_MSS_CM3_hw_platform\Debug\libPiLOT_sb_MSS_CM3_hw_platform.a(mss_spi.o)
 .text.mss_spi_isr
                0x00007dc0      0x2b0 C:\Users\S-SPACE\Desktop\Pratik\Final_Year_Project\PiLOT_G2_Software\PiLOT_G2_IMG2\PiLOT_sb_MSS_CM3_hw_platform\Debug\libPiLOT_sb_MSS_CM3_hw_platform.a(mss_spi.o)
 .text.SPI0_IRQHandler
                0x00008070       0x24 C:\Users\S-SPACE\Desktop\Pratik\Final_Year_Project\PiLOT_G2_Software\PiLOT_G2_IMG2\PiLOT_sb_MSS_CM3_hw_platform\Debug\libPiLOT_sb_MSS_CM3_hw_platform.a(mss_spi.o)
                0x00008070                SPI0_IRQHandler
 .text.SPI1_IRQHandler
                0x00008094       0x24 C:\Users\S-SPACE\Desktop\Pratik\Final_Year_Project\PiLOT_G2_Software\PiLOT_G2_IMG2\PiLOT_sb_MSS_CM3_hw_platform\Debug\libPiLOT_sb_MSS_CM3_hw_platform.a(mss_spi.o)
                0x00008094                SPI1_IRQHandler
 .text.NVM_write
                0x000080b8      0x238 C:\Users\S-SPACE\Desktop\Pratik\Final_Year_Project\PiLOT_G2_Software\PiLOT_G2_IMG2\PiLOT_sb_MSS_CM3_hw_platform\Debug\libPiLOT_sb_MSS_CM3_hw_platform.a(mss_nvm.o)
                0x000080b8                NVM_write
 .text.get_error_code
                0x000082f0       0x64 C:\Users\S-SPACE\Desktop\Pratik\Final_Year_Project\PiLOT_G2_Software\PiLOT_G2_IMG2\PiLOT_sb_MSS_CM3_hw_platform\Debug\libPiLOT_sb_MSS_CM3_hw_platform.a(mss_nvm.o)
 .text.request_nvm_access
                0x00008354       0xa8 C:\Users\S-SPACE\Desktop\Pratik\Final_Year_Project\PiLOT_G2_Software\PiLOT_G2_IMG2\PiLOT_sb_MSS_CM3_hw_platform\Debug\libPiLOT_sb_MSS_CM3_hw_platform.a(mss_nvm.o)
 .text.get_ctrl_access
                0x000083fc       0x80 C:\Users\S-SPACE\Desktop\Pratik\Final_Year_Project\PiLOT_G2_Software\PiLOT_G2_IMG2\PiLOT_sb_MSS_CM3_hw_platform\Debug\libPiLOT_sb_MSS_CM3_hw_platform.a(mss_nvm.o)
 .text.release_ctrl_access
                0x0000847c       0x94 C:\Users\S-SPACE\Desktop\Pratik\Final_Year_Project\PiLOT_G2_Software\PiLOT_G2_IMG2\PiLOT_sb_MSS_CM3_hw_platform\Debug\libPiLOT_sb_MSS_CM3_hw_platform.a(mss_nvm.o)
 .text.wait_nvm_ready
                0x00008510       0x50 C:\Users\S-SPACE\Desktop\Pratik\Final_Year_Project\PiLOT_G2_Software\PiLOT_G2_IMG2\PiLOT_sb_MSS_CM3_hw_platform\Debug\libPiLOT_sb_MSS_CM3_hw_platform.a(mss_nvm.o)
 .text.write_nvm
                0x00008560      0x158 C:\Users\S-SPACE\Desktop\Pratik\Final_Year_Project\PiLOT_G2_Software\PiLOT_G2_IMG2\PiLOT_sb_MSS_CM3_hw_platform\Debug\libPiLOT_sb_MSS_CM3_hw_platform.a(mss_nvm.o)
 .text.get_remaining_page_length
                0x000086b8       0x44 C:\Users\S-SPACE\Desktop\Pratik\Final_Year_Project\PiLOT_G2_Software\PiLOT_G2_IMG2\PiLOT_sb_MSS_CM3_hw_platform\Debug\libPiLOT_sb_MSS_CM3_hw_platform.a(mss_nvm.o)
 .text.fill_wd_buffer
                0x000086fc      0x130 C:\Users\S-SPACE\Desktop\Pratik\Final_Year_Project\PiLOT_G2_Software\PiLOT_G2_IMG2\PiLOT_sb_MSS_CM3_hw_platform\Debug\libPiLOT_sb_MSS_CM3_hw_platform.a(mss_nvm.o)
 .text.check_protection_reserved_nvm
                0x0000882c      0x680 C:\Users\S-SPACE\Desktop\Pratik\Final_Year_Project\PiLOT_G2_Software\PiLOT_G2_IMG2\PiLOT_sb_MSS_CM3_hw_platform\Debug\libPiLOT_sb_MSS_CM3_hw_platform.a(mss_nvm.o)
 .text.protection_check
                0x00008eac       0x34 C:\Users\S-SPACE\Desktop\Pratik\Final_Year_Project\PiLOT_G2_Software\PiLOT_G2_IMG2\PiLOT_sb_MSS_CM3_hw_platform\Debug\libPiLOT_sb_MSS_CM3_hw_platform.a(mss_nvm.o)
 .text.NVIC_EnableIRQ
                0x00008ee0       0x38 C:\Users\S-SPACE\Desktop\Pratik\Final_Year_Project\PiLOT_G2_Software\PiLOT_G2_IMG2\PiLOT_sb_MSS_CM3_hw_platform\Debug\libPiLOT_sb_MSS_CM3_hw_platform.a(mss_gpio.o)
 .text.NVIC_DisableIRQ
                0x00008f18       0x3c C:\Users\S-SPACE\Desktop\Pratik\Final_Year_Project\PiLOT_G2_Software\PiLOT_G2_IMG2\PiLOT_sb_MSS_CM3_hw_platform\Debug\libPiLOT_sb_MSS_CM3_hw_platform.a(mss_gpio.o)
 .text.NVIC_ClearPendingIRQ
                0x00008f54       0x3c C:\Users\S-SPACE\Desktop\Pratik\Final_Year_Project\PiLOT_G2_Software\PiLOT_G2_IMG2\PiLOT_sb_MSS_CM3_hw_platform\Debug\libPiLOT_sb_MSS_CM3_hw_platform.a(mss_gpio.o)
 .text.MSS_GPIO_init
                0x00008f90       0xac C:\Users\S-SPACE\Desktop\Pratik\Final_Year_Project\PiLOT_G2_Software\PiLOT_G2_IMG2\PiLOT_sb_MSS_CM3_hw_platform\Debug\libPiLOT_sb_MSS_CM3_hw_platform.a(mss_gpio.o)
                0x00008f90                MSS_GPIO_init
 .text.MSS_GPIO_config
                0x0000903c       0x3c C:\Users\S-SPACE\Desktop\Pratik\Final_Year_Project\PiLOT_G2_Software\PiLOT_G2_IMG2\PiLOT_sb_MSS_CM3_hw_platform\Debug\libPiLOT_sb_MSS_CM3_hw_platform.a(mss_gpio.o)
                0x0000903c                MSS_GPIO_config
 .text.MSS_GPIO_set_output
                0x00009078       0x70 C:\Users\S-SPACE\Desktop\Pratik\Final_Year_Project\PiLOT_G2_Software\PiLOT_G2_IMG2\PiLOT_sb_MSS_CM3_hw_platform\Debug\libPiLOT_sb_MSS_CM3_hw_platform.a(mss_gpio.o)
                0x00009078                MSS_GPIO_set_output
 .text.MSS_GPIO_enable_irq
                0x000090e8       0x60 C:\Users\S-SPACE\Desktop\Pratik\Final_Year_Project\PiLOT_G2_Software\PiLOT_G2_IMG2\PiLOT_sb_MSS_CM3_hw_platform\Debug\libPiLOT_sb_MSS_CM3_hw_platform.a(mss_gpio.o)
                0x000090e8                MSS_GPIO_enable_irq
 .text.MSS_GPIO_clear_irq
                0x00009148       0x40 C:\Users\S-SPACE\Desktop\Pratik\Final_Year_Project\PiLOT_G2_Software\PiLOT_G2_IMG2\PiLOT_sb_MSS_CM3_hw_platform\Debug\libPiLOT_sb_MSS_CM3_hw_platform.a(mss_gpio.o)
                0x00009148                MSS_GPIO_clear_irq
 .text.TMR_init
                0x00009188       0xd0 C:\Users\S-SPACE\Desktop\Pratik\Final_Year_Project\PiLOT_G2_Software\PiLOT_G2_IMG2\PiLOT_sb_MSS_CM3_hw_platform\Debug\libPiLOT_sb_MSS_CM3_hw_platform.a(core_timer.o)
                0x00009188                TMR_init
 .text.TMR_start
                0x00009258       0x3c C:\Users\S-SPACE\Desktop\Pratik\Final_Year_Project\PiLOT_G2_Software\PiLOT_G2_IMG2\PiLOT_sb_MSS_CM3_hw_platform\Debug\libPiLOT_sb_MSS_CM3_hw_platform.a(core_timer.o)
                0x00009258                TMR_start
 .text.TMR_stop
                0x00009294       0x3c C:\Users\S-SPACE\Desktop\Pratik\Final_Year_Project\PiLOT_G2_Software\PiLOT_G2_IMG2\PiLOT_sb_MSS_CM3_hw_platform\Debug\libPiLOT_sb_MSS_CM3_hw_platform.a(core_timer.o)
                0x00009294                TMR_stop
 .text.TMR_enable_int
                0x000092d0       0x3c C:\Users\S-SPACE\Desktop\Pratik\Final_Year_Project\PiLOT_G2_Software\PiLOT_G2_IMG2\PiLOT_sb_MSS_CM3_hw_platform\Debug\libPiLOT_sb_MSS_CM3_hw_platform.a(core_timer.o)
                0x000092d0                TMR_enable_int
 .text.TMR_clear_int
                0x0000930c       0x34 C:\Users\S-SPACE\Desktop\Pratik\Final_Year_Project\PiLOT_G2_Software\PiLOT_G2_IMG2\PiLOT_sb_MSS_CM3_hw_platform\Debug\libPiLOT_sb_MSS_CM3_hw_platform.a(core_timer.o)
                0x0000930c                TMR_clear_int
 .text.SPI_init
                0x00009340       0xe4 C:\Users\S-SPACE\Desktop\Pratik\Final_Year_Project\PiLOT_G2_Software\PiLOT_G2_IMG2\PiLOT_sb_MSS_CM3_hw_platform\Debug\libPiLOT_sb_MSS_CM3_hw_platform.a(core_spi.o)
                0x00009340                SPI_init
 .text.SPI_configure_master_mode
                0x00009424       0x84 C:\Users\S-SPACE\Desktop\Pratik\Final_Year_Project\PiLOT_G2_Software\PiLOT_G2_IMG2\PiLOT_sb_MSS_CM3_hw_platform\Debug\libPiLOT_sb_MSS_CM3_hw_platform.a(core_spi.o)
                0x00009424                SPI_configure_master_mode
 .text.SPI_set_slave_select
                0x000094a8       0xa8 C:\Users\S-SPACE\Desktop\Pratik\Final_Year_Project\PiLOT_G2_Software\PiLOT_G2_IMG2\PiLOT_sb_MSS_CM3_hw_platform\Debug\libPiLOT_sb_MSS_CM3_hw_platform.a(core_spi.o)
                0x000094a8                SPI_set_slave_select
 .text.SPI_clear_slave_select
                0x00009550       0xac C:\Users\S-SPACE\Desktop\Pratik\Final_Year_Project\PiLOT_G2_Software\PiLOT_G2_IMG2\PiLOT_sb_MSS_CM3_hw_platform\Debug\libPiLOT_sb_MSS_CM3_hw_platform.a(core_spi.o)
                0x00009550                SPI_clear_slave_select
 .text.SPI_transfer_block
                0x000095fc      0x400 C:\Users\S-SPACE\Desktop\Pratik\Final_Year_Project\PiLOT_G2_Software\PiLOT_G2_IMG2\PiLOT_sb_MSS_CM3_hw_platform\Debug\libPiLOT_sb_MSS_CM3_hw_platform.a(core_spi.o)
                0x000095fc                SPI_transfer_block
 .text.recover_from_rx_overflow
                0x000099fc       0x60 C:\Users\S-SPACE\Desktop\Pratik\Final_Year_Project\PiLOT_G2_Software\PiLOT_G2_IMG2\PiLOT_sb_MSS_CM3_hw_platform\Debug\libPiLOT_sb_MSS_CM3_hw_platform.a(core_spi.o)
 .text.I2C_init
                0x00009a5c       0xec C:\Users\S-SPACE\Desktop\Pratik\Final_Year_Project\PiLOT_G2_Software\PiLOT_G2_IMG2\PiLOT_sb_MSS_CM3_hw_platform\Debug\libPiLOT_sb_MSS_CM3_hw_platform.a(core_i2c.o)
                0x00009a5c                I2C_init
 .text.I2C_write
                0x00009b48       0xe4 C:\Users\S-SPACE\Desktop\Pratik\Final_Year_Project\PiLOT_G2_Software\PiLOT_G2_IMG2\PiLOT_sb_MSS_CM3_hw_platform\Debug\libPiLOT_sb_MSS_CM3_hw_platform.a(core_i2c.o)
                0x00009b48                I2C_write
 .text.I2C_read
                0x00009c2c       0xe4 C:\Users\S-SPACE\Desktop\Pratik\Final_Year_Project\PiLOT_G2_Software\PiLOT_G2_IMG2\PiLOT_sb_MSS_CM3_hw_platform\Debug\libPiLOT_sb_MSS_CM3_hw_platform.a(core_i2c.o)
                0x00009c2c                I2C_read
 .text.I2C_write_read
                0x00009d10      0x130 C:\Users\S-SPACE\Desktop\Pratik\Final_Year_Project\PiLOT_G2_Software\PiLOT_G2_IMG2\PiLOT_sb_MSS_CM3_hw_platform\Debug\libPiLOT_sb_MSS_CM3_hw_platform.a(core_i2c.o)
                0x00009d10                I2C_write_read
 .text.I2C_wait_complete
                0x00009e40       0x38 C:\Users\S-SPACE\Desktop\Pratik\Final_Year_Project\PiLOT_G2_Software\PiLOT_G2_IMG2\PiLOT_sb_MSS_CM3_hw_platform\Debug\libPiLOT_sb_MSS_CM3_hw_platform.a(core_i2c.o)
                0x00009e40                I2C_wait_complete
 .text.enable_slave_if_required
                0x00009e78       0x30 C:\Users\S-SPACE\Desktop\Pratik\Final_Year_Project\PiLOT_G2_Software\PiLOT_G2_IMG2\PiLOT_sb_MSS_CM3_hw_platform\Debug\libPiLOT_sb_MSS_CM3_hw_platform.a(core_i2c.o)
 .text.I2C_isr  0x00009ea8      0xa94 C:\Users\S-SPACE\Desktop\Pratik\Final_Year_Project\PiLOT_G2_Software\PiLOT_G2_IMG2\PiLOT_sb_MSS_CM3_hw_platform\Debug\libPiLOT_sb_MSS_CM3_hw_platform.a(core_i2c.o)
                0x00009ea8                I2C_isr
 .text.NVIC_EnableIRQ
                0x0000a93c       0x38 C:\Users\S-SPACE\Desktop\Pratik\Final_Year_Project\PiLOT_G2_Software\PiLOT_G2_IMG2\PiLOT_sb_MSS_CM3_hw_platform\Debug\libPiLOT_sb_MSS_CM3_hw_platform.a(i2c_interrupt.o)
 .text.NVIC_DisableIRQ
                0x0000a974       0x3c C:\Users\S-SPACE\Desktop\Pratik\Final_Year_Project\PiLOT_G2_Software\PiLOT_G2_IMG2\PiLOT_sb_MSS_CM3_hw_platform\Debug\libPiLOT_sb_MSS_CM3_hw_platform.a(i2c_interrupt.o)
 .text.I2C_enable_irq
                0x0000a9b0       0x94 C:\Users\S-SPACE\Desktop\Pratik\Final_Year_Project\PiLOT_G2_Software\PiLOT_G2_IMG2\PiLOT_sb_MSS_CM3_hw_platform\Debug\libPiLOT_sb_MSS_CM3_hw_platform.a(i2c_interrupt.o)
                0x0000a9b0                I2C_enable_irq
 .text.I2C_disable_irq
                0x0000aa44       0x94 C:\Users\S-SPACE\Desktop\Pratik\Final_Year_Project\PiLOT_G2_Software\PiLOT_G2_IMG2\PiLOT_sb_MSS_CM3_hw_platform\Debug\libPiLOT_sb_MSS_CM3_hw_platform.a(i2c_interrupt.o)
                0x0000aa44                I2C_disable_irq
 .text.SystemInit
                0x0000aad8       0x28 C:\Users\S-SPACE\Desktop\Pratik\Final_Year_Project\PiLOT_G2_Software\PiLOT_G2_IMG2\PiLOT_sb_MSS_CM3_hw_platform\Debug\libPiLOT_sb_MSS_CM3_hw_platform.a(system_m2sxxx.o)
                0x0000aad8                SystemInit
 .text.SystemCoreClockUpdate
                0x0000ab00      0x14c C:\Users\S-SPACE\Desktop\Pratik\Final_Year_Project\PiLOT_G2_Software\PiLOT_G2_IMG2\PiLOT_sb_MSS_CM3_hw_platform\Debug\libPiLOT_sb_MSS_CM3_hw_platform.a(system_m2sxxx.o)
                0x0000ab00                SystemCoreClockUpdate
 .text.get_rcosc_25_50mhz_frequency
                0x0000ac4c       0x44 C:\Users\S-SPACE\Desktop\Pratik\Final_Year_Project\PiLOT_G2_Software\PiLOT_G2_IMG2\PiLOT_sb_MSS_CM3_hw_platform\Debug\libPiLOT_sb_MSS_CM3_hw_platform.a(system_m2sxxx.o)
 .text.set_clock_frequency_globals
                0x0000ac90       0x6c C:\Users\S-SPACE\Desktop\Pratik\Final_Year_Project\PiLOT_G2_Software\PiLOT_G2_IMG2\PiLOT_sb_MSS_CM3_hw_platform\Debug\libPiLOT_sb_MSS_CM3_hw_platform.a(system_m2sxxx.o)
 .text.get_silicon_revision
                0x0000acfc       0x50 C:\Users\S-SPACE\Desktop\Pratik\Final_Year_Project\PiLOT_G2_Software\PiLOT_G2_IMG2\PiLOT_sb_MSS_CM3_hw_platform\Debug\libPiLOT_sb_MSS_CM3_hw_platform.a(system_m2sxxx.o)
 .text.silicon_workarounds
                0x0000ad4c       0x20 C:\Users\S-SPACE\Desktop\Pratik\Final_Year_Project\PiLOT_G2_Software\PiLOT_G2_IMG2\PiLOT_sb_MSS_CM3_hw_platform\Debug\libPiLOT_sb_MSS_CM3_hw_platform.a(system_m2sxxx.o)
 .text.m2s050_rev_a_workarounds
                0x0000ad6c       0x44 C:\Users\S-SPACE\Desktop\Pratik\Final_Year_Project\PiLOT_G2_Software\PiLOT_G2_IMG2\PiLOT_sb_MSS_CM3_hw_platform\Debug\libPiLOT_sb_MSS_CM3_hw_platform.a(system_m2sxxx.o)
 .text          0x0000adb0        0xe C:\Users\S-SPACE\Desktop\Pratik\Final_Year_Project\PiLOT_G2_Software\PiLOT_G2_IMG2\PiLOT_sb_MSS_CM3_hw_platform\Debug\libPiLOT_sb_MSS_CM3_hw_platform.a(hal.o)
                0x0000adb0                HAL_disable_interrupts
                0x0000adb8                HAL_restore_interrupts
 *fill*         0x0000adbe        0x2 00
 .text.NVIC_EnableIRQ
                0x0000adc0       0x38 C:\Users\S-SPACE\Desktop\Pratik\Final_Year_Project\PiLOT_G2_Software\PiLOT_G2_IMG2\PiLOT_sb_MSS_CM3_hw_platform\Debug\libPiLOT_sb_MSS_CM3_hw_platform.a(mss_comblk.o)
 .text.NVIC_DisableIRQ
                0x0000adf8       0x3c C:\Users\S-SPACE\Desktop\Pratik\Final_Year_Project\PiLOT_G2_Software\PiLOT_G2_IMG2\PiLOT_sb_MSS_CM3_hw_platform\Debug\libPiLOT_sb_MSS_CM3_hw_platform.a(mss_comblk.o)
 .text.NVIC_ClearPendingIRQ
                0x0000ae34       0x3c C:\Users\S-SPACE\Desktop\Pratik\Final_Year_Project\PiLOT_G2_Software\PiLOT_G2_IMG2\PiLOT_sb_MSS_CM3_hw_platform\Debug\libPiLOT_sb_MSS_CM3_hw_platform.a(mss_comblk.o)
 .text.MSS_COMBLK_init
                0x0000ae70      0x13c C:\Users\S-SPACE\Desktop\Pratik\Final_Year_Project\PiLOT_G2_Software\PiLOT_G2_IMG2\PiLOT_sb_MSS_CM3_hw_platform\Debug\libPiLOT_sb_MSS_CM3_hw_platform.a(mss_comblk.o)
                0x0000ae70                MSS_COMBLK_init
 .text.MSS_COMBLK_send_cmd
                0x0000afac      0x1ac C:\Users\S-SPACE\Desktop\Pratik\Final_Year_Project\PiLOT_G2_Software\PiLOT_G2_IMG2\PiLOT_sb_MSS_CM3_hw_platform\Debug\libPiLOT_sb_MSS_CM3_hw_platform.a(mss_comblk.o)
                0x0000afac                MSS_COMBLK_send_cmd
 .text.ComBlk_IRQHandler
                0x0000b158       0x54 C:\Users\S-SPACE\Desktop\Pratik\Final_Year_Project\PiLOT_G2_Software\PiLOT_G2_IMG2\PiLOT_sb_MSS_CM3_hw_platform\Debug\libPiLOT_sb_MSS_CM3_hw_platform.a(mss_comblk.o)
                0x0000b158                ComBlk_IRQHandler
 .text.handle_tx_okay_irq
                0x0000b1ac      0x2c4 C:\Users\S-SPACE\Desktop\Pratik\Final_Year_Project\PiLOT_G2_Software\PiLOT_G2_IMG2\PiLOT_sb_MSS_CM3_hw_platform\Debug\libPiLOT_sb_MSS_CM3_hw_platform.a(mss_comblk.o)
 .text.handle_rx_okay_irq
                0x0000b470      0x2f8 C:\Users\S-SPACE\Desktop\Pratik\Final_Year_Project\PiLOT_G2_Software\PiLOT_G2_IMG2\PiLOT_sb_MSS_CM3_hw_platform\Debug\libPiLOT_sb_MSS_CM3_hw_platform.a(mss_comblk.o)
 .text.complete_request
                0x0000b768       0x58 C:\Users\S-SPACE\Desktop\Pratik\Final_Year_Project\PiLOT_G2_Software\PiLOT_G2_IMG2\PiLOT_sb_MSS_CM3_hw_platform\Debug\libPiLOT_sb_MSS_CM3_hw_platform.a(mss_comblk.o)
 .text.abort_current_cmd
                0x0000b7c0       0x60 C:\Users\S-SPACE\Desktop\Pratik\Final_Year_Project\PiLOT_G2_Software\PiLOT_G2_IMG2\PiLOT_sb_MSS_CM3_hw_platform\Debug\libPiLOT_sb_MSS_CM3_hw_platform.a(mss_comblk.o)
 .text.send_cmd_opcode
                0x0000b820       0x50 C:\Users\S-SPACE\Desktop\Pratik\Final_Year_Project\PiLOT_G2_Software\PiLOT_G2_IMG2\PiLOT_sb_MSS_CM3_hw_platform\Debug\libPiLOT_sb_MSS_CM3_hw_platform.a(mss_comblk.o)
 .text.fill_tx_fifo
                0x0000b870       0x80 C:\Users\S-SPACE\Desktop\Pratik\Final_Year_Project\PiLOT_G2_Software\PiLOT_G2_IMG2\PiLOT_sb_MSS_CM3_hw_platform\Debug\libPiLOT_sb_MSS_CM3_hw_platform.a(mss_comblk.o)
 .text.process_sys_ctrl_command
                0x0000b8f0       0x30 C:\Users\S-SPACE\Desktop\Pratik\Final_Year_Project\PiLOT_G2_Software\PiLOT_G2_IMG2\PiLOT_sb_MSS_CM3_hw_platform\Debug\libPiLOT_sb_MSS_CM3_hw_platform.a(mss_comblk.o)
 .text          0x0000b920       0x50 c:/program files (x86)/microsemi/softconsole v3.4/sourcery-g++/bin/../lib/gcc/arm-none-eabi/4.4.1/../../../../arm-none-eabi/lib/thumb2\libc.a(lib_a-init.o)
                0x0000b920                __libc_init_array
 .text          0x0000b970       0xd4 c:/program files (x86)/microsemi/softconsole v3.4/sourcery-g++/bin/../lib/gcc/arm-none-eabi/4.4.1/../../../../arm-none-eabi/lib/thumb2\libc.a(lib_a-memset.o)
                0x0000b970                memset
 *(.plt)
 *(.gnu.warning)
 *(.glue_7t)
 .glue_7t       0x00000000        0x0 linker stubs
 *(.glue_7)
 .glue_7        0x00000000        0x0 linker stubs
 *(.vfp11_veneer)
 .vfp11_veneer  0x00000000        0x0 linker stubs
                0x0000ba44                . = ALIGN (0x4)
 *crtbegin.o(.ctors)
 *(EXCLUDE_FILE(*crtend.o) .ctors)
 *(SORT(.ctors.*))
 *crtend.o(.ctors)
 *crtbegin.o(.dtors)
 *(EXCLUDE_FILE(*crtend.o) .dtors)
 *(SORT(.dtors.*))
 *crtend.o(.dtors)
 *(.rodata .rodata.* .gnu.linkonce.r.*)
 .rodata        0x0000ba44       0x14 ./P1.o
 .rodata.C.0.1475
                0x0000ba58        0x4 ./OBC/ADC.o
 .rodata.C.8.2448
                0x0000ba5c        0x4 ./OBC/IMU.o
 .rodata.C.0.2383
                0x0000ba60        0x4 ./OBC/IMU.o
 .rodata.C.57.5235
                0x0000ba64        0x4 ./Comms/adf7030.o
 .rodata.C.58.5236
                0x0000ba68        0x4 ./Comms/adf7030.o
 .rodata.C.59.5237
                0x0000ba6c        0x4 ./Comms/adf7030.o
 .rodata.C.60.5238
                0x0000ba70        0x4 ./Comms/adf7030.o
 .rodata.g_nvm  0x0000ba74        0x8 C:\Users\S-SPACE\Desktop\Pratik\Final_Year_Project\PiLOT_G2_Software\PiLOT_G2_IMG2\PiLOT_sb_MSS_CM3_hw_platform\Debug\libPiLOT_sb_MSS_CM3_hw_platform.a(mss_nvm.o)
 .rodata.g_nvm32
                0x0000ba7c        0x8 C:\Users\S-SPACE\Desktop\Pratik\Final_Year_Project\PiLOT_G2_Software\PiLOT_G2_IMG2\PiLOT_sb_MSS_CM3_hw_platform\Debug\libPiLOT_sb_MSS_CM3_hw_platform.a(mss_nvm.o)
 .rodata.g_config_reg_lut
                0x0000ba84       0x80 C:\Users\S-SPACE\Desktop\Pratik\Final_Year_Project\PiLOT_G2_Software\PiLOT_G2_IMG2\PiLOT_sb_MSS_CM3_hw_platform\Debug\libPiLOT_sb_MSS_CM3_hw_platform.a(mss_gpio.o)
 .rodata.g_gpio_irqn_lut
                0x0000bb04       0x20 C:\Users\S-SPACE\Desktop\Pratik\Final_Year_Project\PiLOT_G2_Software\PiLOT_G2_IMG2\PiLOT_sb_MSS_CM3_hw_platform\Debug\libPiLOT_sb_MSS_CM3_hw_platform.a(mss_gpio.o)
 .rodata.C.18.3527
                0x0000bb24        0x8 C:\Users\S-SPACE\Desktop\Pratik\Final_Year_Project\PiLOT_G2_Software\PiLOT_G2_IMG2\PiLOT_sb_MSS_CM3_hw_platform\Debug\libPiLOT_sb_MSS_CM3_hw_platform.a(system_m2sxxx.o)
 *(.ARM.extab* .gnu.linkonce.armextab.*)
 *(.gcc_except_table)
 *(.eh_frame_hdr)
 *(.eh_frame)
 *(.vector_table)
 *(.init)
 .init          0x0000bb2c        0x4 c:/program files (x86)/microsemi/softconsole v3.4/sourcery-g++/bin/../lib/gcc/arm-none-eabi/4.4.1/thumb2/crti.o
                0x0000bb2c                _init
 .init          0x0000bb30        0x8 c:/program files (x86)/microsemi/softconsole v3.4/sourcery-g++/bin/../lib/gcc/arm-none-eabi/4.4.1/thumb2/crtn.o
 *(.fini)
 .fini          0x0000bb38        0x4 c:/program files (x86)/microsemi/softconsole v3.4/sourcery-g++/bin/../lib/gcc/arm-none-eabi/4.4.1/thumb2/crti.o
                0x0000bb38                _fini
 .fini          0x0000bb3c        0x8 c:/program files (x86)/microsemi/softconsole v3.4/sourcery-g++/bin/../lib/gcc/arm-none-eabi/4.4.1/thumb2/crtn.o
                0x0000bb44                PROVIDE (__preinit_array_start, .)
 *(.preinit_array)
                0x0000bb44                PROVIDE (__preinit_array_end, .)
                0x0000bb44                PROVIDE (__init_array_start, .)
 *(SORT(.init_array.*))
 *(.init_array)
 .init_array    0x0000bb44        0x4 c:/program files (x86)/microsemi/softconsole v3.4/sourcery-g++/bin/../lib/gcc/arm-none-eabi/4.4.1/thumb2/crtbegin.o
                0x0000bb48                PROVIDE (__init_array_end, .)
                0x0000bb48                PROVIDE (__fini_array_start, .)
 *(.fini_array)
 .fini_array    0x0000bb48        0x4 c:/program files (x86)/microsemi/softconsole v3.4/sourcery-g++/bin/../lib/gcc/arm-none-eabi/4.4.1/thumb2/crtbegin.o
 *(SORT(.fini_array.*))
                0x0000bb4c                PROVIDE (__fini_array_end, .)
                0x0000bb50                . = ALIGN (0x10)
 *fill*         0x0000bb4c        0x4 00
                0x0000bb50                __exidx_start = .

.v4_bx          0x0000bb50        0x0
 .v4_bx         0x00000000        0x0 linker stubs

.ARM.exidx
 *(.ARM.exidx* .gnu.linkonce.armexidx.*)
                0x0000bb50                __exidx_end = .
                0x0000bb50                _etext = .

.data           0x20000000      0x350 load address 0x0000bb50
                0x0000bb50                __data_load = LOADADDR (.data)
                0x0000bb50                _sidata = LOADADDR (.data)
                0x20000000                __data_start = .
                0x20000000                _sdata = .
 *(.jcr)
 .jcr           0x20000000        0x0 c:/program files (x86)/microsemi/softconsole v3.4/sourcery-g++/bin/../lib/gcc/arm-none-eabi/4.4.1/thumb2/crtbegin.o
 .jcr           0x20000000        0x4 c:/program files (x86)/microsemi/softconsole v3.4/sourcery-g++/bin/../lib/gcc/arm-none-eabi/4.4.1/thumb2/crtend.o
 *(.got.plt)
 *(.got)
 *(.shdata)
 *(.data .data.* .gnu.linkonce.d.*)
 .data.IMG_ID   0x20000004        0x1 ./main.o
                0x20000004                IMG_ID
 *fill*         0x20000005        0x3 00
 .data.REPRO_CODE_WORD_ADDR
                0x20000008        0x4 ./cmds/cmd.o
                0x20000008                REPRO_CODE_WORD_ADDR
 .data.code_word
                0x2000000c        0x4 ./cmds/cmd.o
                0x2000000c                code_word
 .data.CMD0     0x20000010        0x8 ./OBC/SD.o
                0x20000010                CMD0
 .data.CMD8     0x20000018        0x8 ./OBC/SD.o
                0x20000018                CMD8
 .data.CMD58    0x20000020        0x8 ./OBC/SD.o
                0x20000020                CMD58
 .data.CMD55    0x20000028        0x8 ./OBC/SD.o
                0x20000028                CMD55
 .data.ACMD41   0x20000030        0x8 ./OBC/SD.o
                0x20000030                ACMD41
 .data.rx_size  0x20000038        0x1 ./GMC/counter.o
                0x20000038                rx_size
 *fill*         0x20000039        0x3 00
 .data.radio_memory_configuration
                0x2000003c      0x2d8 ./Comms/adf7030.o
                0x2000003c                radio_memory_configuration
 .data.div1_seq
                0x20000314        0x4 C:\Users\S-SPACE\Desktop\Pratik\Final_Year_Project\PiLOT_G2_Software\PiLOT_G2_IMG2\PiLOT_sb_MSS_CM3_hw_platform\Debug\libPiLOT_sb_MSS_CM3_hw_platform.a(mss_sys_services.o)
                0x20000314                div1_seq
 .data.div2_seq
                0x20000318        0x4 C:\Users\S-SPACE\Desktop\Pratik\Final_Year_Project\PiLOT_G2_Software\PiLOT_G2_IMG2\PiLOT_sb_MSS_CM3_hw_platform\Debug\libPiLOT_sb_MSS_CM3_hw_platform.a(mss_sys_services.o)
                0x20000318                div2_seq
 .data.div4_seq
                0x2000031c        0x8 C:\Users\S-SPACE\Desktop\Pratik\Final_Year_Project\PiLOT_G2_Software\PiLOT_G2_IMG2\PiLOT_sb_MSS_CM3_hw_platform\Debug\libPiLOT_sb_MSS_CM3_hw_platform.a(mss_sys_services.o)
                0x2000031c                div4_seq
 .data.div8_seq
                0x20000324        0x4 C:\Users\S-SPACE\Desktop\Pratik\Final_Year_Project\PiLOT_G2_Software\PiLOT_G2_IMG2\PiLOT_sb_MSS_CM3_hw_platform\Debug\libPiLOT_sb_MSS_CM3_hw_platform.a(mss_sys_services.o)
                0x20000324                div8_seq
 .data.div16_seq
                0x20000328        0x4 C:\Users\S-SPACE\Desktop\Pratik\Final_Year_Project\PiLOT_G2_Software\PiLOT_G2_IMG2\PiLOT_sb_MSS_CM3_hw_platform\Debug\libPiLOT_sb_MSS_CM3_hw_platform.a(mss_sys_services.o)
                0x20000328                div16_seq
 .data.div32_seq
                0x2000032c        0x4 C:\Users\S-SPACE\Desktop\Pratik\Final_Year_Project\PiLOT_G2_Software\PiLOT_G2_IMG2\PiLOT_sb_MSS_CM3_hw_platform\Debug\libPiLOT_sb_MSS_CM3_hw_platform.a(mss_sys_services.o)
                0x2000032c                div32_seq
 .data.g_initial_envm_cr
                0x20000330        0x4 C:\Users\S-SPACE\Desktop\Pratik\Final_Year_Project\PiLOT_G2_Software\PiLOT_G2_IMG2\PiLOT_sb_MSS_CM3_hw_platform\Debug\libPiLOT_sb_MSS_CM3_hw_platform.a(mss_sys_services.o)
 .data.SystemCoreClock
                0x20000334        0x4 C:\Users\S-SPACE\Desktop\Pratik\Final_Year_Project\PiLOT_G2_Software\PiLOT_G2_IMG2\PiLOT_sb_MSS_CM3_hw_platform\Debug\libPiLOT_sb_MSS_CM3_hw_platform.a(system_m2sxxx.o)
                0x20000334                SystemCoreClock
 .data.g_FrequencyPCLK0
                0x20000338        0x4 C:\Users\S-SPACE\Desktop\Pratik\Final_Year_Project\PiLOT_G2_Software\PiLOT_G2_IMG2\PiLOT_sb_MSS_CM3_hw_platform\Debug\libPiLOT_sb_MSS_CM3_hw_platform.a(system_m2sxxx.o)
                0x20000338                g_FrequencyPCLK0
 .data.g_FrequencyPCLK1
                0x2000033c        0x4 C:\Users\S-SPACE\Desktop\Pratik\Final_Year_Project\PiLOT_G2_Software\PiLOT_G2_IMG2\PiLOT_sb_MSS_CM3_hw_platform\Debug\libPiLOT_sb_MSS_CM3_hw_platform.a(system_m2sxxx.o)
                0x2000033c                g_FrequencyPCLK1
 .data.g_FrequencyPCLK2
                0x20000340        0x4 C:\Users\S-SPACE\Desktop\Pratik\Final_Year_Project\PiLOT_G2_Software\PiLOT_G2_IMG2\PiLOT_sb_MSS_CM3_hw_platform\Debug\libPiLOT_sb_MSS_CM3_hw_platform.a(system_m2sxxx.o)
                0x20000340                g_FrequencyPCLK2
 .data.g_FrequencyFIC0
                0x20000344        0x4 C:\Users\S-SPACE\Desktop\Pratik\Final_Year_Project\PiLOT_G2_Software\PiLOT_G2_IMG2\PiLOT_sb_MSS_CM3_hw_platform\Debug\libPiLOT_sb_MSS_CM3_hw_platform.a(system_m2sxxx.o)
                0x20000344                g_FrequencyFIC0
 .data.g_FrequencyFIC1
                0x20000348        0x4 C:\Users\S-SPACE\Desktop\Pratik\Final_Year_Project\PiLOT_G2_Software\PiLOT_G2_IMG2\PiLOT_sb_MSS_CM3_hw_platform\Debug\libPiLOT_sb_MSS_CM3_hw_platform.a(system_m2sxxx.o)
                0x20000348                g_FrequencyFIC1
 .data.g_FrequencyFIC64
                0x2000034c        0x4 C:\Users\S-SPACE\Desktop\Pratik\Final_Year_Project\PiLOT_G2_Software\PiLOT_G2_IMG2\PiLOT_sb_MSS_CM3_hw_platform\Debug\libPiLOT_sb_MSS_CM3_hw_platform.a(system_m2sxxx.o)
                0x2000034c                g_FrequencyFIC64
                0x20000350                . = ALIGN (0x10)
                0x20000350                _edata = .

.bss            0x20000350     0x12c0 load address 0x0000bea0
                0x20000350                __bss_start__ = .
                0x20000350                _sbss = .
 *(.shbss)
 *(.bss .bss.* .gnu.linkonce.b.*)
 .bss           0x20000350        0x1 c:/program files (x86)/microsemi/softconsole v3.4/sourcery-g++/bin/../lib/gcc/arm-none-eabi/4.4.1/thumb2/crtbegin.o
 *fill*         0x20000351        0x1 00
 .bss.hk_seq_num
                0x20000352        0x2 ./P1.o
                0x20000352                hk_seq_num
 .bss.latest_codeword
                0x20000354        0x1 ./P1.o
                0x20000354                latest_codeword
 .bss.store_in_sd_card
                0x20000355        0x1 ./P1.o
                0x20000355                store_in_sd_card
 .bss.sd_dump_comms
                0x20000356        0x1 ./P2.o
                0x20000356                sd_dump_comms
 .bss.sd_dump_gmc
                0x20000357        0x1 ./P2.o
                0x20000357                sd_dump_gmc
 .bss.comms_seq_num
                0x20000358        0x2 ./P2.o
                0x20000358                comms_seq_num
 .bss.gmc_seq_num
                0x2000035a        0x2 ./P2.o
                0x2000035a                gmc_seq_num
 .bss.cmd_adf_read_addr
                0x2000035c        0x4 ./P2.o
                0x2000035c                cmd_adf_read_addr
 .bss.cmd_adf_read_No_double_words
                0x20000360        0x1 ./P2.o
                0x20000360                cmd_adf_read_No_double_words
 .bss.ERR_LOG   0x20000361        0x1 ./main.o
                0x20000361                ERR_LOG
 .bss.cmd_rx_count
                0x20000362        0x1 ./main.o
                0x20000362                cmd_rx_count
 .bss.cmd_succ_count
                0x20000363        0x1 ./main.o
                0x20000363                cmd_succ_count
 .bss.cmd_reject_count
                0x20000364        0x1 ./main.o
                0x20000364                cmd_reject_count
 .bss.cmd_rs485_succ_count
                0x20000365        0x1 ./main.o
                0x20000365                cmd_rs485_succ_count
 .bss.cmd_rs485_fail_count
                0x20000366        0x1 ./main.o
                0x20000366                cmd_rs485_fail_count
 .bss.sd_dump   0x20000367        0x1 ./main.o
                0x20000367                sd_dump
 .bss.reset_counts
                0x20000368        0x4 ./main.o
                0x20000368                reset_counts
 .bss.stat1     0x2000036c        0x1 ./main.o
                0x2000036c                stat1
 .bss.stat2     0x2000036d        0x1 ./main.o
                0x2000036d                stat2
 .bss.adf_status
                0x2000036e        0x1 ./main.o
                0x2000036e                adf_status
 .bss.g_request_in_progress
                0x2000036f        0x1 C:\Users\S-SPACE\Desktop\Pratik\Final_Year_Project\PiLOT_G2_Software\PiLOT_G2_IMG2\PiLOT_sb_MSS_CM3_hw_platform\Debug\libPiLOT_sb_MSS_CM3_hw_platform.a(mss_sys_services.o)
 .bss.g_last_response_length
                0x20000370        0x2 C:\Users\S-SPACE\Desktop\Pratik\Final_Year_Project\PiLOT_G2_Software\PiLOT_G2_IMG2\PiLOT_sb_MSS_CM3_hw_platform\Debug\libPiLOT_sb_MSS_CM3_hw_platform.a(mss_sys_services.o)
 *fill*         0x20000372        0x2 00
 .bss.g_event_handler
                0x20000374        0x4 C:\Users\S-SPACE\Desktop\Pratik\Final_Year_Project\PiLOT_G2_Software\PiLOT_G2_IMG2\PiLOT_sb_MSS_CM3_hw_platform\Debug\libPiLOT_sb_MSS_CM3_hw_platform.a(mss_sys_services.o)
 .bss.g_response
                0x20000378        0x4 C:\Users\S-SPACE\Desktop\Pratik\Final_Year_Project\PiLOT_G2_Software\PiLOT_G2_IMG2\PiLOT_sb_MSS_CM3_hw_platform\Debug\libPiLOT_sb_MSS_CM3_hw_platform.a(mss_sys_services.o)
 .bss.g_initial_mssddr_facc1_cr
                0x2000037c        0x4 C:\Users\S-SPACE\Desktop\Pratik\Final_Year_Project\PiLOT_G2_Software\PiLOT_G2_IMG2\PiLOT_sb_MSS_CM3_hw_platform\Debug\libPiLOT_sb_MSS_CM3_hw_platform.a(mss_sys_services.o)
 .bss.divisor   0x20000380       0x10 C:\Users\S-SPACE\Desktop\Pratik\Final_Year_Project\PiLOT_G2_Software\PiLOT_G2_IMG2\PiLOT_sb_MSS_CM3_hw_platform\Debug\libPiLOT_sb_MSS_CM3_hw_platform.a(mss_sys_services.o)
                0x20000380                divisor
 .bss.g_initial_mssddr_facc2_cr
                0x20000390        0x4 C:\Users\S-SPACE\Desktop\Pratik\Final_Year_Project\PiLOT_G2_Software\PiLOT_G2_IMG2\PiLOT_sb_MSS_CM3_hw_platform\Debug\libPiLOT_sb_MSS_CM3_hw_platform.a(mss_sys_services.o)
 .bss.g_do_not_lock_page
                0x20000394        0x1 C:\Users\S-SPACE\Desktop\Pratik\Final_Year_Project\PiLOT_G2_Software\PiLOT_G2_IMG2\PiLOT_sb_MSS_CM3_hw_platform\Debug\libPiLOT_sb_MSS_CM3_hw_platform.a(mss_nvm.o)
 .bss.g_envm_ctrl_locks
                0x20000395        0x1 C:\Users\S-SPACE\Desktop\Pratik\Final_Year_Project\PiLOT_G2_Software\PiLOT_G2_IMG2\PiLOT_sb_MSS_CM3_hw_platform\Debug\libPiLOT_sb_MSS_CM3_hw_platform.a(mss_nvm.o)
 *fill*         0x20000396        0x2 00
 .bss.NULL_timer_instance
                0x20000398        0x4 C:\Users\S-SPACE\Desktop\Pratik\Final_Year_Project\PiLOT_G2_Software\PiLOT_G2_IMG2\PiLOT_sb_MSS_CM3_hw_platform\Debug\libPiLOT_sb_MSS_CM3_hw_platform.a(core_timer.o)
 .bss.g_comblk_cmd_opcode
                0x2000039c        0x1 C:\Users\S-SPACE\Desktop\Pratik\Final_Year_Project\PiLOT_G2_Software\PiLOT_G2_IMG2\PiLOT_sb_MSS_CM3_hw_platform\Debug\libPiLOT_sb_MSS_CM3_hw_platform.a(mss_comblk.o)
 *fill*         0x2000039d        0x3 00
 .bss.g_comblk_p_cmd
                0x200003a0        0x4 C:\Users\S-SPACE\Desktop\Pratik\Final_Year_Project\PiLOT_G2_Software\PiLOT_G2_IMG2\PiLOT_sb_MSS_CM3_hw_platform\Debug\libPiLOT_sb_MSS_CM3_hw_platform.a(mss_comblk.o)
 .bss.g_comblk_cmd_size
                0x200003a4        0x2 C:\Users\S-SPACE\Desktop\Pratik\Final_Year_Project\PiLOT_G2_Software\PiLOT_G2_IMG2\PiLOT_sb_MSS_CM3_hw_platform\Debug\libPiLOT_sb_MSS_CM3_hw_platform.a(mss_comblk.o)
 *fill*         0x200003a6        0x2 00
 .bss.g_comblk_p_data
                0x200003a8        0x4 C:\Users\S-SPACE\Desktop\Pratik\Final_Year_Project\PiLOT_G2_Software\PiLOT_G2_IMG2\PiLOT_sb_MSS_CM3_hw_platform\Debug\libPiLOT_sb_MSS_CM3_hw_platform.a(mss_comblk.o)
 .bss.g_comblk_data_size
                0x200003ac        0x4 C:\Users\S-SPACE\Desktop\Pratik\Final_Year_Project\PiLOT_G2_Software\PiLOT_G2_IMG2\PiLOT_sb_MSS_CM3_hw_platform\Debug\libPiLOT_sb_MSS_CM3_hw_platform.a(mss_comblk.o)
 .bss.g_comblk_p_response
                0x200003b0        0x4 C:\Users\S-SPACE\Desktop\Pratik\Final_Year_Project\PiLOT_G2_Software\PiLOT_G2_IMG2\PiLOT_sb_MSS_CM3_hw_platform\Debug\libPiLOT_sb_MSS_CM3_hw_platform.a(mss_comblk.o)
 .bss.g_comblk_response_size
                0x200003b4        0x2 C:\Users\S-SPACE\Desktop\Pratik\Final_Year_Project\PiLOT_G2_Software\PiLOT_G2_IMG2\PiLOT_sb_MSS_CM3_hw_platform\Debug\libPiLOT_sb_MSS_CM3_hw_platform.a(mss_comblk.o)
 .bss.g_comblk_response_idx
                0x200003b6        0x2 C:\Users\S-SPACE\Desktop\Pratik\Final_Year_Project\PiLOT_G2_Software\PiLOT_G2_IMG2\PiLOT_sb_MSS_CM3_hw_platform\Debug\libPiLOT_sb_MSS_CM3_hw_platform.a(mss_comblk.o)
 .bss.g_comblk_completion_handler
                0x200003b8        0x4 C:\Users\S-SPACE\Desktop\Pratik\Final_Year_Project\PiLOT_G2_Software\PiLOT_G2_IMG2\PiLOT_sb_MSS_CM3_hw_platform\Debug\libPiLOT_sb_MSS_CM3_hw_platform.a(mss_comblk.o)
 .bss.g_comblk_page_handler
                0x200003bc        0x4 C:\Users\S-SPACE\Desktop\Pratik\Final_Year_Project\PiLOT_G2_Software\PiLOT_G2_IMG2\PiLOT_sb_MSS_CM3_hw_platform\Debug\libPiLOT_sb_MSS_CM3_hw_platform.a(mss_comblk.o)
 .bss.g_request_in_progress
                0x200003c0        0x1 C:\Users\S-SPACE\Desktop\Pratik\Final_Year_Project\PiLOT_G2_Software\PiLOT_G2_IMG2\PiLOT_sb_MSS_CM3_hw_platform\Debug\libPiLOT_sb_MSS_CM3_hw_platform.a(mss_comblk.o)
 .bss.g_comblk_state
                0x200003c1        0x1 C:\Users\S-SPACE\Desktop\Pratik\Final_Year_Project\PiLOT_G2_Software\PiLOT_G2_IMG2\PiLOT_sb_MSS_CM3_hw_platform\Debug\libPiLOT_sb_MSS_CM3_hw_platform.a(mss_comblk.o)
 *fill*         0x200003c2        0x2 00
 .bss.g_async_event_handler
                0x200003c4        0x4 C:\Users\S-SPACE\Desktop\Pratik\Final_Year_Project\PiLOT_G2_Software\PiLOT_G2_IMG2\PiLOT_sb_MSS_CM3_hw_platform\Debug\libPiLOT_sb_MSS_CM3_hw_platform.a(mss_comblk.o)
 *(COMMON)
 COMMON         0x200003c8      0xd68 ./P1.o
                0x200003c8                g_core_i2c2
                0x20000434                g_core_i2c0
                0x200004a0                g_core_i2c1
                0x2000050c                hk_pkt
                0x20000510                g_core_spi0
                0x20000558                g_core_i2c5
                0x200005c4                g_core_i2c3
                0x20000630                thermistor_pkt
                0x20000634                data
                0x20000834                cmd_buff
                0x20000844                core_i2c_status
                0x20000848                blck_pkt
                0x20001048                counter_i2c
                0x200010b4                RTM
                0x200010c4                g_core_i2c4
 COMMON         0x20001130       0x49 ./P2.o
                0x20001130                gmc_pkt
                0x20001134                ADC_voltages
                0x20001144                comms_pkt
                0x20001148                gmc_radiation_count
                0x2000114c                count_val
                0x20001150                free_res
                0x20001154                cmd_adf_data
                0x20001174                gmc_free_res_value
                0x20001178                status
 *fill*         0x20001179        0x7 00
 COMMON         0x20001180      0x2c2 ./main.o
                0x20001180                log_counter
                0x20001184                log_partiton
                0x20001194                comms_timer
                0x20001198                therm_status
                0x2000119c                log_packet_ptr
                0x200011a0                gmc_partition
                0x200011b0                Read_TPSRAM_addr
                0x200011b2                gmc_status
                0x200011b4                init_pkt
                0x200011b8                log_data
                0x200013b8                gmc_timer
                0x200013bc                logs_seq_no
                0x200013c0                temp_timer
                0x200013c8                current_time_lower
                0x200013d0                sd_timer
                0x200013d4                hk_status
                0x200013d8                current_time_upper
                0x200013e0                rx_cmd_pkt
                0x200013e4                rssi_cca
                0x200013e8                thermistor_partition
                0x200013f8                rssi
                0x200013fc                comms_partition
                0x2000140c                hk_partition
                0x2000141c                hk_timer
                0x20001420                Time_Vector
                0x20001440                comms_status
 *fill*         0x20001442        0x2 00
 COMMON         0x20001444       0x28 ./cmds/cmd.o
                0x20001444                cmd_list
                0x20001468                cmd
 COMMON         0x2000146c        0xa ./PIS/VC_Sensor.o
                0x2000146c                init_command
                0x20001470                read
                0x20001472                bvol
                0x20001474                count
                0x20001475                config_reg
 COMMON         0x20001476        0x1 ./OBC/SD.o
                0x20001476                flag
 COMMON         0x20001477        0x1 ./GMC/counter.o
                0x20001477                gmc_voltage_flags
 COMMON         0x20001478        0x8 ./Comms/adf7030.o
                0x20001478                adf_spi
                0x2000147c                radio_memory_configuration_start_spi_command
 COMMON         0x20001480       0x80 C:\Users\S-SPACE\Desktop\Pratik\Final_Year_Project\PiLOT_G2_Software\PiLOT_G2_IMG2\PiLOT_sb_MSS_CM3_hw_platform\Debug\libPiLOT_sb_MSS_CM3_hw_platform.a(mss_uart.o)
                0x20001480                g_mss_uart1
                0x200014c0                g_mss_uart0
 COMMON         0x20001500      0x108 C:\Users\S-SPACE\Desktop\Pratik\Final_Year_Project\PiLOT_G2_Software\PiLOT_G2_IMG2\PiLOT_sb_MSS_CM3_hw_platform\Debug\libPiLOT_sb_MSS_CM3_hw_platform.a(mss_spi.o)
                0x20001500                g_mss_spi1
                0x20001584                g_mss_spi0
                0x20001610                . = ALIGN (0x10)
 *fill*         0x20001608        0x8 00
                0x20001610                __bss_end__ = .
                0x20001610                _end = .
                0x20001610                __end = _end
                0x20001610                _ebss = .
                0x20001610                PROVIDE (end, .)

.heap           0x20001610     0xd9f0 load address 0x0000bea0
                0x20001610                __heap_start__ = .
                0x20002610                . = (. + MIN_SIZE_HEAP)
 *fill*         0x20001610     0x1000 00
                0x2000f000                . = (. + (((ABSOLUTE (RAM_START_ADDRESS) + RAM_SIZE) - MAIN_STACK_SIZE) - .))
 *fill*         0x20002610     0xc9f0 00
                0x2000f000                _eheap = .

.stack          0x2000f000     0x1000 load address 0x0000bea0
                0x2000f000                __stack_start__ = .
                0x20010000                . = (. + MAIN_STACK_SIZE)
 *fill*         0x2000f000     0x1000 00
                0x20010000                _estack = .

.stab
 *(.stab)

.stabstr
 *(.stabstr)

.debug
 *(.debug)

.line
 *(.line)

.debug_srcinfo
 *(.debug_srcinfo)

.debug_sfnames
 *(.debug_sfnames)

.comment        0x00000000      0x433
 .comment       0x00000000       0x2b ./P1.o
 .comment       0x0000002b       0x2b ./P2.o
 .comment       0x00000056       0x2b ./main.o
 .comment       0x00000081       0x2b ./packet_definition.o
 .comment       0x000000ac       0x2b ./cmds/cmd.o
 .comment       0x000000d7       0x2b ./PIS/RS485_Controller.o
 .comment       0x00000102       0x2b ./PIS/VC_Sensor.o
 .comment       0x0000012d       0x2b ./OBC/ADC.o
 .comment       0x00000158       0x2b ./OBC/IMU.o
 .comment       0x00000183       0x2b ./OBC/SD.o
 .comment       0x000001ae       0x2b ./OBC/memory.o
 .comment       0x000001d9       0x2b ./GMC/counter.o
 .comment       0x00000204       0x2b ./Comms/adf7030.o
 .comment       0x0000022f       0x2b C:/Users/S-SPACE/Desktop/Pratik/Final_Year_Project/PiLOT_G2_Software/PiLOT_G2_IMG2/PiLOT_sb_MSS_CM3_hw_platform/Debug/CMSIS/startup_gcc/newlib_stubs.o
 .comment       0x0000025a       0x2b C:\Users\S-SPACE\Desktop\Pratik\Final_Year_Project\PiLOT_G2_Software\PiLOT_G2_IMG2\PiLOT_sb_MSS_CM3_hw_platform\Debug\libPiLOT_sb_MSS_CM3_hw_platform.a(mss_uart.o)
 .comment       0x00000285       0x2b C:\Users\S-SPACE\Desktop\Pratik\Final_Year_Project\PiLOT_G2_Software\PiLOT_G2_IMG2\PiLOT_sb_MSS_CM3_hw_platform\Debug\libPiLOT_sb_MSS_CM3_hw_platform.a(mss_sys_services.o)
 .comment       0x000002b0       0x2b C:\Users\S-SPACE\Desktop\Pratik\Final_Year_Project\PiLOT_G2_Software\PiLOT_G2_IMG2\PiLOT_sb_MSS_CM3_hw_platform\Debug\libPiLOT_sb_MSS_CM3_hw_platform.a(mss_spi.o)
 .comment       0x000002db       0x2b C:\Users\S-SPACE\Desktop\Pratik\Final_Year_Project\PiLOT_G2_Software\PiLOT_G2_IMG2\PiLOT_sb_MSS_CM3_hw_platform\Debug\libPiLOT_sb_MSS_CM3_hw_platform.a(mss_nvm.o)
 .comment       0x00000306       0x2b C:\Users\S-SPACE\Desktop\Pratik\Final_Year_Project\PiLOT_G2_Software\PiLOT_G2_IMG2\PiLOT_sb_MSS_CM3_hw_platform\Debug\libPiLOT_sb_MSS_CM3_hw_platform.a(mss_gpio.o)
 .comment       0x00000331       0x2b C:\Users\S-SPACE\Desktop\Pratik\Final_Year_Project\PiLOT_G2_Software\PiLOT_G2_IMG2\PiLOT_sb_MSS_CM3_hw_platform\Debug\libPiLOT_sb_MSS_CM3_hw_platform.a(core_timer.o)
 .comment       0x0000035c       0x2b C:\Users\S-SPACE\Desktop\Pratik\Final_Year_Project\PiLOT_G2_Software\PiLOT_G2_IMG2\PiLOT_sb_MSS_CM3_hw_platform\Debug\libPiLOT_sb_MSS_CM3_hw_platform.a(core_spi.o)
 .comment       0x00000387       0x2b C:\Users\S-SPACE\Desktop\Pratik\Final_Year_Project\PiLOT_G2_Software\PiLOT_G2_IMG2\PiLOT_sb_MSS_CM3_hw_platform\Debug\libPiLOT_sb_MSS_CM3_hw_platform.a(core_i2c.o)
 .comment       0x000003b2       0x2b C:\Users\S-SPACE\Desktop\Pratik\Final_Year_Project\PiLOT_G2_Software\PiLOT_G2_IMG2\PiLOT_sb_MSS_CM3_hw_platform\Debug\libPiLOT_sb_MSS_CM3_hw_platform.a(i2c_interrupt.o)
 .comment       0x000003dd       0x2b C:\Users\S-SPACE\Desktop\Pratik\Final_Year_Project\PiLOT_G2_Software\PiLOT_G2_IMG2\PiLOT_sb_MSS_CM3_hw_platform\Debug\libPiLOT_sb_MSS_CM3_hw_platform.a(system_m2sxxx.o)
 .comment       0x00000408       0x2b C:\Users\S-SPACE\Desktop\Pratik\Final_Year_Project\PiLOT_G2_Software\PiLOT_G2_IMG2\PiLOT_sb_MSS_CM3_hw_platform\Debug\libPiLOT_sb_MSS_CM3_hw_platform.a(mss_comblk.o)

.debug_aranges  0x00000000      0xdc8
 *(.debug_aranges)
 .debug_aranges
                0x00000000       0x80 ./P1.o
 .debug_aranges
                0x00000080       0x28 ./P2.o
 .debug_aranges
                0x000000a8      0x120 ./main.o
 .debug_aranges
                0x000001c8       0x60 ./cmds/cmd.o
 .debug_aranges
                0x00000228       0x48 ./PIS/RS485_Controller.o
 .debug_aranges
                0x00000270       0x50 ./PIS/VC_Sensor.o
 .debug_aranges
                0x000002c0       0x28 ./OBC/ADC.o
 .debug_aranges
                0x000002e8       0x30 ./OBC/IMU.o
 .debug_aranges
                0x00000318       0x30 ./OBC/SD.o
 .debug_aranges
                0x00000348       0x30 ./OBC/memory.o
 .debug_aranges
                0x00000378       0x48 ./GMC/counter.o
 .debug_aranges
                0x000003c0       0xe0 ./Comms/adf7030.o
 .debug_aranges
                0x000004a0       0xa8 C:/Users/S-SPACE/Desktop/Pratik/Final_Year_Project/PiLOT_G2_Software/PiLOT_G2_IMG2/PiLOT_sb_MSS_CM3_hw_platform/Debug/CMSIS/startup_gcc/newlib_stubs.o
 .debug_aranges
                0x00000548      0x1d0 C:\Users\S-SPACE\Desktop\Pratik\Final_Year_Project\PiLOT_G2_Software\PiLOT_G2_IMG2\PiLOT_sb_MSS_CM3_hw_platform\Debug\libPiLOT_sb_MSS_CM3_hw_platform.a(mss_uart.o)
 .debug_aranges
                0x00000718      0x1c8 C:\Users\S-SPACE\Desktop\Pratik\Final_Year_Project\PiLOT_G2_Software\PiLOT_G2_IMG2\PiLOT_sb_MSS_CM3_hw_platform\Debug\libPiLOT_sb_MSS_CM3_hw_platform.a(mss_sys_services.o)
 .debug_aranges
                0x000008e0       0xe0 C:\Users\S-SPACE\Desktop\Pratik\Final_Year_Project\PiLOT_G2_Software\PiLOT_G2_IMG2\PiLOT_sb_MSS_CM3_hw_platform\Debug\libPiLOT_sb_MSS_CM3_hw_platform.a(mss_spi.o)
 .debug_aranges
                0x000009c0       0x80 C:\Users\S-SPACE\Desktop\Pratik\Final_Year_Project\PiLOT_G2_Software\PiLOT_G2_IMG2\PiLOT_sb_MSS_CM3_hw_platform\Debug\libPiLOT_sb_MSS_CM3_hw_platform.a(mss_nvm.o)
 .debug_aranges
                0x00000a40       0x68 C:\Users\S-SPACE\Desktop\Pratik\Final_Year_Project\PiLOT_G2_Software\PiLOT_G2_IMG2\PiLOT_sb_MSS_CM3_hw_platform\Debug\libPiLOT_sb_MSS_CM3_hw_platform.a(mss_gpio.o)
 .debug_aranges
                0x00000aa8       0x50 C:\Users\S-SPACE\Desktop\Pratik\Final_Year_Project\PiLOT_G2_Software\PiLOT_G2_IMG2\PiLOT_sb_MSS_CM3_hw_platform\Debug\libPiLOT_sb_MSS_CM3_hw_platform.a(core_timer.o)
 .debug_aranges
                0x00000af8       0xa8 C:\Users\S-SPACE\Desktop\Pratik\Final_Year_Project\PiLOT_G2_Software\PiLOT_G2_IMG2\PiLOT_sb_MSS_CM3_hw_platform\Debug\libPiLOT_sb_MSS_CM3_hw_platform.a(core_spi.o)
 .debug_aranges
                0x00000ba0      0x110 C:\Users\S-SPACE\Desktop\Pratik\Final_Year_Project\PiLOT_G2_Software\PiLOT_G2_IMG2\PiLOT_sb_MSS_CM3_hw_platform\Debug\libPiLOT_sb_MSS_CM3_hw_platform.a(core_i2c.o)
 .debug_aranges
                0x00000cb0       0x38 C:\Users\S-SPACE\Desktop\Pratik\Final_Year_Project\PiLOT_G2_Software\PiLOT_G2_IMG2\PiLOT_sb_MSS_CM3_hw_platform\Debug\libPiLOT_sb_MSS_CM3_hw_platform.a(i2c_interrupt.o)
 .debug_aranges
                0x00000ce8       0x50 C:\Users\S-SPACE\Desktop\Pratik\Final_Year_Project\PiLOT_G2_Software\PiLOT_G2_IMG2\PiLOT_sb_MSS_CM3_hw_platform\Debug\libPiLOT_sb_MSS_CM3_hw_platform.a(system_m2sxxx.o)
 .debug_aranges
                0x00000d38       0x90 C:\Users\S-SPACE\Desktop\Pratik\Final_Year_Project\PiLOT_G2_Software\PiLOT_G2_IMG2\PiLOT_sb_MSS_CM3_hw_platform\Debug\libPiLOT_sb_MSS_CM3_hw_platform.a(mss_comblk.o)

.debug_pubnames
                0x00000000     0x260c
 *(.debug_pubnames)
 .debug_pubnames
                0x00000000      0x1df ./P1.o
 .debug_pubnames
                0x000001df      0x1e7 ./P2.o
 .debug_pubnames
                0x000003c6      0x4d0 ./main.o
 .debug_pubnames
                0x00000896      0x169 ./cmds/cmd.o
 .debug_pubnames
                0x000009ff      0x10b ./PIS/RS485_Controller.o
 .debug_pubnames
                0x00000b0a      0x13f ./PIS/VC_Sensor.o
 .debug_pubnames
                0x00000c49       0x31 ./OBC/ADC.o
 .debug_pubnames
                0x00000c7a       0x54 ./OBC/IMU.o
 .debug_pubnames
                0x00000cce       0x7a ./OBC/SD.o
 .debug_pubnames
                0x00000d48       0x48 ./OBC/memory.o
 .debug_pubnames
                0x00000d90       0xc0 ./GMC/counter.o
 .debug_pubnames
                0x00000e50      0x2f5 ./Comms/adf7030.o
 .debug_pubnames
                0x00001145       0xeb C:/Users/S-SPACE/Desktop/Pratik/Final_Year_Project/PiLOT_G2_Software/PiLOT_G2_IMG2/PiLOT_sb_MSS_CM3_hw_platform/Debug/CMSIS/startup_gcc/newlib_stubs.o
 .debug_pubnames
                0x00001230      0x50f C:\Users\S-SPACE\Desktop\Pratik\Final_Year_Project\PiLOT_G2_Software\PiLOT_G2_IMG2\PiLOT_sb_MSS_CM3_hw_platform\Debug\libPiLOT_sb_MSS_CM3_hw_platform.a(mss_uart.o)
 .debug_pubnames
                0x0000173f      0x571 C:\Users\S-SPACE\Desktop\Pratik\Final_Year_Project\PiLOT_G2_Software\PiLOT_G2_IMG2\PiLOT_sb_MSS_CM3_hw_platform\Debug\libPiLOT_sb_MSS_CM3_hw_platform.a(mss_sys_services.o)
 .debug_pubnames
                0x00001cb0      0x21a C:\Users\S-SPACE\Desktop\Pratik\Final_Year_Project\PiLOT_G2_Software\PiLOT_G2_IMG2\PiLOT_sb_MSS_CM3_hw_platform\Debug\libPiLOT_sb_MSS_CM3_hw_platform.a(mss_spi.o)
 .debug_pubnames
                0x00001eca       0x4d C:\Users\S-SPACE\Desktop\Pratik\Final_Year_Project\PiLOT_G2_Software\PiLOT_G2_IMG2\PiLOT_sb_MSS_CM3_hw_platform\Debug\libPiLOT_sb_MSS_CM3_hw_platform.a(mss_nvm.o)
 .debug_pubnames
                0x00001f17       0xb1 C:\Users\S-SPACE\Desktop\Pratik\Final_Year_Project\PiLOT_G2_Software\PiLOT_G2_IMG2\PiLOT_sb_MSS_CM3_hw_platform\Debug\libPiLOT_sb_MSS_CM3_hw_platform.a(mss_gpio.o)
 .debug_pubnames
                0x00001fc8       0x84 C:\Users\S-SPACE\Desktop\Pratik\Final_Year_Project\PiLOT_G2_Software\PiLOT_G2_IMG2\PiLOT_sb_MSS_CM3_hw_platform\Debug\libPiLOT_sb_MSS_CM3_hw_platform.a(core_timer.o)
 .debug_pubnames
                0x0000204c      0x170 C:\Users\S-SPACE\Desktop\Pratik\Final_Year_Project\PiLOT_G2_Software\PiLOT_G2_IMG2\PiLOT_sb_MSS_CM3_hw_platform\Debug\libPiLOT_sb_MSS_CM3_hw_platform.a(core_spi.o)
 .debug_pubnames
                0x000021bc      0x2b9 C:\Users\S-SPACE\Desktop\Pratik\Final_Year_Project\PiLOT_G2_Software\PiLOT_G2_IMG2\PiLOT_sb_MSS_CM3_hw_platform\Debug\libPiLOT_sb_MSS_CM3_hw_platform.a(core_i2c.o)
 .debug_pubnames
                0x00002475       0x39 C:\Users\S-SPACE\Desktop\Pratik\Final_Year_Project\PiLOT_G2_Software\PiLOT_G2_IMG2\PiLOT_sb_MSS_CM3_hw_platform\Debug\libPiLOT_sb_MSS_CM3_hw_platform.a(i2c_interrupt.o)
 .debug_pubnames
                0x000024ae       0xcb C:\Users\S-SPACE\Desktop\Pratik\Final_Year_Project\PiLOT_G2_Software\PiLOT_G2_IMG2\PiLOT_sb_MSS_CM3_hw_platform\Debug\libPiLOT_sb_MSS_CM3_hw_platform.a(system_m2sxxx.o)
 .debug_pubnames
                0x00002579       0x93 C:\Users\S-SPACE\Desktop\Pratik\Final_Year_Project\PiLOT_G2_Software\PiLOT_G2_IMG2\PiLOT_sb_MSS_CM3_hw_platform\Debug\libPiLOT_sb_MSS_CM3_hw_platform.a(mss_comblk.o)

.debug_info     0x00000000    0x15905
 *(.debug_info .gnu.linkonce.wi.*)
 .debug_info    0x00000000     0x178e ./P1.o
 .debug_info    0x0000178e     0x1082 ./P2.o
 .debug_info    0x00002810     0x291d ./main.o
 .debug_info    0x0000512d       0x29 ./packet_definition.o
 .debug_info    0x00005156      0xf92 ./cmds/cmd.o
 .debug_info    0x000060e8      0xda4 ./PIS/RS485_Controller.o
 .debug_info    0x00006e8c      0x626 ./PIS/VC_Sensor.o
 .debug_info    0x000074b2      0x462 ./OBC/ADC.o
 .debug_info    0x00007914      0x5b9 ./OBC/IMU.o
 .debug_info    0x00007ecd      0x95d ./OBC/SD.o
 .debug_info    0x0000882a      0x1bb ./OBC/memory.o
 .debug_info    0x000089e5      0x689 ./GMC/counter.o
 .debug_info    0x0000906e     0x1216 ./Comms/adf7030.o
 .debug_info    0x0000a284      0x6ed C:/Users/S-SPACE/Desktop/Pratik/Final_Year_Project/PiLOT_G2_Software/PiLOT_G2_IMG2/PiLOT_sb_MSS_CM3_hw_platform/Debug/CMSIS/startup_gcc/newlib_stubs.o
 .debug_info    0x0000a971     0x1ed4 C:\Users\S-SPACE\Desktop\Pratik\Final_Year_Project\PiLOT_G2_Software\PiLOT_G2_IMG2\PiLOT_sb_MSS_CM3_hw_platform\Debug\libPiLOT_sb_MSS_CM3_hw_platform.a(mss_uart.o)
 .debug_info    0x0000c845     0x1fb4 C:\Users\S-SPACE\Desktop\Pratik\Final_Year_Project\PiLOT_G2_Software\PiLOT_G2_IMG2\PiLOT_sb_MSS_CM3_hw_platform\Debug\libPiLOT_sb_MSS_CM3_hw_platform.a(mss_sys_services.o)
 .debug_info    0x0000e7f9     0x1723 C:\Users\S-SPACE\Desktop\Pratik\Final_Year_Project\PiLOT_G2_Software\PiLOT_G2_IMG2\PiLOT_sb_MSS_CM3_hw_platform\Debug\libPiLOT_sb_MSS_CM3_hw_platform.a(mss_spi.o)
 .debug_info    0x0000ff1c     0x12b1 C:\Users\S-SPACE\Desktop\Pratik\Final_Year_Project\PiLOT_G2_Software\PiLOT_G2_IMG2\PiLOT_sb_MSS_CM3_hw_platform\Debug\libPiLOT_sb_MSS_CM3_hw_platform.a(mss_nvm.o)
 .debug_info    0x000111cd     0x1164 C:\Users\S-SPACE\Desktop\Pratik\Final_Year_Project\PiLOT_G2_Software\PiLOT_G2_IMG2\PiLOT_sb_MSS_CM3_hw_platform\Debug\libPiLOT_sb_MSS_CM3_hw_platform.a(mss_gpio.o)
 .debug_info    0x00012331      0x242 C:\Users\S-SPACE\Desktop\Pratik\Final_Year_Project\PiLOT_G2_Software\PiLOT_G2_IMG2\PiLOT_sb_MSS_CM3_hw_platform\Debug\libPiLOT_sb_MSS_CM3_hw_platform.a(core_timer.o)
 .debug_info    0x00012573      0x7d9 C:\Users\S-SPACE\Desktop\Pratik\Final_Year_Project\PiLOT_G2_Software\PiLOT_G2_IMG2\PiLOT_sb_MSS_CM3_hw_platform\Debug\libPiLOT_sb_MSS_CM3_hw_platform.a(core_spi.o)
 .debug_info    0x00012d4c      0xd0c C:\Users\S-SPACE\Desktop\Pratik\Final_Year_Project\PiLOT_G2_Software\PiLOT_G2_IMG2\PiLOT_sb_MSS_CM3_hw_platform\Debug\libPiLOT_sb_MSS_CM3_hw_platform.a(core_i2c.o)
 .debug_info    0x00013a58      0x7ce C:\Users\S-SPACE\Desktop\Pratik\Final_Year_Project\PiLOT_G2_Software\PiLOT_G2_IMG2\PiLOT_sb_MSS_CM3_hw_platform\Debug\libPiLOT_sb_MSS_CM3_hw_platform.a(i2c_interrupt.o)
 .debug_info    0x00014226      0xbbf C:\Users\S-SPACE\Desktop\Pratik\Final_Year_Project\PiLOT_G2_Software\PiLOT_G2_IMG2\PiLOT_sb_MSS_CM3_hw_platform\Debug\libPiLOT_sb_MSS_CM3_hw_platform.a(system_m2sxxx.o)
 .debug_info    0x00014de5      0xb20 C:\Users\S-SPACE\Desktop\Pratik\Final_Year_Project\PiLOT_G2_Software\PiLOT_G2_IMG2\PiLOT_sb_MSS_CM3_hw_platform\Debug\libPiLOT_sb_MSS_CM3_hw_platform.a(mss_comblk.o)

.debug_abbrev   0x00000000     0x274a
 *(.debug_abbrev)
 .debug_abbrev  0x00000000      0x2c1 ./P1.o
 .debug_abbrev  0x000002c1      0x1bc ./P2.o
 .debug_abbrev  0x0000047d      0x2c5 ./main.o
 .debug_abbrev  0x00000742       0x16 ./packet_definition.o
 .debug_abbrev  0x00000758      0x203 ./cmds/cmd.o
 .debug_abbrev  0x0000095b      0x1d4 ./PIS/RS485_Controller.o
 .debug_abbrev  0x00000b2f      0x131 ./PIS/VC_Sensor.o
 .debug_abbrev  0x00000c60      0x125 ./OBC/ADC.o
 .debug_abbrev  0x00000d85      0x12f ./OBC/IMU.o
 .debug_abbrev  0x00000eb4      0x16a ./OBC/SD.o
 .debug_abbrev  0x0000101e       0xc0 ./OBC/memory.o
 .debug_abbrev  0x000010de      0x140 ./GMC/counter.o
 .debug_abbrev  0x0000121e      0x271 ./Comms/adf7030.o
 .debug_abbrev  0x0000148f      0x170 C:/Users/S-SPACE/Desktop/Pratik/Final_Year_Project/PiLOT_G2_Software/PiLOT_G2_IMG2/PiLOT_sb_MSS_CM3_hw_platform/Debug/CMSIS/startup_gcc/newlib_stubs.o
 .debug_abbrev  0x000015ff      0x280 C:\Users\S-SPACE\Desktop\Pratik\Final_Year_Project\PiLOT_G2_Software\PiLOT_G2_IMG2\PiLOT_sb_MSS_CM3_hw_platform\Debug\libPiLOT_sb_MSS_CM3_hw_platform.a(mss_uart.o)
 .debug_abbrev  0x0000187f      0x1fe C:\Users\S-SPACE\Desktop\Pratik\Final_Year_Project\PiLOT_G2_Software\PiLOT_G2_IMG2\PiLOT_sb_MSS_CM3_hw_platform\Debug\libPiLOT_sb_MSS_CM3_hw_platform.a(mss_sys_services.o)
 .debug_abbrev  0x00001a7d      0x1ee C:\Users\S-SPACE\Desktop\Pratik\Final_Year_Project\PiLOT_G2_Software\PiLOT_G2_IMG2\PiLOT_sb_MSS_CM3_hw_platform\Debug\libPiLOT_sb_MSS_CM3_hw_platform.a(mss_spi.o)
 .debug_abbrev  0x00001c6b      0x198 C:\Users\S-SPACE\Desktop\Pratik\Final_Year_Project\PiLOT_G2_Software\PiLOT_G2_IMG2\PiLOT_sb_MSS_CM3_hw_platform\Debug\libPiLOT_sb_MSS_CM3_hw_platform.a(mss_nvm.o)
 .debug_abbrev  0x00001e03      0x165 C:\Users\S-SPACE\Desktop\Pratik\Final_Year_Project\PiLOT_G2_Software\PiLOT_G2_IMG2\PiLOT_sb_MSS_CM3_hw_platform\Debug\libPiLOT_sb_MSS_CM3_hw_platform.a(mss_gpio.o)
 .debug_abbrev  0x00001f68       0xb0 C:\Users\S-SPACE\Desktop\Pratik\Final_Year_Project\PiLOT_G2_Software\PiLOT_G2_IMG2\PiLOT_sb_MSS_CM3_hw_platform\Debug\libPiLOT_sb_MSS_CM3_hw_platform.a(core_timer.o)
 .debug_abbrev  0x00002018      0x14f C:\Users\S-SPACE\Desktop\Pratik\Final_Year_Project\PiLOT_G2_Software\PiLOT_G2_IMG2\PiLOT_sb_MSS_CM3_hw_platform\Debug\libPiLOT_sb_MSS_CM3_hw_platform.a(core_spi.o)
 .debug_abbrev  0x00002167      0x185 C:\Users\S-SPACE\Desktop\Pratik\Final_Year_Project\PiLOT_G2_Software\PiLOT_G2_IMG2\PiLOT_sb_MSS_CM3_hw_platform\Debug\libPiLOT_sb_MSS_CM3_hw_platform.a(core_i2c.o)
 .debug_abbrev  0x000022ec      0x169 C:\Users\S-SPACE\Desktop\Pratik\Final_Year_Project\PiLOT_G2_Software\PiLOT_G2_IMG2\PiLOT_sb_MSS_CM3_hw_platform\Debug\libPiLOT_sb_MSS_CM3_hw_platform.a(i2c_interrupt.o)
 .debug_abbrev  0x00002455      0x150 C:\Users\S-SPACE\Desktop\Pratik\Final_Year_Project\PiLOT_G2_Software\PiLOT_G2_IMG2\PiLOT_sb_MSS_CM3_hw_platform\Debug\libPiLOT_sb_MSS_CM3_hw_platform.a(system_m2sxxx.o)
 .debug_abbrev  0x000025a5      0x1a5 C:\Users\S-SPACE\Desktop\Pratik\Final_Year_Project\PiLOT_G2_Software\PiLOT_G2_IMG2\PiLOT_sb_MSS_CM3_hw_platform\Debug\libPiLOT_sb_MSS_CM3_hw_platform.a(mss_comblk.o)

.debug_line     0x00000000     0xed0d
 *(.debug_line)
 .debug_line    0x00000000     0x1592 ./P1.o
 .debug_line    0x00001592     0x149a ./P2.o
 .debug_line    0x00002a2c     0x175e ./main.o
 .debug_line    0x0000418a       0x37 ./packet_definition.o
 .debug_line    0x000041c1     0x1505 ./cmds/cmd.o
 .debug_line    0x000056c6     0x14ce ./PIS/RS485_Controller.o
 .debug_line    0x00006b94      0xb81 ./PIS/VC_Sensor.o
 .debug_line    0x00007715      0x29f ./OBC/ADC.o
 .debug_line    0x000079b4      0x535 ./OBC/IMU.o
 .debug_line    0x00007ee9      0x4b2 ./OBC/SD.o
 .debug_line    0x0000839b      0x403 ./OBC/memory.o
 .debug_line    0x0000879e      0x579 ./GMC/counter.o
 .debug_line    0x00008d17     0x1789 ./Comms/adf7030.o
 .debug_line    0x0000a4a0      0x4b6 C:/Users/S-SPACE/Desktop/Pratik/Final_Year_Project/PiLOT_G2_Software/PiLOT_G2_IMG2/PiLOT_sb_MSS_CM3_hw_platform/Debug/CMSIS/startup_gcc/newlib_stubs.o
 .debug_line    0x0000a956      0x8f8 C:\Users\S-SPACE\Desktop\Pratik\Final_Year_Project\PiLOT_G2_Software\PiLOT_G2_IMG2\PiLOT_sb_MSS_CM3_hw_platform\Debug\libPiLOT_sb_MSS_CM3_hw_platform.a(mss_uart.o)
 .debug_line    0x0000b24e      0xa2a C:\Users\S-SPACE\Desktop\Pratik\Final_Year_Project\PiLOT_G2_Software\PiLOT_G2_IMG2\PiLOT_sb_MSS_CM3_hw_platform\Debug\libPiLOT_sb_MSS_CM3_hw_platform.a(mss_sys_services.o)
 .debug_line    0x0000bc78      0x6d1 C:\Users\S-SPACE\Desktop\Pratik\Final_Year_Project\PiLOT_G2_Software\PiLOT_G2_IMG2\PiLOT_sb_MSS_CM3_hw_platform\Debug\libPiLOT_sb_MSS_CM3_hw_platform.a(mss_spi.o)
 .debug_line    0x0000c349      0x544 C:\Users\S-SPACE\Desktop\Pratik\Final_Year_Project\PiLOT_G2_Software\PiLOT_G2_IMG2\PiLOT_sb_MSS_CM3_hw_platform\Debug\libPiLOT_sb_MSS_CM3_hw_platform.a(mss_nvm.o)
 .debug_line    0x0000c88d      0x389 C:\Users\S-SPACE\Desktop\Pratik\Final_Year_Project\PiLOT_G2_Software\PiLOT_G2_IMG2\PiLOT_sb_MSS_CM3_hw_platform\Debug\libPiLOT_sb_MSS_CM3_hw_platform.a(mss_gpio.o)
 .debug_line    0x0000cc16      0x49f C:\Users\S-SPACE\Desktop\Pratik\Final_Year_Project\PiLOT_G2_Software\PiLOT_G2_IMG2\PiLOT_sb_MSS_CM3_hw_platform\Debug\libPiLOT_sb_MSS_CM3_hw_platform.a(core_timer.o)
 .debug_line    0x0000d0b5      0x79e C:\Users\S-SPACE\Desktop\Pratik\Final_Year_Project\PiLOT_G2_Software\PiLOT_G2_IMG2\PiLOT_sb_MSS_CM3_hw_platform\Debug\libPiLOT_sb_MSS_CM3_hw_platform.a(core_spi.o)
 .debug_line    0x0000d853      0x87e C:\Users\S-SPACE\Desktop\Pratik\Final_Year_Project\PiLOT_G2_Software\PiLOT_G2_IMG2\PiLOT_sb_MSS_CM3_hw_platform\Debug\libPiLOT_sb_MSS_CM3_hw_platform.a(core_i2c.o)
 .debug_line    0x0000e0d1      0x51b C:\Users\S-SPACE\Desktop\Pratik\Final_Year_Project\PiLOT_G2_Software\PiLOT_G2_IMG2\PiLOT_sb_MSS_CM3_hw_platform\Debug\libPiLOT_sb_MSS_CM3_hw_platform.a(i2c_interrupt.o)
 .debug_line    0x0000e5ec      0x228 C:\Users\S-SPACE\Desktop\Pratik\Final_Year_Project\PiLOT_G2_Software\PiLOT_G2_IMG2\PiLOT_sb_MSS_CM3_hw_platform\Debug\libPiLOT_sb_MSS_CM3_hw_platform.a(system_m2sxxx.o)
 .debug_line    0x0000e814      0x4f9 C:\Users\S-SPACE\Desktop\Pratik\Final_Year_Project\PiLOT_G2_Software\PiLOT_G2_IMG2\PiLOT_sb_MSS_CM3_hw_platform\Debug\libPiLOT_sb_MSS_CM3_hw_platform.a(mss_comblk.o)

.debug_frame    0x00000000     0x2e7c
 *(.debug_frame)
 .debug_frame   0x00000000      0x18c ./P1.o
 .debug_frame   0x0000018c       0x50 ./P2.o
 .debug_frame   0x000001dc      0x3c0 ./main.o
 .debug_frame   0x0000059c      0x11c ./cmds/cmd.o
 .debug_frame   0x000006b8       0xc8 ./PIS/RS485_Controller.o
 .debug_frame   0x00000780       0xf0 ./PIS/VC_Sensor.o
 .debug_frame   0x00000870       0x50 ./OBC/ADC.o
 .debug_frame   0x000008c0       0x70 ./OBC/IMU.o
 .debug_frame   0x00000930       0x70 ./OBC/SD.o
 .debug_frame   0x000009a0       0x6c ./OBC/memory.o
 .debug_frame   0x00000a0c       0xd0 ./GMC/counter.o
 .debug_frame   0x00000adc      0x334 ./Comms/adf7030.o
 .debug_frame   0x00000e10      0x21c C:/Users/S-SPACE/Desktop/Pratik/Final_Year_Project/PiLOT_G2_Software/PiLOT_G2_IMG2/PiLOT_sb_MSS_CM3_hw_platform/Debug/CMSIS/startup_gcc/newlib_stubs.o
 .debug_frame   0x0000102c      0x6b4 C:\Users\S-SPACE\Desktop\Pratik\Final_Year_Project\PiLOT_G2_Software\PiLOT_G2_IMG2\PiLOT_sb_MSS_CM3_hw_platform\Debug\libPiLOT_sb_MSS_CM3_hw_platform.a(mss_uart.o)
 .debug_frame   0x000016e0      0x6b0 C:\Users\S-SPACE\Desktop\Pratik\Final_Year_Project\PiLOT_G2_Software\PiLOT_G2_IMG2\PiLOT_sb_MSS_CM3_hw_platform\Debug\libPiLOT_sb_MSS_CM3_hw_platform.a(mss_sys_services.o)
 .debug_frame   0x00001d90      0x320 C:\Users\S-SPACE\Desktop\Pratik\Final_Year_Project\PiLOT_G2_Software\PiLOT_G2_IMG2\PiLOT_sb_MSS_CM3_hw_platform\Debug\libPiLOT_sb_MSS_CM3_hw_platform.a(mss_spi.o)
 .debug_frame   0x000020b0      0x194 C:\Users\S-SPACE\Desktop\Pratik\Final_Year_Project\PiLOT_G2_Software\PiLOT_G2_IMG2\PiLOT_sb_MSS_CM3_hw_platform\Debug\libPiLOT_sb_MSS_CM3_hw_platform.a(mss_nvm.o)
 .debug_frame   0x00002244      0x130 C:\Users\S-SPACE\Desktop\Pratik\Final_Year_Project\PiLOT_G2_Software\PiLOT_G2_IMG2\PiLOT_sb_MSS_CM3_hw_platform\Debug\libPiLOT_sb_MSS_CM3_hw_platform.a(mss_gpio.o)
 .debug_frame   0x00002374       0xf0 C:\Users\S-SPACE\Desktop\Pratik\Final_Year_Project\PiLOT_G2_Software\PiLOT_G2_IMG2\PiLOT_sb_MSS_CM3_hw_platform\Debug\libPiLOT_sb_MSS_CM3_hw_platform.a(core_timer.o)
 .debug_frame   0x00002464      0x250 C:\Users\S-SPACE\Desktop\Pratik\Final_Year_Project\PiLOT_G2_Software\PiLOT_G2_IMG2\PiLOT_sb_MSS_CM3_hw_platform\Debug\libPiLOT_sb_MSS_CM3_hw_platform.a(core_spi.o)
 .debug_frame   0x000026b4      0x3e4 C:\Users\S-SPACE\Desktop\Pratik\Final_Year_Project\PiLOT_G2_Software\PiLOT_G2_IMG2\PiLOT_sb_MSS_CM3_hw_platform\Debug\libPiLOT_sb_MSS_CM3_hw_platform.a(core_i2c.o)
 .debug_frame   0x00002a98       0x88 C:\Users\S-SPACE\Desktop\Pratik\Final_Year_Project\PiLOT_G2_Software\PiLOT_G2_IMG2\PiLOT_sb_MSS_CM3_hw_platform\Debug\libPiLOT_sb_MSS_CM3_hw_platform.a(i2c_interrupt.o)
 .debug_frame   0x00002b20       0xd8 C:\Users\S-SPACE\Desktop\Pratik\Final_Year_Project\PiLOT_G2_Software\PiLOT_G2_IMG2\PiLOT_sb_MSS_CM3_hw_platform\Debug\libPiLOT_sb_MSS_CM3_hw_platform.a(system_m2sxxx.o)
 .debug_frame   0x00002bf8      0x1dc C:\Users\S-SPACE\Desktop\Pratik\Final_Year_Project\PiLOT_G2_Software\PiLOT_G2_IMG2\PiLOT_sb_MSS_CM3_hw_platform\Debug\libPiLOT_sb_MSS_CM3_hw_platform.a(mss_comblk.o)
 .debug_frame   0x00002dd4       0x20 c:/program files (x86)/microsemi/softconsole v3.4/sourcery-g++/bin/../lib/gcc/arm-none-eabi/4.4.1/../../../../arm-none-eabi/lib/thumb2\libc.a(lib_a-errno.o)
 .debug_frame   0x00002df4       0x2c c:/program files (x86)/microsemi/softconsole v3.4/sourcery-g++/bin/../lib/gcc/arm-none-eabi/4.4.1/../../../../arm-none-eabi/lib/thumb2\libc.a(lib_a-init.o)
 .debug_frame   0x00002e20       0x34 c:/program files (x86)/microsemi/softconsole v3.4/sourcery-g++/bin/../lib/gcc/arm-none-eabi/4.4.1/../../../../arm-none-eabi/lib/thumb2\libc.a(lib_a-memcpy.o)
 .debug_frame   0x00002e54       0x28 c:/program files (x86)/microsemi/softconsole v3.4/sourcery-g++/bin/../lib/gcc/arm-none-eabi/4.4.1/../../../../arm-none-eabi/lib/thumb2\libc.a(lib_a-memset.o)

.debug_str      0x00000000     0x56e7
 *(.debug_str)
 .debug_str     0x00000000     0x114c ./P1.o
                               0x1373 (size before relaxing)
 .debug_str     0x0000114c      0x28b ./P2.o
                                0xfe5 (size before relaxing)
 .debug_str     0x000013d7     0x101b ./main.o
                               0x20dc (size before relaxing)
 .debug_str     0x000023f2       0x89 ./packet_definition.o
                                 0x95 (size before relaxing)
 .debug_str     0x0000247b       0xae ./cmds/cmd.o