Archive member included because of file (symbol)

C:\Users\S-SPACE\Desktop\Pratik\Final_Year_Project\PiLOT_G2_Software\PiLOT_G2_IMG2\PiLOT_sb_MSS_CM3_hw_platform\Debug\libPiLOT_sb_MSS_CM3_hw_platform.a(hw_reg_access.o)
                              ./P1.o (HW_set_16bit_reg)
C:\Users\S-SPACE\Desktop\Pratik\Final_Year_Project\PiLOT_G2_Software\PiLOT_G2_IMG2\PiLOT_sb_MSS_CM3_hw_platform\Debug\libPiLOT_sb_MSS_CM3_hw_platform.a(mss_uart.o)
                              ./P1.o (g_mss_uart0)
C:\Users\S-SPACE\Desktop\Pratik\Final_Year_Project\PiLOT_G2_Software\PiLOT_G2_IMG2\PiLOT_sb_MSS_CM3_hw_platform\Debug\libPiLOT_sb_MSS_CM3_hw_platform.a(mss_sys_services.o)
                              ./main.o (MSS_SYS_init)
C:\Users\S-SPACE\Desktop\Pratik\Final_Year_Project\PiLOT_G2_Software\PiLOT_G2_IMG2\PiLOT_sb_MSS_CM3_hw_platform\Debug\libPiLOT_sb_MSS_CM3_hw_platform.a(mss_spi.o)
                              ./main.o (g_mss_spi0)
C:\Users\S-SPACE\Desktop\Pratik\Final_Year_Project\PiLOT_G2_Software\PiLOT_G2_IMG2\PiLOT_sb_MSS_CM3_hw_platform\Debug\libPiLOT_sb_MSS_CM3_hw_platform.a(mss_nvm.o)
                              ./main.o (NVM_write)
C:\Users\S-SPACE\Desktop\Pratik\Final_Year_Project\PiLOT_G2_Software\PiLOT_G2_IMG2\PiLOT_sb_MSS_CM3_hw_platform\Debug\libPiLOT_sb_MSS_CM3_hw_platform.a(mss_gpio.o)
                              ./main.o (MSS_GPIO_init)
C:\Users\S-SPACE\Desktop\Pratik\Final_Year_Project\PiLOT_G2_Software\PiLOT_G2_IMG2\PiLOT_sb_MSS_CM3_hw_platform\Debug\libPiLOT_sb_MSS_CM3_hw_platform.a(core_timer.o)
                              ./main.o (TMR_init)
C:\Users\S-SPACE\Desktop\Pratik\Final_Year_Project\PiLOT_G2_Software\PiLOT_G2_IMG2\PiLOT_sb_MSS_CM3_hw_platform\Debug\libPiLOT_sb_MSS_CM3_hw_platform.a(core_spi.o)
                              ./Comms/adf7030.o (SPI_init)
C:\Users\S-SPACE\Desktop\Pratik\Final_Year_Project\PiLOT_G2_Software\PiLOT_G2_IMG2\PiLOT_sb_MSS_CM3_hw_platform\Debug\libPiLOT_sb_MSS_CM3_hw_platform.a(core_i2c.o)
                              ./P1.o (I2C_init)
C:\Users\S-SPACE\Desktop\Pratik\Final_Year_Project\PiLOT_G2_Software\PiLOT_G2_IMG2\PiLOT_sb_MSS_CM3_hw_platform\Debug\libPiLOT_sb_MSS_CM3_hw_platform.a(i2c_interrupt.o)
                              C:\Users\S-SPACE\Desktop\Pratik\Final_Year_Project\PiLOT_G2_Software\PiLOT_G2_IMG2\PiLOT_sb_MSS_CM3_hw_platform\Debug\libPiLOT_sb_MSS_CM3_hw_platform.a(core_i2c.o) (I2C_enable_irq)
C:\Users\S-SPACE\Desktop\Pratik\Final_Year_Project\PiLOT_G2_Software\PiLOT_G2_IMG2\PiLOT_sb_MSS_CM3_hw_platform\Debug\libPiLOT_sb_MSS_CM3_hw_platform.a(system_m2sxxx.o)
                              C:\Users\S-SPACE\Desktop\Pratik\Final_Year_Project\PiLOT_G2_Software\PiLOT_G2_IMG2\PiLOT_sb_MSS_CM3_hw_platform\Debug\libPiLOT_sb_MSS_CM3_hw_platform.a(mss_nvm.o) (SystemCoreClock)
C:\Users\S-SPACE\Desktop\Pratik\Final_Year_Project\PiLOT_G2_Software\PiLOT_G2_IMG2\PiLOT_sb_MSS_CM3_hw_platform\Debug\libPiLOT_sb_MSS_CM3_hw_platform.a(hal.o)
                              C:\Users\S-SPACE\Desktop\Pratik\Final_Year_Project\PiLOT_G2_Software\PiLOT_G2_IMG2\PiLOT_sb_MSS_CM3_hw_platform\Debug\libPiLOT_sb_MSS_CM3_hw_platform.a(core_i2c.o) (HAL_disable_interrupts)
C:\Users\S-SPACE\Desktop\Pratik\Final_Year_Project\PiLOT_G2_Software\PiLOT_G2_IMG2\PiLOT_sb_MSS_CM3_hw_platform\Debug\libPiLOT_sb_MSS_CM3_hw_platform.a(mss_comblk.o)
                              C:\Users\S-SPACE\Desktop\Pratik\Final_Year_Project\PiLOT_G2_Software\PiLOT_G2_IMG2\PiLOT_sb_MSS_CM3_hw_platform\Debug\libPiLOT_sb_MSS_CM3_hw_platform.a(mss_sys_services.o) (MSS_COMBLK_init)
c:/program files (x86)/microsemi/softconsole v3.4/sourcery-g++/bin/../lib/gcc/arm-none-eabi/4.4.1/../../../../arm-none-eabi/lib/thumb2\libc.a(lib_a-errno.o)
                              C:/Users/S-SPACE/Desktop/Pratik/Final_Year_Project/PiLOT_G2_Software/PiLOT_G2_IMG2/PiLOT_sb_MSS_CM3_hw_platform/Debug/CMSIS/startup_gcc/newlib_stubs.o (__errno)
c:/program files (x86)/microsemi/softconsole v3.4/sourcery-g++/bin/../lib/gcc/arm-none-eabi/4.4.1/../../../../arm-none-eabi/lib/thumb2\libc.a(lib_a-impure.o)
                              c:/program files (x86)/microsemi/softconsole v3.4/sourcery-g++/bin/../lib/gcc/arm-none-eabi/4.4.1/../../../../arm-none-eabi/lib/thumb2\libc.a(lib_a-errno.o) (_impure_ptr)
c:/program files (x86)/microsemi/softconsole v3.4/sourcery-g++/bin/../lib/gcc/arm-none-eabi/4.4.1/../../../../arm-none-eabi/lib/thumb2\libc.a(lib_a-init.o)
                              C:/Users/S-SPACE/Desktop/Pratik/Final_Year_Project/PiLOT_G2_Software/PiLOT_G2_IMG2/PiLOT_sb_MSS_CM3_hw_platform/Debug/CMSIS/startup_gcc/startup_m2sxxx.o (__libc_init_array)
c:/program files (x86)/microsemi/softconsole v3.4/sourcery-g++/bin/../lib/gcc/arm-none-eabi/4.4.1/../../../../arm-none-eabi/lib/thumb2\libc.a(lib_a-memcpy.o)
                              C:\Users\S-SPACE\Desktop\Pratik\Final_Year_Project\PiLOT_G2_Software\PiLOT_G2_IMG2\PiLOT_sb_MSS_CM3_hw_platform\Debug\libPiLOT_sb_MSS_CM3_hw_platform.a(mss_sys_services.o) (memcpy)
[...]
Memory Configuration

Name             Origin             Length             Attributes
ram              0x20000000         0x00010000         xrw
*default*        0x00000000         0xffffffff

Linker script and memory map

LOAD c:/program files (x86)/microsemi/softconsole v3.4/sourcery-g++/bin/../lib/gcc/arm-none-eabi/4.4.1/thumb2/crti.o
LOAD c:/program files (x86)/microsemi/softconsole v3.4/sourcery-g++/bin/../lib/gcc/arm-none-eabi/4.4.1/thumb2/crtbegin.o
LOAD ./P1.o
LOAD ./P2.o
LOAD ./main.o
LOAD ./packet_definition.o
LOAD ./cmds/cmd.o
LOAD ./PIS/RS485_Controller.o
LOAD ./PIS/VC_Sensor.o
LOAD ./OBC/ADC.o
LOAD ./OBC/IMU.o
LOAD ./OBC/SD.o
LOAD ./OBC/memory.o
LOAD ./GMC/counter.o
LOAD ./Comms/adf7030.o
LOAD C:/Users/S-SPACE/Desktop/Pratik/Final_Year_Project/PiLOT_G2_Software/PiLOT_G2_IMG2/PiLOT_sb_MSS_CM3_hw_platform/Debug/CMSIS/startup_gcc/startup_m2sxxx.o
LOAD C:/Users/S-SPACE/Desktop/Pratik/Final_Year_Project/PiLOT_G2_Software/PiLOT_G2_IMG2/PiLOT_sb_MSS_CM3_hw_platform/Debug/CMSIS/startup_gcc/newlib_stubs.o
LOAD C:\Users\S-SPACE\Desktop\Pratik\Final_Year_Project\PiLOT_G2_Software\PiLOT_G2_IMG2\PiLOT_sb_MSS_CM3_hw_platform\Debug\libPiLOT_sb_MSS_CM3_hw_platform.a
START GROUP
LOAD c:/program files (x86)/microsemi/softconsole v3.4/sourcery-g++/bin/../lib/gcc/arm-none-eabi/4.4.1/thumb2\libgcc.a
LOAD c:/program files (x86)/microsemi/softconsole v3.4/sourcery-g++/bin/../lib/gcc/arm-none-eabi/4.4.1/../../../../arm-none-eabi/lib/thumb2\libc.a
END GROUP
LOAD c:/program files (x86)/microsemi/softconsole v3.4/sourcery-g++/bin/../lib/gcc/arm-none-eabi/4.4.1/thumb2/crtend.o
LOAD c:/program files (x86)/microsemi/softconsole v3.4/sourcery-g++/bin/../lib/gcc/arm-none-eabi/4.4.1/thumb2/crtn.o
START GROUP
LOAD c:/program files (x86)/microsemi/softconsole v3.4/sourcery-g++/bin/../lib/gcc/arm-none-eabi/4.4.1/../../../../arm-none-eabi/lib/thumb2\libc.a
LOAD c:/program files (x86)/microsemi/softconsole v3.4/sourcery-g++/bin/../lib/gcc/arm-none-eabi/4.4.1/thumb2\libgcc.a
LOAD c:/program files (x86)/microsemi/softconsole v3.4/sourcery-g++/bin/../lib/gcc/arm-none-eabi/4.4.1/../../../../arm-none-eabi/lib/thumb2\libm.a
END GROUP
                0x00000000                __DYNAMIC = 0x0
                0x20000000                RAM_START_ADDRESS = 0x20000000
                0x00010000                RAM_SIZE = 0x10000
                0x00001000                MAIN_STACK_SIZE = 0x1000
                0x00001000                MIN_SIZE_HEAP = 0x1000
                0x20010000                PROVIDE (__main_stack_start, (RAM_START_ADDRESS + RAM_SIZE))
                0x20010000                PROVIDE (_estack, __main_stack_start)
                0x00000000                PROVIDE (__mirrored_nvm, 0x0)
                0x00000000                PROVIDE (__smartfusion2_memory_remap, 0x0)

.vector_table   0x20000000      0x190
                0x20000000                __vector_table_load = LOADADDR (.vector_table)
                0x20000000                __vector_table_start = .
                0x20000000                __vector_table_vma_base_address = .
 *(.isr_vector)
 .isr_vector    0x20000000      0x190 C:/Users/S-SPACE/Desktop/Pratik/Final_Year_Project/PiLOT_G2_Software/PiLOT_G2_IMG2/PiLOT_sb_MSS_CM3_hw_platform/Debug/CMSIS/startup_gcc/startup_m2sxxx.o
                0x20000000                g_pfnVectors
                0x20000190                . = ALIGN (0x10)
                0x20000190                _evector_table = .

.boot_code      0x20000190      0x330
 *(.boot_code)
 .boot_code     0x20000190      0x330 C:/Users/S-SPACE/Desktop/Pratik/Final_Year_Project/PiLOT_G2_Software/PiLOT_G2_IMG2/PiLOT_sb_MSS_CM3_hw_platform/Debug/CMSIS/startup_gcc/startup_m2sxxx.o
                0x20000190                Reset_Handler
                0x2000037e                NMI_Handler
                0x20000380                HardFault_Handler
                0x20000382                MemManage_Handler
                0x20000384                BusFault_Handler
                0x20000386                UsageFault_Handler
                0x20000388                SVC_Handler
                0x2000038a                DebugMon_Handler
                0x2000038c                PendSV_Handler
                0x2000038e                SysTick_Handler
                0x20000390                WdogWakeup_IRQHandler
                0x20000392                RTC_Wakeup_IRQHandler
                0x20000398                I2C0_IRQHandler
                0x2000039a                I2C0_SMBAlert_IRQHandler
                0x2000039c                I2C0_SMBus_IRQHandler
                0x2000039e                I2C1_IRQHandler
                0x200003a0                I2C1_SMBAlert_IRQHandler
                0x200003a2                I2C1_SMBus_IRQHandler
                0x200003a8                EthernetMAC_IRQHandler
                0x200003aa                DMA_IRQHandler
                0x200003ac                Timer1_IRQHandler
                0x200003ae                Timer2_IRQHandler
                0x200003b0                CAN_IRQHandler
                0x200003b2                ENVM0_IRQHandler
                0x200003b4                ENVM1_IRQHandler
                0x200003b8                USB_IRQHandler
                0x200003ba                USB_DMA_IRQHandler
                0x200003bc                PLL_Lock_IRQHandler
                0x200003be                PLL_LockLost_IRQHandler
                0x200003c0                CommSwitchError_IRQHandler
                0x200003c2                CacheError_IRQHandler
                0x200003c4                DDR_IRQHandler
                0x200003c6                HPDMA_Complete_IRQHandler
                0x200003c8                HPDMA_Error_IRQHandler
                0x200003ca                ECC_Error_IRQHandler
                0x200003cc                MDDR_IOCalib_IRQHandler
                0x200003ce                FAB_PLL_Lock_IRQHandler
                0x200003d0                FAB_PLL_LockLost_IRQHandler
                0x200003d2                FIC64_IRQHandler
                0x200003e6                FabricIrq9_IRQHandler
                0x200003e8                FabricIrq10_IRQHandler
                0x200003ea                FabricIrq11_IRQHandler
                0x200003ec                FabricIrq12_IRQHandler
                0x200003ee                FabricIrq13_IRQHandler
                0x200003f0                FabricIrq14_IRQHandler
                0x200003f2                FabricIrq15_IRQHandler
                0x200003f4                GPIO0_IRQHandler
                0x200003f8                GPIO2_IRQHandler
                0x200003fc                GPIO4_IRQHandler
                0x200003fe                GPIO5_IRQHandler
                0x20000400                GPIO6_IRQHandler
                0x20000402                GPIO7_IRQHandler
                0x20000404                GPIO8_IRQHandler
                0x20000406                GPIO9_IRQHandler
                0x20000408                GPIO10_IRQHandler
                0x2000040a                GPIO11_IRQHandler
                0x2000040c                GPIO12_IRQHandler
                0x2000040e                GPIO13_IRQHandler
                0x20000410                GPIO14_IRQHandler
                0x20000412                GPIO15_IRQHandler
                0x20000414                GPIO16_IRQHandler
                0x20000416                GPIO17_IRQHandler
                0x20000418                GPIO18_IRQHandler
                0x2000041a                GPIO19_IRQHandler
                0x2000041c                GPIO20_IRQHandler
                0x2000041e                GPIO21_IRQHandler
                0x20000420                GPIO22_IRQHandler
                0x20000422                GPIO23_IRQHandler
                0x20000424                GPIO24_IRQHandler
                0x20000426                GPIO25_IRQHandler
                0x20000428                GPIO26_IRQHandler
                0x2000042a                GPIO27_IRQHandler
                0x2000042c                GPIO28_IRQHandler
                0x2000042e                GPIO29_IRQHandler
                0x20000430                GPIO30_IRQHandler
                0x20000432                GPIO31_IRQHandler
                0x20000434                mscc_post_hw_cfg_init
                0x200004c0                . = ALIGN (0x10)

.text           0x200004c0     0xbac0
 CREATE_OBJECT_SYMBOLS
                0x200004c0                __text_load = LOADADDR (.text)
                0x200004c0                __text_start = .
 *(.text .text.* .gnu.linkonce.t.*)
 .text          0x200004c0       0x30 c:/program files (x86)/microsemi/softconsole v3.4/sourcery-g++/bin/../lib/gcc/arm-none-eabi/4.4.1/thumb2/crtbegin.o
 .text.MSS_TIM64_get_current_value
                0x200004f0       0x30 ./P1.o
 .text.MSS_WD_current_value
                0x20000520       0x18 ./P1.o
 .text.store_pkt
                0x20000538       0x60 ./P1.o
                0x20000538                store_pkt
 .text.p1_init  0x20000598       0x58 ./P1.o
                0x20000598                p1_init
 .text.vGetPktStruct
                0x200005f0       0xf8 ./P1.o
                0x200005f0                vGetPktStruct
 .text.make_FLetcher
                0x200006e8      0x138 ./P1.o
                0x200006e8                make_FLetcher
 .text.get_hk   0x20000820      0x9e0 ./P1.o
                0x20000820                get_hk
 .text.get_temp
                0x20001200      0x360 ./P1.o
                0x20001200                get_temp
 .text.get_sd_data
                0x20001560       0x34 ./P1.o
                0x20001560                get_sd_data
 .text.get_gmc  0x20001594      0x514 ./P2.o
                0x20001594                get_gmc
 .text.get_comms
                0x20001aa8      0x4f8 ./P2.o
                0x20001aa8                get_comms
 .text.NVIC_EnableIRQ
                0x20001fa0       0x38 ./main.o
 .text.NVIC_DisableIRQ
                0x20001fd8       0x3c ./main.o
 .text.NVIC_ClearPendingIRQ
                0x20002014       0x3c ./main.o
 .text.NVIC_SetPriority
                0x20002050       0x5c ./main.o
 .text.MSS_TIM64_init
                0x200020ac       0xa4 ./main.o
 .text.MSS_TIM64_start
                0x20002150       0x1c ./main.o
 .text.MSS_TIM64_get_current_value
                0x2000216c       0x30 ./main.o
 .text.MSS_TIM64_load_immediate
                0x2000219c       0x2c ./main.o
 .text.MSS_WD_init
                0x200021c8       0x6c ./main.o
 .text.MSS_WD_reload
                0x20002234       0x1c ./main.o
 .text.form_log_packet
                0x20002250      0x210 ./main.o
                0x20002250                form_log_packet
 .text.HK_ISR   0x20002460      0x1d8 ./main.o
                0x20002460                HK_ISR
 .text.GMC_ISR  0x20002638      0x1d8 ./main.o
                0x20002638                GMC_ISR
 .text.COMMS_ISR
                0x20002810      0x1d8 ./main.o
                0x20002810                COMMS_ISR
 .text.THER_ISR
                0x200029e8      0x1d8 ./main.o
                0x200029e8                THER_ISR
 .text.SD_ISR   0x20002bc0       0x40 ./main.o
                0x20002bc0                SD_ISR
 .text.timer_intr_set
                0x20002c00      0x170 ./main.o
                0x20002c00                timer_intr_set
 .text.get_cmd  0x20002d70       0xc4 ./main.o
                0x20002d70                get_cmd
 .text.init_cmd_engine
                0x20002e34       0x74 ./main.o
                0x20002e34                init_cmd_engine
 .text.Tim64_init
                0x20002ea8       0x20 ./main.o
                0x20002ea8                Tim64_init
 .text.get_init
                0x20002ec8      0x194 ./main.o
                0x20002ec8                get_init
 .text.main     0x2000305c      0x3d4 ./main.o
                0x2000305c                main
 .text.FabricIrq0_IRQHandler
                0x20003430       0x14 ./main.o
                0x20003430                FabricIrq0_IRQHandler
 .text.FabricIrq1_IRQHandler
                0x20003444       0x14 ./main.o
                0x20003444                FabricIrq1_IRQHandler
 .text.FabricIrq2_IRQHandler
                0x20003458       0x14 ./main.o
                0x20003458                FabricIrq2_IRQHandler
 .text.FabricIrq3_IRQHandler
                0x2000346c       0x14 ./main.o
                0x2000346c                FabricIrq3_IRQHandler
 .text.FabricIrq4_IRQHandler
                0x20003480        0xc ./main.o
                0x20003480                FabricIrq4_IRQHandler
 .text.FabricIrq5_IRQHandler
                0x2000348c        0xc ./main.o
                0x2000348c                FabricIrq5_IRQHandler
 .text.FabricIrq6_IRQHandler
                0x20003498        0xc ./main.o
                0x20003498                FabricIrq6_IRQHandler
 .text.FabricIrq7_IRQHandler
                0x200034a4        0xc ./main.o
                0x200034a4                FabricIrq7_IRQHandler
 .text.FabricIrq8_IRQHandler
                0x200034b0        0xc ./main.o
                0x200034b0                FabricIrq8_IRQHandler
 .text.cmd_valid
                0x200034bc       0x3c ./cmds/cmd.o
                0x200034bc                cmd_valid
 .text.add_cmd  0x200034f8       0xbc ./cmds/cmd.o
                0x200034f8                add_cmd
 .text.cmd_engine
                0x200035b4       0x50 ./cmds/cmd.o
                0x200035b4                cmd_engine
 .text.cmd_noop
                0x20003604       0x14 ./cmds/cmd.o
                0x20003604                cmd_noop
 .text.set_pkt_rate
                0x20003618      0x1f4 ./cmds/cmd.o
                0x20003618                set_pkt_rate
 .text.delay    0x2000380c       0x24 ./cmds/cmd.o
                0x2000380c                delay
 .text.exe_iap  0x20003830      0x1c8 ./cmds/cmd.o
                0x20003830                exe_iap
 .text.read_adf_reg
                0x200039f8      0x100 ./cmds/cmd.o
                0x200039f8                read_adf_reg
 .text.exe_rtm  0x20003af8       0x3c ./cmds/cmd.o
                0x20003af8                exe_rtm
 .text.NVIC_EnableIRQ
                0x20003b34       0x38 ./PIS/RS485_Controller.o
 .text.NVIC_SetPriority
                0x20003b6c       0x5c ./PIS/RS485_Controller.o
 .text.GPIO1_IRQHandler
                0x20003bc8       0x58 ./PIS/RS485_Controller.o
                0x20003bc8                GPIO1_IRQHandler
 .text.GPIO3_IRQHandler
                0x20003c20       0x98 ./PIS/RS485_Controller.o
                0x20003c20                GPIO3_IRQHandler
 .text.get_time_vector
                0x20003cb8       0x6c ./PIS/RS485_Controller.o
                0x20003cb8                get_time_vector
 .text.init_RS485_Controller
                0x20003d24      0x1a4 ./PIS/RS485_Controller.o
                0x20003d24                init_RS485_Controller
 .text.vc_write
                0x20003ec8       0xa8 ./PIS/VC_Sensor.o
                0x20003ec8                vc_write
 .text.vc_read  0x20003f70       0xa8 ./PIS/VC_Sensor.o
                0x20003f70                vc_read
 .text.vc_read_reg
                0x20004018       0x58 ./PIS/VC_Sensor.o
                0x20004018                vc_read_reg
 .text.vc_init  0x20004070       0x78 ./PIS/VC_Sensor.o
                0x20004070                vc_init
 .text.read_bus_voltage
                0x200040e8       0xbc ./PIS/VC_Sensor.o
                0x200040e8                read_bus_voltage
 .text.read_shunt_voltage
                0x200041a4       0xc0 ./PIS/VC_Sensor.o
                0x200041a4                read_shunt_voltage
 .text.ADC_Init
                0x20004264       0xf0 ./OBC/ADC.o
                0x20004264                ADC_Init
 .text.get_ADC_value
                0x20004354       0xa0 ./OBC/ADC.o
                0x20004354                get_ADC_value
 .text.get_IMU_acc
                0x200043f4      0x318 ./OBC/IMU.o
                0x200043f4                get_IMU_acc
 .text.get_IMU_gyro
                0x2000470c      0x2e4 ./OBC/IMU.o
                0x2000470c                get_IMU_gyro
 .text.get_IMU_temp
                0x200049f0       0xc0 ./OBC/IMU.o
                0x200049f0                get_IMU_temp
 .text.SD_Init  0x20004ab0      0x47c ./OBC/SD.o
                0x20004ab0                SD_Init
 .text.SD_Write
                0x20004f2c      0x23c ./OBC/SD.o
                0x20004f2c                SD_Write
 .text.SD_Read  0x20005168      0x1bc ./OBC/SD.o
                0x20005168                SD_Read
 .text.initialise_partition
                0x20005324       0x30 ./OBC/memory.o
                0x20005324                initialise_partition
 .text.store_data
                0x20005354       0x5c ./OBC/memory.o
                0x20005354                store_data
 .text.read_data
                0x200053b0       0x5c ./OBC/memory.o
                0x200053b0                read_data
 .text.counter_init
                0x2000540c       0x64 ./GMC/counter.o
                0x2000540c                counter_init
 .text.get_count
                0x20005470       0x54 ./GMC/counter.o
                0x20005470                get_count
 .text.get_free_res
                0x200054c4       0x8c ./GMC/counter.o
                0x200054c4                get_free_res
 .text.get_gmc_voltages
                0x20005550       0x80 ./GMC/counter.o
                0x20005550                get_gmc_voltages
 .text.set_adf_spi_instance
                0x200055d0       0x20 ./Comms/adf7030.o
                0x200055d0                set_adf_spi_instance
 .text.adf_init
                0x200055f0      0x298 ./Comms/adf7030.o
                0x200055f0                adf_init
 .text.apply_file
                0x20005888       0xcc ./Comms/adf7030.o
                0x20005888                apply_file
 .text.config_adf7030
                0x20005954      0x100 ./Comms/adf7030.o
                0x20005954                config_adf7030
 .text.adf_write_to_memory
                0x20005a54       0x94 ./Comms/adf7030.o
                0x20005a54                adf_write_to_memory
 .text.adf_read_from_memory
                0x20005ae8       0x98 ./Comms/adf7030.o
                0x20005ae8                adf_read_from_memory
 .text.adf_send_cmd
                0x20005b80       0xcc ./Comms/adf7030.o
                0x20005b80                adf_send_cmd
 .text.cmd_ready_set
                0x20005c4c       0x7c ./Comms/adf7030.o
                0x20005c4c                cmd_ready_set
 .text.adf_in_idle
                0x20005cc8       0x7c ./Comms/adf7030.o
                0x20005cc8                adf_in_idle
 .text.adf_spi_trans_read
                0x20005d44       0x68 ./Comms/adf7030.o
                0x20005d44                adf_spi_trans_read
 .text.adf_spi_trans_write
                0x20005dac       0xf4 ./Comms/adf7030.o
                0x20005dac                adf_spi_trans_write
 .text.adf_get_state
                0x20005ea0       0x9c ./Comms/adf7030.o
                0x20005ea0                adf_get_state
 .text.get_rssi_data
                0x20005f3c       0x94 ./Comms/adf7030.o
                0x20005f3c                get_rssi_data
 .text.get_rssi_cca_data
                0x20005fd0       0xb4 ./Comms/adf7030.o
                0x20005fd0                get_rssi_cca_data
 .text.get_preamble_pkt
                0x20006084       0x30 ./Comms/adf7030.o
                0x20006084                get_preamble_pkt
 .text.get_sync_word
                0x200060b4       0x50 ./Comms/adf7030.o
                0x200060b4                get_sync_word
 .text.get_freq
                0x20006104       0x50 ./Comms/adf7030.o
                0x20006104                get_freq
 .text          0x20006154       0x90 C:\Users\S-SPACE\Desktop\Pratik\Final_Year_Project\PiLOT_G2_Software\PiLOT_G2_IMG2\PiLOT_sb_MSS_CM3_hw_platform\Debug\libPiLOT_sb_MSS_CM3_hw_platform.a(hw_reg_access.o)
                0x20006154                HW_set_32bit_reg
                0x20006158                HW_get_32bit_reg
                0x2000615c                HW_set_32bit_reg_field
                0x20006178                HW_get_32bit_reg_field
                0x20006184                HW_set_16bit_reg
                0x20006188                HW_get_16bit_reg
                0x2000618c                HW_set_16bit_reg_field
                0x200061a8                HW_get_16bit_reg_field
                0x200061b4                HW_set_8bit_reg
                0x200061b8                HW_get_8bit_reg
                0x200061bc                HW_set_8bit_reg_field
                0x200061d8                HW_get_8bit_reg_field
 .text.NVIC_ClearPendingIRQ
                0x200061e4       0x3c C:\Users\S-SPACE\Desktop\Pratik\Final_Year_Project\PiLOT_G2_Software\PiLOT_G2_IMG2\PiLOT_sb_MSS_CM3_hw_platform\Debug\libPiLOT_sb_MSS_CM3_hw_platform.a(mss_uart.o)
 .text.set_bit_reg8
                0x20006220       0x40 C:\Users\S-SPACE\Desktop\Pratik\Final_Year_Project\PiLOT_G2_Software\PiLOT_G2_IMG2\PiLOT_sb_MSS_CM3_hw_platform\Debug\libPiLOT_sb_MSS_CM3_hw_platform.a(mss_uart.o)
 .text.clear_bit_reg8
                0x20006260       0x40 C:\Users\S-SPACE\Desktop\Pratik\Final_Year_Project\PiLOT_G2_Software\PiLOT_G2_IMG2\PiLOT_sb_MSS_CM3_hw_platform\Debug\libPiLOT_sb_MSS_CM3_hw_platform.a(mss_uart.o)
 .text.read_bit_reg8
                0x200062a0       0x40 C:\Users\S-SPACE\Desktop\Pratik\Final_Year_Project\PiLOT_G2_Software\PiLOT_G2_IMG2\PiLOT_sb_MSS_CM3_hw_platform\Debug\libPiLOT_sb_MSS_CM3_hw_platform.a(mss_uart.o)
 .text.MSS_UART_init
                0x200062e0       0x84 C:\Users\S-SPACE\Desktop\Pratik\Final_Year_Project\PiLOT_G2_Software\PiLOT_G2_IMG2\PiLOT_sb_MSS_CM3_hw_platform\Debug\libPiLOT_sb_MSS_CM3_hw_platform.a(mss_uart.o)
                0x200062e0                MSS_UART_init
 .text.MSS_UART_polled_tx
                0x20006364       0xe4 C:\Users\S-SPACE\Desktop\Pratik\Final_Year_Project\PiLOT_G2_Software\PiLOT_G2_IMG2\PiLOT_sb_MSS_CM3_hw_platform\Debug\libPiLOT_sb_MSS_CM3_hw_platform.a(mss_uart.o)
                0x20006364                MSS_UART_polled_tx
 .text.UART0_IRQHandler
                0x20006448       0x24 C:\Users\S-SPACE\Desktop\Pratik\Final_Year_Project\PiLOT_G2_Software\PiLOT_G2_IMG2\PiLOT_sb_MSS_CM3_hw_platform\Debug\libPiLOT_sb_MSS_CM3_hw_platform.a(mss_uart.o)
                0x20006448                UART0_IRQHandler
 .text.UART1_IRQHandler
                0x2000646c       0x24 C:\Users\S-SPACE\Desktop\Pratik\Final_Year_Project\PiLOT_G2_Software\PiLOT_G2_IMG2\PiLOT_sb_MSS_CM3_hw_platform\Debug\libPiLOT_sb_MSS_CM3_hw_platform.a(mss_uart.o)
                0x2000646c                UART1_IRQHandler
 .text.config_baud_divisors
                0x20006490      0x198 C:\Users\S-SPACE\Desktop\Pratik\Final_Year_Project\PiLOT_G2_Software\PiLOT_G2_IMG2\PiLOT_sb_MSS_CM3_hw_platform\Debug\libPiLOT_sb_MSS_CM3_hw_platform.a(mss_uart.o)
 .text.global_init
                0x20006628      0x26c C:\Users\S-SPACE\Desktop\Pratik\Final_Year_Project\PiLOT_G2_Software\PiLOT_G2_IMG2\PiLOT_sb_MSS_CM3_hw_platform\Debug\libPiLOT_sb_MSS_CM3_hw_platform.a(mss_uart.o)
 .text.MSS_UART_isr
                0x20006894      0x22c C:\Users\S-SPACE\Desktop\Pratik\Final_Year_Project\PiLOT_G2_Software\PiLOT_G2_IMG2\PiLOT_sb_MSS_CM3_hw_platform\Debug\libPiLOT_sb_MSS_CM3_hw_platform.a(mss_uart.o)
 .text.default_tx_handler
                0x20006ac0      0x10c C:\Users\S-SPACE\Desktop\Pratik\Final_Year_Project\PiLOT_G2_Software\PiLOT_G2_IMG2\PiLOT_sb_MSS_CM3_hw_platform\Debug\libPiLOT_sb_MSS_CM3_hw_platform.a(mss_uart.o)
 .text.MSS_SYS_init
                0x20006bcc       0x64 C:\Users\S-SPACE\Desktop\Pratik\Final_Year_Project\PiLOT_G2_Software\PiLOT_G2_IMG2\PiLOT_sb_MSS_CM3_hw_platform\Debug\libPiLOT_sb_MSS_CM3_hw_platform.a(mss_sys_services.o)
                0x20006bcc                MSS_SYS_init
 .text.asynchronous_event_handler
                0x20006c30      0x12c C:\Users\S-SPACE\Desktop\Pratik\Final_Year_Project\PiLOT_G2_Software\PiLOT_G2_IMG2\PiLOT_sb_MSS_CM3_hw_platform\Debug\libPiLOT_sb_MSS_CM3_hw_platform.a(mss_sys_services.o)
 .text.determine_seq
                0x20006d5c       0xc8 C:\Users\S-SPACE\Desktop\Pratik\Final_Year_Project\PiLOT_G2_Software\PiLOT_G2_IMG2\PiLOT_sb_MSS_CM3_hw_platform\Debug\libPiLOT_sb_MSS_CM3_hw_platform.a(mss_sys_services.o)
 .text.clk_switching_fix
                0x20006e24      0x3a0 C:\Users\S-SPACE\Desktop\Pratik\Final_Year_Project\PiLOT_G2_Software\PiLOT_G2_IMG2\PiLOT_sb_MSS_CM3_hw_platform\Debug\libPiLOT_sb_MSS_CM3_hw_platform.a(mss_sys_services.o)
 .text.revert_clk_config
                0x200071c4      0x254 C:\Users\S-SPACE\Desktop\Pratik\Final_Year_Project\PiLOT_G2_Software\PiLOT_G2_IMG2\PiLOT_sb_MSS_CM3_hw_platform\Debug\libPiLOT_sb_MSS_CM3_hw_platform.a(mss_sys_services.o)
 .text.MSS_SYS_initiate_iap
                0x20007418      0x198 C:\Users\S-SPACE\Desktop\Pratik\Final_Year_Project\PiLOT_G2_Software\PiLOT_G2_IMG2\PiLOT_sb_MSS_CM3_hw_platform\Debug\libPiLOT_sb_MSS_CM3_hw_platform.a(mss_sys_services.o)
                0x20007418                MSS_SYS_initiate_iap
 .text.MSS_SYS_check_digest
                0x200075b0      0x108 C:\Users\S-SPACE\Desktop\Pratik\Final_Year_Project\PiLOT_G2_Software\PiLOT_G2_IMG2\PiLOT_sb_MSS_CM3_hw_platform\Debug\libPiLOT_sb_MSS_CM3_hw_platform.a(mss_sys_services.o)
                0x200075b0                MSS_SYS_check_digest
 .text.request_completion_handler
                0x200076b8       0x30 C:\Users\S-SPACE\Desktop\Pratik\Final_Year_Project\PiLOT_G2_Software\PiLOT_G2_IMG2\PiLOT_sb_MSS_CM3_hw_platform\Debug\libPiLOT_sb_MSS_CM3_hw_platform.a(mss_sys_services.o)
 .text.signal_request_start
                0x200076e8       0x38 C:\Users\S-SPACE\Desktop\Pratik\Final_Year_Project\PiLOT_G2_Software\PiLOT_G2_IMG2\PiLOT_sb_MSS_CM3_hw_platform\Debug\libPiLOT_sb_MSS_CM3_hw_platform.a(mss_sys_services.o)
 .text.wait_for_request_completion
                0x20007720       0x28 C:\Users\S-SPACE\Desktop\Pratik\Final_Year_Project\PiLOT_G2_Software\PiLOT_G2_IMG2\PiLOT_sb_MSS_CM3_hw_platform\Debug\libPiLOT_sb_MSS_CM3_hw_platform.a(mss_sys_services.o)
 .text.NVIC_EnableIRQ
                0x20007748       0x38 C:\Users\S-SPACE\Desktop\Pratik\Final_Year_Project\PiLOT_G2_Software\PiLOT_G2_IMG2\PiLOT_sb_MSS_CM3_hw_platform\Debug\libPiLOT_sb_MSS_CM3_hw_platform.a(mss_spi.o)
 .text.NVIC_DisableIRQ
                0x20007780       0x3c C:\Users\S-SPACE\Desktop\Pratik\Final_Year_Project\PiLOT_G2_Software\PiLOT_G2_IMG2\PiLOT_sb_MSS_CM3_hw_platform\Debug\libPiLOT_sb_MSS_CM3_hw_platform.a(mss_spi.o)
 .text.NVIC_ClearPendingIRQ
                0x200077bc       0x3c C:\Users\S-SPACE\Desktop\Pratik\Final_Year_Project\PiLOT_G2_Software\PiLOT_G2_IMG2\PiLOT_sb_MSS_CM3_hw_platform\Debug\libPiLOT_sb_MSS_CM3_hw_platform.a(mss_spi.o)
 .text.MSS_SPI_init
                0x200077f8      0x134 C:\Users\S-SPACE\Desktop\Pratik\Final_Year_Project\PiLOT_G2_Software\PiLOT_G2_IMG2\PiLOT_sb_MSS_CM3_hw_platform\Debug\libPiLOT_sb_MSS_CM3_hw_platform.a(mss_spi.o)
                0x200077f8                MSS_SPI_init
 .text.recover_from_rx_overflow
                0x2000792c      0x160 C:\Users\S-SPACE\Desktop\Pratik\Final_Year_Project\PiLOT_G2_Software\PiLOT_G2_IMG2\PiLOT_sb_MSS_CM3_hw_platform\Debug\libPiLOT_sb_MSS_CM3_hw_platform.a(mss_spi.o)
 .text.MSS_SPI_configure_master_mode
                0x20007a8c      0x150 C:\Users\S-SPACE\Desktop\Pratik\Final_Year_Project\PiLOT_G2_Software\PiLOT_G2_IMG2\PiLOT_sb_MSS_CM3_hw_platform\Debug\libPiLOT_sb_MSS_CM3_hw_platform.a(mss_spi.o)
                0x20007a8c                MSS_SPI_configure_master_mode
 .text.MSS_SPI_set_slave_select
                0x20007bdc      0x108 C:\Users\S-SPACE\Desktop\Pratik\Final_Year_Project\PiLOT_G2_Software\PiLOT_G2_IMG2\PiLOT_sb_MSS_CM3_hw_platform\Debug\libPiLOT_sb_MSS_CM3_hw_platform.a(mss_spi.o)
                0x20007bdc                MSS_SPI_set_slave_select
 .text.MSS_SPI_clear_slave_select
                0x20007ce4       0x90 C:\Users\S-SPACE\Desktop\Pratik\Final_Year_Project\PiLOT_G2_Software\PiLOT_G2_IMG2\PiLOT_sb_MSS_CM3_hw_platform\Debug\libPiLOT_sb_MSS_CM3_hw_platform.a(mss_spi.o)
                0x20007ce4                MSS_SPI_clear_slave_select
 .text.MSS_SPI_transfer_frame
                0x20007d74       0xc0 C:\Users\S-SPACE\Desktop\Pratik\Final_Year_Project\PiLOT_G2_Software\PiLOT_G2_IMG2\PiLOT_sb_MSS_CM3_hw_platform\Debug\libPiLOT_sb_MSS_CM3_hw_platform.a(mss_spi.o)
                0x20007d74                MSS_SPI_transfer_frame
 .text.MSS_SPI_transfer_block
                0x20007e34      0x228 C:\Users\S-SPACE\Desktop\Pratik\Final_Year_Project\PiLOT_G2_Software\PiLOT_G2_IMG2\PiLOT_sb_MSS_CM3_hw_platform\Debug\libPiLOT_sb_MSS_CM3_hw_platform.a(mss_spi.o)
                0x20007e34                MSS_SPI_transfer_block
 .text.fill_slave_tx_fifo
                0x2000805c       0xe0 C:\Users\S-SPACE\Desktop\Pratik\Final_Year_Project\PiLOT_G2_Software\PiLOT_G2_IMG2\PiLOT_sb_MSS_CM3_hw_platform\Debug\libPiLOT_sb_MSS_CM3_hw_platform.a(mss_spi.o)
 .text.read_slave_rx_fifo
                0x2000813c       0xac C:\Users\S-SPACE\Desktop\Pratik\Final_Year_Project\PiLOT_G2_Software\PiLOT_G2_IMG2\PiLOT_sb_MSS_CM3_hw_platform\Debug\libPiLOT_sb_MSS_CM3_hw_platform.a(mss_spi.o)
 .text.mss_spi_isr
                0x200081e8      0x2b0 C:\Users\S-SPACE\Desktop\Pratik\Final_Year_Project\PiLOT_G2_Software\PiLOT_G2_IMG2\PiLOT_sb_MSS_CM3_hw_platform\Debug\libPiLOT_sb_MSS_CM3_hw_platform.a(mss_spi.o)
 .text.SPI0_IRQHandler
                0x20008498       0x24 C:\Users\S-SPACE\Desktop\Pratik\Final_Year_Project\PiLOT_G2_Software\PiLOT_G2_IMG2\PiLOT_sb_MSS_CM3_hw_platform\Debug\libPiLOT_sb_MSS_CM3_hw_platform.a(mss_spi.o)
                0x20008498                SPI0_IRQHandler
 .text.SPI1_IRQHandler
                0x200084bc       0x24 C:\Users\S-SPACE\Desktop\Pratik\Final_Year_Project\PiLOT_G2_Software\PiLOT_G2_IMG2\PiLOT_sb_MSS_CM3_hw_platform\Debug\libPiLOT_sb_MSS_CM3_hw_platform.a(mss_spi.o)
                0x200084bc                SPI1_IRQHandler
 .text.NVM_write
                0x200084e0      0x238 C:\Users\S-SPACE\Desktop\Pratik\Final_Year_Project\PiLOT_G2_Software\PiLOT_G2_IMG2\PiLOT_sb_MSS_CM3_hw_platform\Debug\libPiLOT_sb_MSS_CM3_hw_platform.a(mss_nvm.o)
                0x200084e0                NVM_write
 .text.get_error_code
                0x20008718       0x64 C:\Users\S-SPACE\Desktop\Pratik\Final_Year_Project\PiLOT_G2_Software\PiLOT_G2_IMG2\PiLOT_sb_MSS_CM3_hw_platform\Debug\libPiLOT_sb_MSS_CM3_hw_platform.a(mss_nvm.o)
 .text.request_nvm_access
                0x2000877c       0xa8 C:\Users\S-SPACE\Desktop\Pratik\Final_Year_Project\PiLOT_G2_Software\PiLOT_G2_IMG2\PiLOT_sb_MSS_CM3_hw_platform\Debug\libPiLOT_sb_MSS_CM3_hw_platform.a(mss_nvm.o)
 .text.get_ctrl_access
                0x20008824       0x80 C:\Users\S-SPACE\Desktop\Pratik\Final_Year_Project\PiLOT_G2_Software\PiLOT_G2_IMG2\PiLOT_sb_MSS_CM3_hw_platform\Debug\libPiLOT_sb_MSS_CM3_hw_platform.a(mss_nvm.o)
 .text.release_ctrl_access
                0x200088a4       0x94 C:\Users\S-SPACE\Desktop\Pratik\Final_Year_Project\PiLOT_G2_Software\PiLOT_G2_IMG2\PiLOT_sb_MSS_CM3_hw_platform\Debug\libPiLOT_sb_MSS_CM3_hw_platform.a(mss_nvm.o)
 .text.wait_nvm_ready
                0x20008938       0x50 C:\Users\S-SPACE\Desktop\Pratik\Final_Year_Project\PiLOT_G2_Software\PiLOT_G2_IMG2\PiLOT_sb_MSS_CM3_hw_platform\Debug\libPiLOT_sb_MSS_CM3_hw_platform.a(mss_nvm.o)
 .text.write_nvm
                0x20008988      0x158 C:\Users\S-SPACE\Desktop\Pratik\Final_Year_Project\PiLOT_G2_Software\PiLOT_G2_IMG2\PiLOT_sb_MSS_CM3_hw_platform\Debug\libPiLOT_sb_MSS_CM3_hw_platform.a(mss_nvm.o)
 .text.get_remaining_page_length
                0x20008ae0       0x44 C:\Users\S-SPACE\Desktop\Pratik\Final_Year_Project\PiLOT_G2_Software\PiLOT_G2_IMG2\PiLOT_sb_MSS_CM3_hw_platform\Debug\libPiLOT_sb_MSS_CM3_hw_platform.a(mss_nvm.o)
 .text.fill_wd_buffer
                0x20008b24      0x130 C:\Users\S-SPACE\Desktop\Pratik\Final_Year_Project\PiLOT_G2_Software\PiLOT_G2_IMG2\PiLOT_sb_MSS_CM3_hw_platform\Debug\libPiLOT_sb_MSS_CM3_hw_platform.a(mss_nvm.o)
 .text.check_protection_reserved_nvm
                0x20008c54      0x680 C:\Users\S-SPACE\Desktop\Pratik\Final_Year_Project\PiLOT_G2_Software\PiLOT_G2_IMG2\PiLOT_sb_MSS_CM3_hw_platform\Debug\libPiLOT_sb_MSS_CM3_hw_platform.a(mss_nvm.o)
 .text.protection_check
                0x200092d4       0x34 C:\Users\S-SPACE\Desktop\Pratik\Final_Year_Project\PiLOT_G2_Software\PiLOT_G2_IMG2\PiLOT_sb_MSS_CM3_hw_platform\Debug\libPiLOT_sb_MSS_CM3_hw_platform.a(mss_nvm.o)
 .text.NVIC_EnableIRQ
                0x20009308       0x38 C:\Users\S-SPACE\Desktop\Pratik\Final_Year_Project\PiLOT_G2_Software\PiLOT_G2_IMG2\PiLOT_sb_MSS_CM3_hw_platform\Debug\libPiLOT_sb_MSS_CM3_hw_platform.a(mss_gpio.o)
 .text.NVIC_DisableIRQ
                0x20009340       0x3c C:\Users\S-SPACE\Desktop\Pratik\Final_Year_Project\PiLOT_G2_Software\PiLOT_G2_IMG2\PiLOT_sb_MSS_CM3_hw_platform\Debug\libPiLOT_sb_MSS_CM3_hw_platform.a(mss_gpio.o)
 .text.NVIC_ClearPendingIRQ
                0x2000937c       0x3c C:\Users\S-SPACE\Desktop\Pratik\Final_Year_Project\PiLOT_G2_Software\PiLOT_G2_IMG2\PiLOT_sb_MSS_CM3_hw_platform\Debug\libPiLOT_sb_MSS_CM3_hw_platform.a(mss_gpio.o)
 .text.MSS_GPIO_init
                0x200093b8       0xac C:\Users\S-SPACE\Desktop\Pratik\Final_Year_Project\PiLOT_G2_Software\PiLOT_G2_IMG2\PiLOT_sb_MSS_CM3_hw_platform\Debug\libPiLOT_sb_MSS_CM3_hw_platform.a(mss_gpio.o)
                0x200093b8                MSS_GPIO_init
 .text.MSS_GPIO_config
                0x20009464       0x3c C:\Users\S-SPACE\Desktop\Pratik\Final_Year_Project\PiLOT_G2_Software\PiLOT_G2_IMG2\PiLOT_sb_MSS_CM3_hw_platform\Debug\libPiLOT_sb_MSS_CM3_hw_platform.a(mss_gpio.o)
                0x20009464                MSS_GPIO_config
 .text.MSS_GPIO_set_output
                0x200094a0       0x70 C:\Users\S-SPACE\Desktop\Pratik\Final_Year_Project\PiLOT_G2_Software\PiLOT_G2_IMG2\PiLOT_sb_MSS_CM3_hw_platform\Debug\libPiLOT_sb_MSS_CM3_hw_platform.a(mss_gpio.o)
                0x200094a0                MSS_GPIO_set_output
 .text.MSS_GPIO_enable_irq
                0x20009510       0x60 C:\Users\S-SPACE\Desktop\Pratik\Final_Year_Project\PiLOT_G2_Software\PiLOT_G2_IMG2\PiLOT_sb_MSS_CM3_hw_platform\Debug\libPiLOT_sb_MSS_CM3_hw_platform.a(mss_gpio.o)
                0x20009510                MSS_GPIO_enable_irq
 .text.MSS_GPIO_clear_irq
                0x20009570       0x40 C:\Users\S-SPACE\Desktop\Pratik\Final_Year_Project\PiLOT_G2_Software\PiLOT_G2_IMG2\PiLOT_sb_MSS_CM3_hw_platform\Debug\libPiLOT_sb_MSS_CM3_hw_platform.a(mss_gpio.o)
                0x20009570                MSS_GPIO_clear_irq
 .text.TMR_init
                0x200095b0       0xd0 C:\Users\S-SPACE\Desktop\Pratik\Final_Year_Project\PiLOT_G2_Software\PiLOT_G2_IMG2\PiLOT_sb_MSS_CM3_hw_platform\Debug\libPiLOT_sb_MSS_CM3_hw_platform.a(core_timer.o)
                0x200095b0                TMR_init
 .text.TMR_start
                0x20009680       0x3c C:\Users\S-SPACE\Desktop\Pratik\Final_Year_Project\PiLOT_G2_Software\PiLOT_G2_IMG2\PiLOT_sb_MSS_CM3_hw_platform\Debug\libPiLOT_sb_MSS_CM3_hw_platform.a(core_timer.o)
                0x20009680                TMR_start
 .text.TMR_stop
                0x200096bc       0x3c C:\Users\S-SPACE\Desktop\Pratik\Final_Year_Project\PiLOT_G2_Software\PiLOT_G2_IMG2\PiLOT_sb_MSS_CM3_hw_platform\Debug\libPiLOT_sb_MSS_CM3_hw_platform.a(core_timer.o)
                0x200096bc                TMR_stop
 .text.TMR_enable_int
                0x200096f8       0x3c C:\Users\S-SPACE\Desktop\Pratik\Final_Year_Project\PiLOT_G2_Software\PiLOT_G2_IMG2\PiLOT_sb_MSS_CM3_hw_platform\Debug\libPiLOT_sb_MSS_CM3_hw_platform.a(core_timer.o)
                0x200096f8                TMR_enable_int
 .text.TMR_clear_int
                0x20009734       0x34 C:\Users\S-SPACE\Desktop\Pratik\Final_Year_Project\PiLOT_G2_Software\PiLOT_G2_IMG2\PiLOT_sb_MSS_CM3_hw_platform\Debug\libPiLOT_sb_MSS_CM3_hw_platform.a(core_timer.o)
                0x20009734                TMR_clear_int
 .text.SPI_init
                0x20009768       0xe4 C:\Users\S-SPACE\Desktop\Pratik\Final_Year_Project\PiLOT_G2_Software\PiLOT_G2_IMG2\PiLOT_sb_MSS_CM3_hw_platform\Debug\libPiLOT_sb_MSS_CM3_hw_platform.a(core_spi.o)
                0x20009768                SPI_init
 .text.SPI_configure_master_mode
                0x2000984c       0x84 C:\Users\S-SPACE\Desktop\Pratik\Final_Year_Project\PiLOT_G2_Software\PiLOT_G2_IMG2\PiLOT_sb_MSS_CM3_hw_platform\Debug\libPiLOT_sb_MSS_CM3_hw_platform.a(core_spi.o)
                0x2000984c                SPI_configure_master_mode
 .text.SPI_set_slave_select
                0x200098d0       0xa8 C:\Users\S-SPACE\Desktop\Pratik\Final_Year_Project\PiLOT_G2_Software\PiLOT_G2_IMG2\PiLOT_sb_MSS_CM3_hw_platform\Debug\libPiLOT_sb_MSS_CM3_hw_platform.a(core_spi.o)
                0x200098d0                SPI_set_slave_select
 .text.SPI_clear_slave_select
                0x20009978       0xac C:\Users\S-SPACE\Desktop\Pratik\Final_Year_Project\PiLOT_G2_Software\PiLOT_G2_IMG2\PiLOT_sb_MSS_CM3_hw_platform\Debug\libPiLOT_sb_MSS_CM3_hw_platform.a(core_spi.o)
                0x20009978                SPI_clear_slave_select
 .text.SPI_transfer_block
                0x20009a24      0x400 C:\Users\S-SPACE\Desktop\Pratik\Final_Year_Project\PiLOT_G2_Software\PiLOT_G2_IMG2\PiLOT_sb_MSS_CM3_hw_platform\Debug\libPiLOT_sb_MSS_CM3_hw_platform.a(core_spi.o)
                0x20009a24                SPI_transfer_block
 .text.recover_from_rx_overflow
                0x20009e24       0x60 C:\Users\S-SPACE\Desktop\Pratik\Final_Year_Project\PiLOT_G2_Software\PiLOT_G2_IMG2\PiLOT_sb_MSS_CM3_hw_platform\Debug\libPiLOT_sb_MSS_CM3_hw_platform.a(core_spi.o)
 .text.I2C_init
                0x20009e84       0xec C:\Users\S-SPACE\Desktop\Pratik\Final_Year_Project\PiLOT_G2_Software\PiLOT_G2_IMG2\PiLOT_sb_MSS_CM3_hw_platform\Debug\libPiLOT_sb_MSS_CM3_hw_platform.a(core_i2c.o)
                0x20009e84                I2C_init
 .text.I2C_write
                0x20009f70       0xe4 C:\Users\S-SPACE\Desktop\Pratik\Final_Year_Project\PiLOT_G2_Software\PiLOT_G2_IMG2\PiLOT_sb_MSS_CM3_hw_platform\Debug\libPiLOT_sb_MSS_CM3_hw_platform.a(core_i2c.o)
                0x20009f70                I2C_write
 .text.I2C_read
                0x2000a054       0xe4 C:\Users\S-SPACE\Desktop\Pratik\Final_Year_Project\PiLOT_G2_Software\PiLOT_G2_IMG2\PiLOT_sb_MSS_CM3_hw_platform\Debug\libPiLOT_sb_MSS_CM3_hw_platform.a(core_i2c.o)
                0x2000a054                I2C_read
 .text.I2C_write_read
                0x2000a138      0x130 C:\Users\S-SPACE\Desktop\Pratik\Final_Year_Project\PiLOT_G2_Software\PiLOT_G2_IMG2\PiLOT_sb_MSS_CM3_hw_platform\Debug\libPiLOT_sb_MSS_CM3_hw_platform.a(core_i2c.o)
                0x2000a138                I2C_write_read
 .text.I2C_wait_complete
                0x2000a268       0x38 C:\Users\S-SPACE\Desktop\Pratik\Final_Year_Project\PiLOT_G2_Software\PiLOT_G2_IMG2\PiLOT_sb_MSS_CM3_hw_platform\Debug\libPiLOT_sb_MSS_CM3_hw_platform.a(core_i2c.o)
                0x2000a268                I2C_wait_complete
 .text.enable_slave_if_required
                0x2000a2a0       0x30 C:\Users\S-SPACE\Desktop\Pratik\Final_Year_Project\PiLOT_G2_Software\PiLOT_G2_IMG2\PiLOT_sb_MSS_CM3_hw_platform\Debug\libPiLOT_sb_MSS_CM3_hw_platform.a(core_i2c.o)
 .text.I2C_isr  0x2000a2d0      0xa94 C:\Users\S-SPACE\Desktop\Pratik\Final_Year_Project\PiLOT_G2_Software\PiLOT_G2_IMG2\PiLOT_sb_MSS_CM3_hw_platform\Debug\libPiLOT_sb_MSS_CM3_hw_platform.a(core_i2c.o)
                0x2000a2d0                I2C_isr
 .text.NVIC_EnableIRQ
                0x2000ad64       0x38 C:\Users\S-SPACE\Desktop\Pratik\Final_Year_Project\PiLOT_G2_Software\PiLOT_G2_IMG2\PiLOT_sb_MSS_CM3_hw_platform\Debug\libPiLOT_sb_MSS_CM3_hw_platform.a(i2c_interrupt.o)
 .text.NVIC_DisableIRQ
                0x2000ad9c       0x3c C:\Users\S-SPACE\Desktop\Pratik\Final_Year_Project\PiLOT_G2_Software\PiLOT_G2_IMG2\PiLOT_sb_MSS_CM3_hw_platform\Debug\libPiLOT_sb_MSS_CM3_hw_platform.a(i2c_interrupt.o)
 .text.I2C_enable_irq
                0x2000add8       0x94 C:\Users\S-SPACE\Desktop\Pratik\Final_Year_Project\PiLOT_G2_Software\PiLOT_G2_IMG2\PiLOT_sb_MSS_CM3_hw_platform\Debug\libPiLOT_sb_MSS_CM3_hw_platform.a(i2c_interrupt.o)
                0x2000add8                I2C_enable_irq
 .text.I2C_disable_irq
                0x2000ae6c       0x94 C:\Users\S-SPACE\Desktop\Pratik\Final_Year_Project\PiLOT_G2_Software\PiLOT_G2_IMG2\PiLOT_sb_MSS_CM3_hw_platform\Debug\libPiLOT_sb_MSS_CM3_hw_platform.a(i2c_interrupt.o)
                0x2000ae6c                I2C_disable_irq
 .text.SystemInit
                0x2000af00       0x28 C:\Users\S-SPACE\Desktop\Pratik\Final_Year_Project\PiLOT_G2_Software\PiLOT_G2_IMG2\PiLOT_sb_MSS_CM3_hw_platform\Debug\libPiLOT_sb_MSS_CM3_hw_platform.a(system_m2sxxx.o)
                0x2000af00                SystemInit
 .text.SystemCoreClockUpdate
                0x2000af28      0x14c C:\Users\S-SPACE\Desktop\Pratik\Final_Year_Project\PiLOT_G2_Software\PiLOT_G2_IMG2\PiLOT_sb_MSS_CM3_hw_platform\Debug\libPiLOT_sb_MSS_CM3_hw_platform.a(system_m2sxxx.o)
                0x2000af28                SystemCoreClockUpdate
 .text.get_rcosc_25_50mhz_frequency
                0x2000b074       0x44 C:\Users\S-SPACE\Desktop\Pratik\Final_Year_Project\PiLOT_G2_Software\PiLOT_G2_IMG2\PiLOT_sb_MSS_CM3_hw_platform\Debug\libPiLOT_sb_MSS_CM3_hw_platform.a(system_m2sxxx.o)
 .text.set_clock_frequency_globals
                0x2000b0b8       0x6c C:\Users\S-SPACE\Desktop\Pratik\Final_Year_Project\PiLOT_G2_Software\PiLOT_G2_IMG2\PiLOT_sb_MSS_CM3_hw_platform\Debug\libPiLOT_sb_MSS_CM3_hw_platform.a(system_m2sxxx.o)
 .text.get_silicon_revision
                0x2000b124       0x50 C:\Users\S-SPACE\Desktop\Pratik\Final_Year_Project\PiLOT_G2_Software\PiLOT_G2_IMG2\PiLOT_sb_MSS_CM3_hw_platform\Debug\libPiLOT_sb_MSS_CM3_hw_platform.a(system_m2sxxx.o)
 .text.silicon_workarounds
                0x2000b174       0x20 C:\Users\S-SPACE\Desktop\Pratik\Final_Year_Project\PiLOT_G2_Software\PiLOT_G2_IMG2\PiLOT_sb_MSS_CM3_hw_platform\Debug\libPiLOT_sb_MSS_CM3_hw_platform.a(system_m2sxxx.o)
 .text.m2s050_rev_a_workarounds
                0x2000b194       0x44 C:\Users\S-SPACE\Desktop\Pratik\Final_Year_Project\PiLOT_G2_Software\PiLOT_G2_IMG2\PiLOT_sb_MSS_CM3_hw_platform\Debug\libPiLOT_sb_MSS_CM3_hw_platform.a(system_m2sxxx.o)
 .text          0x2000b1d8        0xe C:\Users\S-SPACE\Desktop\Pratik\Final_Year_Project\PiLOT_G2_Software\PiLOT_G2_IMG2\PiLOT_sb_MSS_CM3_hw_platform\Debug\libPiLOT_sb_MSS_CM3_hw_platform.a(hal.o)
                0x2000b1d8                HAL_disable_interrupts
                0x2000b1e0                HAL_restore_interrupts
 *fill*         0x2000b1e6        0x2 00
 .text.NVIC_EnableIRQ
                0x2000b1e8       0x38 C:\Users\S-SPACE\Desktop\Pratik\Final_Year_Project\PiLOT_G2_Software\PiLOT_G2_IMG2\PiLOT_sb_MSS_CM3_hw_platform\Debug\libPiLOT_sb_MSS_CM3_hw_platform.a(mss_comblk.o)
 .text.NVIC_DisableIRQ
                0x2000b220       0x3c C:\Users\S-SPACE\Desktop\Pratik\Final_Year_Project\PiLOT_G2_Software\PiLOT_G2_IMG2\PiLOT_sb_MSS_CM3_hw_platform\Debug\libPiLOT_sb_MSS_CM3_hw_platform.a(mss_comblk.o)
 .text.NVIC_ClearPendingIRQ
                0x2000b25c       0x3c C:\Users\S-SPACE\Desktop\Pratik\Final_Year_Project\PiLOT_G2_Software\PiLOT_G2_IMG2\PiLOT_sb_MSS_CM3_hw_platform\Debug\libPiLOT_sb_MSS_CM3_hw_platform.a(mss_comblk.o)
 .text.MSS_COMBLK_init
                0x2000b298      0x13c C:\Users\S-SPACE\Desktop\Pratik\Final_Year_Project\PiLOT_G2_Software\PiLOT_G2_IMG2\PiLOT_sb_MSS_CM3_hw_platform\Debug\libPiLOT_sb_MSS_CM3_hw_platform.a(mss_comblk.o)
                0x2000b298                MSS_COMBLK_init
 .text.MSS_COMBLK_send_cmd
                0x2000b3d4      0x1ac C:\Users\S-SPACE\Desktop\Pratik\Final_Year_Project\PiLOT_G2_Software\PiLOT_G2_IMG2\PiLOT_sb_MSS_CM3_hw_platform\Debug\libPiLOT_sb_MSS_CM3_hw_platform.a(mss_comblk.o)
                0x2000b3d4                MSS_COMBLK_send_cmd
 .text.ComBlk_IRQHandler
                0x2000b580       0x54 C:\Users\S-SPACE\Desktop\Pratik\Final_Year_Project\PiLOT_G2_Software\PiLOT_G2_IMG2\PiLOT_sb_MSS_CM3_hw_platform\Debug\libPiLOT_sb_MSS_CM3_hw_platform.a(mss_comblk.o)
                0x2000b580                ComBlk_IRQHandler
 .text.handle_tx_okay_irq
                0x2000b5d4      0x2c4 C:\Users\S-SPACE\Desktop\Pratik\Final_Year_Project\PiLOT_G2_Software\PiLOT_G2_IMG2\PiLOT_sb_MSS_CM3_hw_platform\Debug\libPiLOT_sb_MSS_CM3_hw_platform.a(mss_comblk.o)
 .text.handle_rx_okay_irq
                0x2000b898      0x2f8 C:\Users\S-SPACE\Desktop\Pratik\Final_Year_Project\PiLOT_G2_Software\PiLOT_G2_IMG2\PiLOT_sb_MSS_CM3_hw_platform\Debug\libPiLOT_sb_MSS_CM3_hw_platform.a(mss_comblk.o)
 .text.complete_request
                0x2000bb90       0x58 C:\Users\S-SPACE\Desktop\Pratik\Final_Year_Project\PiLOT_G2_Software\PiLOT_G2_IMG2\PiLOT_sb_MSS_CM3_hw_platform\Debug\libPiLOT_sb_MSS_CM3_hw_platform.a(mss_comblk.o)
 .text.abort_current_cmd
                0x2000bbe8       0x60 C:\Users\S-SPACE\Desktop\Pratik\Final_Year_Project\PiLOT_G2_Software\PiLOT_G2_IMG2\PiLOT_sb_MSS_CM3_hw_platform\Debug\libPiLOT_sb_MSS_CM3_hw_platform.a(mss_comblk.o)
 .text.send_cmd_opcode
                0x2000bc48       0x50 C:\Users\S-SPACE\Desktop\Pratik\Final_Year_Project\PiLOT_G2_Software\PiLOT_G2_IMG2\PiLOT_sb_MSS_CM3_hw_platform\Debug\libPiLOT_sb_MSS_CM3_hw_platform.a(mss_comblk.o)
 .text.fill_tx_fifo
                0x2000bc98       0x80 C:\Users\S-SPACE\Desktop\Pratik\Final_Year_Project\PiLOT_G2_Software\PiLOT_G2_IMG2\PiLOT_sb_MSS_CM3_hw_platform\Debug\libPiLOT_sb_MSS_CM3_hw_platform.a(mss_comblk.o)
 .text.process_sys_ctrl_command
                0x2000bd18       0x30 C:\Users\S-SPACE\Desktop\Pratik\Final_Year_Project\PiLOT_G2_Software\PiLOT_G2_IMG2\PiLOT_sb_MSS_CM3_hw_platform\Debug\libPiLOT_sb_MSS_CM3_hw_platform.a(mss_comblk.o)
 .text          0x2000bd48       0x50 c:/program files (x86)/microsemi/softconsole v3.4/sourcery-g++/bin/../lib/gcc/arm-none-eabi/4.4.1/../../../../arm-none-eabi/lib/thumb2\libc.a(lib_a-init.o)
                0x2000bd48                __libc_init_array
 .text          0x2000bd98       0xd4 c:/program files (x86)/microsemi/softconsole v3.4/sourcery-g++/bin/../lib/gcc/arm-none-eabi/4.4.1/../../../../arm-none-eabi/lib/thumb2\libc.a(lib_a-memset.o)
                0x2000bd98                memset
 *(.plt)
 *(.gnu.warning)
 *(.glue_7t)
 .glue_7t       0x00000000        0x0 linker stubs
 *(.glue_7)
 .glue_7        0x00000000        0x0 linker stubs
 *(.vfp11_veneer)
 .vfp11_veneer  0x00000000        0x0 linker stubs
                0x2000be6c                . = ALIGN (0x4)
 *crtbegin.o(.ctors)
 *(EXCLUDE_FILE(*crtend.o) .ctors)
 *(SORT(.ctors.*))
 *crtend.o(.ctors)
 *crtbegin.o(.dtors)
 *(EXCLUDE_FILE(*crtend.o) .dtors)
 *(SORT(.dtors.*))
 *crtend.o(.dtors)
 *(.rodata .rodata.* .gnu.linkonce.r.*)
 .rodata        0x2000be6c       0x14 ./P1.o
 .rodata.C.0.1475
                0x2000be80        0x4 ./OBC/ADC.o
 .rodata.C.8.2448
                0x2000be84        0x4 ./OBC/IMU.o
 .rodata.C.0.2383
                0x2000be88        0x4 ./OBC/IMU.o
 .rodata.C.57.5235
                0x2000be8c        0x4 ./Comms/adf7030.o
 .rodata.C.58.5236
                0x2000be90        0x4 ./Comms/adf7030.o
 .rodata.C.59.5237
                0x2000be94        0x4 ./Comms/adf7030.o
 .rodata.C.60.5238
                0x2000be98        0x4 ./Comms/adf7030.o
 .rodata.g_nvm  0x2000be9c        0x8 C:\Users\S-SPACE\Desktop\Pratik\Final_Year_Project\PiLOT_G2_Software\PiLOT_G2_IMG2\PiLOT_sb_MSS_CM3_hw_platform\Debug\libPiLOT_sb_MSS_CM3_hw_platform.a(mss_nvm.o)
 .rodata.g_nvm32
                0x2000bea4        0x8 C:\Users\S-SPACE\Desktop\Pratik\Final_Year_Project\PiLOT_G2_Software\PiLOT_G2_IMG2\PiLOT_sb_MSS_CM3_hw_platform\Debug\libPiLOT_sb_MSS_CM3_hw_platform.a(mss_nvm.o)
 .rodata.g_config_reg_lut
                0x2000beac       0x80 C:\Users\S-SPACE\Desktop\Pratik\Final_Year_Project\PiLOT_G2_Software\PiLOT_G2_IMG2\PiLOT_sb_MSS_CM3_hw_platform\Debug\libPiLOT_sb_MSS_CM3_hw_platform.a(mss_gpio.o)
 .rodata.g_gpio_irqn_lut
                0x2000bf2c       0x20 C:\Users\S-SPACE\Desktop\Pratik\Final_Year_Project\PiLOT_G2_Software\PiLOT_G2_IMG2\PiLOT_sb_MSS_CM3_hw_platform\Debug\libPiLOT_sb_MSS_CM3_hw_platform.a(mss_gpio.o)
 .rodata.C.18.3527
                0x2000bf4c        0x8 C:\Users\S-SPACE\Desktop\Pratik\Final_Year_Project\PiLOT_G2_Software\PiLOT_G2_IMG2\PiLOT_sb_MSS_CM3_hw_platform\Debug\libPiLOT_sb_MSS_CM3_hw_platform.a(system_m2sxxx.o)
 *(.ARM.extab* .gnu.linkonce.armextab.*)
 *(.gcc_except_table)
 *(.eh_frame_hdr)
 *(.eh_frame)
 *(.vector_table)
 *(.init)
 .init          0x2000bf54        0x4 c:/program files (x86)/microsemi/softconsole v3.4/sourcery-g++/bin/../lib/gcc/arm-none-eabi/4.4.1/thumb2/crti.o
                0x2000bf54                _init
 .init          0x2000bf58        0x8 c:/program files (x86)/microsemi/softconsole v3.4/sourcery-g++/bin/../lib/gcc/arm-none-eabi/4.4.1/thumb2/crtn.o
 *(.fini)
 .fini          0x2000bf60        0x4 c:/program files (x86)/microsemi/softconsole v3.4/sourcery-g++/bin/../lib/gcc/arm-none-eabi/4.4.1/thumb2/crti.o
                0x2000bf60                _fini
 .fini          0x2000bf64        0x8 c:/program files (x86)/microsemi/softconsole v3.4/sourcery-g++/bin/../lib/gcc/arm-none-eabi/4.4.1/thumb2/crtn.o
                0x2000bf6c                PROVIDE (__preinit_array_start, .)
 *(.preinit_array)
                0x2000bf6c                PROVIDE (__preinit_array_end, .)
                0x2000bf6c                PROVIDE (__init_array_start, .)
 *(SORT(.init_array.*))
 *(.init_array)
 .init_array    0x2000bf6c        0x4 c:/program files (x86)/microsemi/softconsole v3.4/sourcery-g++/bin/../lib/gcc/arm-none-eabi/4.4.1/thumb2/crtbegin.o
                0x2000bf70                PROVIDE (__init_array_end, .)
                0x2000bf70                PROVIDE (__fini_array_start, .)
 *(.fini_array)
 .fini_array    0x2000bf70        0x4 c:/program files (x86)/microsemi/softconsole v3.4/sourcery-g++/bin/../lib/gcc/arm-none-eabi/4.4.1/thumb2/crtbegin.o
 *(SORT(.fini_array.*))
                0x2000bf74                PROVIDE (__fini_array_end, .)
                0x2000bf80                . = ALIGN (0x10)
 *fill*         0x2000bf74        0xc 00
                0x2000bf80                __exidx_start = .

.v4_bx          0x2000bf80        0x0
 .v4_bx         0x00000000        0x0 linker stubs

.ARM.exidx
 *(.ARM.exidx* .gnu.linkonce.armexidx.*)
                0x2000bf80                __exidx_end = .
                0x2000bf80                _etext = .
                0x2000bf80                PROVIDE (__text_end, .)

.data           0x2000bf80      0x350
                0x2000bf80                __data_load = LOADADDR (.data)
                0x2000bf80                _sidata = LOADADDR (.data)
                0x2000bf80                __data_start = .
                0x2000bf80                _sdata = .
 *(.jcr)
 .jcr           0x2000bf80        0x0 c:/program files (x86)/microsemi/softconsole v3.4/sourcery-g++/bin/../lib/gcc/arm-none-eabi/4.4.1/thumb2/crtbegin.o
 .jcr           0x2000bf80        0x4 c:/program files (x86)/microsemi/softconsole v3.4/sourcery-g++/bin/../lib/gcc/arm-none-eabi/4.4.1/thumb2/crtend.o
 *(.got.plt)
 *(.got)
 *(.shdata)
 *(.data .data.* .gnu.linkonce.d.*)
 .data.IMG_ID   0x2000bf84        0x1 ./main.o
                0x2000bf84                IMG_ID
 *fill*         0x2000bf85        0x3 00
 .data.REPRO_CODE_WORD_ADDR
                0x2000bf88        0x4 ./cmds/cmd.o
                0x2000bf88                REPRO_CODE_WORD_ADDR
 .data.code_word
                0x2000bf8c        0x4 ./cmds/cmd.o
                0x2000bf8c                code_word
 .data.CMD0     0x2000bf90        0x8 ./OBC/SD.o
                0x2000bf90                CMD0
 .data.CMD8     0x2000bf98        0x8 ./OBC/SD.o
                0x2000bf98                CMD8
 .data.CMD58    0x2000bfa0        0x8 ./OBC/SD.o
                0x2000bfa0                CMD58
 .data.CMD55    0x2000bfa8        0x8 ./OBC/SD.o
                0x2000bfa8                CMD55
 .data.ACMD41   0x2000bfb0        0x8 ./OBC/SD.o
                0x2000bfb0                ACMD41
 .data.rx_size  0x2000bfb8        0x1 ./GMC/counter.o
                0x2000bfb8                rx_size
 *fill*         0x2000bfb9        0x3 00
 .data.radio_memory_configuration
                0x2000bfbc      0x2d8 ./Comms/adf7030.o
                0x2000bfbc                radio_memory_configuration
 .data.div1_seq
                0x2000c294        0x4 C:\Users\S-SPACE\Desktop\Pratik\Final_Year_Project\PiLOT_G2_Software\PiLOT_G2_IMG2\PiLOT_sb_MSS_CM3_hw_platform\Debug\libPiLOT_sb_MSS_CM3_hw_platform.a(mss_sys_services.o)
                0x2000c294                div1_seq
 .data.div2_seq
                0x2000c298        0x4 C:\Users\S-SPACE\Desktop\Pratik\Final_Year_Project\PiLOT_G2_Software\PiLOT_G2_IMG2\PiLOT_sb_MSS_CM3_hw_platform\Debug\libPiLOT_sb_MSS_CM3_hw_platform.a(mss_sys_services.o)
                0x2000c298                div2_seq
 .data.div4_seq
                0x2000c29c        0x8 C:\Users\S-SPACE\Desktop\Pratik\Final_Year_Project\PiLOT_G2_Software\PiLOT_G2_IMG2\PiLOT_sb_MSS_CM3_hw_platform\Debug\libPiLOT_sb_MSS_CM3_hw_platform.a(mss_sys_services.o)
                0x2000c29c                div4_seq
 .data.div8_seq
                0x2000c2a4        0x4 C:\Users\S-SPACE\Desktop\Pratik\Final_Year_Project\PiLOT_G2_Software\PiLOT_G2_IMG2\PiLOT_sb_MSS_CM3_hw_platform\Debug\libPiLOT_sb_MSS_CM3_hw_platform.a(mss_sys_services.o)
                0x2000c2a4                div8_seq
 .data.div16_seq
                0x2000c2a8        0x4 C:\Users\S-SPACE\Desktop\Pratik\Final_Year_Project\PiLOT_G2_Software\PiLOT_G2_IMG2\PiLOT_sb_MSS_CM3_hw_platform\Debug\libPiLOT_sb_MSS_CM3_hw_platform.a(mss_sys_services.o)
                0x2000c2a8                div16_seq
 .data.div32_seq
                0x2000c2ac        0x4 C:\Users\S-SPACE\Desktop\Pratik\Final_Year_Project\PiLOT_G2_Software\PiLOT_G2_IMG2\PiLOT_sb_MSS_CM3_hw_platform\Debug\libPiLOT_sb_MSS_CM3_hw_platform.a(mss_sys_services.o)
                0x2000c2ac                div32_seq
 .data.g_initial_envm_cr
                0x2000c2b0        0x4 C:\Users\S-SPACE\Desktop\Pratik\Final_Year_Project\PiLOT_G2_Software\PiLOT_G2_IMG2\PiLOT_sb_MSS_CM3_hw_platform\Debug\libPiLOT_sb_MSS_CM3_hw_platform.a(mss_sys_services.o)
 .data.SystemCoreClock
                0x2000c2b4        0x4 C:\Users\S-SPACE\Desktop\Pratik\Final_Year_Project\PiLOT_G2_Software\PiLOT_G2_IMG2\PiLOT_sb_MSS_CM3_hw_platform\Debug\libPiLOT_sb_MSS_CM3_hw_platform.a(system_m2sxxx.o)
                0x2000c2b4                SystemCoreClock
 .data.g_FrequencyPCLK0
                0x2000c2b8        0x4 C:\Users\S-SPACE\Desktop\Pratik\Final_Year_Project\PiLOT_G2_Software\PiLOT_G2_IMG2\PiLOT_sb_MSS_CM3_hw_platform\Debug\libPiLOT_sb_MSS_CM3_hw_platform.a(system_m2sxxx.o)
                0x2000c2b8                g_FrequencyPCLK0
 .data.g_FrequencyPCLK1
                0x2000c2bc        0x4 C:\Users\S-SPACE\Desktop\Pratik\Final_Year_Project\PiLOT_G2_Software\PiLOT_G2_IMG2\PiLOT_sb_MSS_CM3_hw_platform\Debug\libPiLOT_sb_MSS_CM3_hw_platform.a(system_m2sxxx.o)
                0x2000c2bc                g_FrequencyPCLK1
 .data.g_FrequencyPCLK2
                0x2000c2c0        0x4 C:\Users\S-SPACE\Desktop\Pratik\Final_Year_Project\PiLOT_G2_Software\PiLOT_G2_IMG2\PiLOT_sb_MSS_CM3_hw_platform\Debug\libPiLOT_sb_MSS_CM3_hw_platform.a(system_m2sxxx.o)
                0x2000c2c0                g_FrequencyPCLK2
 .data.g_FrequencyFIC0
                0x2000c2c4        0x4 C:\Users\S-SPACE\Desktop\Pratik\Final_Year_Project\PiLOT_G2_Software\PiLOT_G2_IMG2\PiLOT_sb_MSS_CM3_hw_platform\Debug\libPiLOT_sb_MSS_CM3_hw_platform.a(system_m2sxxx.o)
                0x2000c2c4                g_FrequencyFIC0
 .data.g_FrequencyFIC1
                0x2000c2c8        0x4 C:\Users\S-SPACE\Desktop\Pratik\Final_Year_Project\PiLOT_G2_Software\PiLOT_G2_IMG2\PiLOT_sb_MSS_CM3_hw_platform\Debug\libPiLOT_sb_MSS_CM3_hw_platform.a(system_m2sxxx.o)
                0x2000c2c8                g_FrequencyFIC1
 .data.g_FrequencyFIC64
                0x2000c2cc        0x4 C:\Users\S-SPACE\Desktop\Pratik\Final_Year_Project\PiLOT_G2_Software\PiLOT_G2_IMG2\PiLOT_sb_MSS_CM3_hw_platform\Debug\libPiLOT_sb_MSS_CM3_hw_platform.a(system_m2sxxx.o)
                0x2000c2cc                g_FrequencyFIC64
                0x2000c2d0                . = ALIGN (0x10)
                0x2000c2d0                _edata = .

.bss            0x2000c2d0     0x12c0
                0x2000c2d0                __bss_start__ = .
                0x2000c2d0                _sbss = .
 *(.shbss)
 *(.bss .bss.* .gnu.linkonce.b.*)
 .bss           0x2000c2d0        0x1 c:/program files (x86)/microsemi/softconsole v3.4/sourcery-g++/bin/../lib/gcc/arm-none-eabi/4.4.1/thumb2/crtbegin.o
 *fill*         0x2000c2d1        0x1 00
 .bss.hk_seq_num
                0x2000c2d2        0x2 ./P1.o
                0x2000c2d2                hk_seq_num
 .bss.temp_seq_num
                0x2000c2d4        0x2 ./P1.o
                0x2000c2d4                temp_seq_num
 .bss.latest_codeword
                0x2000c2d6        0x1 ./P1.o
                0x2000c2d6                latest_codeword
 .bss.active_blck
                0x2000c2d7        0x1 ./P1.o
                0x2000c2d7                active_blck
 .bss.wri_ptr   0x2000c2d8        0x1 ./P1.o
                0x2000c2d8                wri_ptr
 .bss.store_in_sd_card
                0x2000c2d9        0x1 ./P1.o
                0x2000c2d9                store_in_sd_card
 .bss.sd_dump_comms
                0x2000c2da        0x1 ./P2.o
                0x2000c2da                sd_dump_comms
 .bss.sd_dump_gmc
                0x2000c2db        0x1 ./P2.o
                0x2000c2db                sd_dump_gmc
 .bss.comms_seq_num
                0x2000c2dc        0x2 ./P2.o
                0x2000c2dc                comms_seq_num
 .bss.gmc_seq_num
                0x2000c2de        0x2 ./P2.o
                0x2000c2de                gmc_seq_num
 .bss.cmd_adf_read_addr
                0x2000c2e0        0x4 ./P2.o
                0x2000c2e0                cmd_adf_read_addr
 .bss.cmd_adf_read_No_double_words
                0x2000c2e4        0x1 ./P2.o
                0x2000c2e4                cmd_adf_read_No_double_words
 .bss.ERR_LOG   0x2000c2e5        0x1 ./main.o
                0x2000c2e5                ERR_LOG
 .bss.cmd_rx_count
                0x2000c2e6        0x1 ./main.o
                0x2000c2e6                cmd_rx_count
 .bss.cmd_succ_count
                0x2000c2e7        0x1 ./main.o
                0x2000c2e7                cmd_succ_count
 .bss.cmd_reject_count
                0x2000c2e8        0x1 ./main.o
                0x2000c2e8                cmd_reject_count
 .bss.cmd_rs485_succ_count
                0x2000c2e9        0x1 ./main.o
                0x2000c2e9                cmd_rs485_succ_count
 .bss.cmd_rs485_fail_count
                0x2000c2ea        0x1 ./main.o
                0x2000c2ea                cmd_rs485_fail_count
 .bss.sd_dump   0x2000c2eb        0x1 ./main.o
                0x2000c2eb                sd_dump
 .bss.reset_counts
                0x2000c2ec        0x4 ./main.o
                0x2000c2ec                reset_counts
 .bss.stat1     0x2000c2f0        0x1 ./main.o
                0x2000c2f0                stat1
 .bss.stat2     0x2000c2f1        0x1 ./main.o
                0x2000c2f1                stat2
 .bss.adf_status
                0x2000c2f2        0x1 ./main.o
                0x2000c2f2                adf_status
 .bss.g_request_in_progress
                0x2000c2f3        0x1 C:\Users\S-SPACE\Desktop\Pratik\Final_Year_Project\PiLOT_G2_Software\PiLOT_G2_IMG2\PiLOT_sb_MSS_CM3_hw_platform\Debug\libPiLOT_sb_MSS_CM3_hw_platform.a(mss_sys_services.o)
 .bss.g_last_response_length
                0x2000c2f4        0x2 C:\Users\S-SPACE\Desktop\Pratik\Final_Year_Project\PiLOT_G2_Software\PiLOT_G2_IMG2\PiLOT_sb_MSS_CM3_hw_platform\Debug\libPiLOT_sb_MSS_CM3_hw_platform.a(mss_sys_services.o)
 *fill*         0x2000c2f6        0x2 00
 .bss.g_event_handler
                0x2000c2f8        0x4 C:\Users\S-SPACE\Desktop\Pratik\Final_Year_Project\PiLOT_G2_Software\PiLOT_G2_IMG2\PiLOT_sb_MSS_CM3_hw_platform\Debug\libPiLOT_sb_MSS_CM3_hw_platform.a(mss_sys_services.o)
 .bss.g_response
                0x2000c2fc        0x4 C:\Users\S-SPACE\Desktop\Pratik\Final_Year_Project\PiLOT_G2_Software\PiLOT_G2_IMG2\PiLOT_sb_MSS_CM3_hw_platform\Debug\libPiLOT_sb_MSS_CM3_hw_platform.a(mss_sys_services.o)
 .bss.g_initial_mssddr_facc1_cr
                0x2000c300        0x4 C:\Users\S-SPACE\Desktop\Pratik\Final_Year_Project\PiLOT_G2_Software\PiLOT_G2_IMG2\PiLOT_sb_MSS_CM3_hw_platform\Debug\libPiLOT_sb_MSS_CM3_hw_platform.a(mss_sys_services.o)
 .bss.divisor   0x2000c304       0x10 C:\Users\S-SPACE\Desktop\Pratik\Final_Year_Project\PiLOT_G2_Software\PiLOT_G2_IMG2\PiLOT_sb_MSS_CM3_hw_platform\Debug\libPiLOT_sb_MSS_CM3_hw_platform.a(mss_sys_services.o)
                0x2000c304                divisor
 .bss.g_initial_mssddr_facc2_cr
                0x2000c314        0x4 C:\Users\S-SPACE\Desktop\Pratik\Final_Year_Project\PiLOT_G2_Software\PiLOT_G2_IMG2\PiLOT_sb_MSS_CM3_hw_platform\Debug\libPiLOT_sb_MSS_CM3_hw_platform.a(mss_sys_services.o)
 .bss.g_do_not_lock_page
                0x2000c318        0x1 C:\Users\S-SPACE\Desktop\Pratik\Final_Year_Project\PiLOT_G2_Software\PiLOT_G2_IMG2\PiLOT_sb_MSS_CM3_hw_platform\Debug\libPiLOT_sb_MSS_CM3_hw_platform.a(mss_nvm.o)
 .bss.g_envm_ctrl_locks
                0x2000c319        0x1 C:\Users\S-SPACE\Desktop\Pratik\Final_Year_Project\PiLOT_G2_Software\PiLOT_G2_IMG2\PiLOT_sb_MSS_CM3_hw_platform\Debug\libPiLOT_sb_MSS_CM3_hw_platform.a(mss_nvm.o)
 *fill*         0x2000c31a        0x2 00
 .bss.NULL_timer_instance
                0x2000c31c        0x4 C:\Users\S-SPACE\Desktop\Pratik\Final_Year_Project\PiLOT_G2_Software\PiLOT_G2_IMG2\PiLOT_sb_MSS_CM3_hw_platform\Debug\libPiLOT_sb_MSS_CM3_hw_platform.a(core_timer.o)
 .bss.g_comblk_cmd_opcode
                0x2000c320        0x1 C:\Users\S-SPACE\Desktop\Pratik\Final_Year_Project\PiLOT_G2_Software\PiLOT_G2_IMG2\PiLOT_sb_MSS_CM3_hw_platform\Debug\libPiLOT_sb_MSS_CM3_hw_platform.a(mss_comblk.o)
 *fill*         0x2000c321        0x3 00
 .bss.g_comblk_p_cmd
                0x2000c324        0x4 C:\Users\S-SPACE\Desktop\Pratik\Final_Year_Project\PiLOT_G2_Software\PiLOT_G2_IMG2\PiLOT_sb_MSS_CM3_hw_platform\Debug\libPiLOT_sb_MSS_CM3_hw_platform.a(mss_comblk.o)
 .bss.g_comblk_cmd_size
                0x2000c328        0x2 C:\Users\S-SPACE\Desktop\Pratik\Final_Year_Project\PiLOT_G2_Software\PiLOT_G2_IMG2\PiLOT_sb_MSS_CM3_hw_platform\Debug\libPiLOT_sb_MSS_CM3_hw_platform.a(mss_comblk.o)
 *fill*         0x2000c32a        0x2 00
 .bss.g_comblk_p_data
                0x2000c32c        0x4 C:\Users\S-SPACE\Desktop\Pratik\Final_Year_Project\PiLOT_G2_Software\PiLOT_G2_IMG2\PiLOT_sb_MSS_CM3_hw_platform\Debug\libPiLOT_sb_MSS_CM3_hw_platform.a(mss_comblk.o)
 .bss.g_comblk_data_size
                0x2000c330        0x4 C:\Users\S-SPACE\Desktop\Pratik\Final_Year_Project\PiLOT_G2_Software\PiLOT_G2_IMG2\PiLOT_sb_MSS_CM3_hw_platform\Debug\libPiLOT_sb_MSS_CM3_hw_platform.a(mss_comblk.o)
 .bss.g_comblk_p_response
                0x2000c334        0x4 C:\Users\S-SPACE\Desktop\Pratik\Final_Year_Project\PiLOT_G2_Software\PiLOT_G2_IMG2\PiLOT_sb_MSS_CM3_hw_platform\Debug\libPiLOT_sb_MSS_CM3_hw_platform.a(mss_comblk.o)
 .bss.g_comblk_response_size
                0x2000c338        0x2 C:\Users\S-SPACE\Desktop\Pratik\Final_Year_Project\PiLOT_G2_Software\PiLOT_G2_IMG2\PiLOT_sb_MSS_CM3_hw_platform\Debug\libPiLOT_sb_MSS_CM3_hw_platform.a(mss_comblk.o)
 .bss.g_comblk_response_idx
                0x2000c33a        0x2 C:\Users\S-SPACE\Desktop\Pratik\Final_Year_Project\PiLOT_G2_Software\PiLOT_G2_IMG2\PiLOT_sb_MSS_CM3_hw_platform\Debug\libPiLOT_sb_MSS_CM3_hw_platform.a(mss_comblk.o)
 .bss.g_comblk_completion_handler
                0x2000c33c        0x4 C:\Users\S-SPACE\Desktop\Pratik\Final_Year_Project\PiLOT_G2_Software\PiLOT_G2_IMG2\PiLOT_sb_MSS_CM3_hw_platform\Debug\libPiLOT_sb_MSS_CM3_hw_platform.a(mss_comblk.o)
 .bss.g_comblk_page_handler
                0x2000c340        0x4 C:\Users\S-SPACE\Desktop\Pratik\Final_Year_Project\PiLOT_G2_Software\PiLOT_G2_IMG2\PiLOT_sb_MSS_CM3_hw_platform\Debug\libPiLOT_sb_MSS_CM3_hw_platform.a(mss_comblk.o)
 .bss.g_request_in_progress
                0x2000c344        0x1 C:\Users\S-SPACE\Desktop\Pratik\Final_Year_Project\PiLOT_G2_Software\PiLOT_G2_IMG2\PiLOT_sb_MSS_CM3_hw_platform\Debug\libPiLOT_sb_MSS_CM3_hw_platform.a(mss_comblk.o)
 .bss.g_comblk_state
                0x2000c345        0x1 C:\Users\S-SPACE\Desktop\Pratik\Final_Year_Project\PiLOT_G2_Software\PiLOT_G2_IMG2\PiLOT_sb_MSS_CM3_hw_platform\Debug\libPiLOT_sb_MSS_CM3_hw_platform.a(mss_comblk.o)
 *fill*         0x2000c346        0x2 00
 .bss.g_async_event_handler
                0x2000c348        0x4 C:\Users\S-SPACE\Desktop\Pratik\Final_Year_Project\PiLOT_G2_Software\PiLOT_G2_IMG2\PiLOT_sb_MSS_CM3_hw_platform\Debug\libPiLOT_sb_MSS_CM3_hw_platform.a(mss_comblk.o)
 *(COMMON)
 COMMON         0x2000c34c      0xd68 ./P1.o
                0x2000c34c                g_core_i2c2
                0x2000c3b8                g_core_i2c0
                0x2000c424                g_core_i2c1
                0x2000c490                hk_pkt
                0x2000c494                g_core_spi0
                0x2000c4dc                g_core_i2c5
                0x2000c548                g_core_i2c3
                0x2000c5b4                thermistor_pkt
                0x2000c5b8                data
                0x2000c7b8                cmd_buff
                0x2000c7c8                core_i2c_status
                0x2000c7cc                blck_pkt
                0x2000cfcc                counter_i2c
                0x2000d038                RTM
                0x2000d048                g_core_i2c4
 COMMON         0x2000d0b4       0x49 ./P2.o
                0x2000d0b4                gmc_pkt
                0x2000d0b8                ADC_voltages
                0x2000d0c8                comms_pkt
                0x2000d0cc                gmc_radiation_count
                0x2000d0d0                count_val
                0x2000d0d4                free_res
                0x2000d0d8                cmd_adf_data
                0x2000d0f8                gmc_free_res_value
                0x2000d0fc                status
 *fill*         0x2000d0fd        0x3 00
 COMMON         0x2000d100      0x2c2 ./main.o
                0x2000d100                log_counter
                0x2000d104                log_partiton
                0x2000d114                comms_timer
                0x2000d118                therm_status
                0x2000d11c                log_packet_ptr
                0x2000d120                gmc_partition
                0x2000d130                Read_TPSRAM_addr
                0x2000d132                gmc_status
                0x2000d134                init_pkt
                0x2000d138                log_data
                0x2000d338                gmc_timer
                0x2000d33c                logs_seq_no
                0x2000d340                temp_timer
                0x2000d348                current_time_lower
                0x2000d350                sd_timer
                0x2000d354                hk_status
                0x2000d358                current_time_upper
                0x2000d360                rx_cmd_pkt
                0x2000d364                rssi_cca
                0x2000d368                thermistor_partition
                0x2000d378                rssi
                0x2000d37c                comms_partition
                0x2000d38c                hk_partition
                0x2000d39c                hk_timer
                0x2000d3a0                Time_Vector
                0x2000d3c0                comms_status
 *fill*         0x2000d3c2        0x2 00
 COMMON         0x2000d3c4       0x28 ./cmds/cmd.o
                0x2000d3c4                cmd_list
                0x2000d3e8                cmd
 COMMON         0x2000d3ec        0xa ./PIS/VC_Sensor.o
                0x2000d3ec                init_command
                0x2000d3f0                read
                0x2000d3f2                bvol
                0x2000d3f4                count
                0x2000d3f5                config_reg
 COMMON         0x2000d3f6        0x1 ./OBC/SD.o
                0x2000d3f6                flag
 COMMON         0x2000d3f7        0x1 ./GMC/counter.o
                0x2000d3f7                gmc_voltage_flags
 COMMON         0x2000d3f8        0x8 ./Comms/adf7030.o
                0x2000d3f8                adf_spi
                0x2000d3fc                radio_memory_configuration_start_spi_command
 COMMON         0x2000d400       0x80 C:\Users\S-SPACE\Desktop\Pratik\Final_Year_Project\PiLOT_G2_Software\PiLOT_G2_IMG2\PiLOT_sb_MSS_CM3_hw_platform\Debug\libPiLOT_sb_MSS_CM3_hw_platform.a(mss_uart.o)
                0x2000d400                g_mss_uart1
                0x2000d440                g_mss_uart0
 COMMON         0x2000d480      0x108 C:\Users\S-SPACE\Desktop\Pratik\Final_Year_Project\PiLOT_G2_Software\PiLOT_G2_IMG2\PiLOT_sb_MSS_CM3_hw_platform\Debug\libPiLOT_sb_MSS_CM3_hw_platform.a(mss_spi.o)
                0x2000d480                g_mss_spi1
                0x2000d504                g_mss_spi0
                0x2000d590                . = ALIGN (0x10)
 *fill*         0x2000d588        0x8 00
                0x2000d590                __bss_end__ = .
                0x2000d590                _end = .
                0x2000d590                __end = _end
                0x2000d590                _ebss = .
                0x2000d590                PROVIDE (end, .)

.heap           0x2000d590     0x1a70
                0x2000d590                __heap_start__ = .
                0x2000e590                . = (. + MIN_SIZE_HEAP)
 *fill*         0x2000d590     0x1000 00
                0x2000f000                . = (. + (((ABSOLUTE (RAM_START_ADDRESS) + RAM_SIZE) - MAIN_STACK_SIZE) - .))
 *fill*         0x2000e590      0xa70 00
                0x2000f000                _eheap = .

.stack          0x2000f000     0x1000
                0x2000f000                __stack_start__ = .
                0x20010000                . = (. + MAIN_STACK_SIZE)
 *fill*         0x2000f000     0x1000 00
                0x20010000                _estack = .

.stab
 *(.stab)

.stabstr
 *(.stabstr)

.debug
 *(.debug)

.line
 *(.line)

.debug_srcinfo
 *(.debug_srcinfo)

.debug_sfnames
 *(.debug_sfnames)

.comment        0x00000000      0x433
 .comment       0x00000000       0x2b ./P1.o
 .comment       0x0000002b       0x2b ./P2.o
 .comment       0x00000056       0x2b ./main.o
 .comment       0x00000081       0x2b ./packet_definition.o
 .comment       0x000000ac       0x2b ./cmds/cmd.o
 .comment       0x000000d7       0x2b ./PIS/RS485_Controller.o
 .comment       0x00000102       0x2b ./PIS/VC_Sensor.o
 .comment       0x0000012d       0x2b ./OBC/ADC.o
 .comment       0x00000158       0x2b ./OBC/IMU.o
 .comment       0x00000183       0x2b ./OBC/SD.o
 .comment       0x000001ae       0x2b ./OBC/memory.o
 .comment       0x000001d9       0x2b ./GMC/counter.o
 .comment       0x00000204       0x2b ./Comms/adf7030.o
 .comment       0x0000022f       0x2b C:/Users/S-SPACE/Desktop/Pratik/Final_Year_Project/PiLOT_G2_Software/PiLOT_G2_IMG2/PiLOT_sb_MSS_CM3_hw_platform/Debug/CMSIS/startup_gcc/newlib_stubs.o
 .comment       0x0000025a       0x2b C:\Users\S-SPACE\Desktop\Pratik\Final_Year_Project\PiLOT_G2_Software\PiLOT_G2_IMG2\PiLOT_sb_MSS_CM3_hw_platform\Debug\libPiLOT_sb_MSS_CM3_hw_platform.a(mss_uart.o)
 .comment       0x00000285       0x2b C:\Users\S-SPACE\Desktop\Pratik\Final_Year_Project\PiLOT_G2_Software\PiLOT_G2_IMG2\PiLOT_sb_MSS_CM3_hw_platform\Debug\libPiLOT_sb_MSS_CM3_hw_platform.a(mss_sys_services.o)
 .comment       0x000002b0       0x2b C:\Users\S-SPACE\Desktop\Pratik\Final_Year_Project\PiLOT_G2_Software\PiLOT_G2_IMG2\PiLOT_sb_MSS_CM3_hw_platform\Debug\libPiLOT_sb_MSS_CM3_hw_platform.a(mss_spi.o)
 .comment       0x000002db       0x2b C:\Users\S-SPACE\Desktop\Pratik\Final_Year_Project\PiLOT_G2_Software\PiLOT_G2_IMG2\PiLOT_sb_MSS_CM3_hw_platform\Debug\libPiLOT_sb_MSS_CM3_hw_platform.a(mss_nvm.o)
 .comment       0x00000306       0x2b C:\Users\S-SPACE\Desktop\Pratik\Final_Year_Project\PiLOT_G2_Software\PiLOT_G2_IMG2\PiLOT_sb_MSS_CM3_hw_platform\Debug\libPiLOT_sb_MSS_CM3_hw_platform.a(mss_gpio.o)
 .comment       0x00000331       0x2b C:\Users\S-SPACE\Desktop\Pratik\Final_Year_Project\PiLOT_G2_Software\PiLOT_G2_IMG2\PiLOT_sb_MSS_CM3_hw_platform\Debug\libPiLOT_sb_MSS_CM3_hw_platform.a(core_timer.o)
 .comment       0x0000035c       0x2b C:\Users\S-SPACE\Desktop\Pratik\Final_Year_Project\PiLOT_G2_Software\PiLOT_G2_IMG2\PiLOT_sb_MSS_CM3_hw_platform\Debug\libPiLOT_sb_MSS_CM3_hw_platform.a(core_spi.o)
 .comment       0x00000387       0x2b C:\Users\S-SPACE\Desktop\Pratik\Final_Year_Project\PiLOT_G2_Software\PiLOT_G2_IMG2\PiLOT_sb_MSS_CM3_hw_platform\Debug\libPiLOT_sb_MSS_CM3_hw_platform.a(core_i2c.o)
 .comment       0x000003b2       0x2b C:\Users\S-SPACE\Desktop\Pratik\Final_Year_Project\PiLOT_G2_Software\PiLOT_G2_IMG2\PiLOT_sb_MSS_CM3_hw_platform\Debug\libPiLOT_sb_MSS_CM3_hw_platform.a(i2c_interrupt.o)
 .comment       0x000003dd       0x2b C:\Users\S-SPACE\Desktop\Pratik\Final_Year_Project\PiLOT_G2_Software\PiLOT_G2_IMG2\PiLOT_sb_MSS_CM3_hw_platform\Debug\libPiLOT_sb_MSS_CM3_hw_platform.a(system_m2sxxx.o)
 .comment       0x00000408       0x2b C:\Users\S-SPACE\Desktop\Pratik\Final_Year_Project\PiLOT_G2_Software\PiLOT_G2_IMG2\PiLOT_sb_MSS_CM3_hw_platform\Debug\libPiLOT_sb_MSS_CM3_hw_platform.a(mss_comblk.o)

.debug_aranges  0x00000000      0xdc8
 *(.debug_aranges)
 .debug_aranges
                0x00000000       0x80 ./P1.o
 .debug_aranges
                0x00000080       0x28 ./P2.o
 .debug_aranges
                0x000000a8      0x120 ./main.o
 .debug_aranges
                0x000001c8       0x60 ./cmds/cmd.o
 .debug_aranges
                0x00000228       0x48 ./PIS/RS485_Controller.o
 .debug_aranges
                0x00000270       0x50 ./PIS/VC_Sensor.o
 .debug_aranges
                0x000002c0       0x28 ./OBC/ADC.o
 .debug_aranges
                0x000002e8       0x30 ./OBC/IMU.o
 .debug_aranges
                0x00000318       0x30 ./OBC/SD.o
 .debug_aranges
                0x00000348       0x30 ./OBC/memory.o
 .debug_aranges
                0x00000378       0x48 ./GMC/counter.o
 .debug_aranges
                0x000003c0       0xe0 ./Comms/adf7030.o
 .debug_aranges
                0x000004a0       0xa8 C:/Users/S-SPACE/Desktop/Pratik/Final_Year_Project/PiLOT_G2_Software/PiLOT_G2_IMG2/PiLOT_sb_MSS_CM3_hw_platform/Debug/CMSIS/startup_gcc/newlib_stubs.o
 .debug_aranges
                0x00000548      0x1d0 C:\Users\S-SPACE\Desktop\Pratik\Final_Year_Project\PiLOT_G2_Software\PiLOT_G2_IMG2\PiLOT_sb_MSS_CM3_hw_platform\Debug\libPiLOT_sb_MSS_CM3_hw_platform.a(mss_uart.o)
 .debug_aranges
                0x00000718      0x1c8 C:\Users\S-SPACE\Desktop\Pratik\Final_Year_Project\PiLOT_G2_Software\PiLOT_G2_IMG2\PiLOT_sb_MSS_CM3_hw_platform\Debug\libPiLOT_sb_MSS_CM3_hw_platform.a(mss_sys_services.o)
 .debug_aranges
                0x000008e0       0xe0 C:\Users\S-SPACE\Desktop\Pratik\Final_Year_Project\PiLOT_G2_Software\PiLOT_G2_IMG2\PiLOT_sb_MSS_CM3_hw_platform\Debug\libPiLOT_sb_MSS_CM3_hw_platform.a(mss_spi.o)
 .debug_aranges
                0x000009c0       0x80 C:\Users\S-SPACE\Desktop\Pratik\Final_Year_Project\PiLOT_G2_Software\PiLOT_G2_IMG2\PiLOT_sb_MSS_CM3_hw_platform\Debug\libPiLOT_sb_MSS_CM3_hw_platform.a(mss_nvm.o)
 .debug_aranges
                0x00000a40       0x68 C:\Users\S-SPACE\Desktop\Pratik\Final_Year_Project\PiLOT_G2_Software\PiLOT_G2_IMG2\PiLOT_sb_MSS_CM3_hw_platform\Debug\libPiLOT_sb_MSS_CM3_hw_platform.a(mss_gpio.o)
 .debug_aranges
                0x00000aa8       0x50 C:\Users\S-SPACE\Desktop\Pratik\Final_Year_Project\PiLOT_G2_Software\PiLOT_G2_IMG2\PiLOT_sb_MSS_CM3_hw_platform\Debug\libPiLOT_sb_MSS_CM3_hw_platform.a(core_timer.o)
 .debug_aranges
                0x00000af8       0xa8 C:\Users\S-SPACE\Desktop\Pratik\Final_Year_Project\PiLOT_G2_Software\PiLOT_G2_IMG2\PiLOT_sb_MSS_CM3_hw_platform\Debug\libPiLOT_sb_MSS_CM3_hw_platform.a(core_spi.o)
 .debug_aranges
                0x00000ba0      0x110 C:\Users\S-SPACE\Desktop\Pratik\Final_Year_Project\PiLOT_G2_Software\PiLOT_G2_IMG2\PiLOT_sb_MSS_CM3_hw_platform\Debug\libPiLOT_sb_MSS_CM3_hw_platform.a(core_i2c.o)
 .debug_aranges
                0x00000cb0       0x38 C:\Users\S-SPACE\Desktop\Pratik\Final_Year_Project\PiLOT_G2_Software\PiLOT_G2_IMG2\PiLOT_sb_MSS_CM3_hw_platform\Debug\libPiLOT_sb_MSS_CM3_hw_platform.a(i2c_interrupt.o)
 .debug_aranges
                0x00000ce8       0x50 C:\Users\S-SPACE\Desktop\Pratik\Final_Year_Project\PiLOT_G2_Software\PiLOT_G2_IMG2\PiLOT_sb_MSS_CM3_hw_platform\Debug\libPiLOT_sb_MSS_CM3_hw_platform.a(system_m2sxxx.o)
 .debug_aranges
                0x00000d38       0x90 C:\Users\S-SPACE\Desktop\Pratik\Final_Year_Project\PiLOT_G2_Software\PiLOT_G2_IMG2\PiLOT_sb_MSS_CM3_hw_platform\Debug\libPiLOT_sb_MSS_CM3_hw_platform.a(mss_comblk.o)

.debug_pubnames
                0x00000000     0x261d
 *(.debug_pubnames)
 .debug_pubnames
                0x00000000      0x1f0 ./P1.o
 .debug_pubnames
                0x000001f0      0x1e7 ./P2.o
 .debug_pubnames
                0x000003d7      0x4d0 ./main.o
 .debug_pubnames
                0x000008a7      0x169 ./cmds/cmd.o
 .debug_pubnames
                0x00000a10      0x10b ./PIS/RS485_Controller.o
 .debug_pubnames
                0x00000b1b      0x13f ./PIS/VC_Sensor.o
 .debug_pubnames
                0x00000c5a       0x31 ./OBC/ADC.o
 .debug_pubnames
                0x00000c8b       0x54 ./OBC/IMU.o
 .debug_pubnames
                0x00000cdf       0x7a ./OBC/SD.o
 .debug_pubnames
                0x00000d59       0x48 ./OBC/memory.o
 .debug_pubnames
                0x00000da1       0xc0 ./GMC/counter.o
 .debug_pubnames
                0x00000e61      0x2f5 ./Comms/adf7030.o
 .debug_pubnames
                0x00001156       0xeb C:/Users/S-SPACE/Desktop/Pratik/Final_Year_Project/PiLOT_G2_Software/PiLOT_G2_IMG2/PiLOT_sb_MSS_CM3_hw_platform/Debug/CMSIS/startup_gcc/newlib_stubs.o
 .debug_pubnames
                0x00001241      0x50f C:\Users\S-SPACE\Desktop\Pratik\Final_Year_Project\PiLOT_G2_Software\PiLOT_G2_IMG2\PiLOT_sb_MSS_CM3_hw_platform\Debug\libPiLOT_sb_MSS_CM3_hw_platform.a(mss_uart.o)
 .debug_pubnames
                0x00001750      0x571 C:\Users\S-SPACE\Desktop\Pratik\Final_Year_Project\PiLOT_G2_Software\PiLOT_G2_IMG2\PiLOT_sb_MSS_CM3_hw_platform\Debug\libPiLOT_sb_MSS_CM3_hw_platform.a(mss_sys_services.o)
 .debug_pubnames
                0x00001cc1      0x21a C:\Users\S-SPACE\Desktop\Pratik\Final_Year_Project\PiLOT_G2_Software\PiLOT_G2_IMG2\PiLOT_sb_MSS_CM3_hw_platform\Debug\libPiLOT_sb_MSS_CM3_hw_platform.a(mss_spi.o)
 .debug_pubnames
                0x00001edb       0x4d C:\Users\S-SPACE\Desktop\Pratik\Final_Year_Project\PiLOT_G2_Software\PiLOT_G2_IMG2\PiLOT_sb_MSS_CM3_hw_platform\Debug\libPiLOT_sb_MSS_CM3_hw_platform.a(mss_nvm.o)
 .debug_pubnames
                0x00001f28       0xb1 C:\Users\S-SPACE\Desktop\Pratik\Final_Year_Project\PiLOT_G2_Software\PiLOT_G2_IMG2\PiLOT_sb_MSS_CM3_hw_platform\Debug\libPiLOT_sb_MSS_CM3_hw_platform.a(mss_gpio.o)
 .debug_pubnames
                0x00001fd9       0x84 C:\Users\S-SPACE\Desktop\Pratik\Final_Year_Project\PiLOT_G2_Software\PiLOT_G2_IMG2\PiLOT_sb_MSS_CM3_hw_platform\Debug\libPiLOT_sb_MSS_CM3_hw_platform.a(core_timer.o)
 .debug_pubnames
                0x0000205d      0x170 C:\Users\S-SPACE\Desktop\Pratik\Final_Year_Project\PiLOT_G2_Software\PiLOT_G2_IMG2\PiLOT_sb_MSS_CM3_hw_platform\Debug\libPiLOT_sb_MSS_CM3_hw_platform.a(core_spi.o)
 .debug_pubnames
                0x000021cd      0x2b9 C:\Users\S-SPACE\Desktop\Pratik\Final_Year_Project\PiLOT_G2_Software\PiLOT_G2_IMG2\PiLOT_sb_MSS_CM3_hw_platform\Debug\libPiLOT_sb_MSS_CM3_hw_platform.a(core_i2c.o)
 .debug_pubnames
                0x00002486       0x39 C:\Users\S-SPACE\Desktop\Pratik\Final_Year_Project\PiLOT_G2_Software\PiLOT_G2_IMG2\PiLOT_sb_MSS_CM3_hw_platform\Debug\libPiLOT_sb_MSS_CM3_hw_platform.a(i2c_interrupt.o)
 .debug_pubnames
                0x000024bf       0xcb C:\Users\S-SPACE\Desktop\Pratik\Final_Year_Project\PiLOT_G2_Software\PiLOT_G2_IMG2\PiLOT_sb_MSS_CM3_hw_platform\Debug\libPiLOT_sb_MSS_CM3_hw_platform.a(system_m2sxxx.o)
 .debug_pubnames
                0x0000258a       0x93 C:\Users\S-SPACE\Desktop\Pratik\Final_Year_Project\PiLOT_G2_Software\PiLOT_G2_IMG2\PiLOT_sb_MSS_CM3_hw_platform\Debug\libPiLOT_sb_MSS_CM3_hw_platform.a(mss_comblk.o)

.debug_info     0x00000000    0x15924
 *(.debug_info .gnu.linkonce.wi.*)
 .debug_info    0x00000000     0x17a0 ./P1.o
 .debug_info    0x000017a0     0x1082 ./P2.o
 .debug_info    0x00002822     0x291d ./main.o
 .debug_info    0x0000513f       0x29 ./packet_definition.o
 .debug_info    0x00005168      0xf9f ./cmds/cmd.o
 .debug_info    0x00006107      0xda4 ./PIS/RS485_Controller.o
 .debug_info    0x00006eab      0x626 ./PIS/VC_Sensor.o
 .debug_info    0x000074d1      0x462 ./OBC/ADC.o
 .debug_info    0x00007933      0x5b9 ./OBC/IMU.o
 .debug_info    0x00007eec      0x95d ./OBC/SD.o
 .debug_info    0x00008849      0x1bb ./OBC/memory.o
 .debug_info    0x00008a04      0x689 ./GMC/counter.o
 .debug_info    0x0000908d     0x1216 ./Comms/adf7030.o
 .debug_info    0x0000a2a3      0x6ed C:/Users/S-SPACE/Desktop/Pratik/Final_Year_Project/PiLOT_G2_Software/PiLOT_G2_IMG2/PiLOT_sb_MSS_CM3_hw_platform/Debug/CMSIS/startup_gcc/newlib_stubs.o
 .debug_info    0x0000a990     0x1ed4 C:\Users\S-SPACE\Desktop\Pratik\Final_Year_Project\PiLOT_G2_Software\PiLOT_G2_IMG2\PiLOT_sb_MSS_CM3_hw_platform\Debug\libPiLOT_sb_MSS_CM3_hw_platform.a(mss_uart.o)
 .debug_info    0x0000c864     0x1fb4 C:\Users\S-SPACE\Desktop\Pratik\Final_Year_Project\PiLOT_G2_Software\PiLOT_G2_IMG2\PiLOT_sb_MSS_CM3_hw_platform\Debug\libPiLOT_sb_MSS_CM3_hw_platform.a(mss_sys_services.o)
 .debug_info    0x0000e818     0x1723 C:\Users\S-SPACE\Desktop\Pratik\Final_Year_Project\PiLOT_G2_Software\PiLOT_G2_IMG2\PiLOT_sb_MSS_CM3_hw_platform\Debug\libPiLOT_sb_MSS_CM3_hw_platform.a(mss_spi.o)
 .debug_info    0x0000ff3b     0x12b1 C:\Users\S-SPACE\Desktop\Pratik\Final_Year_Project\PiLOT_G2_Software\PiLOT_G2_IMG2\PiLOT_sb_MSS_CM3_hw_platform\Debug\libPiLOT_sb_MSS_CM3_hw_platform.a(mss_nvm.o)
 .debug_info    0x000111ec     0x1164 C:\Users\S-SPACE\Desktop\Pratik\Final_Year_Project\PiLOT_G2_Software\PiLOT_G2_IMG2\PiLOT_sb_MSS_CM3_hw_platform\Debug\libPiLOT_sb_MSS_CM3_hw_platform.a(mss_gpio.o)
 .debug_info    0x00012350      0x242 C:\Users\S-SPACE\Desktop\Pratik\Final_Year_Project\PiLOT_G2_Software\PiLOT_G2_IMG2\PiLOT_sb_MSS_CM3_hw_platform\Debug\libPiLOT_sb_MSS_CM3_hw_platform.a(core_timer.o)
 .debug_info    0x00012592      0x7d9 C:\Users\S-SPACE\Desktop\Pratik\Final_Year_Project\PiLOT_G2_Software\PiLOT_G2_IMG2\PiLOT_sb_MSS_CM3_hw_platform\Debug\libPiLOT_sb_MSS_CM3_hw_platform.a(core_spi.o)
 .debug_info    0x00012d6b      0xd0c C:\Users\S-SPACE\Desktop\Pratik\Final_Year_Project\PiLOT_G2_Software\PiLOT_G2_IMG2\PiLOT_sb_MSS_CM3_hw_platform\Debug\libPiLOT_sb_MSS_CM3_hw_platform.a(core_i2c.o)
 .debug_info    0x00013a77      0x7ce C:\Users\S-SPACE\Desktop\Pratik\Final_Year_Project\PiLOT_G2_Software\PiLOT_G2_IMG2\PiLOT_sb_MSS_CM3_hw_platform\Debug\libPiLOT_sb_MSS_CM3_hw_platform.a(i2c_interrupt.o)
 .debug_info    0x00014245      0xbbf C:\Users\S-SPACE\Desktop\Pratik\Final_Year_Project\PiLOT_G2_Software\PiLOT_G2_IMG2\PiLOT_sb_MSS_CM3_hw_platform\Debug\libPiLOT_sb_MSS_CM3_hw_platform.a(system_m2sxxx.o)
 .debug_info    0x00014e04      0xb20 C:\Users\S-SPACE\Desktop\Pratik\Final_Year_Project\PiLOT_G2_Software\PiLOT_G2_IMG2\PiLOT_sb_MSS_CM3_hw_platform\Debug\libPiLOT_sb_MSS_CM3_hw_platform.a(mss_comblk.o)

.debug_abbrev   0x00000000     0x274a
 *(.debug_abbrev)
 .debug_abbrev  0x00000000      0x2c1 ./P1.o
 .debug_abbrev  0x000002c1      0x1bc ./P2.o
 .debug_abbrev  0x0000047d      0x2c5 ./main.o
 .debug_abbrev  0x00000742       0x16 ./packet_definition.o
 .debug_abbrev  0x00000758      0x203 ./cmds/cmd.o
 .debug_abbrev  0x0000095b      0x1d4 ./PIS/RS485_Controller.o
 .debug_abbrev  0x00000b2f      0x131 ./PIS/VC_Sensor.o
 .debug_abbrev  0x00000c60      0x125 ./OBC/ADC.o
 .debug_abbrev  0x00000d85      0x12f ./OBC/IMU.o
 .debug_abbrev  0x00000eb4      0x16a ./OBC/SD.o
 .debug_abbrev  0x0000101e       0xc0 ./OBC/memory.o
 .debug_abbrev  0x000010de      0x140 ./GMC/counter.o
 .debug_abbrev  0x0000121e      0x271 ./Comms/adf7030.o
 .debug_abbrev  0x0000148f      0x170 C:/Users/S-SPACE/Desktop/Pratik/Final_Year_Project/PiLOT_G2_Software/PiLOT_G2_IMG2/PiLOT_sb_MSS_CM3_hw_platform/Debug/CMSIS/startup_gcc/newlib_stubs.o
 .debug_abbrev  0x000015ff      0x280 C:\Users\S-SPACE\Desktop\Pratik\Final_Year_Project\PiLOT_G2_Software\PiLOT_G2_IMG2\PiLOT_sb_MSS_CM3_hw_platform\Debug\libPiLOT_sb_MSS_CM3_hw_platform.a(mss_uart.o)
 .debug_abbrev  0x0000187f      0x1fe C:\Users\S-SPACE\Desktop\Pratik\Final_Year_Project\PiLOT_G2_Software\PiLOT_G2_IMG2\PiLOT_sb_MSS_CM3_hw_platform\Debug\libPiLOT_sb_MSS_CM3_hw_platform.a(mss_sys_services.o)
 .debug_abbrev  0x00001a7d      0x1ee C:\Users\S-SPACE\Desktop\Pratik\Final_Year_Project\PiLOT_G2_Software\PiLOT_G2_IMG2\PiLOT_sb_MSS_CM3_hw_platform\Debug\libPiLOT_sb_MSS_CM3_hw_platform.a(mss_spi.o)
 .debug_abbrev  0x00001c6b      0x198 C:\Users\S-SPACE\Desktop\Pratik\Final_Year_Project\PiLOT_G2_Software\PiLOT_G2_IMG2\PiLOT_sb_MSS_CM3_hw_platform\Debug\libPiLOT_sb_MSS_CM3_hw_platform.a(mss_nvm.o)
 .debug_abbrev  0x00001e03      0x165 C:\Users\S-SPACE\Desktop\Pratik\Final_Year_Project\PiLOT_G2_Software\PiLOT_G2_IMG2\PiLOT_sb_MSS_CM3_hw_platform\Debug\libPiLOT_sb_MSS_CM3_hw_platform.a(mss_gpio.o)
 .debug_abbrev  0x00001f68       0xb0 C:\Users\S-SPACE\Desktop\Pratik\Final_Year_Project\PiLOT_G2_Software\PiLOT_G2_IMG2\PiLOT_sb_MSS_CM3_hw_platform\Debug\libPiLOT_sb_MSS_CM3_hw_platform.a(core_timer.o)
 .debug_abbrev  0x00002018      0x14f C:\Users\S-SPACE\Desktop\Pratik\Final_Year_Project\PiLOT_G2_Software\PiLOT_G2_IMG2\PiLOT_sb_MSS_CM3_hw_platform\Debug\libPiLOT_sb_MSS_CM3_hw_platform.a(core_spi.o)
 .debug_abbrev  0x00002167      0x185 C:\Users\S-SPACE\Desktop\Pratik\Final_Year_Project\PiLOT_G2_Software\PiLOT_G2_IMG2\PiLOT_sb_MSS_CM3_hw_platform\Debug\libPiLOT_sb_MSS_CM3_hw_platform.a(core_i2c.o)
 .debug_abbrev  0x000022ec      0x169 C:\Users\S-SPACE\Desktop\Pratik\Final_Year_Project\PiLOT_G2_Software\PiLOT_G2_IMG2\PiLOT_sb_MSS_CM3_hw_platform\Debug\libPiLOT_sb_MSS_CM3_hw_platform.a(i2c_interrupt.o)
 .debug_abbrev  0x00002455      0x150 C:\Users\S-SPACE\Desktop\Pratik\Final_Year_Project\PiLOT_G2_Software\PiLOT_G2_IMG2\PiLOT_sb_MSS_CM3_hw_platform\Debug\libPiLOT_sb_MSS_CM3_hw_platform.a(system_m2sxxx.o)
 .debug_abbrev  0x000025a5      0x1a5 C:\Users\S-SPACE\Desktop\Pratik\Final_Year_Project\PiLOT_G2_Software\PiLOT_G2_IMG2\PiLOT_sb_MSS_CM3_hw_platform\Debug\libPiLOT_sb_MSS_CM3_hw_platform.a(mss_comblk.o)

.debug_line     0x00000000     0xed29
 *(.debug_line)
 .debug_line    0x00000000     0x15a6 ./P1.o
 .debug_line    0x000015a6     0x1499 ./P2.o
 .debug_line    0x00002a3f     0x175e ./main.o
 .debug_line    0x0000419d       0x37 ./packet_definition.o
 .debug_line    0x000041d4     0x150e ./cmds/cmd.o
 .debug_line    0x000056e2     0x14ce ./PIS/RS485_Controller.o
 .debug_line    0x00006bb0      0xb81 ./PIS/VC_Sensor.o
 .debug_line    0x00007731      0x29f ./OBC/ADC.o
 .debug_line    0x000079d0      0x535 ./OBC/IMU.o
 .debug_line    0x00007f05      0x4b2 ./OBC/SD.o
 .debug_line    0x000083b7      0x403 ./OBC/memory.o
 .debug_line    0x000087ba      0x579 ./GMC/counter.o
 .debug_line    0x00008d33     0x1789 ./Comms/adf7030.o
 .debug_line    0x0000a4bc      0x4b6 C:/Users/S-SPACE/Desktop/Pratik/Final_Year_Project/PiLOT_G2_Software/PiLOT_G2_IMG2/PiLOT_sb_MSS_CM3_hw_platform/Debug/CMSIS/startup_gcc/newlib_stubs.o
 .debug_line    0x0000a972      0x8f8 C:\Users\S-SPACE\Desktop\Pratik\Final_Year_Project\PiLOT_G2_Software\PiLOT_G2_IMG2\PiLOT_sb_MSS_CM3_hw_platform\Debug\libPiLOT_sb_MSS_CM3_hw_platform.a(mss_uart.o)
 .debug_line    0x0000b26a      0xa2a C:\Users\S-SPACE\Desktop\Pratik\Final_Year_Project\PiLOT_G2_Software\PiLOT_G2_IMG2\PiLOT_sb_MSS_CM3_hw_platform\Debug\libPiLOT_sb_MSS_CM3_hw_platform.a(mss_sys_services.o)
 .debug_line    0x0000bc94      0x6d1 C:\Users\S-SPACE\Desktop\Pratik\Final_Year_Project\PiLOT_G2_Software\PiLOT_G2_IMG2\PiLOT_sb_MSS_CM3_hw_platform\Debug\libPiLOT_sb_MSS_CM3_hw_platform.a(mss_spi.o)
 .debug_line    0x0000c365      0x544 C:\Users\S-SPACE\Desktop\Pratik\Final_Year_Project\PiLOT_G2_Software\PiLOT_G2_IMG2\PiLOT_sb_MSS_CM3_hw_platform\Debug\libPiLOT_sb_MSS_CM3_hw_platform.a(mss_nvm.o)
 .debug_line    0x0000c8a9      0x389 C:\Users\S-SPACE\Desktop\Pratik\Final_Year_Project\PiLOT_G2_Software\PiLOT_G2_IMG2\PiLOT_sb_MSS_CM3_hw_platform\Debug\libPiLOT_sb_MSS_CM3_hw_platform.a(mss_gpio.o)
 .debug_line    0x0000cc32      0x49f C:\Users\S-SPACE\Desktop\Pratik\Final_Year_Project\PiLOT_G2_Software\PiLOT_G2_IMG2\PiLOT_sb_MSS_CM3_hw_platform\Debug\libPiLOT_sb_MSS_CM3_hw_platform.a(core_timer.o)
 .debug_line    0x0000d0d1      0x79e C:\Users\S-SPACE\Desktop\Pratik\Final_Year_Project\PiLOT_G2_Software\PiLOT_G2_IMG2\PiLOT_sb_MSS_CM3_hw_platform\Debug\libPiLOT_sb_MSS_CM3_hw_platform.a(core_spi.o)
 .debug_line    0x0000d86f      0x87e C:\Users\S-SPACE\Desktop\Pratik\Final_Year_Project\PiLOT_G2_Software\PiLOT_G2_IMG2\PiLOT_sb_MSS_CM3_hw_platform\Debug\libPiLOT_sb_MSS_CM3_hw_platform.a(core_i2c.o)
 .debug_line    0x0000e0ed      0x51b C:\Users\S-SPACE\Desktop\Pratik\Final_Year_Project\PiLOT_G2_Software\PiLOT_G2_IMG2\PiLOT_sb_MSS_CM3_hw_platform\Debug\libPiLOT_sb_MSS_CM3_hw_platform.a(i2c_interrupt.o)
 .debug_line    0x0000e608      0x228 C:\Users\S-SPACE\Desktop\Pratik\Final_Year_Project\PiLOT_G2_Software\PiLOT_G2_IMG2\PiLOT_sb_MSS_CM3_hw_platform\Debug\libPiLOT_sb_MSS_CM3_hw_platform.a(system_m2sxxx.o)
 .debug_line    0x0000e830      0x4f9 C:\Users\S-SPACE\Desktop\Pratik\Final_Year_Project\PiLOT_G2_Software\PiLOT_G2_IMG2\PiLOT_sb_MSS_CM3_hw_platform\Debug\libPiLOT_sb_MSS_CM3_hw_platform.a(mss_comblk.o)

.debug_frame    0x00000000     0x2e7c
 *(.debug_frame)
 .debug_frame   0x00000000      0x18c ./P1.o
 .debug_frame   0x0000018c       0x50 ./P2.o
 .debug_frame   0x000001dc      0x3c0 ./main.o
 .debug_frame   0x0000059c      0x11c ./cmds/cmd.o
 .debug_frame   0x000006b8       0xc8 ./PIS/RS485_Controller.o
 .debug_frame   0x00000780       0xf0 ./PIS/VC_Sensor.o
 .debug_frame   0x00000870       0x50 ./OBC/ADC.o
 .debug_frame   0x000008c0       0x70 ./OBC/IMU.o
 .debug_frame   0x00000930       0x70 ./OBC/SD.o
 .debug_frame   0x000009a0       0x6c ./OBC/memory.o
 .debug_frame   0x00000a0c       0xd0 ./GMC/counter.o
 .debug_frame   0x00000adc      0x334 ./Comms/adf7030.o
 .debug_frame   0x00000e10      0x21c C:/Users/S-SPACE/Desktop/Pratik/Final_Year_Project/PiLOT_G2_Software/PiLOT_G2_IMG2/PiLOT_sb_MSS_CM3_hw_platform/Debug/CMSIS/startup_gcc/newlib_stubs.o
 .debug_frame   0x0000102c      0x6b4 C:\Users\S-SPACE\Desktop\Pratik\Final_Year_Project\PiLOT_G2_Software\PiLOT_G2_IMG2\PiLOT_sb_MSS_CM3_hw_platform\Debug\libPiLOT_sb_MSS_CM3_hw_platform.a(mss_uart.o)
 .debug_frame   0x000016e0      0x6b0 C:\Users\S-SPACE\Desktop\Pratik\Final_Year_Project\PiLOT_G2_Software\PiLOT_G2_IMG2\PiLOT_sb_MSS_CM3_hw_platform\Debug\libPiLOT_sb_MSS_CM3_hw_platform.a(mss_sys_services.o)
 .debug_frame   0x00001d90      0x320 C:\Users\S-SPACE\Desktop\Pratik\Final_Year_Project\PiLOT_G2_Software\PiLOT_G2_IMG2\PiLOT_sb_MSS_CM3_hw_platform\Debug\libPiLOT_sb_MSS_CM3_hw_platform.a(mss_spi.o)
 .debug_frame   0x000020b0      0x194 C:\Users\S-SPACE\Desktop\Pratik\Final_Year_Project\PiLOT_G2_Software\PiLOT_G2_IMG2\PiLOT_sb_MSS_CM3_hw_platform\Debug\libPiLOT_sb_MSS_CM3_hw_platform.a(mss_nvm.o)
 .debug_frame   0x00002244      0x130 C:\Users\S-SPACE\Desktop\Pratik\Final_Year_Project\PiLOT_G2_Software\PiLOT_G2_IMG2\PiLOT_sb_MSS_CM3_hw_platform\Debug\libPiLOT_sb_MSS_CM3_hw_platform.a(mss_gpio.o)
 .debug_frame   0x00002374       0xf0 C:\Users\S-SPACE\Desktop\Pratik\Final_Year_Project\PiLOT_G2_Software\PiLOT_G2_IMG2\PiLOT_sb_MSS_CM3_hw_platform\Debug\libPiLOT_sb_MSS_CM3_hw_platform.a(core_timer.o)
 .debug_frame   0x00002464      0x250 C:\Users\S-SPACE\Desktop\Pratik\Final_Year_Project\PiLOT_G2_Software\PiLOT_G2_IMG2\PiLOT_sb_MSS_CM3_hw_platform\Debug\libPiLOT_sb_MSS_CM3_hw_platform.a(core_spi.o)
 .debug_frame   0x000026b4      0x3e4 C:\Users\S-SPACE\Desktop\Pratik\Final_Year_Project\PiLOT_G2_Software\PiLOT_G2_IMG2\PiLOT_sb_MSS_CM3_hw_platform\Debug\libPiLOT_sb_MSS_CM3_hw_platform.a(core_i2c.o)
 .debug_frame   0x00002a98       0x88 C:\Users\S-SPACE\Desktop\Pratik\Final_Year_Project\PiLOT_G2_Software\PiLOT_G2_IMG2\PiLOT_sb_MSS_CM3_hw_platform\Debug\libPiLOT_sb_MSS_CM3_hw_platform.a(i2c_interrupt.o)
 .debug_frame   0x00002b20       0xd8 C:\Users\S-SPACE\Desktop\Pratik\Final_Year_Project\PiLOT_G2_Software\PiLOT_G2_IMG2\PiLOT_sb_MSS_CM3_hw_platform\Debug\libPiLOT_sb_MSS_CM3_hw_platform.a(system_m2sxxx.o)
 .debug_frame   0x00002bf8      0x1dc C:\Users\S-SPACE\Desktop\Pratik\Final_Year_Project\PiLOT_G2_Software\PiLOT_G2_IMG2\PiLOT_sb_MSS_CM3_hw_platform\Debug\libPiLOT_sb_MSS_CM3_hw_platform.a(mss_comblk.o)
 .debug_frame   0x00002dd4       0x20 c:/program files (x86)/microsemi/softconsole v3.4/sourcery-g++/bin/../lib/gcc/arm-none-eabi/4.4.1/../../../../arm-none-eabi/lib/thumb2\libc.a(lib_a-errno.o)
 .debug_frame   0x00002df4       0x2c c:/program files (x86)/microsemi/softconsole v3.4/sourcery-g++/bin/../lib/gcc/arm-none-eabi/4.4.1/../../../../arm-none-eabi/lib/thumb2\libc.a(lib_a-init.o)
 .debug_frame   0x00002e20       0x34 c:/program files (x86)/microsemi/softconsole v3.4/sourcery-g++/bin/../lib/gcc/arm-none-eabi/4.4.1/../../../../arm-none-eabi/lib/thumb2\libc.a(lib_a-memcpy.o)
 .debug_frame   0x00002e54       0x28 c:/program files (x86)/microsemi/softconsole v3.4/sourcery-g++/bin/../lib/gcc/arm-none-eabi/4.4.1/../../../../arm-none-eabi/lib/thumb2\libc.a(lib_a-memset.o)

.debug_str      0x00000000     0x56f4
 *(.debug_str)
 .debug_str     0x00000000     0x1159 ./P1.o
                               0x1380 (size before relaxing)