Archive member included because of file (symbol)

E:\PiLOT_G2_Software\PiLOT_G2_Software\PiLOT_G2_IMG2\PiLOT_sb_MSS_CM3_hw_platform\Debug\libPiLOT_sb_MSS_CM3_hw_platform.a(hw_reg_access.o)
                              ./P1.o (HW_set_16bit_reg)
E:\PiLOT_G2_Software\PiLOT_G2_Software\PiLOT_G2_IMG2\PiLOT_sb_MSS_CM3_hw_platform\Debug\libPiLOT_sb_MSS_CM3_hw_platform.a(mss_uart.o)
                              ./P1.o (g_mss_uart0)
E:\PiLOT_G2_Software\PiLOT_G2_Software\PiLOT_G2_IMG2\PiLOT_sb_MSS_CM3_hw_platform\Debug\libPiLOT_sb_MSS_CM3_hw_platform.a(mss_sys_services.o)
                              ./main.o (MSS_SYS_init)
E:\PiLOT_G2_Software\PiLOT_G2_Software\PiLOT_G2_IMG2\PiLOT_sb_MSS_CM3_hw_platform\Debug\libPiLOT_sb_MSS_CM3_hw_platform.a(mss_spi.o)
                              ./main.o (g_mss_spi0)
E:\PiLOT_G2_Software\PiLOT_G2_Software\PiLOT_G2_IMG2\PiLOT_sb_MSS_CM3_hw_platform\Debug\libPiLOT_sb_MSS_CM3_hw_platform.a(mss_nvm.o)
                              ./main.o (NVM_write)
E:\PiLOT_G2_Software\PiLOT_G2_Software\PiLOT_G2_IMG2\PiLOT_sb_MSS_CM3_hw_platform\Debug\libPiLOT_sb_MSS_CM3_hw_platform.a(mss_gpio.o)
                              ./main.o (MSS_GPIO_init)
E:\PiLOT_G2_Software\PiLOT_G2_Software\PiLOT_G2_IMG2\PiLOT_sb_MSS_CM3_hw_platform\Debug\libPiLOT_sb_MSS_CM3_hw_platform.a(core_timer.o)
                              ./main.o (TMR_init)
E:\PiLOT_G2_Software\PiLOT_G2_Software\PiLOT_G2_IMG2\PiLOT_sb_MSS_CM3_hw_platform\Debug\libPiLOT_sb_MSS_CM3_hw_platform.a(core_spi.o)
                              ./Comms/adf7030.o (SPI_init)
E:\PiLOT_G2_Software\PiLOT_G2_Software\PiLOT_G2_IMG2\PiLOT_sb_MSS_CM3_hw_platform\Debug\libPiLOT_sb_MSS_CM3_hw_platform.a(core_i2c.o)
                              ./P1.o (I2C_init)
E:\PiLOT_G2_Software\PiLOT_G2_Software\PiLOT_G2_IMG2\PiLOT_sb_MSS_CM3_hw_platform\Debug\libPiLOT_sb_MSS_CM3_hw_platform.a(i2c_interrupt.o)
                              E:\PiLOT_G2_Software\PiLOT_G2_Software\PiLOT_G2_IMG2\PiLOT_sb_MSS_CM3_hw_platform\Debug\libPiLOT_sb_MSS_CM3_hw_platform.a(core_i2c.o) (I2C_enable_irq)
E:\PiLOT_G2_Software\PiLOT_G2_Software\PiLOT_G2_IMG2\PiLOT_sb_MSS_CM3_hw_platform\Debug\libPiLOT_sb_MSS_CM3_hw_platform.a(system_m2sxxx.o)
                              E:\PiLOT_G2_Software\PiLOT_G2_Software\PiLOT_G2_IMG2\PiLOT_sb_MSS_CM3_hw_platform\Debug\libPiLOT_sb_MSS_CM3_hw_platform.a(mss_nvm.o) (SystemCoreClock)
E:\PiLOT_G2_Software\PiLOT_G2_Software\PiLOT_G2_IMG2\PiLOT_sb_MSS_CM3_hw_platform\Debug\libPiLOT_sb_MSS_CM3_hw_platform.a(hal.o)
                              E:\PiLOT_G2_Software\PiLOT_G2_Software\PiLOT_G2_IMG2\PiLOT_sb_MSS_CM3_hw_platform\Debug\libPiLOT_sb_MSS_CM3_hw_platform.a(core_i2c.o) (HAL_disable_interrupts)
E:\PiLOT_G2_Software\PiLOT_G2_Software\PiLOT_G2_IMG2\PiLOT_sb_MSS_CM3_hw_platform\Debug\libPiLOT_sb_MSS_CM3_hw_platform.a(mss_comblk.o)
                              E:\PiLOT_G2_Software\PiLOT_G2_Software\PiLOT_G2_IMG2\PiLOT_sb_MSS_CM3_hw_platform\Debug\libPiLOT_sb_MSS_CM3_hw_platform.a(mss_sys_services.o) (MSS_COMBLK_init)
c:/program files (x86)/microsemi/softconsole v3.4/sourcery-g++/bin/../lib/gcc/arm-none-eabi/4.4.1/../../../../arm-none-eabi/lib/thumb2\libc.a(lib_a-errno.o)
                              E:/PiLOT_G2_Software/PiLOT_G2_Software/PiLOT_G2_IMG2/PiLOT_sb_MSS_CM3_hw_platform/Debug/CMSIS/startup_gcc/newlib_stubs.o (__errno)
c:/program files (x86)/microsemi/softconsole v3.4/sourcery-g++/bin/../lib/gcc/arm-none-eabi/4.4.1/../../../../arm-none-eabi/lib/thumb2\libc.a(lib_a-impure.o)
                              c:/program files (x86)/microsemi/softconsole v3.4/sourcery-g++/bin/../lib/gcc/arm-none-eabi/4.4.1/../../../../arm-none-eabi/lib/thumb2\libc.a(lib_a-errno.o) (_impure_ptr)
c:/program files (x86)/microsemi/softconsole v3.4/sourcery-g++/bin/../lib/gcc/arm-none-eabi/4.4.1/../../../../arm-none-eabi/lib/thumb2\libc.a(lib_a-init.o)
                              E:/PiLOT_G2_Software/PiLOT_G2_Software/PiLOT_G2_IMG2/PiLOT_sb_MSS_CM3_hw_platform/Debug/CMSIS/startup_gcc/startup_m2sxxx.o (__libc_init_array)
c:/program files (x86)/microsemi/softconsole v3.4/sourcery-g++/bin/../lib/gcc/arm-none-eabi/4.4.1/../../../../arm-none-eabi/lib/thumb2\libc.a(lib_a-memcpy.o)
                              E:\PiLOT_G2_Software\PiLOT_G2_Software\PiLOT_G2_IMG2\PiLOT_sb_MSS_CM3_hw_platform\Debug\libPiLOT_sb_MSS_CM3_hw_platform.a(mss_sys_services.o) (memcpy)
c:/program files (x86)/microsemi/softconsole v3.4/sourcery-g++/bin/../lib/gcc/arm-none-eabi/4.4.1/../../../../arm-none-eabi/lib/thumb2\libc.a(lib_a-memset.o)
                              E:\PiLOT_G2_Software\PiLOT_G2_Software\PiLOT_G2_IMG2\PiLOT_sb_MSS_CM3_hw_platform\Debug\libPiLOT_sb_MSS_CM3_hw_platform.a(mss_spi.o) (memset)

Allocating common symbols
Common symbol       size              file

log_counter         0x1               ./main.o
log_partiton        0x10              ./main.o
gmc_pkt             0x4               ./P2.o
ADC_voltages        0x10              ./P2.o
[...]
Memory Configuration

Name             Origin             Length             Attributes
rom              0x00000000         0x00040000         xr
ram              0x20000000         0x00010000         xrw
*default*        0x00000000         0xffffffff

Linker script and memory map

LOAD c:/program files (x86)/microsemi/softconsole v3.4/sourcery-g++/bin/../lib/gcc/arm-none-eabi/4.4.1/thumb2/crti.o
LOAD c:/program files (x86)/microsemi/softconsole v3.4/sourcery-g++/bin/../lib/gcc/arm-none-eabi/4.4.1/thumb2/crtbegin.o
LOAD ./P1.o
LOAD ./P2.o
LOAD ./main.o
LOAD ./packet_definition.o
LOAD ./cmds/cmd.o
LOAD ./PIS/RS485_Controller.o
LOAD ./PIS/VC_Sensor.o
LOAD ./OBC/ADC.o
LOAD ./OBC/IMU.o
LOAD ./OBC/SD.o
LOAD ./OBC/memory.o
LOAD ./GMC/counter.o
LOAD ./Comms/adf7030.o
LOAD E:/PiLOT_G2_Software/PiLOT_G2_Software/PiLOT_G2_IMG2/PiLOT_sb_MSS_CM3_hw_platform/Debug/CMSIS/startup_gcc/startup_m2sxxx.o
LOAD E:/PiLOT_G2_Software/PiLOT_G2_Software/PiLOT_G2_IMG2/PiLOT_sb_MSS_CM3_hw_platform/Debug/CMSIS/startup_gcc/newlib_stubs.o
LOAD E:\PiLOT_G2_Software\PiLOT_G2_Software\PiLOT_G2_IMG2\PiLOT_sb_MSS_CM3_hw_platform\Debug\libPiLOT_sb_MSS_CM3_hw_platform.a
START GROUP
LOAD c:/program files (x86)/microsemi/softconsole v3.4/sourcery-g++/bin/../lib/gcc/arm-none-eabi/4.4.1/thumb2\libgcc.a
LOAD c:/program files (x86)/microsemi/softconsole v3.4/sourcery-g++/bin/../lib/gcc/arm-none-eabi/4.4.1/../../../../arm-none-eabi/lib/thumb2\libc.a
END GROUP
LOAD c:/program files (x86)/microsemi/softconsole v3.4/sourcery-g++/bin/../lib/gcc/arm-none-eabi/4.4.1/thumb2/crtend.o
LOAD c:/program files (x86)/microsemi/softconsole v3.4/sourcery-g++/bin/../lib/gcc/arm-none-eabi/4.4.1/thumb2/crtn.o
START GROUP
LOAD c:/program files (x86)/microsemi/softconsole v3.4/sourcery-g++/bin/../lib/gcc/arm-none-eabi/4.4.1/../../../../arm-none-eabi/lib/thumb2\libc.a
LOAD c:/program files (x86)/microsemi/softconsole v3.4/sourcery-g++/bin/../lib/gcc/arm-none-eabi/4.4.1/thumb2\libgcc.a
LOAD c:/program files (x86)/microsemi/softconsole v3.4/sourcery-g++/bin/../lib/gcc/arm-none-eabi/4.4.1/../../../../arm-none-eabi/lib/thumb2\libm.a
END GROUP
                0x00000000                __DYNAMIC = 0x0
                0x20000000                RAM_START_ADDRESS = 0x20000000
                0x00010000                RAM_SIZE = 0x10000
                0x00001000                MAIN_STACK_SIZE = 0x1000
                0x00001000                MIN_SIZE_HEAP = 0x1000
                0x20010000                PROVIDE (__main_stack_start, (RAM_START_ADDRESS + RAM_SIZE))
                0x2000f000                PROVIDE (__process_stack_start, (__main_stack_start - MAIN_STACK_SIZE))
                0x20010000                PROVIDE (_estack, __main_stack_start)
                0x00000000                PROVIDE (__mirrored_nvm, 0x0)
                0x00000000                PROVIDE (__smartfusion2_memory_remap, 0x0)

.vector_table   0x00000000      0x190
                0x00000000                __vector_table_load = LOADADDR (.vector_table)
                0x00000000                __vector_table_start = .
                0x00000000                __vector_table_vma_base_address = .
 *(.isr_vector)
 .isr_vector    0x00000000      0x190 E:/PiLOT_G2_Software/PiLOT_G2_Software/PiLOT_G2_IMG2/PiLOT_sb_MSS_CM3_hw_platform/Debug/CMSIS/startup_gcc/startup_m2sxxx.o
                0x00000000                g_pfnVectors
                0x00000190                . = ALIGN (0x10)
                0x00000190                _evector_table = .

.boot_code      0x00000190      0x330
 *(.boot_code)
 .boot_code     0x00000190      0x330 E:/PiLOT_G2_Software/PiLOT_G2_Software/PiLOT_G2_IMG2/PiLOT_sb_MSS_CM3_hw_platform/Debug/CMSIS/startup_gcc/startup_m2sxxx.o
                0x00000190                Reset_Handler
                0x0000037e                NMI_Handler
                0x00000380                HardFault_Handler
                0x00000382                MemManage_Handler
                0x00000384                BusFault_Handler
                0x00000386                UsageFault_Handler
                0x00000388                SVC_Handler
                0x0000038a                DebugMon_Handler
                0x0000038c                PendSV_Handler
                0x0000038e                SysTick_Handler
                0x00000390                WdogWakeup_IRQHandler
                0x00000392                RTC_Wakeup_IRQHandler
                0x00000398                I2C0_IRQHandler
                0x0000039a                I2C0_SMBAlert_IRQHandler
                0x0000039c                I2C0_SMBus_IRQHandler
                0x0000039e                I2C1_IRQHandler
                0x000003a0                I2C1_SMBAlert_IRQHandler
                0x000003a2                I2C1_SMBus_IRQHandler
                0x000003a8                EthernetMAC_IRQHandler
                0x000003aa                DMA_IRQHandler
                0x000003ac                Timer1_IRQHandler
                0x000003ae                Timer2_IRQHandler
                0x000003b0                CAN_IRQHandler
                0x000003b2                ENVM0_IRQHandler
                0x000003b4                ENVM1_IRQHandler
                0x000003b8                USB_IRQHandler
                0x000003ba                USB_DMA_IRQHandler
                0x000003bc                PLL_Lock_IRQHandler
                0x000003be                PLL_LockLost_IRQHandler
                0x000003c0                CommSwitchError_IRQHandler
                0x000003c2                CacheError_IRQHandler
                0x000003c4                DDR_IRQHandler
                0x000003c6                HPDMA_Complete_IRQHandler
                0x000003c8                HPDMA_Error_IRQHandler
                0x000003ca                ECC_Error_IRQHandler
                0x000003cc                MDDR_IOCalib_IRQHandler
                0x000003ce                FAB_PLL_Lock_IRQHandler
                0x000003d0                FAB_PLL_LockLost_IRQHandler
                0x000003d2                FIC64_IRQHandler
                0x000003e6                FabricIrq9_IRQHandler
                0x000003e8                FabricIrq10_IRQHandler
                0x000003ea                FabricIrq11_IRQHandler
                0x000003ec                FabricIrq12_IRQHandler
                0x000003ee                FabricIrq13_IRQHandler
                0x000003f0                FabricIrq14_IRQHandler
                0x000003f2                FabricIrq15_IRQHandler
                0x000003f4                GPIO0_IRQHandler
                0x000003f8                GPIO2_IRQHandler
                0x000003fc                GPIO4_IRQHandler
                0x000003fe                GPIO5_IRQHandler
                0x00000400                GPIO6_IRQHandler
                0x00000402                GPIO7_IRQHandler
                0x00000404                GPIO8_IRQHandler
                0x00000406                GPIO9_IRQHandler
                0x00000408                GPIO10_IRQHandler
                0x0000040a                GPIO11_IRQHandler
                0x0000040c                GPIO12_IRQHandler
                0x0000040e                GPIO13_IRQHandler
                0x00000410                GPIO14_IRQHandler
                0x00000412                GPIO15_IRQHandler
                0x00000414                GPIO16_IRQHandler
                0x00000416                GPIO17_IRQHandler
                0x00000418                GPIO18_IRQHandler
                0x0000041a                GPIO19_IRQHandler
                0x0000041c                GPIO20_IRQHandler
                0x0000041e                GPIO21_IRQHandler
                0x00000420                GPIO22_IRQHandler
                0x00000422                GPIO23_IRQHandler
                0x00000424                GPIO24_IRQHandler
                0x00000426                GPIO25_IRQHandler
                0x00000428                GPIO26_IRQHandler
                0x0000042a                GPIO27_IRQHandler
                0x0000042c                GPIO28_IRQHandler
                0x0000042e                GPIO29_IRQHandler
                0x00000430                GPIO30_IRQHandler
                0x00000432                GPIO31_IRQHandler
                0x00000434                mscc_post_hw_cfg_init
                0x000004c0                . = ALIGN (0x10)

.text           0x000004c0     0xbe40
 CREATE_OBJECT_SYMBOLS
                0x000004c0                __text_load = LOADADDR (.text)
                0x000004c0                __text_start = .
 *(.text .text.* .gnu.linkonce.t.*)
 .text          0x000004c0       0x30 c:/program files (x86)/microsemi/softconsole v3.4/sourcery-g++/bin/../lib/gcc/arm-none-eabi/4.4.1/thumb2/crtbegin.o
 .text.MSS_TIM64_get_current_value
                0x000004f0       0x30 ./P1.o
 .text.MSS_WD_current_value
                0x00000520       0x18 ./P1.o
 .text.store_pkt
                0x00000538       0x60 ./P1.o
                0x00000538                store_pkt
 .text.p1_init  0x00000598       0x58 ./P1.o
                0x00000598                p1_init
 .text.vGetPktStruct
                0x000005f0       0xf8 ./P1.o
                0x000005f0                vGetPktStruct
 .text.make_FLetcher
                0x000006e8      0x138 ./P1.o
                0x000006e8                make_FLetcher
 .text.get_hk   0x00000820      0xbe4 ./P1.o
                0x00000820                get_hk
 .text.get_temp
                0x00001404      0x35c ./P1.o
                0x00001404                get_temp
 .text.get_sd_data
                0x00001760       0x34 ./P1.o
                0x00001760                get_sd_data
 .text.MSS_TIM64_get_current_value
                0x00001794       0x30 ./P2.o
 .text.get_gmc  0x000017c4      0x5cc ./P2.o
                0x000017c4                get_gmc
 .text.get_comms
                0x00001d90      0x5b8 ./P2.o
                0x00001d90                get_comms
 .text.NVIC_EnableIRQ
                0x00002348       0x38 ./main.o
 .text.NVIC_DisableIRQ
                0x00002380       0x3c ./main.o
 .text.NVIC_ClearPendingIRQ
                0x000023bc       0x3c ./main.o
 .text.NVIC_SetPriority
                0x000023f8       0x5c ./main.o
 .text.MSS_TIM64_init
                0x00002454       0xa4 ./main.o
 .text.MSS_TIM64_start
                0x000024f8       0x1c ./main.o
 .text.MSS_TIM64_get_current_value
                0x00002514       0x30 ./main.o
 .text.MSS_TIM64_load_immediate
                0x00002544       0x2c ./main.o
 .text.MSS_WD_init
                0x00002570       0x6c ./main.o
 .text.MSS_WD_reload
                0x000025dc       0x1c ./main.o
 .text.form_log_packet
                0x000025f8      0x210 ./main.o
                0x000025f8                form_log_packet
 .text.HK_ISR   0x00002808      0x1d8 ./main.o
                0x00002808                HK_ISR
 .text.GMC_ISR  0x000029e0      0x1d8 ./main.o
                0x000029e0                GMC_ISR
 .text.COMMS_ISR
                0x00002bb8      0x1d8 ./main.o
                0x00002bb8                COMMS_ISR
 .text.THER_ISR
                0x00002d90      0x1d8 ./main.o
                0x00002d90                THER_ISR
 .text.SD_ISR   0x00002f68       0x40 ./main.o
                0x00002f68                SD_ISR
 .text.timer_intr_set
                0x00002fa8      0x194 ./main.o
                0x00002fa8                timer_intr_set
 .text.timer_dis
                0x0000313c       0x10 ./main.o
                0x0000313c                timer_dis
 .text.timer_ena
                0x0000314c       0x10 ./main.o
                0x0000314c                timer_ena
 .text.get_cmd  0x0000315c       0xc4 ./main.o
                0x0000315c                get_cmd
 .text.init_cmd_engine
                0x00003220       0x74 ./main.o
                0x00003220                init_cmd_engine
 .text.Tim64_init
                0x00003294       0x20 ./main.o
                0x00003294                Tim64_init
 .text.get_init
                0x000032b4      0x18c ./main.o
                0x000032b4                get_init
 .text.main     0x00003440      0x3f4 ./main.o
                0x00003440                main
 .text.FabricIrq0_IRQHandler
                0x00003834       0x14 ./main.o
                0x00003834                FabricIrq0_IRQHandler
 .text.FabricIrq1_IRQHandler
                0x00003848       0x14 ./main.o
                0x00003848                FabricIrq1_IRQHandler
 .text.FabricIrq2_IRQHandler
                0x0000385c       0x14 ./main.o
                0x0000385c                FabricIrq2_IRQHandler
 .text.FabricIrq3_IRQHandler
                0x00003870       0x14 ./main.o
                0x00003870                FabricIrq3_IRQHandler
 .text.FabricIrq4_IRQHandler
                0x00003884        0xc ./main.o
                0x00003884                FabricIrq4_IRQHandler
 .text.FabricIrq5_IRQHandler
                0x00003890        0xc ./main.o
                0x00003890                FabricIrq5_IRQHandler
 .text.FabricIrq6_IRQHandler
                0x0000389c        0xc ./main.o
                0x0000389c                FabricIrq6_IRQHandler
 .text.FabricIrq7_IRQHandler
                0x000038a8        0xc ./main.o
                0x000038a8                FabricIrq7_IRQHandler
 .text.FabricIrq8_IRQHandler
                0x000038b4        0xc ./main.o
                0x000038b4                FabricIrq8_IRQHandler
 .text.cmd_valid
                0x000038c0       0x3c ./cmds/cmd.o
                0x000038c0                cmd_valid
 .text.add_cmd  0x000038fc       0xbc ./cmds/cmd.o
                0x000038fc                add_cmd
 .text.cmd_engine
                0x000039b8       0x50 ./cmds/cmd.o
                0x000039b8                cmd_engine
 .text.cmd_noop
                0x00003a08       0x14 ./cmds/cmd.o
                0x00003a08                cmd_noop
 .text.set_pkt_rate
                0x00003a1c      0x1f4 ./cmds/cmd.o
                0x00003a1c                set_pkt_rate
 .text.delay    0x00003c10       0x24 ./cmds/cmd.o
                0x00003c10                delay
 .text.exe_iap  0x00003c34      0x12c ./cmds/cmd.o
                0x00003c34                exe_iap
 .text.read_adf_reg
                0x00003d60      0x100 ./cmds/cmd.o
                0x00003d60                read_adf_reg
 .text.exe_rtm  0x00003e60       0x3c ./cmds/cmd.o
                0x00003e60                exe_rtm
 .text.NVIC_EnableIRQ
                0x00003e9c       0x38 ./PIS/RS485_Controller.o
 .text.NVIC_SetPriority
                0x00003ed4       0x5c ./PIS/RS485_Controller.o
 .text.GPIO1_IRQHandler
                0x00003f30       0x58 ./PIS/RS485_Controller.o
                0x00003f30                GPIO1_IRQHandler
 .text.GPIO3_IRQHandler
                0x00003f88       0x64 ./PIS/RS485_Controller.o
                0x00003f88                GPIO3_IRQHandler
 .text.get_time_vector
                0x00003fec       0x40 ./PIS/RS485_Controller.o
                0x00003fec                get_time_vector
 .text.init_RS485_Controller
                0x0000402c      0x1a4 ./PIS/RS485_Controller.o
                0x0000402c                init_RS485_Controller
 .text.vc_write
                0x000041d0       0xa4 ./PIS/VC_Sensor.o
                0x000041d0                vc_write
 .text.vc_read  0x00004274       0xa4 ./PIS/VC_Sensor.o
                0x00004274                vc_read
 .text.vc_read_reg
                0x00004318       0x5c ./PIS/VC_Sensor.o
                0x00004318                vc_read_reg
 .text.vc_init  0x00004374       0x7c ./PIS/VC_Sensor.o
                0x00004374                vc_init
 .text.read_bus_voltage
                0x000043f0       0xc0 ./PIS/VC_Sensor.o
                0x000043f0                read_bus_voltage
 .text.read_shunt_voltage
                0x000044b0       0xc4 ./PIS/VC_Sensor.o
                0x000044b0                read_shunt_voltage
 .text.ADC_Init
                0x00004574       0xf0 ./OBC/ADC.o
                0x00004574                ADC_Init
 .text.get_ADC_value
                0x00004664       0xa0 ./OBC/ADC.o
                0x00004664                get_ADC_value
 .text.get_IMU_acc
                0x00004704      0x318 ./OBC/IMU.o
                0x00004704                get_IMU_acc
 .text.get_IMU_gyro
                0x00004a1c      0x2e4 ./OBC/IMU.o
                0x00004a1c                get_IMU_gyro
 .text.get_IMU_temp
                0x00004d00       0xc0 ./OBC/IMU.o
                0x00004d00                get_IMU_temp
 .text.SD_Init  0x00004dc0      0x47c ./OBC/SD.o
                0x00004dc0                SD_Init
 .text.SD_Write
                0x0000523c      0x23c ./OBC/SD.o
                0x0000523c                SD_Write
 .text.SD_Read  0x00005478      0x1bc ./OBC/SD.o
                0x00005478                SD_Read
 .text.initialise_partition
                0x00005634       0x30 ./OBC/memory.o
                0x00005634                initialise_partition
 .text.store_data
                0x00005664       0x5c ./OBC/memory.o
                0x00005664                store_data
 .text.read_data
                0x000056c0       0x5c ./OBC/memory.o
                0x000056c0                read_data
 .text.counter_init
                0x0000571c       0x64 ./GMC/counter.o
                0x0000571c                counter_init
 .text.get_count
                0x00005780       0x54 ./GMC/counter.o
                0x00005780                get_count
 .text.get_free_res
                0x000057d4       0x8c ./GMC/counter.o
                0x000057d4                get_free_res
 .text.get_gmc_voltages
                0x00005860       0x80 ./GMC/counter.o
                0x00005860                get_gmc_voltages
 .text.set_adf_spi_instance
                0x000058e0       0x20 ./Comms/adf7030.o
                0x000058e0                set_adf_spi_instance
 .text.adf_init
                0x00005900      0x314 ./Comms/adf7030.o
                0x00005900                adf_init
 .text.apply_file
                0x00005c14       0xcc ./Comms/adf7030.o
                0x00005c14                apply_file
 .text.config_adf7030
                0x00005ce0      0x100 ./Comms/adf7030.o
                0x00005ce0                config_adf7030
 .text.adf_write_to_memory
                0x00005de0       0x94 ./Comms/adf7030.o
                0x00005de0                adf_write_to_memory
 .text.adf_read_from_memory
                0x00005e74       0x98 ./Comms/adf7030.o
                0x00005e74                adf_read_from_memory
 .text.adf_send_cmd
                0x00005f0c       0xcc ./Comms/adf7030.o
                0x00005f0c                adf_send_cmd
 .text.cmd_ready_set
                0x00005fd8       0x7c ./Comms/adf7030.o
                0x00005fd8                cmd_ready_set
 .text.adf_in_idle
                0x00006054       0x7c ./Comms/adf7030.o
                0x00006054                adf_in_idle
 .text.adf_spi_trans_read
                0x000060d0       0x68 ./Comms/adf7030.o
                0x000060d0                adf_spi_trans_read
 .text.adf_spi_trans_write
                0x00006138       0xf4 ./Comms/adf7030.o
                0x00006138                adf_spi_trans_write
 .text.adf_get_state
                0x0000622c       0x9c ./Comms/adf7030.o
                0x0000622c                adf_get_state
 .text.get_rssi_data
                0x000062c8       0x94 ./Comms/adf7030.o
                0x000062c8                get_rssi_data
 .text.get_rssi_cca_data
                0x0000635c       0xb4 ./Comms/adf7030.o
                0x0000635c                get_rssi_cca_data
 .text.get_preamble_pkt
                0x00006410       0x30 ./Comms/adf7030.o
                0x00006410                get_preamble_pkt
 .text.get_sync_word
                0x00006440       0x50 ./Comms/adf7030.o
                0x00006440                get_sync_word
 .text.get_freq
                0x00006490       0x50 ./Comms/adf7030.o
                0x00006490                get_freq
 .text          0x000064e0       0x90 E:\PiLOT_G2_Software\PiLOT_G2_Software\PiLOT_G2_IMG2\PiLOT_sb_MSS_CM3_hw_platform\Debug\libPiLOT_sb_MSS_CM3_hw_platform.a(hw_reg_access.o)
                0x000064e0                HW_set_32bit_reg
                0x000064e4                HW_get_32bit_reg
                0x000064e8                HW_set_32bit_reg_field
                0x00006504                HW_get_32bit_reg_field
                0x00006510                HW_set_16bit_reg
                0x00006514                HW_get_16bit_reg
                0x00006518                HW_set_16bit_reg_field
                0x00006534                HW_get_16bit_reg_field
                0x00006540                HW_set_8bit_reg
                0x00006544                HW_get_8bit_reg
                0x00006548                HW_set_8bit_reg_field
                0x00006564                HW_get_8bit_reg_field
 .text.NVIC_ClearPendingIRQ
                0x00006570       0x3c E:\PiLOT_G2_Software\PiLOT_G2_Software\PiLOT_G2_IMG2\PiLOT_sb_MSS_CM3_hw_platform\Debug\libPiLOT_sb_MSS_CM3_hw_platform.a(mss_uart.o)
 .text.set_bit_reg8
                0x000065ac       0x40 E:\PiLOT_G2_Software\PiLOT_G2_Software\PiLOT_G2_IMG2\PiLOT_sb_MSS_CM3_hw_platform\Debug\libPiLOT_sb_MSS_CM3_hw_platform.a(mss_uart.o)
 .text.clear_bit_reg8
                0x000065ec       0x40 E:\PiLOT_G2_Software\PiLOT_G2_Software\PiLOT_G2_IMG2\PiLOT_sb_MSS_CM3_hw_platform\Debug\libPiLOT_sb_MSS_CM3_hw_platform.a(mss_uart.o)
 .text.read_bit_reg8
                0x0000662c       0x40 E:\PiLOT_G2_Software\PiLOT_G2_Software\PiLOT_G2_IMG2\PiLOT_sb_MSS_CM3_hw_platform\Debug\libPiLOT_sb_MSS_CM3_hw_platform.a(mss_uart.o)
 .text.MSS_UART_init
                0x0000666c       0x84 E:\PiLOT_G2_Software\PiLOT_G2_Software\PiLOT_G2_IMG2\PiLOT_sb_MSS_CM3_hw_platform\Debug\libPiLOT_sb_MSS_CM3_hw_platform.a(mss_uart.o)
                0x0000666c                MSS_UART_init
 .text.MSS_UART_polled_tx
                0x000066f0       0xe4 E:\PiLOT_G2_Software\PiLOT_G2_Software\PiLOT_G2_IMG2\PiLOT_sb_MSS_CM3_hw_platform\Debug\libPiLOT_sb_MSS_CM3_hw_platform.a(mss_uart.o)
                0x000066f0                MSS_UART_polled_tx
 .text.UART0_IRQHandler
                0x000067d4       0x24 E:\PiLOT_G2_Software\PiLOT_G2_Software\PiLOT_G2_IMG2\PiLOT_sb_MSS_CM3_hw_platform\Debug\libPiLOT_sb_MSS_CM3_hw_platform.a(mss_uart.o)
                0x000067d4                UART0_IRQHandler
 .text.UART1_IRQHandler
                0x000067f8       0x24 E:\PiLOT_G2_Software\PiLOT_G2_Software\PiLOT_G2_IMG2\PiLOT_sb_MSS_CM3_hw_platform\Debug\libPiLOT_sb_MSS_CM3_hw_platform.a(mss_uart.o)
                0x000067f8                UART1_IRQHandler
 .text.config_baud_divisors
                0x0000681c      0x198 E:\PiLOT_G2_Software\PiLOT_G2_Software\PiLOT_G2_IMG2\PiLOT_sb_MSS_CM3_hw_platform\Debug\libPiLOT_sb_MSS_CM3_hw_platform.a(mss_uart.o)
 .text.global_init
                0x000069b4      0x26c E:\PiLOT_G2_Software\PiLOT_G2_Software\PiLOT_G2_IMG2\PiLOT_sb_MSS_CM3_hw_platform\Debug\libPiLOT_sb_MSS_CM3_hw_platform.a(mss_uart.o)
 .text.MSS_UART_isr
                0x00006c20      0x22c E:\PiLOT_G2_Software\PiLOT_G2_Software\PiLOT_G2_IMG2\PiLOT_sb_MSS_CM3_hw_platform\Debug\libPiLOT_sb_MSS_CM3_hw_platform.a(mss_uart.o)
 .text.default_tx_handler
                0x00006e4c      0x10c E:\PiLOT_G2_Software\PiLOT_G2_Software\PiLOT_G2_IMG2\PiLOT_sb_MSS_CM3_hw_platform\Debug\libPiLOT_sb_MSS_CM3_hw_platform.a(mss_uart.o)
 .text.MSS_SYS_init
                0x00006f58       0x64 E:\PiLOT_G2_Software\PiLOT_G2_Software\PiLOT_G2_IMG2\PiLOT_sb_MSS_CM3_hw_platform\Debug\libPiLOT_sb_MSS_CM3_hw_platform.a(mss_sys_services.o)
                0x00006f58                MSS_SYS_init
 .text.asynchronous_event_handler
                0x00006fbc      0x12c E:\PiLOT_G2_Software\PiLOT_G2_Software\PiLOT_G2_IMG2\PiLOT_sb_MSS_CM3_hw_platform\Debug\libPiLOT_sb_MSS_CM3_hw_platform.a(mss_sys_services.o)
 .text.determine_seq
                0x000070e8       0xc8 E:\PiLOT_G2_Software\PiLOT_G2_Software\PiLOT_G2_IMG2\PiLOT_sb_MSS_CM3_hw_platform\Debug\libPiLOT_sb_MSS_CM3_hw_platform.a(mss_sys_services.o)
 .text.clk_switching_fix
                0x000071b0      0x3a0 E:\PiLOT_G2_Software\PiLOT_G2_Software\PiLOT_G2_IMG2\PiLOT_sb_MSS_CM3_hw_platform\Debug\libPiLOT_sb_MSS_CM3_hw_platform.a(mss_sys_services.o)
 .text.revert_clk_config
                0x00007550      0x254 E:\PiLOT_G2_Software\PiLOT_G2_Software\PiLOT_G2_IMG2\PiLOT_sb_MSS_CM3_hw_platform\Debug\libPiLOT_sb_MSS_CM3_hw_platform.a(mss_sys_services.o)
 .text.MSS_SYS_initiate_iap
                0x000077a4      0x198 E:\PiLOT_G2_Software\PiLOT_G2_Software\PiLOT_G2_IMG2\PiLOT_sb_MSS_CM3_hw_platform\Debug\libPiLOT_sb_MSS_CM3_hw_platform.a(mss_sys_services.o)
                0x000077a4                MSS_SYS_initiate_iap
 .text.MSS_SYS_check_digest
                0x0000793c      0x108 E:\PiLOT_G2_Software\PiLOT_G2_Software\PiLOT_G2_IMG2\PiLOT_sb_MSS_CM3_hw_platform\Debug\libPiLOT_sb_MSS_CM3_hw_platform.a(mss_sys_services.o)
                0x0000793c                MSS_SYS_check_digest
 .text.request_completion_handler
                0x00007a44       0x30 E:\PiLOT_G2_Software\PiLOT_G2_Software\PiLOT_G2_IMG2\PiLOT_sb_MSS_CM3_hw_platform\Debug\libPiLOT_sb_MSS_CM3_hw_platform.a(mss_sys_services.o)
 .text.signal_request_start
                0x00007a74       0x38 E:\PiLOT_G2_Software\PiLOT_G2_Software\PiLOT_G2_IMG2\PiLOT_sb_MSS_CM3_hw_platform\Debug\libPiLOT_sb_MSS_CM3_hw_platform.a(mss_sys_services.o)
 .text.wait_for_request_completion
                0x00007aac       0x28 E:\PiLOT_G2_Software\PiLOT_G2_Software\PiLOT_G2_IMG2\PiLOT_sb_MSS_CM3_hw_platform\Debug\libPiLOT_sb_MSS_CM3_hw_platform.a(mss_sys_services.o)
 .text.NVIC_EnableIRQ
                0x00007ad4       0x38 E:\PiLOT_G2_Software\PiLOT_G2_Software\PiLOT_G2_IMG2\PiLOT_sb_MSS_CM3_hw_platform\Debug\libPiLOT_sb_MSS_CM3_hw_platform.a(mss_spi.o)
 .text.NVIC_DisableIRQ
                0x00007b0c       0x3c E:\PiLOT_G2_Software\PiLOT_G2_Software\PiLOT_G2_IMG2\PiLOT_sb_MSS_CM3_hw_platform\Debug\libPiLOT_sb_MSS_CM3_hw_platform.a(mss_spi.o)
 .text.NVIC_ClearPendingIRQ
                0x00007b48       0x3c E:\PiLOT_G2_Software\PiLOT_G2_Software\PiLOT_G2_IMG2\PiLOT_sb_MSS_CM3_hw_platform\Debug\libPiLOT_sb_MSS_CM3_hw_platform.a(mss_spi.o)
 .text.MSS_SPI_init
                0x00007b84      0x134 E:\PiLOT_G2_Software\PiLOT_G2_Software\PiLOT_G2_IMG2\PiLOT_sb_MSS_CM3_hw_platform\Debug\libPiLOT_sb_MSS_CM3_hw_platform.a(mss_spi.o)
                0x00007b84                MSS_SPI_init
 .text.recover_from_rx_overflow
                0x00007cb8      0x160 E:\PiLOT_G2_Software\PiLOT_G2_Software\PiLOT_G2_IMG2\PiLOT_sb_MSS_CM3_hw_platform\Debug\libPiLOT_sb_MSS_CM3_hw_platform.a(mss_spi.o)
 .text.MSS_SPI_configure_master_mode
                0x00007e18      0x150 E:\PiLOT_G2_Software\PiLOT_G2_Software\PiLOT_G2_IMG2\PiLOT_sb_MSS_CM3_hw_platform\Debug\libPiLOT_sb_MSS_CM3_hw_platform.a(mss_spi.o)
                0x00007e18                MSS_SPI_configure_master_mode
 .text.MSS_SPI_set_slave_select
                0x00007f68      0x108 E:\PiLOT_G2_Software\PiLOT_G2_Software\PiLOT_G2_IMG2\PiLOT_sb_MSS_CM3_hw_platform\Debug\libPiLOT_sb_MSS_CM3_hw_platform.a(mss_spi.o)
                0x00007f68                MSS_SPI_set_slave_select
 .text.MSS_SPI_clear_slave_select
                0x00008070       0x90 E:\PiLOT_G2_Software\PiLOT_G2_Software\PiLOT_G2_IMG2\PiLOT_sb_MSS_CM3_hw_platform\Debug\libPiLOT_sb_MSS_CM3_hw_platform.a(mss_spi.o)
                0x00008070                MSS_SPI_clear_slave_select
 .text.MSS_SPI_transfer_frame
                0x00008100       0xc0 E:\PiLOT_G2_Software\PiLOT_G2_Software\PiLOT_G2_IMG2\PiLOT_sb_MSS_CM3_hw_platform\Debug\libPiLOT_sb_MSS_CM3_hw_platform.a(mss_spi.o)
                0x00008100                MSS_SPI_transfer_frame
 .text.MSS_SPI_transfer_block
                0x000081c0      0x228 E:\PiLOT_G2_Software\PiLOT_G2_Software\PiLOT_G2_IMG2\PiLOT_sb_MSS_CM3_hw_platform\Debug\libPiLOT_sb_MSS_CM3_hw_platform.a(mss_spi.o)
                0x000081c0                MSS_SPI_transfer_block
 .text.fill_slave_tx_fifo
                0x000083e8       0xe0 E:\PiLOT_G2_Software\PiLOT_G2_Software\PiLOT_G2_IMG2\PiLOT_sb_MSS_CM3_hw_platform\Debug\libPiLOT_sb_MSS_CM3_hw_platform.a(mss_spi.o)
 .text.read_slave_rx_fifo
                0x000084c8       0xac E:\PiLOT_G2_Software\PiLOT_G2_Software\PiLOT_G2_IMG2\PiLOT_sb_MSS_CM3_hw_platform\Debug\libPiLOT_sb_MSS_CM3_hw_platform.a(mss_spi.o)
 .text.mss_spi_isr
                0x00008574      0x2b0 E:\PiLOT_G2_Software\PiLOT_G2_Software\PiLOT_G2_IMG2\PiLOT_sb_MSS_CM3_hw_platform\Debug\libPiLOT_sb_MSS_CM3_hw_platform.a(mss_spi.o)
 .text.SPI0_IRQHandler
                0x00008824       0x24 E:\PiLOT_G2_Software\PiLOT_G2_Software\PiLOT_G2_IMG2\PiLOT_sb_MSS_CM3_hw_platform\Debug\libPiLOT_sb_MSS_CM3_hw_platform.a(mss_spi.o)
                0x00008824                SPI0_IRQHandler
 .text.SPI1_IRQHandler
                0x00008848       0x24 E:\PiLOT_G2_Software\PiLOT_G2_Software\PiLOT_G2_IMG2\PiLOT_sb_MSS_CM3_hw_platform\Debug\libPiLOT_sb_MSS_CM3_hw_platform.a(mss_spi.o)
                0x00008848                SPI1_IRQHandler
 .text.NVM_write
                0x0000886c      0x238 E:\PiLOT_G2_Software\PiLOT_G2_Software\PiLOT_G2_IMG2\PiLOT_sb_MSS_CM3_hw_platform\Debug\libPiLOT_sb_MSS_CM3_hw_platform.a(mss_nvm.o)
                0x0000886c                NVM_write
 .text.get_error_code
                0x00008aa4       0x64 E:\PiLOT_G2_Software\PiLOT_G2_Software\PiLOT_G2_IMG2\PiLOT_sb_MSS_CM3_hw_platform\Debug\libPiLOT_sb_MSS_CM3_hw_platform.a(mss_nvm.o)
 .text.request_nvm_access
                0x00008b08       0xa8 E:\PiLOT_G2_Software\PiLOT_G2_Software\PiLOT_G2_IMG2\PiLOT_sb_MSS_CM3_hw_platform\Debug\libPiLOT_sb_MSS_CM3_hw_platform.a(mss_nvm.o)
 .text.get_ctrl_access
                0x00008bb0       0x80 E:\PiLOT_G2_Software\PiLOT_G2_Software\PiLOT_G2_IMG2\PiLOT_sb_MSS_CM3_hw_platform\Debug\libPiLOT_sb_MSS_CM3_hw_platform.a(mss_nvm.o)
 .text.release_ctrl_access
                0x00008c30       0x94 E:\PiLOT_G2_Software\PiLOT_G2_Software\PiLOT_G2_IMG2\PiLOT_sb_MSS_CM3_hw_platform\Debug\libPiLOT_sb_MSS_CM3_hw_platform.a(mss_nvm.o)
 .text.wait_nvm_ready
                0x00008cc4       0x50 E:\PiLOT_G2_Software\PiLOT_G2_Software\PiLOT_G2_IMG2\PiLOT_sb_MSS_CM3_hw_platform\Debug\libPiLOT_sb_MSS_CM3_hw_platform.a(mss_nvm.o)
 .text.write_nvm
                0x00008d14      0x158 E:\PiLOT_G2_Software\PiLOT_G2_Software\PiLOT_G2_IMG2\PiLOT_sb_MSS_CM3_hw_platform\Debug\libPiLOT_sb_MSS_CM3_hw_platform.a(mss_nvm.o)
 .text.get_remaining_page_length
                0x00008e6c       0x44 E:\PiLOT_G2_Software\PiLOT_G2_Software\PiLOT_G2_IMG2\PiLOT_sb_MSS_CM3_hw_platform\Debug\libPiLOT_sb_MSS_CM3_hw_platform.a(mss_nvm.o)
 .text.fill_wd_buffer
                0x00008eb0      0x130 E:\PiLOT_G2_Software\PiLOT_G2_Software\PiLOT_G2_IMG2\PiLOT_sb_MSS_CM3_hw_platform\Debug\libPiLOT_sb_MSS_CM3_hw_platform.a(mss_nvm.o)
 .text.check_protection_reserved_nvm
                0x00008fe0      0x680 E:\PiLOT_G2_Software\PiLOT_G2_Software\PiLOT_G2_IMG2\PiLOT_sb_MSS_CM3_hw_platform\Debug\libPiLOT_sb_MSS_CM3_hw_platform.a(mss_nvm.o)
 .text.protection_check
                0x00009660       0x34 E:\PiLOT_G2_Software\PiLOT_G2_Software\PiLOT_G2_IMG2\PiLOT_sb_MSS_CM3_hw_platform\Debug\libPiLOT_sb_MSS_CM3_hw_platform.a(mss_nvm.o)
 .text.NVIC_EnableIRQ
                0x00009694       0x38 E:\PiLOT_G2_Software\PiLOT_G2_Software\PiLOT_G2_IMG2\PiLOT_sb_MSS_CM3_hw_platform\Debug\libPiLOT_sb_MSS_CM3_hw_platform.a(mss_gpio.o)
 .text.NVIC_DisableIRQ
                0x000096cc       0x3c E:\PiLOT_G2_Software\PiLOT_G2_Software\PiLOT_G2_IMG2\PiLOT_sb_MSS_CM3_hw_platform\Debug\libPiLOT_sb_MSS_CM3_hw_platform.a(mss_gpio.o)
 .text.NVIC_ClearPendingIRQ
                0x00009708       0x3c E:\PiLOT_G2_Software\PiLOT_G2_Software\PiLOT_G2_IMG2\PiLOT_sb_MSS_CM3_hw_platform\Debug\libPiLOT_sb_MSS_CM3_hw_platform.a(mss_gpio.o)
 .text.MSS_GPIO_init
                0x00009744       0xac E:\PiLOT_G2_Software\PiLOT_G2_Software\PiLOT_G2_IMG2\PiLOT_sb_MSS_CM3_hw_platform\Debug\libPiLOT_sb_MSS_CM3_hw_platform.a(mss_gpio.o)
                0x00009744                MSS_GPIO_init
 .text.MSS_GPIO_config
                0x000097f0       0x3c E:\PiLOT_G2_Software\PiLOT_G2_Software\PiLOT_G2_IMG2\PiLOT_sb_MSS_CM3_hw_platform\Debug\libPiLOT_sb_MSS_CM3_hw_platform.a(mss_gpio.o)
                0x000097f0                MSS_GPIO_config
 .text.MSS_GPIO_set_output
                0x0000982c       0x70 E:\PiLOT_G2_Software\PiLOT_G2_Software\PiLOT_G2_IMG2\PiLOT_sb_MSS_CM3_hw_platform\Debug\libPiLOT_sb_MSS_CM3_hw_platform.a(mss_gpio.o)
                0x0000982c                MSS_GPIO_set_output
 .text.MSS_GPIO_enable_irq
                0x0000989c       0x60 E:\PiLOT_G2_Software\PiLOT_G2_Software\PiLOT_G2_IMG2\PiLOT_sb_MSS_CM3_hw_platform\Debug\libPiLOT_sb_MSS_CM3_hw_platform.a(mss_gpio.o)
                0x0000989c                MSS_GPIO_enable_irq
 .text.MSS_GPIO_clear_irq
                0x000098fc       0x40 E:\PiLOT_G2_Software\PiLOT_G2_Software\PiLOT_G2_IMG2\PiLOT_sb_MSS_CM3_hw_platform\Debug\libPiLOT_sb_MSS_CM3_hw_platform.a(mss_gpio.o)
                0x000098fc                MSS_GPIO_clear_irq
 .text.TMR_init
                0x0000993c       0xd0 E:\PiLOT_G2_Software\PiLOT_G2_Software\PiLOT_G2_IMG2\PiLOT_sb_MSS_CM3_hw_platform\Debug\libPiLOT_sb_MSS_CM3_hw_platform.a(core_timer.o)
                0x0000993c                TMR_init
 .text.TMR_start
                0x00009a0c       0x3c E:\PiLOT_G2_Software\PiLOT_G2_Software\PiLOT_G2_IMG2\PiLOT_sb_MSS_CM3_hw_platform\Debug\libPiLOT_sb_MSS_CM3_hw_platform.a(core_timer.o)
                0x00009a0c                TMR_start
 .text.TMR_stop
                0x00009a48       0x3c E:\PiLOT_G2_Software\PiLOT_G2_Software\PiLOT_G2_IMG2\PiLOT_sb_MSS_CM3_hw_platform\Debug\libPiLOT_sb_MSS_CM3_hw_platform.a(core_timer.o)
                0x00009a48                TMR_stop
 .text.TMR_enable_int
                0x00009a84       0x3c E:\PiLOT_G2_Software\PiLOT_G2_Software\PiLOT_G2_IMG2\PiLOT_sb_MSS_CM3_hw_platform\Debug\libPiLOT_sb_MSS_CM3_hw_platform.a(core_timer.o)
                0x00009a84                TMR_enable_int
 .text.TMR_clear_int
                0x00009ac0       0x34 E:\PiLOT_G2_Software\PiLOT_G2_Software\PiLOT_G2_IMG2\PiLOT_sb_MSS_CM3_hw_platform\Debug\libPiLOT_sb_MSS_CM3_hw_platform.a(core_timer.o)
                0x00009ac0                TMR_clear_int
 .text.SPI_init
                0x00009af4       0xe4 E:\PiLOT_G2_Software\PiLOT_G2_Software\PiLOT_G2_IMG2\PiLOT_sb_MSS_CM3_hw_platform\Debug\libPiLOT_sb_MSS_CM3_hw_platform.a(core_spi.o)
                0x00009af4                SPI_init
 .text.SPI_configure_master_mode
                0x00009bd8       0x84 E:\PiLOT_G2_Software\PiLOT_G2_Software\PiLOT_G2_IMG2\PiLOT_sb_MSS_CM3_hw_platform\Debug\libPiLOT_sb_MSS_CM3_hw_platform.a(core_spi.o)
                0x00009bd8                SPI_configure_master_mode
 .text.SPI_set_slave_select
                0x00009c5c       0xa8 E:\PiLOT_G2_Software\PiLOT_G2_Software\PiLOT_G2_IMG2\PiLOT_sb_MSS_CM3_hw_platform\Debug\libPiLOT_sb_MSS_CM3_hw_platform.a(core_spi.o)
                0x00009c5c                SPI_set_slave_select
 .text.SPI_clear_slave_select
                0x00009d04       0xac E:\PiLOT_G2_Software\PiLOT_G2_Software\PiLOT_G2_IMG2\PiLOT_sb_MSS_CM3_hw_platform\Debug\libPiLOT_sb_MSS_CM3_hw_platform.a(core_spi.o)
                0x00009d04                SPI_clear_slave_select
 .text.SPI_transfer_block
                0x00009db0      0x400 E:\PiLOT_G2_Software\PiLOT_G2_Software\PiLOT_G2_IMG2\PiLOT_sb_MSS_CM3_hw_platform\Debug\libPiLOT_sb_MSS_CM3_hw_platform.a(core_spi.o)
                0x00009db0                SPI_transfer_block
 .text.recover_from_rx_overflow
                0x0000a1b0       0x60 E:\PiLOT_G2_Software\PiLOT_G2_Software\PiLOT_G2_IMG2\PiLOT_sb_MSS_CM3_hw_platform\Debug\libPiLOT_sb_MSS_CM3_hw_platform.a(core_spi.o)
 .text.I2C_init
                0x0000a210       0xec E:\PiLOT_G2_Software\PiLOT_G2_Software\PiLOT_G2_IMG2\PiLOT_sb_MSS_CM3_hw_platform\Debug\libPiLOT_sb_MSS_CM3_hw_platform.a(core_i2c.o)
                0x0000a210                I2C_init
 .text.I2C_write
                0x0000a2fc       0xe4 E:\PiLOT_G2_Software\PiLOT_G2_Software\PiLOT_G2_IMG2\PiLOT_sb_MSS_CM3_hw_platform\Debug\libPiLOT_sb_MSS_CM3_hw_platform.a(core_i2c.o)
                0x0000a2fc                I2C_write
 .text.I2C_read
                0x0000a3e0       0xe4 E:\PiLOT_G2_Software\PiLOT_G2_Software\PiLOT_G2_IMG2\PiLOT_sb_MSS_CM3_hw_platform\Debug\libPiLOT_sb_MSS_CM3_hw_platform.a(core_i2c.o)
                0x0000a3e0                I2C_read
 .text.I2C_write_read
                0x0000a4c4      0x130 E:\PiLOT_G2_Software\PiLOT_G2_Software\PiLOT_G2_IMG2\PiLOT_sb_MSS_CM3_hw_platform\Debug\libPiLOT_sb_MSS_CM3_hw_platform.a(core_i2c.o)
                0x0000a4c4                I2C_write_read
 .text.I2C_wait_complete
                0x0000a5f4       0x38 E:\PiLOT_G2_Software\PiLOT_G2_Software\PiLOT_G2_IMG2\PiLOT_sb_MSS_CM3_hw_platform\Debug\libPiLOT_sb_MSS_CM3_hw_platform.a(core_i2c.o)
                0x0000a5f4                I2C_wait_complete
 .text.enable_slave_if_required
                0x0000a62c       0x30 E:\PiLOT_G2_Software\PiLOT_G2_Software\PiLOT_G2_IMG2\PiLOT_sb_MSS_CM3_hw_platform\Debug\libPiLOT_sb_MSS_CM3_hw_platform.a(core_i2c.o)
 .text.I2C_isr  0x0000a65c      0xa94 E:\PiLOT_G2_Software\PiLOT_G2_Software\PiLOT_G2_IMG2\PiLOT_sb_MSS_CM3_hw_platform\Debug\libPiLOT_sb_MSS_CM3_hw_platform.a(core_i2c.o)
                0x0000a65c                I2C_isr
 .text.NVIC_EnableIRQ
                0x0000b0f0       0x38 E:\PiLOT_G2_Software\PiLOT_G2_Software\PiLOT_G2_IMG2\PiLOT_sb_MSS_CM3_hw_platform\Debug\libPiLOT_sb_MSS_CM3_hw_platform.a(i2c_interrupt.o)
 .text.NVIC_DisableIRQ
                0x0000b128       0x3c E:\PiLOT_G2_Software\PiLOT_G2_Software\PiLOT_G2_IMG2\PiLOT_sb_MSS_CM3_hw_platform\Debug\libPiLOT_sb_MSS_CM3_hw_platform.a(i2c_interrupt.o)
 .text.I2C_enable_irq
                0x0000b164       0x94 E:\PiLOT_G2_Software\PiLOT_G2_Software\PiLOT_G2_IMG2\PiLOT_sb_MSS_CM3_hw_platform\Debug\libPiLOT_sb_MSS_CM3_hw_platform.a(i2c_interrupt.o)
                0x0000b164                I2C_enable_irq
 .text.I2C_disable_irq
                0x0000b1f8       0x94 E:\PiLOT_G2_Software\PiLOT_G2_Software\PiLOT_G2_IMG2\PiLOT_sb_MSS_CM3_hw_platform\Debug\libPiLOT_sb_MSS_CM3_hw_platform.a(i2c_interrupt.o)
                0x0000b1f8                I2C_disable_irq
 .text.SystemInit
                0x0000b28c       0x28 E:\PiLOT_G2_Software\PiLOT_G2_Software\PiLOT_G2_IMG2\PiLOT_sb_MSS_CM3_hw_platform\Debug\libPiLOT_sb_MSS_CM3_hw_platform.a(system_m2sxxx.o)
                0x0000b28c                SystemInit
 .text.SystemCoreClockUpdate
                0x0000b2b4      0x14c E:\PiLOT_G2_Software\PiLOT_G2_Software\PiLOT_G2_IMG2\PiLOT_sb_MSS_CM3_hw_platform\Debug\libPiLOT_sb_MSS_CM3_hw_platform.a(system_m2sxxx.o)
                0x0000b2b4                SystemCoreClockUpdate
 .text.get_rcosc_25_50mhz_frequency
                0x0000b400       0x44 E:\PiLOT_G2_Software\PiLOT_G2_Software\PiLOT_G2_IMG2\PiLOT_sb_MSS_CM3_hw_platform\Debug\libPiLOT_sb_MSS_CM3_hw_platform.a(system_m2sxxx.o)
 .text.set_clock_frequency_globals
                0x0000b444       0x6c E:\PiLOT_G2_Software\PiLOT_G2_Software\PiLOT_G2_IMG2\PiLOT_sb_MSS_CM3_hw_platform\Debug\libPiLOT_sb_MSS_CM3_hw_platform.a(system_m2sxxx.o)
 .text.get_silicon_revision
                0x0000b4b0       0x50 E:\PiLOT_G2_Software\PiLOT_G2_Software\PiLOT_G2_IMG2\PiLOT_sb_MSS_CM3_hw_platform\Debug\libPiLOT_sb_MSS_CM3_hw_platform.a(system_m2sxxx.o)
 .text.silicon_workarounds
                0x0000b500       0x20 E:\PiLOT_G2_Software\PiLOT_G2_Software\PiLOT_G2_IMG2\PiLOT_sb_MSS_CM3_hw_platform\Debug\libPiLOT_sb_MSS_CM3_hw_platform.a(system_m2sxxx.o)
 .text.m2s050_rev_a_workarounds
                0x0000b520       0x44 E:\PiLOT_G2_Software\PiLOT_G2_Software\PiLOT_G2_IMG2\PiLOT_sb_MSS_CM3_hw_platform\Debug\libPiLOT_sb_MSS_CM3_hw_platform.a(system_m2sxxx.o)
 .text          0x0000b564        0xe E:\PiLOT_G2_Software\PiLOT_G2_Software\PiLOT_G2_IMG2\PiLOT_sb_MSS_CM3_hw_platform\Debug\libPiLOT_sb_MSS_CM3_hw_platform.a(hal.o)
                0x0000b564                HAL_disable_interrupts
                0x0000b56c                HAL_restore_interrupts
 *fill*         0x0000b572        0x2 00
 .text.NVIC_EnableIRQ
                0x0000b574       0x38 E:\PiLOT_G2_Software\PiLOT_G2_Software\PiLOT_G2_IMG2\PiLOT_sb_MSS_CM3_hw_platform\Debug\libPiLOT_sb_MSS_CM3_hw_platform.a(mss_comblk.o)
 .text.NVIC_DisableIRQ
                0x0000b5ac       0x3c E:\PiLOT_G2_Software\PiLOT_G2_Software\PiLOT_G2_IMG2\PiLOT_sb_MSS_CM3_hw_platform\Debug\libPiLOT_sb_MSS_CM3_hw_platform.a(mss_comblk.o)
 .text.NVIC_ClearPendingIRQ
                0x0000b5e8       0x3c E:\PiLOT_G2_Software\PiLOT_G2_Software\PiLOT_G2_IMG2\PiLOT_sb_MSS_CM3_hw_platform\Debug\libPiLOT_sb_MSS_CM3_hw_platform.a(mss_comblk.o)
 .text.MSS_COMBLK_init
                0x0000b624      0x13c E:\PiLOT_G2_Software\PiLOT_G2_Software\PiLOT_G2_IMG2\PiLOT_sb_MSS_CM3_hw_platform\Debug\libPiLOT_sb_MSS_CM3_hw_platform.a(mss_comblk.o)
                0x0000b624                MSS_COMBLK_init
 .text.MSS_COMBLK_send_cmd
                0x0000b760      0x1ac E:\PiLOT_G2_Software\PiLOT_G2_Software\PiLOT_G2_IMG2\PiLOT_sb_MSS_CM3_hw_platform\Debug\libPiLOT_sb_MSS_CM3_hw_platform.a(mss_comblk.o)
                0x0000b760                MSS_COMBLK_send_cmd
 .text.ComBlk_IRQHandler
                0x0000b90c       0x54 E:\PiLOT_G2_Software\PiLOT_G2_Software\PiLOT_G2_IMG2\PiLOT_sb_MSS_CM3_hw_platform\Debug\libPiLOT_sb_MSS_CM3_hw_platform.a(mss_comblk.o)
                0x0000b90c                ComBlk_IRQHandler
 .text.handle_tx_okay_irq
                0x0000b960      0x2c4 E:\PiLOT_G2_Software\PiLOT_G2_Software\PiLOT_G2_IMG2\PiLOT_sb_MSS_CM3_hw_platform\Debug\libPiLOT_sb_MSS_CM3_hw_platform.a(mss_comblk.o)
 .text.handle_rx_okay_irq
                0x0000bc24      0x2f8 E:\PiLOT_G2_Software\PiLOT_G2_Software\PiLOT_G2_IMG2\PiLOT_sb_MSS_CM3_hw_platform\Debug\libPiLOT_sb_MSS_CM3_hw_platform.a(mss_comblk.o)
 .text.complete_request
                0x0000bf1c       0x58 E:\PiLOT_G2_Software\PiLOT_G2_Software\PiLOT_G2_IMG2\PiLOT_sb_MSS_CM3_hw_platform\Debug\libPiLOT_sb_MSS_CM3_hw_platform.a(mss_comblk.o)
 .text.abort_current_cmd
                0x0000bf74       0x60 E:\PiLOT_G2_Software\PiLOT_G2_Software\PiLOT_G2_IMG2\PiLOT_sb_MSS_CM3_hw_platform\Debug\libPiLOT_sb_MSS_CM3_hw_platform.a(mss_comblk.o)
 .text.send_cmd_opcode
                0x0000bfd4       0x50 E:\PiLOT_G2_Software\PiLOT_G2_Software\PiLOT_G2_IMG2\PiLOT_sb_MSS_CM3_hw_platform\Debug\libPiLOT_sb_MSS_CM3_hw_platform.a(mss_comblk.o)
 .text.fill_tx_fifo
                0x0000c024       0x80 E:\PiLOT_G2_Software\PiLOT_G2_Software\PiLOT_G2_IMG2\PiLOT_sb_MSS_CM3_hw_platform\Debug\libPiLOT_sb_MSS_CM3_hw_platform.a(mss_comblk.o)
 .text.process_sys_ctrl_command
                0x0000c0a4       0x30 E:\PiLOT_G2_Software\PiLOT_G2_Software\PiLOT_G2_IMG2\PiLOT_sb_MSS_CM3_hw_platform\Debug\libPiLOT_sb_MSS_CM3_hw_platform.a(mss_comblk.o)
 .text          0x0000c0d4       0x50 c:/program files (x86)/microsemi/softconsole v3.4/sourcery-g++/bin/../lib/gcc/arm-none-eabi/4.4.1/../../../../arm-none-eabi/lib/thumb2\libc.a(lib_a-init.o)
                0x0000c0d4                __libc_init_array
 .text          0x0000c124       0xd4 c:/program files (x86)/microsemi/softconsole v3.4/sourcery-g++/bin/../lib/gcc/arm-none-eabi/4.4.1/../../../../arm-none-eabi/lib/thumb2\libc.a(lib_a-memset.o)
                0x0000c124                memset
 *(.plt)
 *(.gnu.warning)
 *(.glue_7t)
 .glue_7t       0x00000000        0x0 linker stubs
 *(.glue_7)
 .glue_7        0x00000000        0x0 linker stubs
 *(.vfp11_veneer)
 .vfp11_veneer  0x00000000        0x0 linker stubs
                0x0000c1f8                . = ALIGN (0x4)
 *crtbegin.o(.ctors)
 *(EXCLUDE_FILE(*crtend.o) .ctors)
 *(SORT(.ctors.*))
 *crtend.o(.ctors)
 *crtbegin.o(.dtors)
 *(EXCLUDE_FILE(*crtend.o) .dtors)
 *(SORT(.dtors.*))
 *crtend.o(.dtors)
 *(.rodata .rodata.* .gnu.linkonce.r.*)
 .rodata        0x0000c1f8       0x14 ./P1.o
 .rodata.C.0.1475
                0x0000c20c        0x4 ./OBC/ADC.o
 .rodata.C.8.2448
                0x0000c210        0x4 ./OBC/IMU.o
 .rodata.C.0.2383
                0x0000c214        0x4 ./OBC/IMU.o
 .rodata.C.57.5243
                0x0000c218        0x4 ./Comms/adf7030.o
 .rodata.C.58.5244
                0x0000c21c        0x4 ./Comms/adf7030.o
 .rodata.C.59.5245
                0x0000c220        0x4 ./Comms/adf7030.o
 .rodata.C.60.5246
                0x0000c224        0x4 ./Comms/adf7030.o
 .rodata.g_nvm  0x0000c228        0x8 E:\PiLOT_G2_Software\PiLOT_G2_Software\PiLOT_G2_IMG2\PiLOT_sb_MSS_CM3_hw_platform\Debug\libPiLOT_sb_MSS_CM3_hw_platform.a(mss_nvm.o)
 .rodata.g_nvm32
                0x0000c230        0x8 E:\PiLOT_G2_Software\PiLOT_G2_Software\PiLOT_G2_IMG2\PiLOT_sb_MSS_CM3_hw_platform\Debug\libPiLOT_sb_MSS_CM3_hw_platform.a(mss_nvm.o)
 .rodata.g_config_reg_lut
                0x0000c238       0x80 E:\PiLOT_G2_Software\PiLOT_G2_Software\PiLOT_G2_IMG2\PiLOT_sb_MSS_CM3_hw_platform\Debug\libPiLOT_sb_MSS_CM3_hw_platform.a(mss_gpio.o)
 .rodata.g_gpio_irqn_lut
                0x0000c2b8       0x20 E:\PiLOT_G2_Software\PiLOT_G2_Software\PiLOT_G2_IMG2\PiLOT_sb_MSS_CM3_hw_platform\Debug\libPiLOT_sb_MSS_CM3_hw_platform.a(mss_gpio.o)
 .rodata.C.18.3527
                0x0000c2d8        0x8 E:\PiLOT_G2_Software\PiLOT_G2_Software\PiLOT_G2_IMG2\PiLOT_sb_MSS_CM3_hw_platform\Debug\libPiLOT_sb_MSS_CM3_hw_platform.a(system_m2sxxx.o)
 *(.ARM.extab* .gnu.linkonce.armextab.*)
 *(.gcc_except_table)
 *(.eh_frame_hdr)
 *(.eh_frame)
 *(.vector_table)
 *(.init)
 .init          0x0000c2e0        0x4 c:/program files (x86)/microsemi/softconsole v3.4/sourcery-g++/bin/../lib/gcc/arm-none-eabi/4.4.1/thumb2/crti.o
                0x0000c2e0                _init
 .init          0x0000c2e4        0x8 c:/program files (x86)/microsemi/softconsole v3.4/sourcery-g++/bin/../lib/gcc/arm-none-eabi/4.4.1/thumb2/crtn.o
 *(.fini)
 .fini          0x0000c2ec        0x4 c:/program files (x86)/microsemi/softconsole v3.4/sourcery-g++/bin/../lib/gcc/arm-none-eabi/4.4.1/thumb2/crti.o
                0x0000c2ec                _fini
 .fini          0x0000c2f0        0x8 c:/program files (x86)/microsemi/softconsole v3.4/sourcery-g++/bin/../lib/gcc/arm-none-eabi/4.4.1/thumb2/crtn.o
                0x0000c2f8                PROVIDE (__preinit_array_start, .)
 *(.preinit_array)
                0x0000c2f8                PROVIDE (__preinit_array_end, .)
                0x0000c2f8                PROVIDE (__init_array_start, .)
 *(SORT(.init_array.*))
 *(.init_array)
 .init_array    0x0000c2f8        0x4 c:/program files (x86)/microsemi/softconsole v3.4/sourcery-g++/bin/../lib/gcc/arm-none-eabi/4.4.1/thumb2/crtbegin.o
                0x0000c2fc                PROVIDE (__init_array_end, .)
                0x0000c2fc                PROVIDE (__fini_array_start, .)
 *(.fini_array)
 .fini_array    0x0000c2fc        0x4 c:/program files (x86)/microsemi/softconsole v3.4/sourcery-g++/bin/../lib/gcc/arm-none-eabi/4.4.1/thumb2/crtbegin.o
 *(SORT(.fini_array.*))
                0x0000c300                PROVIDE (__fini_array_end, .)
                0x0000c300                . = ALIGN (0x10)
                0x0000c300                __exidx_start = .

.v4_bx          0x0000c300        0x0
 .v4_bx         0x00000000        0x0 linker stubs

.ARM.exidx
 *(.ARM.exidx* .gnu.linkonce.armexidx.*)
                0x0000c300                __exidx_end = .
                0x0000c300                _etext = .

.data           0x20000000      0x350 load address 0x0000c300
                0x0000c300                __data_load = LOADADDR (.data)
                0x0000c300                _sidata = LOADADDR (.data)
                0x20000000                __data_start = .
                0x20000000                _sdata = .
 *(.jcr)
 .jcr           0x20000000        0x0 c:/program files (x86)/microsemi/softconsole v3.4/sourcery-g++/bin/../lib/gcc/arm-none-eabi/4.4.1/thumb2/crtbegin.o
 .jcr           0x20000000        0x4 c:/program files (x86)/microsemi/softconsole v3.4/sourcery-g++/bin/../lib/gcc/arm-none-eabi/4.4.1/thumb2/crtend.o
 *(.got.plt)
 *(.got)
 *(.shdata)
 *(.data .data.* .gnu.linkonce.d.*)
 .data.IMG_ID   0x20000004        0x1 ./main.o
                0x20000004                IMG_ID
 *fill*         0x20000005        0x3 00
 .data.REPRO_CODE_WORD_ADDR
                0x20000008        0x4 ./cmds/cmd.o
                0x20000008                REPRO_CODE_WORD_ADDR
 .data.CMD0     0x2000000c        0x8 ./OBC/SD.o
                0x2000000c                CMD0
 .data.CMD8     0x20000014        0x8 ./OBC/SD.o
                0x20000014                CMD8
 .data.CMD58    0x2000001c        0x8 ./OBC/SD.o
                0x2000001c                CMD58
 .data.CMD55    0x20000024        0x8 ./OBC/SD.o
                0x20000024                CMD55
 .data.ACMD41   0x2000002c        0x8 ./OBC/SD.o
                0x2000002c                ACMD41
 .data.rx_size  0x20000034        0x1 ./GMC/counter.o
                0x20000034                rx_size
 *fill*         0x20000035        0x3 00
 .data.radio_memory_configuration
                0x20000038      0x2d8 ./Comms/adf7030.o
                0x20000038                radio_memory_configuration
 .data.div1_seq
                0x20000310        0x4 E:\PiLOT_G2_Software\PiLOT_G2_Software\PiLOT_G2_IMG2\PiLOT_sb_MSS_CM3_hw_platform\Debug\libPiLOT_sb_MSS_CM3_hw_platform.a(mss_sys_services.o)
                0x20000310                div1_seq
 .data.div2_seq
                0x20000314        0x4 E:\PiLOT_G2_Software\PiLOT_G2_Software\PiLOT_G2_IMG2\PiLOT_sb_MSS_CM3_hw_platform\Debug\libPiLOT_sb_MSS_CM3_hw_platform.a(mss_sys_services.o)
                0x20000314                div2_seq
 .data.div4_seq
                0x20000318        0x8 E:\PiLOT_G2_Software\PiLOT_G2_Software\PiLOT_G2_IMG2\PiLOT_sb_MSS_CM3_hw_platform\Debug\libPiLOT_sb_MSS_CM3_hw_platform.a(mss_sys_services.o)
                0x20000318                div4_seq
 .data.div8_seq
                0x20000320        0x4 E:\PiLOT_G2_Software\PiLOT_G2_Software\PiLOT_G2_IMG2\PiLOT_sb_MSS_CM3_hw_platform\Debug\libPiLOT_sb_MSS_CM3_hw_platform.a(mss_sys_services.o)
                0x20000320                div8_seq
 .data.div16_seq
                0x20000324        0x4 E:\PiLOT_G2_Software\PiLOT_G2_Software\PiLOT_G2_IMG2\PiLOT_sb_MSS_CM3_hw_platform\Debug\libPiLOT_sb_MSS_CM3_hw_platform.a(mss_sys_services.o)
                0x20000324                div16_seq
 .data.div32_seq
                0x20000328        0x4 E:\PiLOT_G2_Software\PiLOT_G2_Software\PiLOT_G2_IMG2\PiLOT_sb_MSS_CM3_hw_platform\Debug\libPiLOT_sb_MSS_CM3_hw_platform.a(mss_sys_services.o)
                0x20000328                div32_seq
 .data.g_initial_envm_cr
                0x2000032c        0x4 E:\PiLOT_G2_Software\PiLOT_G2_Software\PiLOT_G2_IMG2\PiLOT_sb_MSS_CM3_hw_platform\Debug\libPiLOT_sb_MSS_CM3_hw_platform.a(mss_sys_services.o)
 .data.SystemCoreClock
                0x20000330        0x4 E:\PiLOT_G2_Software\PiLOT_G2_Software\PiLOT_G2_IMG2\PiLOT_sb_MSS_CM3_hw_platform\Debug\libPiLOT_sb_MSS_CM3_hw_platform.a(system_m2sxxx.o)
                0x20000330                SystemCoreClock
 .data.g_FrequencyPCLK0
                0x20000334        0x4 E:\PiLOT_G2_Software\PiLOT_G2_Software\PiLOT_G2_IMG2\PiLOT_sb_MSS_CM3_hw_platform\Debug\libPiLOT_sb_MSS_CM3_hw_platform.a(system_m2sxxx.o)
                0x20000334                g_FrequencyPCLK0
 .data.g_FrequencyPCLK1
                0x20000338        0x4 E:\PiLOT_G2_Software\PiLOT_G2_Software\PiLOT_G2_IMG2\PiLOT_sb_MSS_CM3_hw_platform\Debug\libPiLOT_sb_MSS_CM3_hw_platform.a(system_m2sxxx.o)
                0x20000338                g_FrequencyPCLK1
 .data.g_FrequencyPCLK2
                0x2000033c        0x4 E:\PiLOT_G2_Software\PiLOT_G2_Software\PiLOT_G2_IMG2\PiLOT_sb_MSS_CM3_hw_platform\Debug\libPiLOT_sb_MSS_CM3_hw_platform.a(system_m2sxxx.o)
                0x2000033c                g_FrequencyPCLK2
 .data.g_FrequencyFIC0
                0x20000340        0x4 E:\PiLOT_G2_Software\PiLOT_G2_Software\PiLOT_G2_IMG2\PiLOT_sb_MSS_CM3_hw_platform\Debug\libPiLOT_sb_MSS_CM3_hw_platform.a(system_m2sxxx.o)
                0x20000340                g_FrequencyFIC0
 .data.g_FrequencyFIC1
                0x20000344        0x4 E:\PiLOT_G2_Software\PiLOT_G2_Software\PiLOT_G2_IMG2\PiLOT_sb_MSS_CM3_hw_platform\Debug\libPiLOT_sb_MSS_CM3_hw_platform.a(system_m2sxxx.o)
                0x20000344                g_FrequencyFIC1
 .data.g_FrequencyFIC64
                0x20000348        0x4 E:\PiLOT_G2_Software\PiLOT_G2_Software\PiLOT_G2_IMG2\PiLOT_sb_MSS_CM3_hw_platform\Debug\libPiLOT_sb_MSS_CM3_hw_platform.a(system_m2sxxx.o)
                0x20000348                g_FrequencyFIC64
                0x20000350                . = ALIGN (0x10)
 *fill*         0x2000034c        0x4 00
                0x20000350                _edata = .

.bss            0x20000350     0x12c0 load address 0x0000c650
                0x20000350                __bss_start__ = .
                0x20000350                _sbss = .
 *(.shbss)
 *(.bss .bss.* .gnu.linkonce.b.*)
 .bss           0x20000350        0x1 c:/program files (x86)/microsemi/softconsole v3.4/sourcery-g++/bin/../lib/gcc/arm-none-eabi/4.4.1/thumb2/crtbegin.o
 *fill*         0x20000351        0x1 00
 .bss.hk_seq_num
                0x20000352        0x2 ./P1.o
                0x20000352                hk_seq_num
 .bss.temp_seq_num
                0x20000354        0x2 ./P1.o
                0x20000354                temp_seq_num
 .bss.latest_codeword
                0x20000356        0x1 ./P1.o
                0x20000356                latest_codeword
 .bss.active_blck
                0x20000357        0x1 ./P1.o
                0x20000357                active_blck
 .bss.wri_ptr   0x20000358        0x1 ./P1.o
                0x20000358                wri_ptr
 .bss.store_in_sd_card
                0x20000359        0x1 ./P1.o
                0x20000359                store_in_sd_card
 .bss.cmd_cntr  0x2000035a        0x1 ./P1.o
                0x2000035a                cmd_cntr
 .bss.sd_dump_comms
                0x2000035b        0x1 ./P2.o
                0x2000035b                sd_dump_comms
 .bss.sd_dump_gmc
                0x2000035c        0x1 ./P2.o
                0x2000035c                sd_dump_gmc
 *fill*         0x2000035d        0x1 00
 .bss.comms_seq_num
                0x2000035e        0x2 ./P2.o
                0x2000035e                comms_seq_num
 .bss.gmc_seq_num
                0x20000360        0x2 ./P2.o
                0x20000360                gmc_seq_num
 *fill*         0x20000362        0x2 00
 .bss.cmd_adf_read_addr
                0x20000364        0x4 ./P2.o
                0x20000364                cmd_adf_read_addr
 .bss.cmd_adf_read_No_double_words
                0x20000368        0x1 ./P2.o
                0x20000368                cmd_adf_read_No_double_words
 .bss.ERR_LOG   0x20000369        0x1 ./main.o
                0x20000369                ERR_LOG
 .bss.cmd_rx_count
                0x2000036a        0x1 ./main.o
                0x2000036a                cmd_rx_count
 .bss.cmd_succ_count
                0x2000036b        0x1 ./main.o
                0x2000036b                cmd_succ_count
 .bss.cmd_reject_count
                0x2000036c        0x1 ./main.o
                0x2000036c                cmd_reject_count
 .bss.cmd_rs485_succ_count
                0x2000036d        0x1 ./main.o
                0x2000036d                cmd_rs485_succ_count
 .bss.cmd_rs485_fail_count
                0x2000036e        0x1 ./main.o
                0x2000036e                cmd_rs485_fail_count
 .bss.sd_dump   0x2000036f        0x1 ./main.o
                0x2000036f                sd_dump
 .bss.reset_counts
                0x20000370        0x4 ./main.o
                0x20000370                reset_counts
 .bss.stat1     0x20000374        0x1 ./main.o
                0x20000374                stat1
 .bss.stat2     0x20000375        0x1 ./main.o
                0x20000375                stat2
 .bss.CHK_CMD   0x20000376        0x1 ./main.o
                0x20000376                CHK_CMD
 .bss.adf_status
                0x20000377        0x1 ./main.o
                0x20000377                adf_status
 .bss.no_of_TTPU_cmds
                0x20000378        0x1 ./PIS/RS485_Controller.o
                0x20000378                no_of_TTPU_cmds
 .bss.g_request_in_progress
                0x20000379        0x1 E:\PiLOT_G2_Software\PiLOT_G2_Software\PiLOT_G2_IMG2\PiLOT_sb_MSS_CM3_hw_platform\Debug\libPiLOT_sb_MSS_CM3_hw_platform.a(mss_sys_services.o)
 .bss.g_last_response_length
                0x2000037a        0x2 E:\PiLOT_G2_Software\PiLOT_G2_Software\PiLOT_G2_IMG2\PiLOT_sb_MSS_CM3_hw_platform\Debug\libPiLOT_sb_MSS_CM3_hw_platform.a(mss_sys_services.o)
 .bss.g_event_handler
                0x2000037c        0x4 E:\PiLOT_G2_Software\PiLOT_G2_Software\PiLOT_G2_IMG2\PiLOT_sb_MSS_CM3_hw_platform\Debug\libPiLOT_sb_MSS_CM3_hw_platform.a(mss_sys_services.o)
 .bss.g_response
                0x20000380        0x4 E:\PiLOT_G2_Software\PiLOT_G2_Software\PiLOT_G2_IMG2\PiLOT_sb_MSS_CM3_hw_platform\Debug\libPiLOT_sb_MSS_CM3_hw_platform.a(mss_sys_services.o)
 .bss.g_initial_mssddr_facc1_cr
                0x20000384        0x4 E:\PiLOT_G2_Software\PiLOT_G2_Software\PiLOT_G2_IMG2\PiLOT_sb_MSS_CM3_hw_platform\Debug\libPiLOT_sb_MSS_CM3_hw_platform.a(mss_sys_services.o)
 .bss.divisor   0x20000388       0x10 E:\PiLOT_G2_Software\PiLOT_G2_Software\PiLOT_G2_IMG2\PiLOT_sb_MSS_CM3_hw_platform\Debug\libPiLOT_sb_MSS_CM3_hw_platform.a(mss_sys_services.o)
                0x20000388                divisor
 .bss.g_initial_mssddr_facc2_cr
                0x20000398        0x4 E:\PiLOT_G2_Software\PiLOT_G2_Software\PiLOT_G2_IMG2\PiLOT_sb_MSS_CM3_hw_platform\Debug\libPiLOT_sb_MSS_CM3_hw_platform.a(mss_sys_services.o)
 .bss.g_do_not_lock_page
                0x2000039c        0x1 E:\PiLOT_G2_Software\PiLOT_G2_Software\PiLOT_G2_IMG2\PiLOT_sb_MSS_CM3_hw_platform\Debug\libPiLOT_sb_MSS_CM3_hw_platform.a(mss_nvm.o)
 .bss.g_envm_ctrl_locks
                0x2000039d        0x1 E:\PiLOT_G2_Software\PiLOT_G2_Software\PiLOT_G2_IMG2\PiLOT_sb_MSS_CM3_hw_platform\Debug\libPiLOT_sb_MSS_CM3_hw_platform.a(mss_nvm.o)
 *fill*         0x2000039e        0x2 00
 .bss.NULL_timer_instance
                0x200003a0        0x4 E:\PiLOT_G2_Software\PiLOT_G2_Software\PiLOT_G2_IMG2\PiLOT_sb_MSS_CM3_hw_platform\Debug\libPiLOT_sb_MSS_CM3_hw_platform.a(core_timer.o)
 .bss.g_comblk_cmd_opcode
                0x200003a4        0x1 E:\PiLOT_G2_Software\PiLOT_G2_Software\PiLOT_G2_IMG2\PiLOT_sb_MSS_CM3_hw_platform\Debug\libPiLOT_sb_MSS_CM3_hw_platform.a(mss_comblk.o)
 *fill*         0x200003a5        0x3 00
 .bss.g_comblk_p_cmd
                0x200003a8        0x4 E:\PiLOT_G2_Software\PiLOT_G2_Software\PiLOT_G2_IMG2\PiLOT_sb_MSS_CM3_hw_platform\Debug\libPiLOT_sb_MSS_CM3_hw_platform.a(mss_comblk.o)
 .bss.g_comblk_cmd_size
                0x200003ac        0x2 E:\PiLOT_G2_Software\PiLOT_G2_Software\PiLOT_G2_IMG2\PiLOT_sb_MSS_CM3_hw_platform\Debug\libPiLOT_sb_MSS_CM3_hw_platform.a(mss_comblk.o)
 *fill*         0x200003ae        0x2 00
 .bss.g_comblk_p_data
                0x200003b0        0x4 E:\PiLOT_G2_Software\PiLOT_G2_Software\PiLOT_G2_IMG2\PiLOT_sb_MSS_CM3_hw_platform\Debug\libPiLOT_sb_MSS_CM3_hw_platform.a(mss_comblk.o)
 .bss.g_comblk_data_size
                0x200003b4        0x4 E:\PiLOT_G2_Software\PiLOT_G2_Software\PiLOT_G2_IMG2\PiLOT_sb_MSS_CM3_hw_platform\Debug\libPiLOT_sb_MSS_CM3_hw_platform.a(mss_comblk.o)
 .bss.g_comblk_p_response
                0x200003b8        0x4 E:\PiLOT_G2_Software\PiLOT_G2_Software\PiLOT_G2_IMG2\PiLOT_sb_MSS_CM3_hw_platform\Debug\libPiLOT_sb_MSS_CM3_hw_platform.a(mss_comblk.o)
 .bss.g_comblk_response_size
                0x200003bc        0x2 E:\PiLOT_G2_Software\PiLOT_G2_Software\PiLOT_G2_IMG2\PiLOT_sb_MSS_CM3_hw_platform\Debug\libPiLOT_sb_MSS_CM3_hw_platform.a(mss_comblk.o)
 .bss.g_comblk_response_idx
                0x200003be        0x2 E:\PiLOT_G2_Software\PiLOT_G2_Software\PiLOT_G2_IMG2\PiLOT_sb_MSS_CM3_hw_platform\Debug\libPiLOT_sb_MSS_CM3_hw_platform.a(mss_comblk.o)
 .bss.g_comblk_completion_handler
                0x200003c0        0x4 E:\PiLOT_G2_Software\PiLOT_G2_Software\PiLOT_G2_IMG2\PiLOT_sb_MSS_CM3_hw_platform\Debug\libPiLOT_sb_MSS_CM3_hw_platform.a(mss_comblk.o)
 .bss.g_comblk_page_handler
                0x200003c4        0x4 E:\PiLOT_G2_Software\PiLOT_G2_Software\PiLOT_G2_IMG2\PiLOT_sb_MSS_CM3_hw_platform\Debug\libPiLOT_sb_MSS_CM3_hw_platform.a(mss_comblk.o)
 .bss.g_request_in_progress
                0x200003c8        0x1 E:\PiLOT_G2_Software\PiLOT_G2_Software\PiLOT_G2_IMG2\PiLOT_sb_MSS_CM3_hw_platform\Debug\libPiLOT_sb_MSS_CM3_hw_platform.a(mss_comblk.o)
 .bss.g_comblk_state
                0x200003c9        0x1 E:\PiLOT_G2_Software\PiLOT_G2_Software\PiLOT_G2_IMG2\PiLOT_sb_MSS_CM3_hw_platform\Debug\libPiLOT_sb_MSS_CM3_hw_platform.a(mss_comblk.o)
 *fill*         0x200003ca        0x2 00
 .bss.g_async_event_handler
                0x200003cc        0x4 E:\PiLOT_G2_Software\PiLOT_G2_Software\PiLOT_G2_IMG2\PiLOT_sb_MSS_CM3_hw_platform\Debug\libPiLOT_sb_MSS_CM3_hw_platform.a(mss_comblk.o)
 *(COMMON)
 COMMON         0x200003d0      0xd68 ./P1.o
                0x200003d0                g_core_i2c2
                0x2000043c                g_core_i2c0
                0x200004a8                g_core_i2c1
                0x20000514                hk_pkt
                0x20000518                g_core_spi0
                0x20000560                g_core_i2c5
                0x200005cc                g_core_i2c3
                0x20000638                thermistor_pkt
                0x2000063c                data
                0x2000083c                cmd_buff
                0x2000084c                core_i2c_status
                0x20000850                blck_pkt
                0x20001050                counter_i2c
                0x200010bc                RTM
                0x200010cc                g_core_i2c4
 COMMON         0x20001138       0x49 ./P2.o
                0x20001138                gmc_pkt
                0x2000113c                ADC_voltages
                0x2000114c                comms_pkt
                0x20001150                gmc_radiation_count
                0x20001154                count_val
                0x20001158                free_res
                0x2000115c                cmd_adf_data
                0x2000117c                gmc_free_res_value
                0x20001180                status
 *fill*         0x20001181        0x7 00
 COMMON         0x20001188      0x2c2 ./main.o
                0x20001188                log_counter
                0x2000118c                log_partiton
                0x2000119c                comms_timer
                0x200011a0                therm_status
                0x200011a4                log_packet_ptr
                0x200011a8                gmc_partition
                0x200011b8                Read_TPSRAM_addr
                0x200011ba                gmc_status
                0x200011bc                init_pkt
                0x200011c0                log_data
                0x200013c0                gmc_timer
                0x200013c4                logs_seq_no
                0x200013c8                temp_timer
                0x200013d0                current_time_lower
                0x200013d8                sd_timer
                0x200013dc                hk_status
                0x200013e0                current_time_upper
                0x200013e8                rx_cmd_pkt
                0x200013ec                rssi_cca
                0x200013f0                thermistor_partition
                0x20001400                rssi
                0x20001404                comms_partition
                0x20001414                hk_partition
                0x20001424                hk_timer
                0x20001428                Time_Vector
                0x20001448                comms_status
 *fill*         0x2000144a        0x2 00
 COMMON         0x2000144c       0x28 ./cmds/cmd.o
                0x2000144c                cmd_list
                0x20001470                cmd
 COMMON         0x20001474        0xa ./PIS/VC_Sensor.o
                0x20001474                init_command
                0x20001478                read
                0x2000147a                bvol
                0x2000147c                count
                0x2000147d                config_reg
 COMMON         0x2000147e        0x1 ./OBC/SD.o
                0x2000147e                flag
 COMMON         0x2000147f        0x1 ./GMC/counter.o
                0x2000147f                gmc_voltage_flags
 COMMON         0x20001480        0x8 ./Comms/adf7030.o
                0x20001480                adf_spi
                0x20001484                radio_memory_configuration_start_spi_command
 COMMON         0x20001488       0x80 E:\PiLOT_G2_Software\PiLOT_G2_Software\PiLOT_G2_IMG2\PiLOT_sb_MSS_CM3_hw_platform\Debug\libPiLOT_sb_MSS_CM3_hw_platform.a(mss_uart.o)
                0x20001488                g_mss_uart1
                0x200014c8                g_mss_uart0
 COMMON         0x20001508      0x108 E:\PiLOT_G2_Software\PiLOT_G2_Software\PiLOT_G2_IMG2\PiLOT_sb_MSS_CM3_hw_platform\Debug\libPiLOT_sb_MSS_CM3_hw_platform.a(mss_spi.o)
                0x20001508                g_mss_spi1
                0x2000158c                g_mss_spi0
                0x20001610                . = ALIGN (0x10)
                0x20001610                __bss_end__ = .
                0x20001610                _end = .
                0x20001610                __end = _end
                0x20001610                _ebss = .
                0x20001610                PROVIDE (end, .)

.heap           0x20001610     0xd9f0 load address 0x0000c650
                0x20001610                __heap_start__ = .
                0x20002610                . = (. + MIN_SIZE_HEAP)
 *fill*         0x20001610     0x1000 00
                0x2000f000                . = (. + (((ABSOLUTE (RAM_START_ADDRESS) + RAM_SIZE) - MAIN_STACK_SIZE) - .))
 *fill*         0x20002610     0xc9f0 00
                0x2000f000                _eheap = .

.stack          0x2000f000     0x1000 load address 0x0000c650
                0x2000f000                __stack_start__ = .
                0x20010000                . = (. + MAIN_STACK_SIZE)
 *fill*         0x2000f000     0x1000 00
                0x20010000                _estack = .

.stab
 *(.stab)

.stabstr
 *(.stabstr)

.debug
 *(.debug)

.line
 *(.line)

.debug_srcinfo
 *(.debug_srcinfo)

.debug_sfnames
 *(.debug_sfnames)

.comment        0x00000000      0x433
 .comment       0x00000000       0x2b ./P1.o
 .comment       0x0000002b       0x2b ./P2.o
 .comment       0x00000056       0x2b ./main.o
 .comment       0x00000081       0x2b ./packet_definition.o
 .comment       0x000000ac       0x2b ./cmds/cmd.o
 .comment       0x000000d7       0x2b ./PIS/RS485_Controller.o
 .comment       0x00000102       0x2b ./PIS/VC_Sensor.o
 .comment       0x0000012d       0x2b ./OBC/ADC.o
 .comment       0x00000158       0x2b ./OBC/IMU.o
 .comment       0x00000183       0x2b ./OBC/SD.o
 .comment       0x000001ae       0x2b ./OBC/memory.o
 .comment       0x000001d9       0x2b ./GMC/counter.o
 .comment       0x00000204       0x2b ./Comms/adf7030.o
 .comment       0x0000022f       0x2b E:/PiLOT_G2_Software/PiLOT_G2_Software/PiLOT_G2_IMG2/PiLOT_sb_MSS_CM3_hw_platform/Debug/CMSIS/startup_gcc/newlib_stubs.o
 .comment       0x0000025a       0x2b E:\PiLOT_G2_Software\PiLOT_G2_Software\PiLOT_G2_IMG2\PiLOT_sb_MSS_CM3_hw_platform\Debug\libPiLOT_sb_MSS_CM3_hw_platform.a(mss_uart.o)
 .comment       0x00000285       0x2b E:\PiLOT_G2_Software\PiLOT_G2_Software\PiLOT_G2_IMG2\PiLOT_sb_MSS_CM3_hw_platform\Debug\libPiLOT_sb_MSS_CM3_hw_platform.a(mss_sys_services.o)
 .comment       0x000002b0       0x2b E:\PiLOT_G2_Software\PiLOT_G2_Software\PiLOT_G2_IMG2\PiLOT_sb_MSS_CM3_hw_platform\Debug\libPiLOT_sb_MSS_CM3_hw_platform.a(mss_spi.o)
 .comment       0x000002db       0x2b E:\PiLOT_G2_Software\PiLOT_G2_Software\PiLOT_G2_IMG2\PiLOT_sb_MSS_CM3_hw_platform\Debug\libPiLOT_sb_MSS_CM3_hw_platform.a(mss_nvm.o)
 .comment       0x00000306       0x2b E:\PiLOT_G2_Software\PiLOT_G2_Software\PiLOT_G2_IMG2\PiLOT_sb_MSS_CM3_hw_platform\Debug\libPiLOT_sb_MSS_CM3_hw_platform.a(mss_gpio.o)
 .comment       0x00000331       0x2b E:\PiLOT_G2_Software\PiLOT_G2_Software\PiLOT_G2_IMG2\PiLOT_sb_MSS_CM3_hw_platform\Debug\libPiLOT_sb_MSS_CM3_hw_platform.a(core_timer.o)
 .comment       0x0000035c       0x2b E:\PiLOT_G2_Software\PiLOT_G2_Software\PiLOT_G2_IMG2\PiLOT_sb_MSS_CM3_hw_platform\Debug\libPiLOT_sb_MSS_CM3_hw_platform.a(core_spi.o)
 .comment       0x00000387       0x2b E:\PiLOT_G2_Software\PiLOT_G2_Software\PiLOT_G2_IMG2\PiLOT_sb_MSS_CM3_hw_platform\Debug\libPiLOT_sb_MSS_CM3_hw_platform.a(core_i2c.o)
 .comment       0x000003b2       0x2b E:\PiLOT_G2_Software\PiLOT_G2_Software\PiLOT_G2_IMG2\PiLOT_sb_MSS_CM3_hw_platform\Debug\libPiLOT_sb_MSS_CM3_hw_platform.a(i2c_interrupt.o)
 .comment       0x000003dd       0x2b E:\PiLOT_G2_Software\PiLOT_G2_Software\PiLOT_G2_IMG2\PiLOT_sb_MSS_CM3_hw_platform\Debug\libPiLOT_sb_MSS_CM3_hw_platform.a(system_m2sxxx.o)
 .comment       0x00000408       0x2b E:\PiLOT_G2_Software\PiLOT_G2_Software\PiLOT_G2_IMG2\PiLOT_sb_MSS_CM3_hw_platform\Debug\libPiLOT_sb_MSS_CM3_hw_platform.a(mss_comblk.o)

.debug_aranges  0x00000000      0xdd0
 *(.debug_aranges)
 .debug_aranges
                0x00000000       0x80 ./P1.o
 .debug_aranges
                0x00000080       0x30 ./P2.o
 .debug_aranges
                0x000000b0      0x120 ./main.o
 .debug_aranges
                0x000001d0       0x60 ./cmds/cmd.o
 .debug_aranges
                0x00000230       0x48 ./PIS/RS485_Controller.o
 .debug_aranges
                0x00000278       0x50 ./PIS/VC_Sensor.o
 .debug_aranges
                0x000002c8       0x28 ./OBC/ADC.o
 .debug_aranges
                0x000002f0       0x30 ./OBC/IMU.o
 .debug_aranges
                0x00000320       0x30 ./OBC/SD.o
 .debug_aranges
                0x00000350       0x30 ./OBC/memory.o
 .debug_aranges
                0x00000380       0x48 ./GMC/counter.o
 .debug_aranges
                0x000003c8       0xe0 ./Comms/adf7030.o
 .debug_aranges
                0x000004a8       0xa8 E:/PiLOT_G2_Software/PiLOT_G2_Software/PiLOT_G2_IMG2/PiLOT_sb_MSS_CM3_hw_platform/Debug/CMSIS/startup_gcc/newlib_stubs.o
 .debug_aranges
                0x00000550      0x1d0 E:\PiLOT_G2_Software\PiLOT_G2_Software\PiLOT_G2_IMG2\PiLOT_sb_MSS_CM3_hw_platform\Debug\libPiLOT_sb_MSS_CM3_hw_platform.a(mss_uart.o)
 .debug_aranges
                0x00000720      0x1c8 E:\PiLOT_G2_Software\PiLOT_G2_Software\PiLOT_G2_IMG2\PiLOT_sb_MSS_CM3_hw_platform\Debug\libPiLOT_sb_MSS_CM3_hw_platform.a(mss_sys_services.o)
 .debug_aranges
                0x000008e8       0xe0 E:\PiLOT_G2_Software\PiLOT_G2_Software\PiLOT_G2_IMG2\PiLOT_sb_MSS_CM3_hw_platform\Debug\libPiLOT_sb_MSS_CM3_hw_platform.a(mss_spi.o)
 .debug_aranges
                0x000009c8       0x80 E:\PiLOT_G2_Software\PiLOT_G2_Software\PiLOT_G2_IMG2\PiLOT_sb_MSS_CM3_hw_platform\Debug\libPiLOT_sb_MSS_CM3_hw_platform.a(mss_nvm.o)
 .debug_aranges
                0x00000a48       0x68 E:\PiLOT_G2_Software\PiLOT_G2_Software\PiLOT_G2_IMG2\PiLOT_sb_MSS_CM3_hw_platform\Debug\libPiLOT_sb_MSS_CM3_hw_platform.a(mss_gpio.o)
 .debug_aranges
                0x00000ab0       0x50 E:\PiLOT_G2_Software\PiLOT_G2_Software\PiLOT_G2_IMG2\PiLOT_sb_MSS_CM3_hw_platform\Debug\libPiLOT_sb_MSS_CM3_hw_platform.a(core_timer.o)
 .debug_aranges
                0x00000b00       0xa8 E:\PiLOT_G2_Software\PiLOT_G2_Software\PiLOT_G2_IMG2\PiLOT_sb_MSS_CM3_hw_platform\Debug\libPiLOT_sb_MSS_CM3_hw_platform.a(core_spi.o)
 .debug_aranges
                0x00000ba8      0x110 E:\PiLOT_G2_Software\PiLOT_G2_Software\PiLOT_G2_IMG2\PiLOT_sb_MSS_CM3_hw_platform\Debug\libPiLOT_sb_MSS_CM3_hw_platform.a(core_i2c.o)
 .debug_aranges
                0x00000cb8       0x38 E:\PiLOT_G2_Software\PiLOT_G2_Software\PiLOT_G2_IMG2\PiLOT_sb_MSS_CM3_hw_platform\Debug\libPiLOT_sb_MSS_CM3_hw_platform.a(i2c_interrupt.o)
 .debug_aranges
                0x00000cf0       0x50 E:\PiLOT_G2_Software\PiLOT_G2_Software\PiLOT_G2_IMG2\PiLOT_sb_MSS_CM3_hw_platform\Debug\libPiLOT_sb_MSS_CM3_hw_platform.a(system_m2sxxx.o)
 .debug_aranges
                0x00000d40       0x90 E:\PiLOT_G2_Software\PiLOT_G2_Software\PiLOT_G2_IMG2\PiLOT_sb_MSS_CM3_hw_platform\Debug\libPiLOT_sb_MSS_CM3_hw_platform.a(mss_comblk.o)

.debug_pubnames
                0x00000000     0x264a
 *(.debug_pubnames)
 .debug_pubnames
                0x00000000      0x1fd ./P1.o
 .debug_pubnames
                0x000001fd      0x1e7 ./P2.o
 .debug_pubnames
                0x000003e4      0x4dc ./main.o
 .debug_pubnames
                0x000008c0      0x169 ./cmds/cmd.o
 .debug_pubnames
                0x00000a29      0x11f ./PIS/RS485_Controller.o
 .debug_pubnames
                0x00000b48      0x13f ./PIS/VC_Sensor.o
 .debug_pubnames
                0x00000c87       0x31 ./OBC/ADC.o
 .debug_pubnames
                0x00000cb8       0x54 ./OBC/IMU.o
 .debug_pubnames
                0x00000d0c       0x7a ./OBC/SD.o
 .debug_pubnames
                0x00000d86       0x48 ./OBC/memory.o
 .debug_pubnames
                0x00000dce       0xc0 ./GMC/counter.o
 .debug_pubnames
                0x00000e8e      0x2f5 ./Comms/adf7030.o
 .debug_pubnames
                0x00001183       0xeb E:/PiLOT_G2_Software/PiLOT_G2_Software/PiLOT_G2_IMG2/PiLOT_sb_MSS_CM3_hw_platform/Debug/CMSIS/startup_gcc/newlib_stubs.o
 .debug_pubnames
                0x0000126e      0x50f E:\PiLOT_G2_Software\PiLOT_G2_Software\PiLOT_G2_IMG2\PiLOT_sb_MSS_CM3_hw_platform\Debug\libPiLOT_sb_MSS_CM3_hw_platform.a(mss_uart.o)
 .debug_pubnames
                0x0000177d      0x571 E:\PiLOT_G2_Software\PiLOT_G2_Software\PiLOT_G2_IMG2\PiLOT_sb_MSS_CM3_hw_platform\Debug\libPiLOT_sb_MSS_CM3_hw_platform.a(mss_sys_services.o)
 .debug_pubnames
                0x00001cee      0x21a E:\PiLOT_G2_Software\PiLOT_G2_Software\PiLOT_G2_IMG2\PiLOT_sb_MSS_CM3_hw_platform\Debug\libPiLOT_sb_MSS_CM3_hw_platform.a(mss_spi.o)
 .debug_pubnames
                0x00001f08       0x4d E:\PiLOT_G2_Software\PiLOT_G2_Software\PiLOT_G2_IMG2\PiLOT_sb_MSS_CM3_hw_platform\Debug\libPiLOT_sb_MSS_CM3_hw_platform.a(mss_nvm.o)
 .debug_pubnames
                0x00001f55       0xb1 E:\PiLOT_G2_Software\PiLOT_G2_Software\PiLOT_G2_IMG2\PiLOT_sb_MSS_CM3_hw_platform\Debug\libPiLOT_sb_MSS_CM3_hw_platform.a(mss_gpio.o)
 .debug_pubnames
                0x00002006       0x84 E:\PiLOT_G2_Software\PiLOT_G2_Software\PiLOT_G2_IMG2\PiLOT_sb_MSS_CM3_hw_platform\Debug\libPiLOT_sb_MSS_CM3_hw_platform.a(core_timer.o)
 .debug_pubnames
                0x0000208a      0x170 E:\PiLOT_G2_Software\PiLOT_G2_Software\PiLOT_G2_IMG2\PiLOT_sb_MSS_CM3_hw_platform\Debug\libPiLOT_sb_MSS_CM3_hw_platform.a(core_spi.o)
 .debug_pubnames
                0x000021fa      0x2b9 E:\PiLOT_G2_Software\PiLOT_G2_Software\PiLOT_G2_IMG2\PiLOT_sb_MSS_CM3_hw_platform\Debug\libPiLOT_sb_MSS_CM3_hw_platform.a(core_i2c.o)
 .debug_pubnames
                0x000024b3       0x39 E:\PiLOT_G2_Software\PiLOT_G2_Software\PiLOT_G2_IMG2\PiLOT_sb_MSS_CM3_hw_platform\Debug\libPiLOT_sb_MSS_CM3_hw_platform.a(i2c_interrupt.o)
 .debug_pubnames
                0x000024ec       0xcb E:\PiLOT_G2_Software\PiLOT_G2_Software\PiLOT_G2_IMG2\PiLOT_sb_MSS_CM3_hw_platform\Debug\libPiLOT_sb_MSS_CM3_hw_platform.a(system_m2sxxx.o)
 .debug_pubnames
                0x000025b7       0x93 E:\PiLOT_G2_Software\PiLOT_G2_Software\PiLOT_G2_IMG2\PiLOT_sb_MSS_CM3_hw_platform\Debug\libPiLOT_sb_MSS_CM3_hw_platform.a(mss_comblk.o)

.debug_info     0x00000000    0x15606
 *(.debug_info .gnu.linkonce.wi.*)
 .debug_info    0x00000000     0x17d4 ./P1.o
 .debug_info    0x000017d4      0xc76 ./P2.o
 .debug_info    0x0000244a     0x2964 ./main.o
 .debug_info    0x00004dae       0x29 ./packet_definition.o
 .debug_info    0x00004dd7      0xf92 ./cmds/cmd.o
 .debug_info    0x00005d69      0xdb4 ./PIS/RS485_Controller.o
 .debug_info    0x00006b1d      0x688 ./PIS/VC_Sensor.o
 .debug_info    0x000071a5      0x462 ./OBC/ADC.o
 .debug_info    0x00007607      0x5b9 ./OBC/IMU.o
 .debug_info    0x00007bc0      0x95d ./OBC/SD.o
 .debug_info    0x0000851d      0x1bb ./OBC/memory.o
 .debug_info    0x000086d8      0x689 ./GMC/counter.o
 .debug_info    0x00008d61     0x1224 ./Comms/adf7030.o
 .debug_info    0x00009f85      0x6ed E:/PiLOT_G2_Software/PiLOT_G2_Software/PiLOT_G2_IMG2/PiLOT_sb_MSS_CM3_hw_platform/Debug/CMSIS/startup_gcc/newlib_stubs.o
 .debug_info    0x0000a672     0x1ed4 E:\PiLOT_G2_Software\PiLOT_G2_Software\PiLOT_G2_IMG2\PiLOT_sb_MSS_CM3_hw_platform\Debug\libPiLOT_sb_MSS_CM3_hw_platform.a(mss_uart.o)
 .debug_info    0x0000c546     0x1fb4 E:\PiLOT_G2_Software\PiLOT_G2_Software\PiLOT_G2_IMG2\PiLOT_sb_MSS_CM3_hw_platform\Debug\libPiLOT_sb_MSS_CM3_hw_platform.a(mss_sys_services.o)
 .debug_info    0x0000e4fa     0x1723 E:\PiLOT_G2_Software\PiLOT_G2_Software\PiLOT_G2_IMG2\PiLOT_sb_MSS_CM3_hw_platform\Debug\libPiLOT_sb_MSS_CM3_hw_platform.a(mss_spi.o)
 .debug_info    0x0000fc1d     0x12b1 E:\PiLOT_G2_Software\PiLOT_G2_Software\PiLOT_G2_IMG2\PiLOT_sb_MSS_CM3_hw_platform\Debug\libPiLOT_sb_MSS_CM3_hw_platform.a(mss_nvm.o)
 .debug_info    0x00010ece     0x1164 E:\PiLOT_G2_Software\PiLOT_G2_Software\PiLOT_G2_IMG2\PiLOT_sb_MSS_CM3_hw_platform\Debug\libPiLOT_sb_MSS_CM3_hw_platform.a(mss_gpio.o)
 .debug_info    0x00012032      0x242 E:\PiLOT_G2_Software\PiLOT_G2_Software\PiLOT_G2_IMG2\PiLOT_sb_MSS_CM3_hw_platform\Debug\libPiLOT_sb_MSS_CM3_hw_platform.a(core_timer.o)
 .debug_info    0x00012274      0x7d9 E:\PiLOT_G2_Software\PiLOT_G2_Software\PiLOT_G2_IMG2\PiLOT_sb_MSS_CM3_hw_platform\Debug\libPiLOT_sb_MSS_CM3_hw_platform.a(core_spi.o)
 .debug_info    0x00012a4d      0xd0c E:\PiLOT_G2_Software\PiLOT_G2_Software\PiLOT_G2_IMG2\PiLOT_sb_MSS_CM3_hw_platform\Debug\libPiLOT_sb_MSS_CM3_hw_platform.a(core_i2c.o)
 .debug_info    0x00013759      0x7ce E:\PiLOT_G2_Software\PiLOT_G2_Software\PiLOT_G2_IMG2\PiLOT_sb_MSS_CM3_hw_platform\Debug\libPiLOT_sb_MSS_CM3_hw_platform.a(i2c_interrupt.o)
 .debug_info    0x00013f27      0xbbf E:\PiLOT_G2_Software\PiLOT_G2_Software\PiLOT_G2_IMG2\PiLOT_sb_MSS_CM3_hw_platform\Debug\libPiLOT_sb_MSS_CM3_hw_platform.a(system_m2sxxx.o)
 .debug_info    0x00014ae6      0xb20 E:\PiLOT_G2_Software\PiLOT_G2_Software\PiLOT_G2_IMG2\PiLOT_sb_MSS_CM3_hw_platform\Debug\libPiLOT_sb_MSS_CM3_hw_platform.a(mss_comblk.o)

.debug_abbrev   0x00000000     0x2772
 *(.debug_abbrev)
 .debug_abbrev  0x00000000      0x2df ./P1.o
 .debug_abbrev  0x000002df      0x1b7 ./P2.o
 .debug_abbrev  0x00000496      0x2ce ./main.o
 .debug_abbrev  0x00000764       0x16 ./packet_definition.o
 .debug_abbrev  0x0000077a      0x203 ./cmds/cmd.o
 .debug_abbrev  0x0000097d      0x1da ./PIS/RS485_Controller.o
 .debug_abbrev  0x00000b57      0x131 ./PIS/VC_Sensor.o
 .debug_abbrev  0x00000c88      0x125 ./OBC/ADC.o
 .debug_abbrev  0x00000dad      0x12f ./OBC/IMU.o
 .debug_abbrev  0x00000edc      0x16a ./OBC/SD.o
 .debug_abbrev  0x00001046       0xc0 ./OBC/memory.o
 .debug_abbrev  0x00001106      0x140 ./GMC/counter.o
 .debug_abbrev  0x00001246      0x271 ./Comms/adf7030.o
 .debug_abbrev  0x000014b7      0x170 E:/PiLOT_G2_Software/PiLOT_G2_Software/PiLOT_G2_IMG2/PiLOT_sb_MSS_CM3_hw_platform/Debug/CMSIS/startup_gcc/newlib_stubs.o
 .debug_abbrev  0x00001627      0x280 E:\PiLOT_G2_Software\PiLOT_G2_Software\PiLOT_G2_IMG2\PiLOT_sb_MSS_CM3_hw_platform\Debug\libPiLOT_sb_MSS_CM3_hw_platform.a(mss_uart.o)
 .debug_abbrev  0x000018a7      0x1fe E:\PiLOT_G2_Software\PiLOT_G2_Software\PiLOT_G2_IMG2\PiLOT_sb_MSS_CM3_hw_platform\Debug\libPiLOT_sb_MSS_CM3_hw_platform.a(mss_sys_services.o)
 .debug_abbrev  0x00001aa5      0x1ee E:\PiLOT_G2_Software\PiLOT_G2_Software\PiLOT_G2_IMG2\PiLOT_sb_MSS_CM3_hw_platform\Debug\libPiLOT_sb_MSS_CM3_hw_platform.a(mss_spi.o)
 .debug_abbrev  0x00001c93      0x198 E:\PiLOT_G2_Software\PiLOT_G2_Software\PiLOT_G2_IMG2\PiLOT_sb_MSS_CM3_hw_platform\Debug\libPiLOT_sb_MSS_CM3_hw_platform.a(mss_nvm.o)
 .debug_abbrev  0x00001e2b      0x165 E:\PiLOT_G2_Software\PiLOT_G2_Software\PiLOT_G2_IMG2\PiLOT_sb_MSS_CM3_hw_platform\Debug\libPiLOT_sb_MSS_CM3_hw_platform.a(mss_gpio.o)
 .debug_abbrev  0x00001f90       0xb0 E:\PiLOT_G2_Software\PiLOT_G2_Software\PiLOT_G2_IMG2\PiLOT_sb_MSS_CM3_hw_platform\Debug\libPiLOT_sb_MSS_CM3_hw_platform.a(core_timer.o)
 .debug_abbrev  0x00002040      0x14f E:\PiLOT_G2_Software\PiLOT_G2_Software\PiLOT_G2_IMG2\PiLOT_sb_MSS_CM3_hw_platform\Debug\libPiLOT_sb_MSS_CM3_hw_platform.a(core_spi.o)
 .debug_abbrev  0x0000218f      0x185 E:\PiLOT_G2_Software\PiLOT_G2_Software\PiLOT_G2_IMG2\PiLOT_sb_MSS_CM3_hw_platform\Debug\libPiLOT_sb_MSS_CM3_hw_platform.a(core_i2c.o)
 .debug_abbrev  0x00002314      0x169 E:\PiLOT_G2_Software\PiLOT_G2_Software\PiLOT_G2_IMG2\PiLOT_sb_MSS_CM3_hw_platform\Debug\libPiLOT_sb_MSS_CM3_hw_platform.a(i2c_interrupt.o)
 .debug_abbrev  0x0000247d      0x150 E:\PiLOT_G2_Software\PiLOT_G2_Software\PiLOT_G2_IMG2\PiLOT_sb_MSS_CM3_hw_platform\Debug\libPiLOT_sb_MSS_CM3_hw_platform.a(system_m2sxxx.o)
 .debug_abbrev  0x000025cd      0x1a5 E:\PiLOT_G2_Software\PiLOT_G2_Software\PiLOT_G2_IMG2\PiLOT_sb_MSS_CM3_hw_platform\Debug\libPiLOT_sb_MSS_CM3_hw_platform.a(mss_comblk.o)

.debug_line     0x00000000     0xd3f1
 *(.debug_line)
 .debug_line    0x00000000     0x125c ./P1.o
 .debug_line    0x0000125c     0x1157 ./P2.o
 .debug_line    0x000023b3     0x13fe ./main.o
 .debug_line    0x000037b1       0x37 ./packet_definition.o
 .debug_line    0x000037e8     0x11a4 ./cmds/cmd.o
 .debug_line    0x0000498c     0x1164 ./PIS/RS485_Controller.o
 .debug_line    0x00005af0      0x962 ./PIS/VC_Sensor.o
 .debug_line    0x00006452      0x239 ./OBC/ADC.o
 .debug_line    0x0000668b      0x4cf ./OBC/IMU.o
 .debug_line    0x00006b5a      0x408 ./OBC/SD.o
 .debug_line    0x00006f62      0x36d ./OBC/memory.o
 .debug_line    0x000072cf      0x48b ./GMC/counter.o
 .debug_line    0x0000775a     0x142a ./Comms/adf7030.o
 .debug_line    0x00008b84      0x4b6 E:/PiLOT_G2_Software/PiLOT_G2_Software/PiLOT_G2_IMG2/PiLOT_sb_MSS_CM3_hw_platform/Debug/CMSIS/startup_gcc/newlib_stubs.o
 .debug_line    0x0000903a      0x8f8 E:\PiLOT_G2_Software\PiLOT_G2_Software\PiLOT_G2_IMG2\PiLOT_sb_MSS_CM3_hw_platform\Debug\libPiLOT_sb_MSS_CM3_hw_platform.a(mss_uart.o)
 .debug_line    0x00009932      0xa2a E:\PiLOT_G2_Software\PiLOT_G2_Software\PiLOT_G2_IMG2\PiLOT_sb_MSS_CM3_hw_platform\Debug\libPiLOT_sb_MSS_CM3_hw_platform.a(mss_sys_services.o)
 .debug_line    0x0000a35c      0x6d1 E:\PiLOT_G2_Software\PiLOT_G2_Software\PiLOT_G2_IMG2\PiLOT_sb_MSS_CM3_hw_platform\Debug\libPiLOT_sb_MSS_CM3_hw_platform.a(mss_spi.o)
 .debug_line    0x0000aa2d      0x544 E:\PiLOT_G2_Software\PiLOT_G2_Software\PiLOT_G2_IMG2\PiLOT_sb_MSS_CM3_hw_platform\Debug\libPiLOT_sb_MSS_CM3_hw_platform.a(mss_nvm.o)
 .debug_line    0x0000af71      0x389 E:\PiLOT_G2_Software\PiLOT_G2_Software\PiLOT_G2_IMG2\PiLOT_sb_MSS_CM3_hw_platform\Debug\libPiLOT_sb_MSS_CM3_hw_platform.a(mss_gpio.o)
 .debug_line    0x0000b2fa      0x49f E:\PiLOT_G2_Software\PiLOT_G2_Software\PiLOT_G2_IMG2\PiLOT_sb_MSS_CM3_hw_platform\Debug\libPiLOT_sb_MSS_CM3_hw_platform.a(core_timer.o)
 .debug_line    0x0000b799      0x79e E:\PiLOT_G2_Software\PiLOT_G2_Software\PiLOT_G2_IMG2\PiLOT_sb_MSS_CM3_hw_platform\Debug\libPiLOT_sb_MSS_CM3_hw_platform.a(core_spi.o)
 .debug_line    0x0000bf37      0x87e E:\PiLOT_G2_Software\PiLOT_G2_Software\PiLOT_G2_IMG2\PiLOT_sb_MSS_CM3_hw_platform\Debug\libPiLOT_sb_MSS_CM3_hw_platform.a(core_i2c.o)
 .debug_line    0x0000c7b5      0x51b E:\PiLOT_G2_Software\PiLOT_G2_Software\PiLOT_G2_IMG2\PiLOT_sb_MSS_CM3_hw_platform\Debug\libPiLOT_sb_MSS_CM3_hw_platform.a(i2c_interrupt.o)
 .debug_line    0x0000ccd0      0x228 E:\PiLOT_G2_Software\PiLOT_G2_Software\PiLOT_G2_IMG2\PiLOT_sb_MSS_CM3_hw_platform\Debug\libPiLOT_sb_MSS_CM3_hw_platform.a(system_m2sxxx.o)
 .debug_line    0x0000cef8      0x4f9 E:\PiLOT_G2_Software\PiLOT_G2_Software\PiLOT_G2_IMG2\PiLOT_sb_MSS_CM3_hw_platform\Debug\libPiLOT_sb_MSS_CM3_hw_platform.a(mss_comblk.o)

.debug_frame    0x00000000     0x2e98
 *(.debug_frame)
 .debug_frame   0x00000000      0x18c ./P1.o
 .debug_frame   0x0000018c       0x6c ./P2.o
 .debug_frame   0x000001f8      0x3c0 ./main.o
 .debug_frame   0x000005b8      0x11c ./cmds/cmd.o
 .debug_frame   0x000006d4       0xc8 ./PIS/RS485_Controller.o
 .debug_frame   0x0000079c       0xf0 ./PIS/VC_Sensor.o
 .debug_frame   0x0000088c       0x50 ./OBC/ADC.o
 .debug_frame   0x000008dc       0x70 ./OBC/IMU.o
 .debug_frame   0x0000094c       0x70 ./OBC/SD.o
 .debug_frame   0x000009bc       0x6c ./OBC/memory.o
 .debug_frame   0x00000a28       0xd0 ./GMC/counter.o
 .debug_frame   0x00000af8      0x334 ./Comms/adf7030.o
 .debug_frame   0x00000e2c      0x21c E:/PiLOT_G2_Software/PiLOT_G2_Software/PiLOT_G2_IMG2/PiLOT_sb_MSS_CM3_hw_platform/Debug/CMSIS/startup_gcc/newlib_stubs.o
 .debug_frame   0x00001048      0x6b4 E:\PiLOT_G2_Software\PiLOT_G2_Software\PiLOT_G2_IMG2\PiLOT_sb_MSS_CM3_hw_platform\Debug\libPiLOT_sb_MSS_CM3_hw_platform.a(mss_uart.o)
 .debug_frame   0x000016fc      0x6b0 E:\PiLOT_G2_Software\PiLOT_G2_Software\PiLOT_G2_IMG2\PiLOT_sb_MSS_CM3_hw_platform\Debug\libPiLOT_sb_MSS_CM3_hw_platform.a(mss_sys_services.o)
 .debug_frame   0x00001dac      0x320 E:\PiLOT_G2_Software\PiLOT_G2_Software\PiLOT_G2_IMG2\PiLOT_sb_MSS_CM3_hw_platform\Debug\libPiLOT_sb_MSS_CM3_hw_platform.a(mss_spi.o)
 .debug_frame   0x000020cc      0x194 E:\PiLOT_G2_Software\PiLOT_G2_Software\PiLOT_G2_IMG2\PiLOT_sb_MSS_CM3_hw_platform\Debug\libPiLOT_sb_MSS_CM3_hw_platform.a(mss_nvm.o)
 .debug_frame   0x00002260      0x130 E:\PiLOT_G2_Software\PiLOT_G2_Software\PiLOT_G2_IMG2\PiLOT_sb_MSS_CM3_hw_platform\Debug\libPiLOT_sb_MSS_CM3_hw_platform.a(mss_gpio.o)
 .debug_frame   0x00002390       0xf0 E:\PiLOT_G2_Software\PiLOT_G2_Software\PiLOT_G2_IMG2\PiLOT_sb_MSS_CM3_hw_platform\Debug\libPiLOT_sb_MSS_CM3_hw_platform.a(core_timer.o)
 .debug_frame   0x00002480      0x250 E:\PiLOT_G2_Software\PiLOT_G2_Software\PiLOT_G2_IMG2\PiLOT_sb_MSS_CM3_hw_platform\Debug\libPiLOT_sb_MSS_CM3_hw_platform.a(core_spi.o)
 .debug_frame   0x000026d0      0x3e4 E:\PiLOT_G2_Software\PiLOT_G2_Software\PiLOT_G2_IMG2\PiLOT_sb_MSS_CM3_hw_platform\Debug\libPiLOT_sb_MSS_CM3_hw_platform.a(core_i2c.o)
 .debug_frame   0x00002ab4       0x88 E:\PiLOT_G2_Software\PiLOT_G2_Software\PiLOT_G2_IMG2\PiLOT_sb_MSS_CM3_hw_platform\Debug\libPiLOT_sb_MSS_CM3_hw_platform.a(i2c_interrupt.o)
 .debug_frame   0x00002b3c       0xd8 E:\PiLOT_G2_Software\PiLOT_G2_Software\PiLOT_G2_IMG2\PiLOT_sb_MSS_CM3_hw_platform\Debug\libPiLOT_sb_MSS_CM3_hw_platform.a(system_m2sxxx.o)
 .debug_frame   0x00002c14      0x1dc E:\PiLOT_G2_Software\PiLOT_G2_Software\PiLOT_G2_IMG2\PiLOT_sb_MSS_CM3_hw_platform\Debug\libPiLOT_sb_MSS_CM3_hw_platform.a(mss_comblk.o)
 .debug_frame   0x00002df0       0x20 c:/program files (x86)/microsemi/softconsole v3.4/sourcery-g++/bin/../lib/gcc/arm-none-eabi/4.4.1/../../../../arm-none-eabi/lib/thumb2\libc.a(lib_a-errno.o)
 .debug_frame   0x00002e10       0x2c c:/program files (x86)/microsemi/softconsole v3.4/sourcery-g++/bin/../lib/gcc/arm-none-eabi/4.4.1/../../../../arm-none-eabi/lib/thumb2\libc.a(lib_a-init.o)
 .debug_frame   0x00002e3c       0x34 c:/program files (x86)/microsemi/softconsole v3.4/sourcery-g++/bin/../lib/gcc/arm-none-eabi/4.4.1/../../../../arm-none-eabi/lib/thumb2\libc.a(lib_a-memcpy.o)
 .debug_frame   0x00002e70       0x28 c:/program files (x86)/microsemi/softconsole v3.4/sourcery-g++/bin/../lib/gcc/arm-none-eabi/4.4.1/../../../../arm-none-eabi/lib/thumb2\libc.a(lib_a-memset.o)

.debug_str      0x00000000     0x569d
 *(.debug_str)
 .debug_str     0x00000000     0x116e ./P1.o
                               0x1387 (size before relaxing)
 .debug_str     0x0000116e      0x28b ./P2.o
                                0xaa4 (size before relaxing)
 .debug_str     0x000013f9     0x101b ./main.o
                               0x20e5 (size before relaxing)
 .debug_str     0x00002414       0x17 ./packet_definition.o
                                 0x73 (size before relaxing)
 .debug_str     0x0000242b       0xae ./cmds/cmd.o
                                0xeee (size before relaxing)
 .debug_str     0x000024d9       0x91 ./PIS/RS485_Controller.o
                                0xda9 (size before relaxing)
 .debug_str     0x0000256a       0x8e ./PIS/VC_Sensor.o
                                0x4cb (size before relaxing)
 .debug_str     0x000025f8       0x63 ./OBC/ADC.o
                                0x422 (size before relaxing)
 .debug_str     0x0000265b       0xf1 ./OBC/IMU.o
                                0x4d8 (size before relaxing)
 .debug_str     0x0000274c       0x69 ./OBC/SD.o
                                0xb71 (size before relaxing)
 .debug_str     0x000027b5       0x48 ./OBC/memory.o
                                0x19a (size before relaxing)
 .debug_str     0x000027fd       0xa1 ./GMC/counter.o
                                0x6c4 (size before relaxing)
 .debug_str     0x0000289e      0x352 ./Comms/adf7030.o
                                0xbc8 (size before relaxing)
 .debug_str     0x00002bf0      0x25f E:/PiLOT_G2_Software/PiLOT_G2_Software/PiLOT_G2_IMG2/PiLOT_sb_MSS_CM3_hw_platform/Debug/CMSIS/startup_gcc/newlib_stubs.o
                                0x34d (size before relaxing)
 .debug_str     0x00002e4f      0xa16 E:\PiLOT_G2_Software\PiLOT_G2_Software\PiLOT_G2_IMG2\PiLOT_sb_MSS_CM3_hw_platform\Debug\libPiLOT_sb_MSS_CM3_hw_platform.a(mss_uart.o)
                               0x19b3 (size before relaxing)
 .debug_str     0x00003865      0xa20 E:\PiLOT_G2_Software\PiLOT_G2_Software\PiLOT_G2_IMG2\PiLOT_sb_MSS_CM3_hw_platform\Debug\libPiLOT_sb_MSS_CM3_hw_platform.a(mss_sys_services.o)
                               0x1324 (size before relaxing)
 .debug_str     0x00004285      0x2f5 E:\PiLOT_G2_Software\PiLOT_G2_Software\PiLOT_G2_IMG2\PiLOT_sb_MSS_CM3_hw_platform\Debug\libPiLOT_sb_MSS_CM3_hw_platform.a(mss_spi.o)
                               0x156c (size before relaxing)
 .debug_str     0x0000457a      0x45c E:\PiLOT_G2_Software\PiLOT_G2_Software\PiLOT_G2_IMG2\PiLOT_sb_MSS_CM3_hw_platform\Debug\libPiLOT_sb_MSS_CM3_hw_platform.a(mss_nvm.o)
                                0xd25 (size before relaxing)
 .debug_str     0x000049d6      0x2ec E:\PiLOT_G2_Software\PiLOT_G2_Software\PiLOT_G2_IMG2\PiLOT_sb_MSS_CM3_hw_platform\Debug\libPiLOT_sb_MSS_CM3_hw_platform.a(mss_gpio.o)
                               0x122d (size before relaxing)
 .debug_str     0x00004cc2       0xab E:\PiLOT_G2_Software\PiLOT_G2_Software\PiLOT_G2_IMG2\PiLOT_sb_MSS_CM3_hw_platform\Debug\libPiLOT_sb_MSS_CM3_hw_platform.a(core_timer.o)
                                0x211 (size before relaxing)
 .debug_str     0x00004d6d       0x39 E:\PiLOT_G2_Software\PiLOT_G2_Software\PiLOT_G2_IMG2\PiLOT_sb_MSS_CM3_hw_platform\Debug\libPiLOT_sb_MSS_CM3_hw_platform.a(core_spi.o)
                                0x5fc (size before relaxing)
 .debug_str     0x00004da6      0x481 E:\PiLOT_G2_Software\PiLOT_G2_Software\PiLOT_G2_IMG2\PiLOT_sb_MSS_CM3_hw_platform\Debug\libPiLOT_sb_MSS_CM3_hw_platform.a(core_i2c.o)
                                0x958 (size before relaxing)
 .debug_str     0x00005227       0x42 E:\PiLOT_G2_Software\PiLOT_G2_Software\PiLOT_G2_IMG2\PiLOT_sb_MSS_CM3_hw_platform\Debug\libPiLOT_sb_MSS_CM3_hw_platform.a(i2c_interrupt.o)
                                0x9da (size before relaxing)
 .debug_str     0x00005269      0x174 E:\PiLOT_G2_Software\PiLOT_G2_Software\PiLOT_G2_IMG2\PiLOT_sb_MSS_CM3_hw_platform\Debug\libPiLOT_sb_MSS_CM3_hw_platform.a(system_m2sxxx.o)
                                0xa2d (size before relaxing)
 .debug_str     0x000053dd      0x2c0 E:\PiLOT_G2_Software\PiLOT_G2_Software\PiLOT_G2_IMG2\PiLOT_sb_MSS_CM3_hw_platform\Debug\libPiLOT_sb_MSS_CM3_hw_platform.a(mss_comblk.o)
                                0xa80 (size before relaxing)

.debug_loc      0x00000000     0x4de7
 *(.debug_loc)
 .debug_loc     0x00000000      0x291 ./P1.o
 .debug_loc     0x00000291       0xa5 ./P2.o
 .debug_loc     0x00000336      0x61b ./main.o
 .debug_loc     0x00000951      0x1ef ./cmds/cmd.o
 .debug_loc     0x00000b40      0x14a ./PIS/RS485_Controller.o
 .debug_loc     0x00000c8a      0x181 ./PIS/VC_Sensor.o
 .debug_loc     0x00000e0b       0x6e ./OBC/ADC.o
 .debug_loc     0x00000e79       0xa9 ./OBC/IMU.o
 .debug_loc     0x00000f22       0xa5 ./OBC/SD.o
 .debug_loc     0x00000fc7       0xa5 ./OBC/memory.o
 .debug_loc     0x0000106c      0x14a ./GMC/counter.o
 .debug_loc     0x000011b6      0x563 ./Comms/adf7030.o
 .debug_loc     0x00001719      0x3c6 E:/PiLOT_G2_Software/PiLOT_G2_Software/PiLOT_G2_IMG2/PiLOT_sb_MSS_CM3_hw_platform/Debug/CMSIS/startup_gcc/newlib_stubs.o
 .debug_loc     0x00001adf      0xbb9 E:\PiLOT_G2_Software\PiLOT_G2_Software\PiLOT_G2_IMG2\PiLOT_sb_MSS_CM3_hw_platform\Debug\libPiLOT_sb_MSS_CM3_hw_platform.a(mss_uart.o)
 .debug_loc     0x00002698      0xb8c E:\PiLOT_G2_Software\PiLOT_G2_Software\PiLOT_G2_IMG2\PiLOT_sb_MSS_CM3_hw_platform\Debug\libPiLOT_sb_MSS_CM3_hw_platform.a(mss_sys_services.o)
 .debug_loc     0x00003224      0x549 E:\PiLOT_G2_Software\PiLOT_G2_Software\PiLOT_G2_IMG2\PiLOT_sb_MSS_CM3_hw_platform\Debug\libPiLOT_sb_MSS_CM3_hw_platform.a(mss_spi.o)
 .debug_loc     0x0000376d      0x2ce E:\PiLOT_G2_Software\PiLOT_G2_Software\PiLOT_G2_IMG2\PiLOT_sb_MSS_CM3_hw_platform\Debug\libPiLOT_sb_MSS_CM3_hw_platform.a(mss_nvm.o)
 .debug_loc     0x00003a3b      0x226 E:\PiLOT_G2_Software\PiLOT_G2_Software\PiLOT_G2_IMG2\PiLOT_sb_MSS_CM3_hw_platform\Debug\libPiLOT_sb_MSS_CM3_hw_platform.a(mss_gpio.o)
 .debug_loc     0x00003c61      0x181 E:\PiLOT_G2_Software\PiLOT_G2_Software\PiLOT_G2_IMG2\PiLOT_sb_MSS_CM3_hw_platform\Debug\libPiLOT_sb_MSS_CM3_hw_platform.a(core_timer.o)
 .debug_loc     0x00003de2      0x3de E:\PiLOT_G2_Software\PiLOT_G2_Software\PiLOT_G2_IMG2\PiLOT_sb_MSS_CM3_hw_platform\Debug\libPiLOT_sb_MSS_CM3_hw_platform.a(core_spi.o)